[2025-03-14T23:06:02.557+0000] {processor.py:186} INFO - Started process (PID=85) to work on /home/airflow/.local/lib/python3.12/site-packages/airflow/example_dags/example_branch_python_dop_operator_3.py
[2025-03-14T23:06:02.564+0000] {processor.py:914} INFO - Processing file /home/airflow/.local/lib/python3.12/site-packages/airflow/example_dags/example_branch_python_dop_operator_3.py for tasks to queue
[2025-03-14T23:06:02.583+0000] {logging_mixin.py:190} INFO - [2025-03-14T23:06:02.583+0000] {dagbag.py:588} INFO - Filling up the DagBag from /home/airflow/.local/lib/python3.12/site-packages/airflow/example_dags/example_branch_python_dop_operator_3.py
[2025-03-14T23:06:02.595+0000] {processor.py:925} INFO - DAG(s) 'example_branch_dop_operator_v3' retrieved from /home/airflow/.local/lib/python3.12/site-packages/airflow/example_dags/example_branch_python_dop_operator_3.py
[2025-03-14T23:06:02.631+0000] {logging_mixin.py:190} INFO - [2025-03-14T23:06:02.630+0000] {dag.py:3239} INFO - Sync 1 DAGs
[2025-03-14T23:06:02.652+0000] {logging_mixin.py:190} INFO - [2025-03-14T23:06:02.651+0000] {dag.py:4180} INFO - Setting next_dagrun for example_branch_dop_operator_v3 to 2025-03-14 23:05:00+00:00, run_after=2025-03-14 23:06:00+00:00
[2025-03-14T23:06:02.686+0000] {processor.py:208} INFO - Processing /home/airflow/.local/lib/python3.12/site-packages/airflow/example_dags/example_branch_python_dop_operator_3.py took 0.137 seconds
[2025-03-14T23:06:33.174+0000] {processor.py:186} INFO - Started process (PID=147) to work on /home/airflow/.local/lib/python3.12/site-packages/airflow/example_dags/example_branch_python_dop_operator_3.py
[2025-03-14T23:06:33.174+0000] {processor.py:914} INFO - Processing file /home/airflow/.local/lib/python3.12/site-packages/airflow/example_dags/example_branch_python_dop_operator_3.py for tasks to queue
[2025-03-14T23:06:33.178+0000] {logging_mixin.py:190} INFO - [2025-03-14T23:06:33.178+0000] {dagbag.py:588} INFO - Filling up the DagBag from /home/airflow/.local/lib/python3.12/site-packages/airflow/example_dags/example_branch_python_dop_operator_3.py
[2025-03-14T23:06:33.185+0000] {processor.py:925} INFO - DAG(s) 'example_branch_dop_operator_v3' retrieved from /home/airflow/.local/lib/python3.12/site-packages/airflow/example_dags/example_branch_python_dop_operator_3.py
[2025-03-14T23:06:33.202+0000] {logging_mixin.py:190} INFO - [2025-03-14T23:06:33.202+0000] {dag.py:3239} INFO - Sync 1 DAGs
[2025-03-14T23:06:33.215+0000] {logging_mixin.py:190} INFO - [2025-03-14T23:06:33.215+0000] {dag.py:4180} INFO - Setting next_dagrun for example_branch_dop_operator_v3 to 2025-03-14 23:05:00+00:00, run_after=2025-03-14 23:06:00+00:00
[2025-03-14T23:06:33.226+0000] {processor.py:208} INFO - Processing /home/airflow/.local/lib/python3.12/site-packages/airflow/example_dags/example_branch_python_dop_operator_3.py took 0.056 seconds
[2025-03-14T23:07:03.362+0000] {processor.py:186} INFO - Started process (PID=209) to work on /home/airflow/.local/lib/python3.12/site-packages/airflow/example_dags/example_branch_python_dop_operator_3.py
[2025-03-14T23:07:03.364+0000] {processor.py:914} INFO - Processing file /home/airflow/.local/lib/python3.12/site-packages/airflow/example_dags/example_branch_python_dop_operator_3.py for tasks to queue
[2025-03-14T23:07:03.366+0000] {logging_mixin.py:190} INFO - [2025-03-14T23:07:03.366+0000] {dagbag.py:588} INFO - Filling up the DagBag from /home/airflow/.local/lib/python3.12/site-packages/airflow/example_dags/example_branch_python_dop_operator_3.py
[2025-03-14T23:07:03.377+0000] {processor.py:925} INFO - DAG(s) 'example_branch_dop_operator_v3' retrieved from /home/airflow/.local/lib/python3.12/site-packages/airflow/example_dags/example_branch_python_dop_operator_3.py
[2025-03-14T23:07:03.390+0000] {logging_mixin.py:190} INFO - [2025-03-14T23:07:03.390+0000] {dag.py:3239} INFO - Sync 1 DAGs
[2025-03-14T23:07:03.405+0000] {logging_mixin.py:190} INFO - [2025-03-14T23:07:03.405+0000] {dag.py:4180} INFO - Setting next_dagrun for example_branch_dop_operator_v3 to 2025-03-14 23:06:00+00:00, run_after=2025-03-14 23:07:00+00:00
[2025-03-14T23:07:03.418+0000] {processor.py:208} INFO - Processing /home/airflow/.local/lib/python3.12/site-packages/airflow/example_dags/example_branch_python_dop_operator_3.py took 0.059 seconds
