[2025-03-14T23:05:55.357+0000] {processor.py:186} INFO - Started process (PID=51) to work on /home/airflow/.local/lib/python3.12/site-packages/airflow/example_dags/example_nested_branch_dag.py
[2025-03-14T23:05:55.358+0000] {processor.py:914} INFO - Processing file /home/airflow/.local/lib/python3.12/site-packages/airflow/example_dags/example_nested_branch_dag.py for tasks to queue
[2025-03-14T23:05:55.363+0000] {logging_mixin.py:190} INFO - [2025-03-14T23:05:55.363+0000] {dagbag.py:588} INFO - Filling up the DagBag from /home/airflow/.local/lib/python3.12/site-packages/airflow/example_dags/example_nested_branch_dag.py
[2025-03-14T23:05:55.376+0000] {processor.py:925} INFO - DAG(s) 'example_nested_branch_dag' retrieved from /home/airflow/.local/lib/python3.12/site-packages/airflow/example_dags/example_nested_branch_dag.py
[2025-03-14T23:05:55.416+0000] {logging_mixin.py:190} INFO - [2025-03-14T23:05:55.416+0000] {dag.py:3239} INFO - Sync 1 DAGs
[2025-03-14T23:05:55.458+0000] {logging_mixin.py:190} INFO - [2025-03-14T23:05:55.457+0000] {dag.py:4180} INFO - Setting next_dagrun for example_nested_branch_dag to 2025-03-13 00:00:00+00:00, run_after=2025-03-14 00:00:00+00:00
[2025-03-14T23:05:55.493+0000] {processor.py:208} INFO - Processing /home/airflow/.local/lib/python3.12/site-packages/airflow/example_dags/example_nested_branch_dag.py took 0.143 seconds
[2025-03-14T23:06:25.882+0000] {processor.py:186} INFO - Started process (PID=114) to work on /home/airflow/.local/lib/python3.12/site-packages/airflow/example_dags/example_nested_branch_dag.py
[2025-03-14T23:06:25.883+0000] {processor.py:914} INFO - Processing file /home/airflow/.local/lib/python3.12/site-packages/airflow/example_dags/example_nested_branch_dag.py for tasks to queue
[2025-03-14T23:06:25.885+0000] {logging_mixin.py:190} INFO - [2025-03-14T23:06:25.885+0000] {dagbag.py:588} INFO - Filling up the DagBag from /home/airflow/.local/lib/python3.12/site-packages/airflow/example_dags/example_nested_branch_dag.py
[2025-03-14T23:06:25.896+0000] {processor.py:925} INFO - DAG(s) 'example_nested_branch_dag' retrieved from /home/airflow/.local/lib/python3.12/site-packages/airflow/example_dags/example_nested_branch_dag.py
[2025-03-14T23:06:25.910+0000] {logging_mixin.py:190} INFO - [2025-03-14T23:06:25.910+0000] {dag.py:3239} INFO - Sync 1 DAGs
[2025-03-14T23:06:25.935+0000] {logging_mixin.py:190} INFO - [2025-03-14T23:06:25.934+0000] {dag.py:4180} INFO - Setting next_dagrun for example_nested_branch_dag to 2025-03-13 00:00:00+00:00, run_after=2025-03-14 00:00:00+00:00
[2025-03-14T23:06:25.959+0000] {processor.py:208} INFO - Processing /home/airflow/.local/lib/python3.12/site-packages/airflow/example_dags/example_nested_branch_dag.py took 0.082 seconds
[2025-03-14T23:06:56.462+0000] {processor.py:186} INFO - Started process (PID=176) to work on /home/airflow/.local/lib/python3.12/site-packages/airflow/example_dags/example_nested_branch_dag.py
[2025-03-14T23:06:56.465+0000] {processor.py:914} INFO - Processing file /home/airflow/.local/lib/python3.12/site-packages/airflow/example_dags/example_nested_branch_dag.py for tasks to queue
[2025-03-14T23:06:56.466+0000] {logging_mixin.py:190} INFO - [2025-03-14T23:06:56.466+0000] {dagbag.py:588} INFO - Filling up the DagBag from /home/airflow/.local/lib/python3.12/site-packages/airflow/example_dags/example_nested_branch_dag.py
[2025-03-14T23:06:56.474+0000] {processor.py:925} INFO - DAG(s) 'example_nested_branch_dag' retrieved from /home/airflow/.local/lib/python3.12/site-packages/airflow/example_dags/example_nested_branch_dag.py
[2025-03-14T23:06:56.487+0000] {logging_mixin.py:190} INFO - [2025-03-14T23:06:56.486+0000] {dag.py:3239} INFO - Sync 1 DAGs
[2025-03-14T23:06:56.505+0000] {logging_mixin.py:190} INFO - [2025-03-14T23:06:56.505+0000] {dag.py:4180} INFO - Setting next_dagrun for example_nested_branch_dag to 2025-03-13 00:00:00+00:00, run_after=2025-03-14 00:00:00+00:00
[2025-03-14T23:06:56.526+0000] {processor.py:208} INFO - Processing /home/airflow/.local/lib/python3.12/site-packages/airflow/example_dags/example_nested_branch_dag.py took 0.078 seconds
