[2025-03-14T23:05:59.972+0000] {processor.py:186} INFO - Started process (PID=72) to work on /home/airflow/.local/lib/python3.12/site-packages/airflow/example_dags/example_latest_only_with_trigger.py
[2025-03-14T23:05:59.975+0000] {processor.py:914} INFO - Processing file /home/airflow/.local/lib/python3.12/site-packages/airflow/example_dags/example_latest_only_with_trigger.py for tasks to queue
[2025-03-14T23:05:59.983+0000] {logging_mixin.py:190} INFO - [2025-03-14T23:05:59.982+0000] {dagbag.py:588} INFO - Filling up the DagBag from /home/airflow/.local/lib/python3.12/site-packages/airflow/example_dags/example_latest_only_with_trigger.py
[2025-03-14T23:06:00.025+0000] {processor.py:925} INFO - DAG(s) 'latest_only_with_trigger' retrieved from /home/airflow/.local/lib/python3.12/site-packages/airflow/example_dags/example_latest_only_with_trigger.py
[2025-03-14T23:06:00.100+0000] {logging_mixin.py:190} INFO - [2025-03-14T23:06:00.100+0000] {dag.py:3239} INFO - Sync 1 DAGs
[2025-03-14T23:06:00.150+0000] {logging_mixin.py:190} INFO - [2025-03-14T23:06:00.150+0000] {dag.py:4180} INFO - Setting next_dagrun for latest_only_with_trigger to 2025-03-14 16:00:00+00:00, run_after=2025-03-14 20:00:00+00:00
[2025-03-14T23:06:00.206+0000] {processor.py:208} INFO - Processing /home/airflow/.local/lib/python3.12/site-packages/airflow/example_dags/example_latest_only_with_trigger.py took 0.254 seconds
[2025-03-14T23:06:30.333+0000] {processor.py:186} INFO - Started process (PID=133) to work on /home/airflow/.local/lib/python3.12/site-packages/airflow/example_dags/example_latest_only_with_trigger.py
[2025-03-14T23:06:30.334+0000] {processor.py:914} INFO - Processing file /home/airflow/.local/lib/python3.12/site-packages/airflow/example_dags/example_latest_only_with_trigger.py for tasks to queue
[2025-03-14T23:06:30.336+0000] {logging_mixin.py:190} INFO - [2025-03-14T23:06:30.336+0000] {dagbag.py:588} INFO - Filling up the DagBag from /home/airflow/.local/lib/python3.12/site-packages/airflow/example_dags/example_latest_only_with_trigger.py
[2025-03-14T23:06:30.342+0000] {processor.py:925} INFO - DAG(s) 'latest_only_with_trigger' retrieved from /home/airflow/.local/lib/python3.12/site-packages/airflow/example_dags/example_latest_only_with_trigger.py
[2025-03-14T23:06:30.356+0000] {logging_mixin.py:190} INFO - [2025-03-14T23:06:30.356+0000] {dag.py:3239} INFO - Sync 1 DAGs
[2025-03-14T23:06:30.368+0000] {logging_mixin.py:190} INFO - [2025-03-14T23:06:30.368+0000] {dag.py:4180} INFO - Setting next_dagrun for latest_only_with_trigger to 2025-03-14 16:00:00+00:00, run_after=2025-03-14 20:00:00+00:00
[2025-03-14T23:06:30.376+0000] {processor.py:208} INFO - Processing /home/airflow/.local/lib/python3.12/site-packages/airflow/example_dags/example_latest_only_with_trigger.py took 0.055 seconds
[2025-03-14T23:07:00.443+0000] {processor.py:186} INFO - Started process (PID=195) to work on /home/airflow/.local/lib/python3.12/site-packages/airflow/example_dags/example_latest_only_with_trigger.py
[2025-03-14T23:07:00.444+0000] {processor.py:914} INFO - Processing file /home/airflow/.local/lib/python3.12/site-packages/airflow/example_dags/example_latest_only_with_trigger.py for tasks to queue
[2025-03-14T23:07:00.445+0000] {logging_mixin.py:190} INFO - [2025-03-14T23:07:00.445+0000] {dagbag.py:588} INFO - Filling up the DagBag from /home/airflow/.local/lib/python3.12/site-packages/airflow/example_dags/example_latest_only_with_trigger.py
[2025-03-14T23:07:00.449+0000] {processor.py:925} INFO - DAG(s) 'latest_only_with_trigger' retrieved from /home/airflow/.local/lib/python3.12/site-packages/airflow/example_dags/example_latest_only_with_trigger.py
[2025-03-14T23:07:00.459+0000] {logging_mixin.py:190} INFO - [2025-03-14T23:07:00.458+0000] {dag.py:3239} INFO - Sync 1 DAGs
[2025-03-14T23:07:00.469+0000] {logging_mixin.py:190} INFO - [2025-03-14T23:07:00.469+0000] {dag.py:4180} INFO - Setting next_dagrun for latest_only_with_trigger to 2025-03-14 16:00:00+00:00, run_after=2025-03-14 20:00:00+00:00
[2025-03-14T23:07:00.476+0000] {processor.py:208} INFO - Processing /home/airflow/.local/lib/python3.12/site-packages/airflow/example_dags/example_latest_only_with_trigger.py took 0.036 seconds
