[2025-03-14T23:05:56.800+0000] {processor.py:186} INFO - Started process (PID=65) to work on /home/airflow/.local/lib/python3.12/site-packages/airflow/example_dags/example_latest_only.py
[2025-03-14T23:05:56.802+0000] {processor.py:914} INFO - Processing file /home/airflow/.local/lib/python3.12/site-packages/airflow/example_dags/example_latest_only.py for tasks to queue
[2025-03-14T23:05:56.814+0000] {logging_mixin.py:190} INFO - [2025-03-14T23:05:56.812+0000] {dagbag.py:588} INFO - Filling up the DagBag from /home/airflow/.local/lib/python3.12/site-packages/airflow/example_dags/example_latest_only.py
[2025-03-14T23:05:56.839+0000] {processor.py:925} INFO - DAG(s) 'latest_only' retrieved from /home/airflow/.local/lib/python3.12/site-packages/airflow/example_dags/example_latest_only.py
[2025-03-14T23:05:56.931+0000] {logging_mixin.py:190} INFO - [2025-03-14T23:05:56.930+0000] {dag.py:3239} INFO - Sync 1 DAGs
[2025-03-14T23:05:57.010+0000] {logging_mixin.py:190} INFO - [2025-03-14T23:05:57.010+0000] {dag.py:4180} INFO - Setting next_dagrun for latest_only to 2025-03-14 16:00:00+00:00, run_after=2025-03-14 20:00:00+00:00
[2025-03-14T23:05:57.086+0000] {processor.py:208} INFO - Processing /home/airflow/.local/lib/python3.12/site-packages/airflow/example_dags/example_latest_only.py took 0.301 seconds
[2025-03-14T23:06:27.651+0000] {processor.py:186} INFO - Started process (PID=127) to work on /home/airflow/.local/lib/python3.12/site-packages/airflow/example_dags/example_latest_only.py
[2025-03-14T23:06:27.652+0000] {processor.py:914} INFO - Processing file /home/airflow/.local/lib/python3.12/site-packages/airflow/example_dags/example_latest_only.py for tasks to queue
[2025-03-14T23:06:27.654+0000] {logging_mixin.py:190} INFO - [2025-03-14T23:06:27.654+0000] {dagbag.py:588} INFO - Filling up the DagBag from /home/airflow/.local/lib/python3.12/site-packages/airflow/example_dags/example_latest_only.py
[2025-03-14T23:06:27.670+0000] {processor.py:925} INFO - DAG(s) 'latest_only' retrieved from /home/airflow/.local/lib/python3.12/site-packages/airflow/example_dags/example_latest_only.py
[2025-03-14T23:06:27.712+0000] {logging_mixin.py:190} INFO - [2025-03-14T23:06:27.712+0000] {dag.py:3239} INFO - Sync 1 DAGs
[2025-03-14T23:06:27.735+0000] {logging_mixin.py:190} INFO - [2025-03-14T23:06:27.735+0000] {dag.py:4180} INFO - Setting next_dagrun for latest_only to 2025-03-14 16:00:00+00:00, run_after=2025-03-14 20:00:00+00:00
[2025-03-14T23:06:27.755+0000] {processor.py:208} INFO - Processing /home/airflow/.local/lib/python3.12/site-packages/airflow/example_dags/example_latest_only.py took 0.113 seconds
[2025-03-14T23:06:57.809+0000] {processor.py:186} INFO - Started process (PID=189) to work on /home/airflow/.local/lib/python3.12/site-packages/airflow/example_dags/example_latest_only.py
[2025-03-14T23:06:57.810+0000] {processor.py:914} INFO - Processing file /home/airflow/.local/lib/python3.12/site-packages/airflow/example_dags/example_latest_only.py for tasks to queue
[2025-03-14T23:06:57.812+0000] {logging_mixin.py:190} INFO - [2025-03-14T23:06:57.811+0000] {dagbag.py:588} INFO - Filling up the DagBag from /home/airflow/.local/lib/python3.12/site-packages/airflow/example_dags/example_latest_only.py
[2025-03-14T23:06:57.816+0000] {processor.py:925} INFO - DAG(s) 'latest_only' retrieved from /home/airflow/.local/lib/python3.12/site-packages/airflow/example_dags/example_latest_only.py
[2025-03-14T23:06:57.832+0000] {logging_mixin.py:190} INFO - [2025-03-14T23:06:57.832+0000] {dag.py:3239} INFO - Sync 1 DAGs
[2025-03-14T23:06:57.845+0000] {logging_mixin.py:190} INFO - [2025-03-14T23:06:57.845+0000] {dag.py:4180} INFO - Setting next_dagrun for latest_only to 2025-03-14 16:00:00+00:00, run_after=2025-03-14 20:00:00+00:00
[2025-03-14T23:06:57.861+0000] {processor.py:208} INFO - Processing /home/airflow/.local/lib/python3.12/site-packages/airflow/example_dags/example_latest_only.py took 0.056 seconds
