[2025-03-12T16:37:46.891+0000] {processor.py:186} INFO - Started process (PID=47) to work on /home/airflow/.local/lib/python3.12/site-packages/airflow/example_dags/example_nested_branch_dag.py
[2025-03-12T16:37:46.893+0000] {processor.py:914} INFO - Processing file /home/airflow/.local/lib/python3.12/site-packages/airflow/example_dags/example_nested_branch_dag.py for tasks to queue
[2025-03-12T16:37:46.896+0000] {logging_mixin.py:190} INFO - [2025-03-12T16:37:46.896+0000] {dagbag.py:588} INFO - Filling up the DagBag from /home/airflow/.local/lib/python3.12/site-packages/airflow/example_dags/example_nested_branch_dag.py
[2025-03-12T16:37:46.910+0000] {processor.py:925} INFO - DAG(s) 'example_nested_branch_dag' retrieved from /home/airflow/.local/lib/python3.12/site-packages/airflow/example_dags/example_nested_branch_dag.py
[2025-03-12T16:37:46.939+0000] {logging_mixin.py:190} INFO - [2025-03-12T16:37:46.939+0000] {dag.py:3239} INFO - Sync 1 DAGs
[2025-03-12T16:37:46.962+0000] {logging_mixin.py:190} INFO - [2025-03-12T16:37:46.962+0000] {dag.py:4180} INFO - Setting next_dagrun for example_nested_branch_dag to 2025-03-11 00:00:00+00:00, run_after=2025-03-12 00:00:00+00:00
[2025-03-12T16:37:46.979+0000] {processor.py:208} INFO - Processing /home/airflow/.local/lib/python3.12/site-packages/airflow/example_dags/example_nested_branch_dag.py took 0.097 seconds
[2025-03-12T16:38:17.811+0000] {processor.py:186} INFO - Started process (PID=109) to work on /home/airflow/.local/lib/python3.12/site-packages/airflow/example_dags/example_nested_branch_dag.py
[2025-03-12T16:38:17.813+0000] {processor.py:914} INFO - Processing file /home/airflow/.local/lib/python3.12/site-packages/airflow/example_dags/example_nested_branch_dag.py for tasks to queue
[2025-03-12T16:38:17.815+0000] {logging_mixin.py:190} INFO - [2025-03-12T16:38:17.815+0000] {dagbag.py:588} INFO - Filling up the DagBag from /home/airflow/.local/lib/python3.12/site-packages/airflow/example_dags/example_nested_branch_dag.py
[2025-03-12T16:38:17.822+0000] {processor.py:925} INFO - DAG(s) 'example_nested_branch_dag' retrieved from /home/airflow/.local/lib/python3.12/site-packages/airflow/example_dags/example_nested_branch_dag.py
[2025-03-12T16:38:17.838+0000] {logging_mixin.py:190} INFO - [2025-03-12T16:38:17.838+0000] {dag.py:3239} INFO - Sync 1 DAGs
[2025-03-12T16:38:17.854+0000] {logging_mixin.py:190} INFO - [2025-03-12T16:38:17.854+0000] {dag.py:4180} INFO - Setting next_dagrun for example_nested_branch_dag to 2025-03-11 00:00:00+00:00, run_after=2025-03-12 00:00:00+00:00
[2025-03-12T16:38:17.866+0000] {processor.py:208} INFO - Processing /home/airflow/.local/lib/python3.12/site-packages/airflow/example_dags/example_nested_branch_dag.py took 0.063 seconds
[2025-03-12T16:38:48.214+0000] {processor.py:186} INFO - Started process (PID=171) to work on /home/airflow/.local/lib/python3.12/site-packages/airflow/example_dags/example_nested_branch_dag.py
[2025-03-12T16:38:48.215+0000] {processor.py:914} INFO - Processing file /home/airflow/.local/lib/python3.12/site-packages/airflow/example_dags/example_nested_branch_dag.py for tasks to queue
[2025-03-12T16:38:48.216+0000] {logging_mixin.py:190} INFO - [2025-03-12T16:38:48.216+0000] {dagbag.py:588} INFO - Filling up the DagBag from /home/airflow/.local/lib/python3.12/site-packages/airflow/example_dags/example_nested_branch_dag.py
[2025-03-12T16:38:48.223+0000] {processor.py:925} INFO - DAG(s) 'example_nested_branch_dag' retrieved from /home/airflow/.local/lib/python3.12/site-packages/airflow/example_dags/example_nested_branch_dag.py
[2025-03-12T16:38:48.236+0000] {logging_mixin.py:190} INFO - [2025-03-12T16:38:48.236+0000] {dag.py:3239} INFO - Sync 1 DAGs
[2025-03-12T16:38:48.251+0000] {logging_mixin.py:190} INFO - [2025-03-12T16:38:48.251+0000] {dag.py:4180} INFO - Setting next_dagrun for example_nested_branch_dag to 2025-03-11 00:00:00+00:00, run_after=2025-03-12 00:00:00+00:00
[2025-03-12T16:38:48.264+0000] {processor.py:208} INFO - Processing /home/airflow/.local/lib/python3.12/site-packages/airflow/example_dags/example_nested_branch_dag.py took 0.055 seconds
[2025-03-12T16:46:26.470+0000] {processor.py:186} INFO - Started process (PID=46) to work on /home/airflow/.local/lib/python3.12/site-packages/airflow/example_dags/example_nested_branch_dag.py
[2025-03-12T16:46:26.476+0000] {processor.py:914} INFO - Processing file /home/airflow/.local/lib/python3.12/site-packages/airflow/example_dags/example_nested_branch_dag.py for tasks to queue
[2025-03-12T16:46:26.480+0000] {logging_mixin.py:190} INFO - [2025-03-12T16:46:26.479+0000] {dagbag.py:588} INFO - Filling up the DagBag from /home/airflow/.local/lib/python3.12/site-packages/airflow/example_dags/example_nested_branch_dag.py
[2025-03-12T16:46:26.494+0000] {processor.py:925} INFO - DAG(s) 'example_nested_branch_dag' retrieved from /home/airflow/.local/lib/python3.12/site-packages/airflow/example_dags/example_nested_branch_dag.py
[2025-03-12T16:46:26.523+0000] {logging_mixin.py:190} INFO - [2025-03-12T16:46:26.523+0000] {dag.py:3239} INFO - Sync 1 DAGs
[2025-03-12T16:46:26.549+0000] {logging_mixin.py:190} INFO - [2025-03-12T16:46:26.549+0000] {dag.py:4180} INFO - Setting next_dagrun for example_nested_branch_dag to 2025-03-11 00:00:00+00:00, run_after=2025-03-12 00:00:00+00:00
[2025-03-12T16:46:26.560+0000] {processor.py:208} INFO - Processing /home/airflow/.local/lib/python3.12/site-packages/airflow/example_dags/example_nested_branch_dag.py took 0.096 seconds
[2025-03-12T16:46:56.635+0000] {processor.py:186} INFO - Started process (PID=108) to work on /home/airflow/.local/lib/python3.12/site-packages/airflow/example_dags/example_nested_branch_dag.py
[2025-03-12T16:46:56.636+0000] {processor.py:914} INFO - Processing file /home/airflow/.local/lib/python3.12/site-packages/airflow/example_dags/example_nested_branch_dag.py for tasks to queue
[2025-03-12T16:46:56.638+0000] {logging_mixin.py:190} INFO - [2025-03-12T16:46:56.638+0000] {dagbag.py:588} INFO - Filling up the DagBag from /home/airflow/.local/lib/python3.12/site-packages/airflow/example_dags/example_nested_branch_dag.py
[2025-03-12T16:46:56.648+0000] {processor.py:925} INFO - DAG(s) 'example_nested_branch_dag' retrieved from /home/airflow/.local/lib/python3.12/site-packages/airflow/example_dags/example_nested_branch_dag.py
[2025-03-12T16:46:56.668+0000] {logging_mixin.py:190} INFO - [2025-03-12T16:46:56.667+0000] {dag.py:3239} INFO - Sync 1 DAGs
[2025-03-12T16:46:56.682+0000] {logging_mixin.py:190} INFO - [2025-03-12T16:46:56.682+0000] {dag.py:4180} INFO - Setting next_dagrun for example_nested_branch_dag to 2025-03-11 00:00:00+00:00, run_after=2025-03-12 00:00:00+00:00
[2025-03-12T16:46:56.694+0000] {processor.py:208} INFO - Processing /home/airflow/.local/lib/python3.12/site-packages/airflow/example_dags/example_nested_branch_dag.py took 0.064 seconds
