[2025-03-12T16:37:49.028+0000] {processor.py:186} INFO - Started process (PID=74) to work on /home/airflow/.local/lib/python3.12/site-packages/airflow/example_dags/example_branch_python_dop_operator_3.py
[2025-03-12T16:37:49.029+0000] {processor.py:914} INFO - Processing file /home/airflow/.local/lib/python3.12/site-packages/airflow/example_dags/example_branch_python_dop_operator_3.py for tasks to queue
[2025-03-12T16:37:49.032+0000] {logging_mixin.py:190} INFO - [2025-03-12T16:37:49.032+0000] {dagbag.py:588} INFO - Filling up the DagBag from /home/airflow/.local/lib/python3.12/site-packages/airflow/example_dags/example_branch_python_dop_operator_3.py
[2025-03-12T16:37:49.040+0000] {processor.py:925} INFO - DAG(s) 'example_branch_dop_operator_v3' retrieved from /home/airflow/.local/lib/python3.12/site-packages/airflow/example_dags/example_branch_python_dop_operator_3.py
[2025-03-12T16:37:49.060+0000] {logging_mixin.py:190} INFO - [2025-03-12T16:37:49.060+0000] {dag.py:3239} INFO - Sync 1 DAGs
[2025-03-12T16:37:49.075+0000] {logging_mixin.py:190} INFO - [2025-03-12T16:37:49.075+0000] {dag.py:4180} INFO - Setting next_dagrun for example_branch_dop_operator_v3 to 2025-03-12 16:36:00+00:00, run_after=2025-03-12 16:37:00+00:00
[2025-03-12T16:37:49.087+0000] {processor.py:208} INFO - Processing /home/airflow/.local/lib/python3.12/site-packages/airflow/example_dags/example_branch_python_dop_operator_3.py took 0.062 seconds
[2025-03-12T16:38:19.823+0000] {processor.py:186} INFO - Started process (PID=141) to work on /home/airflow/.local/lib/python3.12/site-packages/airflow/example_dags/example_branch_python_dop_operator_3.py
[2025-03-12T16:38:19.824+0000] {processor.py:914} INFO - Processing file /home/airflow/.local/lib/python3.12/site-packages/airflow/example_dags/example_branch_python_dop_operator_3.py for tasks to queue
[2025-03-12T16:38:19.825+0000] {logging_mixin.py:190} INFO - [2025-03-12T16:38:19.825+0000] {dagbag.py:588} INFO - Filling up the DagBag from /home/airflow/.local/lib/python3.12/site-packages/airflow/example_dags/example_branch_python_dop_operator_3.py
[2025-03-12T16:38:19.830+0000] {processor.py:925} INFO - DAG(s) 'example_branch_dop_operator_v3' retrieved from /home/airflow/.local/lib/python3.12/site-packages/airflow/example_dags/example_branch_python_dop_operator_3.py
[2025-03-12T16:38:19.838+0000] {logging_mixin.py:190} INFO - [2025-03-12T16:38:19.838+0000] {dag.py:3239} INFO - Sync 1 DAGs
[2025-03-12T16:38:19.851+0000] {logging_mixin.py:190} INFO - [2025-03-12T16:38:19.850+0000] {dag.py:4180} INFO - Setting next_dagrun for example_branch_dop_operator_v3 to 2025-03-12 16:37:00+00:00, run_after=2025-03-12 16:38:00+00:00
[2025-03-12T16:38:19.858+0000] {processor.py:208} INFO - Processing /home/airflow/.local/lib/python3.12/site-packages/airflow/example_dags/example_branch_python_dop_operator_3.py took 0.037 seconds
[2025-03-12T16:38:50.232+0000] {processor.py:186} INFO - Started process (PID=203) to work on /home/airflow/.local/lib/python3.12/site-packages/airflow/example_dags/example_branch_python_dop_operator_3.py
[2025-03-12T16:38:50.233+0000] {processor.py:914} INFO - Processing file /home/airflow/.local/lib/python3.12/site-packages/airflow/example_dags/example_branch_python_dop_operator_3.py for tasks to queue
[2025-03-12T16:38:50.235+0000] {logging_mixin.py:190} INFO - [2025-03-12T16:38:50.234+0000] {dagbag.py:588} INFO - Filling up the DagBag from /home/airflow/.local/lib/python3.12/site-packages/airflow/example_dags/example_branch_python_dop_operator_3.py
[2025-03-12T16:38:50.242+0000] {processor.py:925} INFO - DAG(s) 'example_branch_dop_operator_v3' retrieved from /home/airflow/.local/lib/python3.12/site-packages/airflow/example_dags/example_branch_python_dop_operator_3.py
[2025-03-12T16:38:50.258+0000] {logging_mixin.py:190} INFO - [2025-03-12T16:38:50.258+0000] {dag.py:3239} INFO - Sync 1 DAGs
[2025-03-12T16:38:50.271+0000] {logging_mixin.py:190} INFO - [2025-03-12T16:38:50.271+0000] {dag.py:4180} INFO - Setting next_dagrun for example_branch_dop_operator_v3 to 2025-03-12 16:37:00+00:00, run_after=2025-03-12 16:38:00+00:00
[2025-03-12T16:38:50.283+0000] {processor.py:208} INFO - Processing /home/airflow/.local/lib/python3.12/site-packages/airflow/example_dags/example_branch_python_dop_operator_3.py took 0.053 seconds
[2025-03-12T16:46:28.865+0000] {processor.py:186} INFO - Started process (PID=73) to work on /home/airflow/.local/lib/python3.12/site-packages/airflow/example_dags/example_branch_python_dop_operator_3.py
[2025-03-12T16:46:28.868+0000] {processor.py:914} INFO - Processing file /home/airflow/.local/lib/python3.12/site-packages/airflow/example_dags/example_branch_python_dop_operator_3.py for tasks to queue
[2025-03-12T16:46:28.874+0000] {logging_mixin.py:190} INFO - [2025-03-12T16:46:28.873+0000] {dagbag.py:588} INFO - Filling up the DagBag from /home/airflow/.local/lib/python3.12/site-packages/airflow/example_dags/example_branch_python_dop_operator_3.py
[2025-03-12T16:46:28.896+0000] {processor.py:925} INFO - DAG(s) 'example_branch_dop_operator_v3' retrieved from /home/airflow/.local/lib/python3.12/site-packages/airflow/example_dags/example_branch_python_dop_operator_3.py
[2025-03-12T16:46:28.913+0000] {logging_mixin.py:190} INFO - [2025-03-12T16:46:28.913+0000] {dag.py:3239} INFO - Sync 1 DAGs
[2025-03-12T16:46:28.930+0000] {logging_mixin.py:190} INFO - [2025-03-12T16:46:28.930+0000] {dag.py:4180} INFO - Setting next_dagrun for example_branch_dop_operator_v3 to 2025-03-12 16:45:00+00:00, run_after=2025-03-12 16:46:00+00:00
[2025-03-12T16:46:28.940+0000] {processor.py:208} INFO - Processing /home/airflow/.local/lib/python3.12/site-packages/airflow/example_dags/example_branch_python_dop_operator_3.py took 0.083 seconds
[2025-03-12T16:46:59.981+0000] {processor.py:186} INFO - Started process (PID=141) to work on /home/airflow/.local/lib/python3.12/site-packages/airflow/example_dags/example_branch_python_dop_operator_3.py
[2025-03-12T16:46:59.981+0000] {processor.py:914} INFO - Processing file /home/airflow/.local/lib/python3.12/site-packages/airflow/example_dags/example_branch_python_dop_operator_3.py for tasks to queue
[2025-03-12T16:46:59.983+0000] {logging_mixin.py:190} INFO - [2025-03-12T16:46:59.983+0000] {dagbag.py:588} INFO - Filling up the DagBag from /home/airflow/.local/lib/python3.12/site-packages/airflow/example_dags/example_branch_python_dop_operator_3.py
[2025-03-12T16:46:59.993+0000] {processor.py:925} INFO - DAG(s) 'example_branch_dop_operator_v3' retrieved from /home/airflow/.local/lib/python3.12/site-packages/airflow/example_dags/example_branch_python_dop_operator_3.py
[2025-03-12T16:47:00.009+0000] {logging_mixin.py:190} INFO - [2025-03-12T16:47:00.009+0000] {dag.py:3239} INFO - Sync 1 DAGs
[2025-03-12T16:47:00.030+0000] {logging_mixin.py:190} INFO - [2025-03-12T16:47:00.030+0000] {dag.py:4180} INFO - Setting next_dagrun for example_branch_dop_operator_v3 to 2025-03-12 16:46:00+00:00, run_after=2025-03-12 16:47:00+00:00
[2025-03-12T16:47:00.049+0000] {processor.py:208} INFO - Processing /home/airflow/.local/lib/python3.12/site-packages/airflow/example_dags/example_branch_python_dop_operator_3.py took 0.072 seconds
