[2025-03-12T16:37:48.669+0000] {processor.py:186} INFO - Started process (PID=67) to work on /home/airflow/.local/lib/python3.12/site-packages/airflow/example_dags/example_datasets.py
[2025-03-12T16:37:48.670+0000] {processor.py:914} INFO - Processing file /home/airflow/.local/lib/python3.12/site-packages/airflow/example_dags/example_datasets.py for tasks to queue
[2025-03-12T16:37:48.671+0000] {logging_mixin.py:190} INFO - [2025-03-12T16:37:48.671+0000] {dagbag.py:588} INFO - Filling up the DagBag from /home/airflow/.local/lib/python3.12/site-packages/airflow/example_dags/example_datasets.py
[2025-03-12T16:37:48.774+0000] {processor.py:925} INFO - DAG(s) 'consume_1_or_both_2_and_3_with_dataset_expressions', 'dataset_consumes_1_never_scheduled', 'dataset_consumes_1_and_2', 'conditional_dataset_and_time_based_timetable', 'dataset_consumes_unknown_never_scheduled', 'dataset_produces_1', 'consume_1_and_2_with_dataset_expressions', 'consume_1_or_2_with_dataset_expressions', 'dataset_produces_2', 'dataset_consumes_1' retrieved from /home/airflow/.local/lib/python3.12/site-packages/airflow/example_dags/example_datasets.py
[2025-03-12T16:37:48.808+0000] {logging_mixin.py:190} INFO - [2025-03-12T16:37:48.808+0000] {dag.py:3239} INFO - Sync 10 DAGs
[2025-03-12T16:37:48.827+0000] {logging_mixin.py:190} INFO - [2025-03-12T16:37:48.827+0000] {dag.py:4180} INFO - Setting next_dagrun for conditional_dataset_and_time_based_timetable to 2025-03-12 01:00:00+00:00, run_after=2025-03-12 01:00:00+00:00
[2025-03-12T16:37:48.830+0000] {logging_mixin.py:190} INFO - [2025-03-12T16:37:48.830+0000] {dag.py:4180} INFO - Setting next_dagrun for consume_1_and_2_with_dataset_expressions to None, run_after=None
[2025-03-12T16:37:48.831+0000] {logging_mixin.py:190} INFO - [2025-03-12T16:37:48.831+0000] {dag.py:4180} INFO - Setting next_dagrun for consume_1_or_2_with_dataset_expressions to None, run_after=None
[2025-03-12T16:37:48.832+0000] {logging_mixin.py:190} INFO - [2025-03-12T16:37:48.832+0000] {dag.py:4180} INFO - Setting next_dagrun for consume_1_or_both_2_and_3_with_dataset_expressions to None, run_after=None
[2025-03-12T16:37:48.832+0000] {logging_mixin.py:190} INFO - [2025-03-12T16:37:48.832+0000] {dag.py:4180} INFO - Setting next_dagrun for dataset_consumes_1 to None, run_after=None
[2025-03-12T16:37:48.833+0000] {logging_mixin.py:190} INFO - [2025-03-12T16:37:48.833+0000] {dag.py:4180} INFO - Setting next_dagrun for dataset_consumes_1_and_2 to None, run_after=None
[2025-03-12T16:37:48.834+0000] {logging_mixin.py:190} INFO - [2025-03-12T16:37:48.834+0000] {dag.py:4180} INFO - Setting next_dagrun for dataset_consumes_1_never_scheduled to None, run_after=None
[2025-03-12T16:37:48.834+0000] {logging_mixin.py:190} INFO - [2025-03-12T16:37:48.834+0000] {dag.py:4180} INFO - Setting next_dagrun for dataset_consumes_unknown_never_scheduled to None, run_after=None
[2025-03-12T16:37:48.835+0000] {logging_mixin.py:190} INFO - [2025-03-12T16:37:48.835+0000] {dag.py:4180} INFO - Setting next_dagrun for dataset_produces_1 to 2025-03-11 00:00:00+00:00, run_after=2025-03-12 00:00:00+00:00
[2025-03-12T16:37:48.837+0000] {logging_mixin.py:190} INFO - [2025-03-12T16:37:48.837+0000] {dag.py:4180} INFO - Setting next_dagrun for dataset_produces_2 to None, run_after=None
[2025-03-12T16:37:48.865+0000] {processor.py:208} INFO - Processing /home/airflow/.local/lib/python3.12/site-packages/airflow/example_dags/example_datasets.py took 0.200 seconds
[2025-03-12T16:38:19.571+0000] {processor.py:186} INFO - Started process (PID=135) to work on /home/airflow/.local/lib/python3.12/site-packages/airflow/example_dags/example_datasets.py
[2025-03-12T16:38:19.572+0000] {processor.py:914} INFO - Processing file /home/airflow/.local/lib/python3.12/site-packages/airflow/example_dags/example_datasets.py for tasks to queue
[2025-03-12T16:38:19.574+0000] {logging_mixin.py:190} INFO - [2025-03-12T16:38:19.574+0000] {dagbag.py:588} INFO - Filling up the DagBag from /home/airflow/.local/lib/python3.12/site-packages/airflow/example_dags/example_datasets.py
[2025-03-12T16:38:19.651+0000] {processor.py:925} INFO - DAG(s) 'consume_1_or_2_with_dataset_expressions', 'consume_1_or_both_2_and_3_with_dataset_expressions', 'dataset_consumes_1_and_2', 'dataset_consumes_unknown_never_scheduled', 'dataset_consumes_1', 'dataset_consumes_1_never_scheduled', 'dataset_produces_1', 'dataset_produces_2', 'conditional_dataset_and_time_based_timetable', 'consume_1_and_2_with_dataset_expressions' retrieved from /home/airflow/.local/lib/python3.12/site-packages/airflow/example_dags/example_datasets.py
[2025-03-12T16:38:19.670+0000] {logging_mixin.py:190} INFO - [2025-03-12T16:38:19.670+0000] {dag.py:3239} INFO - Sync 10 DAGs
[2025-03-12T16:38:19.684+0000] {logging_mixin.py:190} INFO - [2025-03-12T16:38:19.684+0000] {dag.py:4180} INFO - Setting next_dagrun for conditional_dataset_and_time_based_timetable to 2025-03-12 01:00:00+00:00, run_after=2025-03-12 01:00:00+00:00
[2025-03-12T16:38:19.686+0000] {logging_mixin.py:190} INFO - [2025-03-12T16:38:19.686+0000] {dag.py:4180} INFO - Setting next_dagrun for consume_1_and_2_with_dataset_expressions to None, run_after=None
[2025-03-12T16:38:19.687+0000] {logging_mixin.py:190} INFO - [2025-03-12T16:38:19.687+0000] {dag.py:4180} INFO - Setting next_dagrun for consume_1_or_2_with_dataset_expressions to None, run_after=None
[2025-03-12T16:38:19.689+0000] {logging_mixin.py:190} INFO - [2025-03-12T16:38:19.689+0000] {dag.py:4180} INFO - Setting next_dagrun for consume_1_or_both_2_and_3_with_dataset_expressions to None, run_after=None
[2025-03-12T16:38:19.692+0000] {logging_mixin.py:190} INFO - [2025-03-12T16:38:19.692+0000] {dag.py:4180} INFO - Setting next_dagrun for dataset_consumes_1 to None, run_after=None
[2025-03-12T16:38:19.693+0000] {logging_mixin.py:190} INFO - [2025-03-12T16:38:19.693+0000] {dag.py:4180} INFO - Setting next_dagrun for dataset_consumes_1_and_2 to None, run_after=None
[2025-03-12T16:38:19.694+0000] {logging_mixin.py:190} INFO - [2025-03-12T16:38:19.693+0000] {dag.py:4180} INFO - Setting next_dagrun for dataset_consumes_1_never_scheduled to None, run_after=None
[2025-03-12T16:38:19.694+0000] {logging_mixin.py:190} INFO - [2025-03-12T16:38:19.694+0000] {dag.py:4180} INFO - Setting next_dagrun for dataset_consumes_unknown_never_scheduled to None, run_after=None
[2025-03-12T16:38:19.695+0000] {logging_mixin.py:190} INFO - [2025-03-12T16:38:19.695+0000] {dag.py:4180} INFO - Setting next_dagrun for dataset_produces_1 to 2025-03-11 00:00:00+00:00, run_after=2025-03-12 00:00:00+00:00
[2025-03-12T16:38:19.695+0000] {logging_mixin.py:190} INFO - [2025-03-12T16:38:19.695+0000] {dag.py:4180} INFO - Setting next_dagrun for dataset_produces_2 to None, run_after=None
[2025-03-12T16:38:19.714+0000] {processor.py:208} INFO - Processing /home/airflow/.local/lib/python3.12/site-packages/airflow/example_dags/example_datasets.py took 0.146 seconds
[2025-03-12T16:38:49.994+0000] {processor.py:186} INFO - Started process (PID=197) to work on /home/airflow/.local/lib/python3.12/site-packages/airflow/example_dags/example_datasets.py
[2025-03-12T16:38:49.998+0000] {processor.py:914} INFO - Processing file /home/airflow/.local/lib/python3.12/site-packages/airflow/example_dags/example_datasets.py for tasks to queue
[2025-03-12T16:38:49.999+0000] {logging_mixin.py:190} INFO - [2025-03-12T16:38:49.998+0000] {dagbag.py:588} INFO - Filling up the DagBag from /home/airflow/.local/lib/python3.12/site-packages/airflow/example_dags/example_datasets.py
[2025-03-12T16:38:50.079+0000] {processor.py:925} INFO - DAG(s) 'conditional_dataset_and_time_based_timetable', 'dataset_consumes_unknown_never_scheduled', 'consume_1_or_both_2_and_3_with_dataset_expressions', 'consume_1_and_2_with_dataset_expressions', 'dataset_consumes_1_and_2', 'dataset_consumes_1_never_scheduled', 'dataset_consumes_1', 'dataset_produces_1', 'dataset_produces_2', 'consume_1_or_2_with_dataset_expressions' retrieved from /home/airflow/.local/lib/python3.12/site-packages/airflow/example_dags/example_datasets.py
[2025-03-12T16:38:50.102+0000] {logging_mixin.py:190} INFO - [2025-03-12T16:38:50.102+0000] {dag.py:3239} INFO - Sync 10 DAGs
[2025-03-12T16:38:50.117+0000] {logging_mixin.py:190} INFO - [2025-03-12T16:38:50.116+0000] {dag.py:4180} INFO - Setting next_dagrun for conditional_dataset_and_time_based_timetable to 2025-03-12 01:00:00+00:00, run_after=2025-03-12 01:00:00+00:00
[2025-03-12T16:38:50.121+0000] {logging_mixin.py:190} INFO - [2025-03-12T16:38:50.121+0000] {dag.py:4180} INFO - Setting next_dagrun for consume_1_and_2_with_dataset_expressions to None, run_after=None
[2025-03-12T16:38:50.123+0000] {logging_mixin.py:190} INFO - [2025-03-12T16:38:50.123+0000] {dag.py:4180} INFO - Setting next_dagrun for consume_1_or_2_with_dataset_expressions to None, run_after=None
[2025-03-12T16:38:50.123+0000] {logging_mixin.py:190} INFO - [2025-03-12T16:38:50.123+0000] {dag.py:4180} INFO - Setting next_dagrun for consume_1_or_both_2_and_3_with_dataset_expressions to None, run_after=None
[2025-03-12T16:38:50.125+0000] {logging_mixin.py:190} INFO - [2025-03-12T16:38:50.125+0000] {dag.py:4180} INFO - Setting next_dagrun for dataset_consumes_1 to None, run_after=None
[2025-03-12T16:38:50.126+0000] {logging_mixin.py:190} INFO - [2025-03-12T16:38:50.126+0000] {dag.py:4180} INFO - Setting next_dagrun for dataset_consumes_1_and_2 to None, run_after=None
[2025-03-12T16:38:50.128+0000] {logging_mixin.py:190} INFO - [2025-03-12T16:38:50.128+0000] {dag.py:4180} INFO - Setting next_dagrun for dataset_consumes_1_never_scheduled to None, run_after=None
[2025-03-12T16:38:50.129+0000] {logging_mixin.py:190} INFO - [2025-03-12T16:38:50.129+0000] {dag.py:4180} INFO - Setting next_dagrun for dataset_consumes_unknown_never_scheduled to None, run_after=None
[2025-03-12T16:38:50.130+0000] {logging_mixin.py:190} INFO - [2025-03-12T16:38:50.129+0000] {dag.py:4180} INFO - Setting next_dagrun for dataset_produces_1 to 2025-03-11 00:00:00+00:00, run_after=2025-03-12 00:00:00+00:00
[2025-03-12T16:38:50.132+0000] {logging_mixin.py:190} INFO - [2025-03-12T16:38:50.132+0000] {dag.py:4180} INFO - Setting next_dagrun for dataset_produces_2 to None, run_after=None
[2025-03-12T16:38:50.154+0000] {processor.py:208} INFO - Processing /home/airflow/.local/lib/python3.12/site-packages/airflow/example_dags/example_datasets.py took 0.164 seconds
[2025-03-12T16:46:28.302+0000] {processor.py:186} INFO - Started process (PID=66) to work on /home/airflow/.local/lib/python3.12/site-packages/airflow/example_dags/example_datasets.py
[2025-03-12T16:46:28.303+0000] {processor.py:914} INFO - Processing file /home/airflow/.local/lib/python3.12/site-packages/airflow/example_dags/example_datasets.py for tasks to queue
[2025-03-12T16:46:28.307+0000] {logging_mixin.py:190} INFO - [2025-03-12T16:46:28.307+0000] {dagbag.py:588} INFO - Filling up the DagBag from /home/airflow/.local/lib/python3.12/site-packages/airflow/example_dags/example_datasets.py
[2025-03-12T16:46:28.564+0000] {processor.py:925} INFO - DAG(s) 'dataset_produces_2', 'dataset_consumes_1', 'consume_1_or_2_with_dataset_expressions', 'conditional_dataset_and_time_based_timetable', 'dataset_produces_1', 'consume_1_and_2_with_dataset_expressions', 'consume_1_or_both_2_and_3_with_dataset_expressions', 'dataset_consumes_1_never_scheduled', 'dataset_consumes_1_and_2', 'dataset_consumes_unknown_never_scheduled' retrieved from /home/airflow/.local/lib/python3.12/site-packages/airflow/example_dags/example_datasets.py
[2025-03-12T16:46:28.609+0000] {logging_mixin.py:190} INFO - [2025-03-12T16:46:28.609+0000] {dag.py:3239} INFO - Sync 10 DAGs
[2025-03-12T16:46:28.627+0000] {logging_mixin.py:190} INFO - [2025-03-12T16:46:28.627+0000] {dag.py:4180} INFO - Setting next_dagrun for conditional_dataset_and_time_based_timetable to 2025-03-12 01:00:00+00:00, run_after=2025-03-12 01:00:00+00:00
[2025-03-12T16:46:28.632+0000] {logging_mixin.py:190} INFO - [2025-03-12T16:46:28.632+0000] {dag.py:4180} INFO - Setting next_dagrun for consume_1_and_2_with_dataset_expressions to None, run_after=None
[2025-03-12T16:46:28.633+0000] {logging_mixin.py:190} INFO - [2025-03-12T16:46:28.633+0000] {dag.py:4180} INFO - Setting next_dagrun for consume_1_or_2_with_dataset_expressions to None, run_after=None
[2025-03-12T16:46:28.634+0000] {logging_mixin.py:190} INFO - [2025-03-12T16:46:28.634+0000] {dag.py:4180} INFO - Setting next_dagrun for consume_1_or_both_2_and_3_with_dataset_expressions to None, run_after=None
[2025-03-12T16:46:28.637+0000] {logging_mixin.py:190} INFO - [2025-03-12T16:46:28.637+0000] {dag.py:4180} INFO - Setting next_dagrun for dataset_consumes_1 to None, run_after=None
[2025-03-12T16:46:28.639+0000] {logging_mixin.py:190} INFO - [2025-03-12T16:46:28.639+0000] {dag.py:4180} INFO - Setting next_dagrun for dataset_consumes_1_and_2 to None, run_after=None
[2025-03-12T16:46:28.640+0000] {logging_mixin.py:190} INFO - [2025-03-12T16:46:28.640+0000] {dag.py:4180} INFO - Setting next_dagrun for dataset_consumes_1_never_scheduled to None, run_after=None
[2025-03-12T16:46:28.641+0000] {logging_mixin.py:190} INFO - [2025-03-12T16:46:28.641+0000] {dag.py:4180} INFO - Setting next_dagrun for dataset_consumes_unknown_never_scheduled to None, run_after=None
[2025-03-12T16:46:28.643+0000] {logging_mixin.py:190} INFO - [2025-03-12T16:46:28.643+0000] {dag.py:4180} INFO - Setting next_dagrun for dataset_produces_1 to 2025-03-11 00:00:00+00:00, run_after=2025-03-12 00:00:00+00:00
[2025-03-12T16:46:28.645+0000] {logging_mixin.py:190} INFO - [2025-03-12T16:46:28.644+0000] {dag.py:4180} INFO - Setting next_dagrun for dataset_produces_2 to None, run_after=None
[2025-03-12T16:46:28.667+0000] {processor.py:208} INFO - Processing /home/airflow/.local/lib/python3.12/site-packages/airflow/example_dags/example_datasets.py took 0.368 seconds
[2025-03-12T16:46:59.588+0000] {processor.py:186} INFO - Started process (PID=128) to work on /home/airflow/.local/lib/python3.12/site-packages/airflow/example_dags/example_datasets.py
[2025-03-12T16:46:59.590+0000] {processor.py:914} INFO - Processing file /home/airflow/.local/lib/python3.12/site-packages/airflow/example_dags/example_datasets.py for tasks to queue
[2025-03-12T16:46:59.592+0000] {logging_mixin.py:190} INFO - [2025-03-12T16:46:59.592+0000] {dagbag.py:588} INFO - Filling up the DagBag from /home/airflow/.local/lib/python3.12/site-packages/airflow/example_dags/example_datasets.py
[2025-03-12T16:46:59.693+0000] {processor.py:925} INFO - DAG(s) 'conditional_dataset_and_time_based_timetable', 'consume_1_and_2_with_dataset_expressions', 'dataset_consumes_unknown_never_scheduled', 'consume_1_or_2_with_dataset_expressions', 'dataset_consumes_1_never_scheduled', 'dataset_consumes_1', 'consume_1_or_both_2_and_3_with_dataset_expressions', 'dataset_produces_2', 'dataset_consumes_1_and_2', 'dataset_produces_1' retrieved from /home/airflow/.local/lib/python3.12/site-packages/airflow/example_dags/example_datasets.py
[2025-03-12T16:46:59.722+0000] {logging_mixin.py:190} INFO - [2025-03-12T16:46:59.722+0000] {dag.py:3239} INFO - Sync 10 DAGs
[2025-03-12T16:46:59.741+0000] {logging_mixin.py:190} INFO - [2025-03-12T16:46:59.741+0000] {dag.py:4180} INFO - Setting next_dagrun for conditional_dataset_and_time_based_timetable to 2025-03-12 01:00:00+00:00, run_after=2025-03-12 01:00:00+00:00
[2025-03-12T16:46:59.743+0000] {logging_mixin.py:190} INFO - [2025-03-12T16:46:59.743+0000] {dag.py:4180} INFO - Setting next_dagrun for consume_1_and_2_with_dataset_expressions to None, run_after=None
[2025-03-12T16:46:59.744+0000] {logging_mixin.py:190} INFO - [2025-03-12T16:46:59.744+0000] {dag.py:4180} INFO - Setting next_dagrun for consume_1_or_2_with_dataset_expressions to None, run_after=None
[2025-03-12T16:46:59.745+0000] {logging_mixin.py:190} INFO - [2025-03-12T16:46:59.745+0000] {dag.py:4180} INFO - Setting next_dagrun for consume_1_or_both_2_and_3_with_dataset_expressions to None, run_after=None
[2025-03-12T16:46:59.745+0000] {logging_mixin.py:190} INFO - [2025-03-12T16:46:59.745+0000] {dag.py:4180} INFO - Setting next_dagrun for dataset_consumes_1 to None, run_after=None
[2025-03-12T16:46:59.746+0000] {logging_mixin.py:190} INFO - [2025-03-12T16:46:59.746+0000] {dag.py:4180} INFO - Setting next_dagrun for dataset_consumes_1_and_2 to None, run_after=None
[2025-03-12T16:46:59.747+0000] {logging_mixin.py:190} INFO - [2025-03-12T16:46:59.747+0000] {dag.py:4180} INFO - Setting next_dagrun for dataset_consumes_1_never_scheduled to None, run_after=None
[2025-03-12T16:46:59.747+0000] {logging_mixin.py:190} INFO - [2025-03-12T16:46:59.747+0000] {dag.py:4180} INFO - Setting next_dagrun for dataset_consumes_unknown_never_scheduled to None, run_after=None
[2025-03-12T16:46:59.748+0000] {logging_mixin.py:190} INFO - [2025-03-12T16:46:59.748+0000] {dag.py:4180} INFO - Setting next_dagrun for dataset_produces_1 to 2025-03-11 00:00:00+00:00, run_after=2025-03-12 00:00:00+00:00
[2025-03-12T16:46:59.749+0000] {logging_mixin.py:190} INFO - [2025-03-12T16:46:59.749+0000] {dag.py:4180} INFO - Setting next_dagrun for dataset_produces_2 to None, run_after=None
[2025-03-12T16:46:59.769+0000] {processor.py:208} INFO - Processing /home/airflow/.local/lib/python3.12/site-packages/airflow/example_dags/example_datasets.py took 0.188 seconds
