[2025-03-12T16:37:48.873+0000] {processor.py:186} INFO - Started process (PID=69) to work on /home/airflow/.local/lib/python3.12/site-packages/airflow/example_dags/example_xcomargs.py
[2025-03-12T16:37:48.874+0000] {processor.py:914} INFO - Processing file /home/airflow/.local/lib/python3.12/site-packages/airflow/example_dags/example_xcomargs.py for tasks to queue
[2025-03-12T16:37:48.875+0000] {logging_mixin.py:190} INFO - [2025-03-12T16:37:48.875+0000] {dagbag.py:588} INFO - Filling up the DagBag from /home/airflow/.local/lib/python3.12/site-packages/airflow/example_dags/example_xcomargs.py
[2025-03-12T16:37:48.882+0000] {processor.py:925} INFO - DAG(s) 'example_xcom_args', 'example_xcom_args_with_operators' retrieved from /home/airflow/.local/lib/python3.12/site-packages/airflow/example_dags/example_xcomargs.py
[2025-03-12T16:37:48.906+0000] {logging_mixin.py:190} INFO - [2025-03-12T16:37:48.906+0000] {dag.py:3239} INFO - Sync 2 DAGs
[2025-03-12T16:37:48.916+0000] {logging_mixin.py:190} INFO - [2025-03-12T16:37:48.916+0000] {dag.py:4180} INFO - Setting next_dagrun for example_xcom_args to None, run_after=None
[2025-03-12T16:37:48.921+0000] {logging_mixin.py:190} INFO - [2025-03-12T16:37:48.921+0000] {dag.py:4180} INFO - Setting next_dagrun for example_xcom_args_with_operators to None, run_after=None
[2025-03-12T16:37:48.933+0000] {processor.py:208} INFO - Processing /home/airflow/.local/lib/python3.12/site-packages/airflow/example_dags/example_xcomargs.py took 0.063 seconds
[2025-03-12T16:38:19.673+0000] {processor.py:186} INFO - Started process (PID=137) to work on /home/airflow/.local/lib/python3.12/site-packages/airflow/example_dags/example_xcomargs.py
[2025-03-12T16:38:19.674+0000] {processor.py:914} INFO - Processing file /home/airflow/.local/lib/python3.12/site-packages/airflow/example_dags/example_xcomargs.py for tasks to queue
[2025-03-12T16:38:19.675+0000] {logging_mixin.py:190} INFO - [2025-03-12T16:38:19.675+0000] {dagbag.py:588} INFO - Filling up the DagBag from /home/airflow/.local/lib/python3.12/site-packages/airflow/example_dags/example_xcomargs.py
[2025-03-12T16:38:19.680+0000] {processor.py:925} INFO - DAG(s) 'example_xcom_args_with_operators', 'example_xcom_args' retrieved from /home/airflow/.local/lib/python3.12/site-packages/airflow/example_dags/example_xcomargs.py
[2025-03-12T16:38:19.697+0000] {logging_mixin.py:190} INFO - [2025-03-12T16:38:19.697+0000] {dag.py:3239} INFO - Sync 2 DAGs
[2025-03-12T16:38:19.704+0000] {logging_mixin.py:190} INFO - [2025-03-12T16:38:19.704+0000] {dag.py:4180} INFO - Setting next_dagrun for example_xcom_args to None, run_after=None
[2025-03-12T16:38:19.707+0000] {logging_mixin.py:190} INFO - [2025-03-12T16:38:19.707+0000] {dag.py:4180} INFO - Setting next_dagrun for example_xcom_args_with_operators to None, run_after=None
[2025-03-12T16:38:19.719+0000] {processor.py:208} INFO - Processing /home/airflow/.local/lib/python3.12/site-packages/airflow/example_dags/example_xcomargs.py took 0.049 seconds
[2025-03-12T16:38:50.098+0000] {processor.py:186} INFO - Started process (PID=199) to work on /home/airflow/.local/lib/python3.12/site-packages/airflow/example_dags/example_xcomargs.py
[2025-03-12T16:38:50.099+0000] {processor.py:914} INFO - Processing file /home/airflow/.local/lib/python3.12/site-packages/airflow/example_dags/example_xcomargs.py for tasks to queue
[2025-03-12T16:38:50.100+0000] {logging_mixin.py:190} INFO - [2025-03-12T16:38:50.100+0000] {dagbag.py:588} INFO - Filling up the DagBag from /home/airflow/.local/lib/python3.12/site-packages/airflow/example_dags/example_xcomargs.py
[2025-03-12T16:38:50.108+0000] {processor.py:925} INFO - DAG(s) 'example_xcom_args', 'example_xcom_args_with_operators' retrieved from /home/airflow/.local/lib/python3.12/site-packages/airflow/example_dags/example_xcomargs.py
[2025-03-12T16:38:50.126+0000] {logging_mixin.py:190} INFO - [2025-03-12T16:38:50.125+0000] {dag.py:3239} INFO - Sync 2 DAGs
[2025-03-12T16:38:50.134+0000] {logging_mixin.py:190} INFO - [2025-03-12T16:38:50.134+0000] {dag.py:4180} INFO - Setting next_dagrun for example_xcom_args to None, run_after=None
[2025-03-12T16:38:50.137+0000] {logging_mixin.py:190} INFO - [2025-03-12T16:38:50.136+0000] {dag.py:4180} INFO - Setting next_dagrun for example_xcom_args_with_operators to None, run_after=None
[2025-03-12T16:38:50.147+0000] {processor.py:208} INFO - Processing /home/airflow/.local/lib/python3.12/site-packages/airflow/example_dags/example_xcomargs.py took 0.053 seconds
[2025-03-12T16:46:28.673+0000] {processor.py:186} INFO - Started process (PID=68) to work on /home/airflow/.local/lib/python3.12/site-packages/airflow/example_dags/example_xcomargs.py
[2025-03-12T16:46:28.674+0000] {processor.py:914} INFO - Processing file /home/airflow/.local/lib/python3.12/site-packages/airflow/example_dags/example_xcomargs.py for tasks to queue
[2025-03-12T16:46:28.675+0000] {logging_mixin.py:190} INFO - [2025-03-12T16:46:28.675+0000] {dagbag.py:588} INFO - Filling up the DagBag from /home/airflow/.local/lib/python3.12/site-packages/airflow/example_dags/example_xcomargs.py
[2025-03-12T16:46:28.683+0000] {processor.py:925} INFO - DAG(s) 'example_xcom_args_with_operators', 'example_xcom_args' retrieved from /home/airflow/.local/lib/python3.12/site-packages/airflow/example_dags/example_xcomargs.py
[2025-03-12T16:46:28.724+0000] {logging_mixin.py:190} INFO - [2025-03-12T16:46:28.724+0000] {dag.py:3239} INFO - Sync 2 DAGs
[2025-03-12T16:46:28.737+0000] {logging_mixin.py:190} INFO - [2025-03-12T16:46:28.737+0000] {dag.py:4180} INFO - Setting next_dagrun for example_xcom_args to None, run_after=None
[2025-03-12T16:46:28.742+0000] {logging_mixin.py:190} INFO - [2025-03-12T16:46:28.741+0000] {dag.py:4180} INFO - Setting next_dagrun for example_xcom_args_with_operators to None, run_after=None
[2025-03-12T16:46:28.760+0000] {processor.py:208} INFO - Processing /home/airflow/.local/lib/python3.12/site-packages/airflow/example_dags/example_xcomargs.py took 0.091 seconds
[2025-03-12T16:46:59.727+0000] {processor.py:186} INFO - Started process (PID=130) to work on /home/airflow/.local/lib/python3.12/site-packages/airflow/example_dags/example_xcomargs.py
[2025-03-12T16:46:59.728+0000] {processor.py:914} INFO - Processing file /home/airflow/.local/lib/python3.12/site-packages/airflow/example_dags/example_xcomargs.py for tasks to queue
[2025-03-12T16:46:59.730+0000] {logging_mixin.py:190} INFO - [2025-03-12T16:46:59.730+0000] {dagbag.py:588} INFO - Filling up the DagBag from /home/airflow/.local/lib/python3.12/site-packages/airflow/example_dags/example_xcomargs.py
[2025-03-12T16:46:59.738+0000] {processor.py:925} INFO - DAG(s) 'example_xcom_args', 'example_xcom_args_with_operators' retrieved from /home/airflow/.local/lib/python3.12/site-packages/airflow/example_dags/example_xcomargs.py
[2025-03-12T16:46:59.752+0000] {logging_mixin.py:190} INFO - [2025-03-12T16:46:59.752+0000] {dag.py:3239} INFO - Sync 2 DAGs
[2025-03-12T16:46:59.763+0000] {logging_mixin.py:190} INFO - [2025-03-12T16:46:59.763+0000] {dag.py:4180} INFO - Setting next_dagrun for example_xcom_args to None, run_after=None
[2025-03-12T16:46:59.766+0000] {logging_mixin.py:190} INFO - [2025-03-12T16:46:59.766+0000] {dag.py:4180} INFO - Setting next_dagrun for example_xcom_args_with_operators to None, run_after=None
[2025-03-12T16:46:59.777+0000] {processor.py:208} INFO - Processing /home/airflow/.local/lib/python3.12/site-packages/airflow/example_dags/example_xcomargs.py took 0.054 seconds
