[2025-05-16T20:19:10.931+0000] {processor.py:186} INFO - Started process (PID=93) to work on /home/airflow/.local/lib/python3.12/site-packages/airflow/example_dags/example_subdag_operator.py
[2025-05-16T20:19:10.933+0000] {processor.py:914} INFO - Processing file /home/airflow/.local/lib/python3.12/site-packages/airflow/example_dags/example_subdag_operator.py for tasks to queue
[2025-05-16T20:19:10.948+0000] {logging_mixin.py:190} INFO - [2025-05-16T20:19:10.944+0000] {dagbag.py:588} INFO - Filling up the DagBag from /home/airflow/.local/lib/python3.12/site-packages/airflow/example_dags/example_subdag_operator.py
[2025-05-16T20:19:10.991+0000] {processor.py:925} INFO - DAG(s) 'example_subdag_operator.section-1', 'example_subdag_operator.section-2', 'example_subdag_operator' retrieved from /home/airflow/.local/lib/python3.12/site-packages/airflow/example_dags/example_subdag_operator.py
[2025-05-16T20:19:11.005+0000] {logging_mixin.py:190} INFO - [2025-05-16T20:19:11.005+0000] {dag.py:3239} INFO - Sync 3 DAGs
[2025-05-16T20:19:11.027+0000] {logging_mixin.py:190} INFO - [2025-05-16T20:19:11.027+0000] {dag.py:4180} INFO - Setting next_dagrun for example_subdag_operator to 2022-01-01 00:00:00+00:00, run_after=2022-01-01 00:00:00+00:00
[2025-05-16T20:19:11.034+0000] {logging_mixin.py:190} INFO - [2025-05-16T20:19:11.034+0000] {dag.py:4180} INFO - Setting next_dagrun for example_subdag_operator.section-1 to None, run_after=None
[2025-05-16T20:19:11.036+0000] {logging_mixin.py:190} INFO - [2025-05-16T20:19:11.036+0000] {dag.py:4180} INFO - Setting next_dagrun for example_subdag_operator.section-2 to None, run_after=None
[2025-05-16T20:19:11.041+0000] {logging_mixin.py:190} INFO - [2025-05-16T20:19:11.041+0000] {dag.py:3239} INFO - Sync 2 DAGs
[2025-05-16T20:19:11.049+0000] {logging_mixin.py:190} INFO - [2025-05-16T20:19:11.049+0000] {dag.py:4180} INFO - Setting next_dagrun for example_subdag_operator.section-1 to None, run_after=None
[2025-05-16T20:19:11.050+0000] {logging_mixin.py:190} INFO - [2025-05-16T20:19:11.049+0000] {dag.py:4180} INFO - Setting next_dagrun for example_subdag_operator.section-2 to None, run_after=None
[2025-05-16T20:19:11.067+0000] {processor.py:208} INFO - Processing /home/airflow/.local/lib/python3.12/site-packages/airflow/example_dags/example_subdag_operator.py took 0.145 seconds
[2025-05-16T20:19:42.245+0000] {processor.py:186} INFO - Started process (PID=155) to work on /home/airflow/.local/lib/python3.12/site-packages/airflow/example_dags/example_subdag_operator.py
[2025-05-16T20:19:42.247+0000] {processor.py:914} INFO - Processing file /home/airflow/.local/lib/python3.12/site-packages/airflow/example_dags/example_subdag_operator.py for tasks to queue
[2025-05-16T20:19:42.248+0000] {logging_mixin.py:190} INFO - [2025-05-16T20:19:42.248+0000] {dagbag.py:588} INFO - Filling up the DagBag from /home/airflow/.local/lib/python3.12/site-packages/airflow/example_dags/example_subdag_operator.py
[2025-05-16T20:19:42.288+0000] {processor.py:925} INFO - DAG(s) 'example_subdag_operator.section-1', 'example_subdag_operator.section-2', 'example_subdag_operator' retrieved from /home/airflow/.local/lib/python3.12/site-packages/airflow/example_dags/example_subdag_operator.py
[2025-05-16T20:19:42.307+0000] {logging_mixin.py:190} INFO - [2025-05-16T20:19:42.307+0000] {dag.py:3239} INFO - Sync 3 DAGs
[2025-05-16T20:19:42.334+0000] {logging_mixin.py:190} INFO - [2025-05-16T20:19:42.334+0000] {dag.py:4180} INFO - Setting next_dagrun for example_subdag_operator to 2022-01-01 00:00:00+00:00, run_after=2022-01-01 00:00:00+00:00
[2025-05-16T20:19:42.338+0000] {logging_mixin.py:190} INFO - [2025-05-16T20:19:42.338+0000] {dag.py:4180} INFO - Setting next_dagrun for example_subdag_operator.section-1 to None, run_after=None
[2025-05-16T20:19:42.341+0000] {logging_mixin.py:190} INFO - [2025-05-16T20:19:42.341+0000] {dag.py:4180} INFO - Setting next_dagrun for example_subdag_operator.section-2 to None, run_after=None
[2025-05-16T20:19:42.351+0000] {logging_mixin.py:190} INFO - [2025-05-16T20:19:42.350+0000] {dag.py:3239} INFO - Sync 2 DAGs
[2025-05-16T20:19:42.358+0000] {logging_mixin.py:190} INFO - [2025-05-16T20:19:42.358+0000] {dag.py:4180} INFO - Setting next_dagrun for example_subdag_operator.section-1 to None, run_after=None
[2025-05-16T20:19:42.358+0000] {logging_mixin.py:190} INFO - [2025-05-16T20:19:42.358+0000] {dag.py:4180} INFO - Setting next_dagrun for example_subdag_operator.section-2 to None, run_after=None
[2025-05-16T20:19:42.371+0000] {processor.py:208} INFO - Processing /home/airflow/.local/lib/python3.12/site-packages/airflow/example_dags/example_subdag_operator.py took 0.133 seconds
[2025-05-16T20:20:12.926+0000] {processor.py:186} INFO - Started process (PID=217) to work on /home/airflow/.local/lib/python3.12/site-packages/airflow/example_dags/example_subdag_operator.py
[2025-05-16T20:20:12.929+0000] {processor.py:914} INFO - Processing file /home/airflow/.local/lib/python3.12/site-packages/airflow/example_dags/example_subdag_operator.py for tasks to queue
[2025-05-16T20:20:12.938+0000] {logging_mixin.py:190} INFO - [2025-05-16T20:20:12.937+0000] {dagbag.py:588} INFO - Filling up the DagBag from /home/airflow/.local/lib/python3.12/site-packages/airflow/example_dags/example_subdag_operator.py
[2025-05-16T20:20:12.962+0000] {processor.py:925} INFO - DAG(s) 'example_subdag_operator.section-1', 'example_subdag_operator.section-2', 'example_subdag_operator' retrieved from /home/airflow/.local/lib/python3.12/site-packages/airflow/example_dags/example_subdag_operator.py
[2025-05-16T20:20:12.977+0000] {logging_mixin.py:190} INFO - [2025-05-16T20:20:12.977+0000] {dag.py:3239} INFO - Sync 3 DAGs
[2025-05-16T20:20:12.997+0000] {logging_mixin.py:190} INFO - [2025-05-16T20:20:12.997+0000] {dag.py:4180} INFO - Setting next_dagrun for example_subdag_operator to 2022-01-01 00:00:00+00:00, run_after=2022-01-01 00:00:00+00:00
[2025-05-16T20:20:13.003+0000] {logging_mixin.py:190} INFO - [2025-05-16T20:20:13.003+0000] {dag.py:4180} INFO - Setting next_dagrun for example_subdag_operator.section-1 to None, run_after=None
[2025-05-16T20:20:13.009+0000] {logging_mixin.py:190} INFO - [2025-05-16T20:20:13.009+0000] {dag.py:4180} INFO - Setting next_dagrun for example_subdag_operator.section-2 to None, run_after=None
[2025-05-16T20:20:13.020+0000] {logging_mixin.py:190} INFO - [2025-05-16T20:20:13.020+0000] {dag.py:3239} INFO - Sync 2 DAGs
[2025-05-16T20:20:13.030+0000] {logging_mixin.py:190} INFO - [2025-05-16T20:20:13.030+0000] {dag.py:4180} INFO - Setting next_dagrun for example_subdag_operator.section-1 to None, run_after=None
[2025-05-16T20:20:13.031+0000] {logging_mixin.py:190} INFO - [2025-05-16T20:20:13.031+0000] {dag.py:4180} INFO - Setting next_dagrun for example_subdag_operator.section-2 to None, run_after=None
[2025-05-16T20:20:13.045+0000] {processor.py:208} INFO - Processing /home/airflow/.local/lib/python3.12/site-packages/airflow/example_dags/example_subdag_operator.py took 0.123 seconds
[2025-05-16T20:20:43.981+0000] {processor.py:186} INFO - Started process (PID=279) to work on /home/airflow/.local/lib/python3.12/site-packages/airflow/example_dags/example_subdag_operator.py
[2025-05-16T20:20:43.984+0000] {processor.py:914} INFO - Processing file /home/airflow/.local/lib/python3.12/site-packages/airflow/example_dags/example_subdag_operator.py for tasks to queue
[2025-05-16T20:20:43.986+0000] {logging_mixin.py:190} INFO - [2025-05-16T20:20:43.985+0000] {dagbag.py:588} INFO - Filling up the DagBag from /home/airflow/.local/lib/python3.12/site-packages/airflow/example_dags/example_subdag_operator.py
[2025-05-16T20:20:44.008+0000] {processor.py:925} INFO - DAG(s) 'example_subdag_operator.section-1', 'example_subdag_operator.section-2', 'example_subdag_operator' retrieved from /home/airflow/.local/lib/python3.12/site-packages/airflow/example_dags/example_subdag_operator.py
[2025-05-16T20:20:44.019+0000] {logging_mixin.py:190} INFO - [2025-05-16T20:20:44.018+0000] {dag.py:3239} INFO - Sync 3 DAGs
[2025-05-16T20:20:44.033+0000] {logging_mixin.py:190} INFO - [2025-05-16T20:20:44.033+0000] {dag.py:4180} INFO - Setting next_dagrun for example_subdag_operator to 2022-01-01 00:00:00+00:00, run_after=2022-01-01 00:00:00+00:00
[2025-05-16T20:20:44.036+0000] {logging_mixin.py:190} INFO - [2025-05-16T20:20:44.036+0000] {dag.py:4180} INFO - Setting next_dagrun for example_subdag_operator.section-1 to None, run_after=None
[2025-05-16T20:20:44.037+0000] {logging_mixin.py:190} INFO - [2025-05-16T20:20:44.037+0000] {dag.py:4180} INFO - Setting next_dagrun for example_subdag_operator.section-2 to None, run_after=None
[2025-05-16T20:20:44.044+0000] {logging_mixin.py:190} INFO - [2025-05-16T20:20:44.043+0000] {dag.py:3239} INFO - Sync 2 DAGs
[2025-05-16T20:20:44.051+0000] {logging_mixin.py:190} INFO - [2025-05-16T20:20:44.051+0000] {dag.py:4180} INFO - Setting next_dagrun for example_subdag_operator.section-1 to None, run_after=None
[2025-05-16T20:20:44.051+0000] {logging_mixin.py:190} INFO - [2025-05-16T20:20:44.051+0000] {dag.py:4180} INFO - Setting next_dagrun for example_subdag_operator.section-2 to None, run_after=None
[2025-05-16T20:20:44.063+0000] {processor.py:208} INFO - Processing /home/airflow/.local/lib/python3.12/site-packages/airflow/example_dags/example_subdag_operator.py took 0.088 seconds
[2025-05-16T20:21:14.761+0000] {processor.py:186} INFO - Started process (PID=341) to work on /home/airflow/.local/lib/python3.12/site-packages/airflow/example_dags/example_subdag_operator.py
[2025-05-16T20:21:14.762+0000] {processor.py:914} INFO - Processing file /home/airflow/.local/lib/python3.12/site-packages/airflow/example_dags/example_subdag_operator.py for tasks to queue
[2025-05-16T20:21:14.763+0000] {logging_mixin.py:190} INFO - [2025-05-16T20:21:14.763+0000] {dagbag.py:588} INFO - Filling up the DagBag from /home/airflow/.local/lib/python3.12/site-packages/airflow/example_dags/example_subdag_operator.py
[2025-05-16T20:21:14.778+0000] {processor.py:925} INFO - DAG(s) 'example_subdag_operator.section-1', 'example_subdag_operator.section-2', 'example_subdag_operator' retrieved from /home/airflow/.local/lib/python3.12/site-packages/airflow/example_dags/example_subdag_operator.py
[2025-05-16T20:21:14.786+0000] {logging_mixin.py:190} INFO - [2025-05-16T20:21:14.786+0000] {dag.py:3239} INFO - Sync 3 DAGs
[2025-05-16T20:21:14.798+0000] {logging_mixin.py:190} INFO - [2025-05-16T20:21:14.798+0000] {dag.py:4180} INFO - Setting next_dagrun for example_subdag_operator to 2022-01-01 00:00:00+00:00, run_after=2022-01-01 00:00:00+00:00
[2025-05-16T20:21:14.801+0000] {logging_mixin.py:190} INFO - [2025-05-16T20:21:14.801+0000] {dag.py:4180} INFO - Setting next_dagrun for example_subdag_operator.section-1 to None, run_after=None
[2025-05-16T20:21:14.802+0000] {logging_mixin.py:190} INFO - [2025-05-16T20:21:14.802+0000] {dag.py:4180} INFO - Setting next_dagrun for example_subdag_operator.section-2 to None, run_after=None
[2025-05-16T20:21:14.805+0000] {logging_mixin.py:190} INFO - [2025-05-16T20:21:14.805+0000] {dag.py:3239} INFO - Sync 2 DAGs
[2025-05-16T20:21:14.809+0000] {logging_mixin.py:190} INFO - [2025-05-16T20:21:14.809+0000] {dag.py:4180} INFO - Setting next_dagrun for example_subdag_operator.section-1 to None, run_after=None
[2025-05-16T20:21:14.811+0000] {logging_mixin.py:190} INFO - [2025-05-16T20:21:14.810+0000] {dag.py:4180} INFO - Setting next_dagrun for example_subdag_operator.section-2 to None, run_after=None
[2025-05-16T20:21:14.820+0000] {processor.py:208} INFO - Processing /home/airflow/.local/lib/python3.12/site-packages/airflow/example_dags/example_subdag_operator.py took 0.062 seconds
[2025-05-16T20:21:45.499+0000] {processor.py:186} INFO - Started process (PID=403) to work on /home/airflow/.local/lib/python3.12/site-packages/airflow/example_dags/example_subdag_operator.py
[2025-05-16T20:21:45.499+0000] {processor.py:914} INFO - Processing file /home/airflow/.local/lib/python3.12/site-packages/airflow/example_dags/example_subdag_operator.py for tasks to queue
[2025-05-16T20:21:45.501+0000] {logging_mixin.py:190} INFO - [2025-05-16T20:21:45.500+0000] {dagbag.py:588} INFO - Filling up the DagBag from /home/airflow/.local/lib/python3.12/site-packages/airflow/example_dags/example_subdag_operator.py
[2025-05-16T20:21:45.518+0000] {processor.py:925} INFO - DAG(s) 'example_subdag_operator.section-1', 'example_subdag_operator.section-2', 'example_subdag_operator' retrieved from /home/airflow/.local/lib/python3.12/site-packages/airflow/example_dags/example_subdag_operator.py
[2025-05-16T20:21:45.530+0000] {logging_mixin.py:190} INFO - [2025-05-16T20:21:45.530+0000] {dag.py:3239} INFO - Sync 3 DAGs
[2025-05-16T20:21:45.553+0000] {logging_mixin.py:190} INFO - [2025-05-16T20:21:45.553+0000] {dag.py:4180} INFO - Setting next_dagrun for example_subdag_operator to 2022-01-01 00:00:00+00:00, run_after=2022-01-01 00:00:00+00:00
[2025-05-16T20:21:45.557+0000] {logging_mixin.py:190} INFO - [2025-05-16T20:21:45.556+0000] {dag.py:4180} INFO - Setting next_dagrun for example_subdag_operator.section-1 to None, run_after=None
[2025-05-16T20:21:45.557+0000] {logging_mixin.py:190} INFO - [2025-05-16T20:21:45.557+0000] {dag.py:4180} INFO - Setting next_dagrun for example_subdag_operator.section-2 to None, run_after=None
[2025-05-16T20:21:45.563+0000] {logging_mixin.py:190} INFO - [2025-05-16T20:21:45.563+0000] {dag.py:3239} INFO - Sync 2 DAGs
[2025-05-16T20:21:45.567+0000] {logging_mixin.py:190} INFO - [2025-05-16T20:21:45.567+0000] {dag.py:4180} INFO - Setting next_dagrun for example_subdag_operator.section-1 to None, run_after=None
[2025-05-16T20:21:45.568+0000] {logging_mixin.py:190} INFO - [2025-05-16T20:21:45.568+0000] {dag.py:4180} INFO - Setting next_dagrun for example_subdag_operator.section-2 to None, run_after=None
[2025-05-16T20:21:45.577+0000] {processor.py:208} INFO - Processing /home/airflow/.local/lib/python3.12/site-packages/airflow/example_dags/example_subdag_operator.py took 0.084 seconds
