[2025-05-16T20:19:11.086+0000] {processor.py:186} INFO - Started process (PID=95) to work on /home/airflow/.local/lib/python3.12/site-packages/airflow/example_dags/example_bash_operator.py
[2025-05-16T20:19:11.086+0000] {processor.py:914} INFO - Processing file /home/airflow/.local/lib/python3.12/site-packages/airflow/example_dags/example_bash_operator.py for tasks to queue
[2025-05-16T20:19:11.089+0000] {logging_mixin.py:190} INFO - [2025-05-16T20:19:11.089+0000] {dagbag.py:588} INFO - Filling up the DagBag from /home/airflow/.local/lib/python3.12/site-packages/airflow/example_dags/example_bash_operator.py
[2025-05-16T20:19:11.098+0000] {processor.py:925} INFO - DAG(s) 'example_bash_operator' retrieved from /home/airflow/.local/lib/python3.12/site-packages/airflow/example_dags/example_bash_operator.py
[2025-05-16T20:19:11.114+0000] {logging_mixin.py:190} INFO - [2025-05-16T20:19:11.113+0000] {dag.py:3239} INFO - Sync 1 DAGs
[2025-05-16T20:19:11.135+0000] {logging_mixin.py:190} INFO - [2025-05-16T20:19:11.135+0000] {dag.py:4180} INFO - Setting next_dagrun for example_bash_operator to 2025-05-15 00:00:00+00:00, run_after=2025-05-16 00:00:00+00:00
[2025-05-16T20:19:11.150+0000] {processor.py:208} INFO - Processing /home/airflow/.local/lib/python3.12/site-packages/airflow/example_dags/example_bash_operator.py took 0.068 seconds
[2025-05-16T20:19:42.395+0000] {processor.py:186} INFO - Started process (PID=157) to work on /home/airflow/.local/lib/python3.12/site-packages/airflow/example_dags/example_bash_operator.py
[2025-05-16T20:19:42.396+0000] {processor.py:914} INFO - Processing file /home/airflow/.local/lib/python3.12/site-packages/airflow/example_dags/example_bash_operator.py for tasks to queue
[2025-05-16T20:19:42.398+0000] {logging_mixin.py:190} INFO - [2025-05-16T20:19:42.398+0000] {dagbag.py:588} INFO - Filling up the DagBag from /home/airflow/.local/lib/python3.12/site-packages/airflow/example_dags/example_bash_operator.py
[2025-05-16T20:19:42.412+0000] {processor.py:925} INFO - DAG(s) 'example_bash_operator' retrieved from /home/airflow/.local/lib/python3.12/site-packages/airflow/example_dags/example_bash_operator.py
[2025-05-16T20:19:42.439+0000] {logging_mixin.py:190} INFO - [2025-05-16T20:19:42.439+0000] {dag.py:3239} INFO - Sync 1 DAGs
[2025-05-16T20:19:42.466+0000] {logging_mixin.py:190} INFO - [2025-05-16T20:19:42.465+0000] {dag.py:4180} INFO - Setting next_dagrun for example_bash_operator to 2025-05-15 00:00:00+00:00, run_after=2025-05-16 00:00:00+00:00
[2025-05-16T20:19:42.497+0000] {processor.py:208} INFO - Processing /home/airflow/.local/lib/python3.12/site-packages/airflow/example_dags/example_bash_operator.py took 0.109 seconds
[2025-05-16T20:20:13.064+0000] {processor.py:186} INFO - Started process (PID=219) to work on /home/airflow/.local/lib/python3.12/site-packages/airflow/example_dags/example_bash_operator.py
[2025-05-16T20:20:13.064+0000] {processor.py:914} INFO - Processing file /home/airflow/.local/lib/python3.12/site-packages/airflow/example_dags/example_bash_operator.py for tasks to queue
[2025-05-16T20:20:13.066+0000] {logging_mixin.py:190} INFO - [2025-05-16T20:20:13.066+0000] {dagbag.py:588} INFO - Filling up the DagBag from /home/airflow/.local/lib/python3.12/site-packages/airflow/example_dags/example_bash_operator.py
[2025-05-16T20:20:13.077+0000] {processor.py:925} INFO - DAG(s) 'example_bash_operator' retrieved from /home/airflow/.local/lib/python3.12/site-packages/airflow/example_dags/example_bash_operator.py
[2025-05-16T20:20:13.095+0000] {logging_mixin.py:190} INFO - [2025-05-16T20:20:13.095+0000] {dag.py:3239} INFO - Sync 1 DAGs
[2025-05-16T20:20:13.111+0000] {logging_mixin.py:190} INFO - [2025-05-16T20:20:13.110+0000] {dag.py:4180} INFO - Setting next_dagrun for example_bash_operator to 2025-05-15 00:00:00+00:00, run_after=2025-05-16 00:00:00+00:00
[2025-05-16T20:20:13.122+0000] {processor.py:208} INFO - Processing /home/airflow/.local/lib/python3.12/site-packages/airflow/example_dags/example_bash_operator.py took 0.063 seconds
[2025-05-16T20:20:44.118+0000] {processor.py:186} INFO - Started process (PID=281) to work on /home/airflow/.local/lib/python3.12/site-packages/airflow/example_dags/example_bash_operator.py
[2025-05-16T20:20:44.122+0000] {processor.py:914} INFO - Processing file /home/airflow/.local/lib/python3.12/site-packages/airflow/example_dags/example_bash_operator.py for tasks to queue
[2025-05-16T20:20:44.123+0000] {logging_mixin.py:190} INFO - [2025-05-16T20:20:44.123+0000] {dagbag.py:588} INFO - Filling up the DagBag from /home/airflow/.local/lib/python3.12/site-packages/airflow/example_dags/example_bash_operator.py
[2025-05-16T20:20:44.129+0000] {processor.py:925} INFO - DAG(s) 'example_bash_operator' retrieved from /home/airflow/.local/lib/python3.12/site-packages/airflow/example_dags/example_bash_operator.py
[2025-05-16T20:20:44.152+0000] {logging_mixin.py:190} INFO - [2025-05-16T20:20:44.152+0000] {dag.py:3239} INFO - Sync 1 DAGs
[2025-05-16T20:20:44.166+0000] {logging_mixin.py:190} INFO - [2025-05-16T20:20:44.165+0000] {dag.py:4180} INFO - Setting next_dagrun for example_bash_operator to 2025-05-15 00:00:00+00:00, run_after=2025-05-16 00:00:00+00:00
[2025-05-16T20:20:44.188+0000] {processor.py:208} INFO - Processing /home/airflow/.local/lib/python3.12/site-packages/airflow/example_dags/example_bash_operator.py took 0.073 seconds
[2025-05-16T20:21:14.861+0000] {processor.py:186} INFO - Started process (PID=343) to work on /home/airflow/.local/lib/python3.12/site-packages/airflow/example_dags/example_bash_operator.py
[2025-05-16T20:21:14.863+0000] {processor.py:914} INFO - Processing file /home/airflow/.local/lib/python3.12/site-packages/airflow/example_dags/example_bash_operator.py for tasks to queue
[2025-05-16T20:21:14.864+0000] {logging_mixin.py:190} INFO - [2025-05-16T20:21:14.864+0000] {dagbag.py:588} INFO - Filling up the DagBag from /home/airflow/.local/lib/python3.12/site-packages/airflow/example_dags/example_bash_operator.py
[2025-05-16T20:21:14.870+0000] {processor.py:925} INFO - DAG(s) 'example_bash_operator' retrieved from /home/airflow/.local/lib/python3.12/site-packages/airflow/example_dags/example_bash_operator.py
[2025-05-16T20:21:14.882+0000] {logging_mixin.py:190} INFO - [2025-05-16T20:21:14.882+0000] {dag.py:3239} INFO - Sync 1 DAGs
[2025-05-16T20:21:14.896+0000] {logging_mixin.py:190} INFO - [2025-05-16T20:21:14.896+0000] {dag.py:4180} INFO - Setting next_dagrun for example_bash_operator to 2025-05-15 00:00:00+00:00, run_after=2025-05-16 00:00:00+00:00
[2025-05-16T20:21:14.907+0000] {processor.py:208} INFO - Processing /home/airflow/.local/lib/python3.12/site-packages/airflow/example_dags/example_bash_operator.py took 0.049 seconds
[2025-05-16T20:21:45.684+0000] {processor.py:186} INFO - Started process (PID=405) to work on /home/airflow/.local/lib/python3.12/site-packages/airflow/example_dags/example_bash_operator.py
[2025-05-16T20:21:45.686+0000] {processor.py:914} INFO - Processing file /home/airflow/.local/lib/python3.12/site-packages/airflow/example_dags/example_bash_operator.py for tasks to queue
[2025-05-16T20:21:45.688+0000] {logging_mixin.py:190} INFO - [2025-05-16T20:21:45.687+0000] {dagbag.py:588} INFO - Filling up the DagBag from /home/airflow/.local/lib/python3.12/site-packages/airflow/example_dags/example_bash_operator.py
[2025-05-16T20:21:45.698+0000] {processor.py:925} INFO - DAG(s) 'example_bash_operator' retrieved from /home/airflow/.local/lib/python3.12/site-packages/airflow/example_dags/example_bash_operator.py
[2025-05-16T20:21:45.718+0000] {logging_mixin.py:190} INFO - [2025-05-16T20:21:45.718+0000] {dag.py:3239} INFO - Sync 1 DAGs
[2025-05-16T20:21:45.735+0000] {logging_mixin.py:190} INFO - [2025-05-16T20:21:45.735+0000] {dag.py:4180} INFO - Setting next_dagrun for example_bash_operator to 2025-05-15 00:00:00+00:00, run_after=2025-05-16 00:00:00+00:00
[2025-05-16T20:21:45.748+0000] {processor.py:208} INFO - Processing /home/airflow/.local/lib/python3.12/site-packages/airflow/example_dags/example_bash_operator.py took 0.069 seconds
