[2025-05-16T20:19:07.348+0000] {processor.py:186} INFO - Started process (PID=62) to work on /home/airflow/.local/lib/python3.12/site-packages/airflow/example_dags/example_dataset_alias.py
[2025-05-16T20:19:07.351+0000] {processor.py:914} INFO - Processing file /home/airflow/.local/lib/python3.12/site-packages/airflow/example_dags/example_dataset_alias.py for tasks to queue
[2025-05-16T20:19:07.358+0000] {logging_mixin.py:190} INFO - [2025-05-16T20:19:07.357+0000] {dagbag.py:588} INFO - Filling up the DagBag from /home/airflow/.local/lib/python3.12/site-packages/airflow/example_dags/example_dataset_alias.py
[2025-05-16T20:19:07.884+0000] {processor.py:925} INFO - DAG(s) 'dataset_s3_bucket_producer', 'dataset_alias_example_alias_consumer', 'dataset_alias_example_alias_producer', 'dataset_s3_bucket_consumer' retrieved from /home/airflow/.local/lib/python3.12/site-packages/airflow/example_dags/example_dataset_alias.py
[2025-05-16T20:19:07.968+0000] {logging_mixin.py:190} INFO - [2025-05-16T20:19:07.967+0000] {dag.py:3239} INFO - Sync 4 DAGs
[2025-05-16T20:19:08.040+0000] {logging_mixin.py:190} INFO - [2025-05-16T20:19:08.039+0000] {dag.py:4180} INFO - Setting next_dagrun for dataset_alias_example_alias_consumer to None, run_after=None
[2025-05-16T20:19:08.050+0000] {logging_mixin.py:190} INFO - [2025-05-16T20:19:08.049+0000] {dag.py:4180} INFO - Setting next_dagrun for dataset_alias_example_alias_producer to None, run_after=None
[2025-05-16T20:19:08.055+0000] {logging_mixin.py:190} INFO - [2025-05-16T20:19:08.054+0000] {dag.py:4180} INFO - Setting next_dagrun for dataset_s3_bucket_consumer to None, run_after=None
[2025-05-16T20:19:08.062+0000] {logging_mixin.py:190} INFO - [2025-05-16T20:19:08.061+0000] {dag.py:4180} INFO - Setting next_dagrun for dataset_s3_bucket_producer to None, run_after=None
[2025-05-16T20:19:08.167+0000] {processor.py:208} INFO - Processing /home/airflow/.local/lib/python3.12/site-packages/airflow/example_dags/example_dataset_alias.py took 0.833 seconds
[2025-05-16T20:19:38.977+0000] {processor.py:186} INFO - Started process (PID=123) to work on /home/airflow/.local/lib/python3.12/site-packages/airflow/example_dags/example_dataset_alias.py
[2025-05-16T20:19:38.979+0000] {processor.py:914} INFO - Processing file /home/airflow/.local/lib/python3.12/site-packages/airflow/example_dags/example_dataset_alias.py for tasks to queue
[2025-05-16T20:19:38.981+0000] {logging_mixin.py:190} INFO - [2025-05-16T20:19:38.981+0000] {dagbag.py:588} INFO - Filling up the DagBag from /home/airflow/.local/lib/python3.12/site-packages/airflow/example_dags/example_dataset_alias.py
[2025-05-16T20:19:39.130+0000] {processor.py:925} INFO - DAG(s) 'dataset_alias_example_alias_producer', 'dataset_alias_example_alias_consumer', 'dataset_s3_bucket_producer', 'dataset_s3_bucket_consumer' retrieved from /home/airflow/.local/lib/python3.12/site-packages/airflow/example_dags/example_dataset_alias.py
[2025-05-16T20:19:39.153+0000] {logging_mixin.py:190} INFO - [2025-05-16T20:19:39.153+0000] {dag.py:3239} INFO - Sync 4 DAGs
[2025-05-16T20:19:39.172+0000] {logging_mixin.py:190} INFO - [2025-05-16T20:19:39.172+0000] {dag.py:4180} INFO - Setting next_dagrun for dataset_alias_example_alias_consumer to None, run_after=None
[2025-05-16T20:19:39.174+0000] {logging_mixin.py:190} INFO - [2025-05-16T20:19:39.174+0000] {dag.py:4180} INFO - Setting next_dagrun for dataset_alias_example_alias_producer to None, run_after=None
[2025-05-16T20:19:39.177+0000] {logging_mixin.py:190} INFO - [2025-05-16T20:19:39.177+0000] {dag.py:4180} INFO - Setting next_dagrun for dataset_s3_bucket_consumer to None, run_after=None
[2025-05-16T20:19:39.179+0000] {logging_mixin.py:190} INFO - [2025-05-16T20:19:39.179+0000] {dag.py:4180} INFO - Setting next_dagrun for dataset_s3_bucket_producer to None, run_after=None
[2025-05-16T20:19:39.204+0000] {processor.py:208} INFO - Processing /home/airflow/.local/lib/python3.12/site-packages/airflow/example_dags/example_dataset_alias.py took 0.236 seconds
[2025-05-16T20:20:09.225+0000] {processor.py:186} INFO - Started process (PID=185) to work on /home/airflow/.local/lib/python3.12/site-packages/airflow/example_dags/example_dataset_alias.py
[2025-05-16T20:20:09.231+0000] {processor.py:914} INFO - Processing file /home/airflow/.local/lib/python3.12/site-packages/airflow/example_dags/example_dataset_alias.py for tasks to queue
[2025-05-16T20:20:09.232+0000] {logging_mixin.py:190} INFO - [2025-05-16T20:20:09.232+0000] {dagbag.py:588} INFO - Filling up the DagBag from /home/airflow/.local/lib/python3.12/site-packages/airflow/example_dags/example_dataset_alias.py
[2025-05-16T20:20:09.342+0000] {processor.py:925} INFO - DAG(s) 'dataset_s3_bucket_consumer', 'dataset_s3_bucket_producer', 'dataset_alias_example_alias_consumer', 'dataset_alias_example_alias_producer' retrieved from /home/airflow/.local/lib/python3.12/site-packages/airflow/example_dags/example_dataset_alias.py
[2025-05-16T20:20:09.361+0000] {logging_mixin.py:190} INFO - [2025-05-16T20:20:09.361+0000] {dag.py:3239} INFO - Sync 4 DAGs
[2025-05-16T20:20:09.379+0000] {logging_mixin.py:190} INFO - [2025-05-16T20:20:09.379+0000] {dag.py:4180} INFO - Setting next_dagrun for dataset_alias_example_alias_consumer to None, run_after=None
[2025-05-16T20:20:09.383+0000] {logging_mixin.py:190} INFO - [2025-05-16T20:20:09.383+0000] {dag.py:4180} INFO - Setting next_dagrun for dataset_alias_example_alias_producer to None, run_after=None
[2025-05-16T20:20:09.385+0000] {logging_mixin.py:190} INFO - [2025-05-16T20:20:09.385+0000] {dag.py:4180} INFO - Setting next_dagrun for dataset_s3_bucket_consumer to None, run_after=None
[2025-05-16T20:20:09.386+0000] {logging_mixin.py:190} INFO - [2025-05-16T20:20:09.386+0000] {dag.py:4180} INFO - Setting next_dagrun for dataset_s3_bucket_producer to None, run_after=None
[2025-05-16T20:20:09.408+0000] {processor.py:208} INFO - Processing /home/airflow/.local/lib/python3.12/site-packages/airflow/example_dags/example_dataset_alias.py took 0.186 seconds
[2025-05-16T20:20:39.884+0000] {processor.py:186} INFO - Started process (PID=247) to work on /home/airflow/.local/lib/python3.12/site-packages/airflow/example_dags/example_dataset_alias.py
[2025-05-16T20:20:39.885+0000] {processor.py:914} INFO - Processing file /home/airflow/.local/lib/python3.12/site-packages/airflow/example_dags/example_dataset_alias.py for tasks to queue
[2025-05-16T20:20:39.888+0000] {logging_mixin.py:190} INFO - [2025-05-16T20:20:39.887+0000] {dagbag.py:588} INFO - Filling up the DagBag from /home/airflow/.local/lib/python3.12/site-packages/airflow/example_dags/example_dataset_alias.py
[2025-05-16T20:20:39.998+0000] {processor.py:925} INFO - DAG(s) 'dataset_s3_bucket_consumer', 'dataset_alias_example_alias_consumer', 'dataset_alias_example_alias_producer', 'dataset_s3_bucket_producer' retrieved from /home/airflow/.local/lib/python3.12/site-packages/airflow/example_dags/example_dataset_alias.py
[2025-05-16T20:20:40.014+0000] {logging_mixin.py:190} INFO - [2025-05-16T20:20:40.014+0000] {dag.py:3239} INFO - Sync 4 DAGs
[2025-05-16T20:20:40.028+0000] {logging_mixin.py:190} INFO - [2025-05-16T20:20:40.028+0000] {dag.py:4180} INFO - Setting next_dagrun for dataset_alias_example_alias_consumer to None, run_after=None
[2025-05-16T20:20:40.030+0000] {logging_mixin.py:190} INFO - [2025-05-16T20:20:40.030+0000] {dag.py:4180} INFO - Setting next_dagrun for dataset_alias_example_alias_producer to None, run_after=None
[2025-05-16T20:20:40.030+0000] {logging_mixin.py:190} INFO - [2025-05-16T20:20:40.030+0000] {dag.py:4180} INFO - Setting next_dagrun for dataset_s3_bucket_consumer to None, run_after=None
[2025-05-16T20:20:40.031+0000] {logging_mixin.py:190} INFO - [2025-05-16T20:20:40.031+0000] {dag.py:4180} INFO - Setting next_dagrun for dataset_s3_bucket_producer to None, run_after=None
[2025-05-16T20:20:40.045+0000] {processor.py:208} INFO - Processing /home/airflow/.local/lib/python3.12/site-packages/airflow/example_dags/example_dataset_alias.py took 0.168 seconds
[2025-05-16T20:21:10.643+0000] {processor.py:186} INFO - Started process (PID=315) to work on /home/airflow/.local/lib/python3.12/site-packages/airflow/example_dags/example_dataset_alias.py
[2025-05-16T20:21:10.644+0000] {processor.py:914} INFO - Processing file /home/airflow/.local/lib/python3.12/site-packages/airflow/example_dags/example_dataset_alias.py for tasks to queue
[2025-05-16T20:21:10.645+0000] {logging_mixin.py:190} INFO - [2025-05-16T20:21:10.645+0000] {dagbag.py:588} INFO - Filling up the DagBag from /home/airflow/.local/lib/python3.12/site-packages/airflow/example_dags/example_dataset_alias.py
[2025-05-16T20:21:10.740+0000] {processor.py:925} INFO - DAG(s) 'dataset_alias_example_alias_consumer', 'dataset_s3_bucket_consumer', 'dataset_s3_bucket_producer', 'dataset_alias_example_alias_producer' retrieved from /home/airflow/.local/lib/python3.12/site-packages/airflow/example_dags/example_dataset_alias.py
[2025-05-16T20:21:10.756+0000] {logging_mixin.py:190} INFO - [2025-05-16T20:21:10.756+0000] {dag.py:3239} INFO - Sync 4 DAGs
[2025-05-16T20:21:10.770+0000] {logging_mixin.py:190} INFO - [2025-05-16T20:21:10.770+0000] {dag.py:4180} INFO - Setting next_dagrun for dataset_alias_example_alias_consumer to None, run_after=None
[2025-05-16T20:21:10.774+0000] {logging_mixin.py:190} INFO - [2025-05-16T20:21:10.774+0000] {dag.py:4180} INFO - Setting next_dagrun for dataset_alias_example_alias_producer to None, run_after=None
[2025-05-16T20:21:10.776+0000] {logging_mixin.py:190} INFO - [2025-05-16T20:21:10.776+0000] {dag.py:4180} INFO - Setting next_dagrun for dataset_s3_bucket_consumer to None, run_after=None
[2025-05-16T20:21:10.777+0000] {logging_mixin.py:190} INFO - [2025-05-16T20:21:10.777+0000] {dag.py:4180} INFO - Setting next_dagrun for dataset_s3_bucket_producer to None, run_after=None
[2025-05-16T20:21:10.797+0000] {processor.py:208} INFO - Processing /home/airflow/.local/lib/python3.12/site-packages/airflow/example_dags/example_dataset_alias.py took 0.166 seconds
[2025-05-16T20:21:41.214+0000] {processor.py:186} INFO - Started process (PID=377) to work on /home/airflow/.local/lib/python3.12/site-packages/airflow/example_dags/example_dataset_alias.py
[2025-05-16T20:21:41.218+0000] {processor.py:914} INFO - Processing file /home/airflow/.local/lib/python3.12/site-packages/airflow/example_dags/example_dataset_alias.py for tasks to queue
[2025-05-16T20:21:41.219+0000] {logging_mixin.py:190} INFO - [2025-05-16T20:21:41.219+0000] {dagbag.py:588} INFO - Filling up the DagBag from /home/airflow/.local/lib/python3.12/site-packages/airflow/example_dags/example_dataset_alias.py
[2025-05-16T20:21:41.330+0000] {processor.py:925} INFO - DAG(s) 'dataset_alias_example_alias_producer', 'dataset_alias_example_alias_consumer', 'dataset_s3_bucket_producer', 'dataset_s3_bucket_consumer' retrieved from /home/airflow/.local/lib/python3.12/site-packages/airflow/example_dags/example_dataset_alias.py
[2025-05-16T20:21:41.344+0000] {logging_mixin.py:190} INFO - [2025-05-16T20:21:41.344+0000] {dag.py:3239} INFO - Sync 4 DAGs
[2025-05-16T20:21:41.356+0000] {logging_mixin.py:190} INFO - [2025-05-16T20:21:41.356+0000] {dag.py:4180} INFO - Setting next_dagrun for dataset_alias_example_alias_consumer to None, run_after=None
[2025-05-16T20:21:41.360+0000] {logging_mixin.py:190} INFO - [2025-05-16T20:21:41.359+0000] {dag.py:4180} INFO - Setting next_dagrun for dataset_alias_example_alias_producer to None, run_after=None
[2025-05-16T20:21:41.360+0000] {logging_mixin.py:190} INFO - [2025-05-16T20:21:41.360+0000] {dag.py:4180} INFO - Setting next_dagrun for dataset_s3_bucket_consumer to None, run_after=None
[2025-05-16T20:21:41.361+0000] {logging_mixin.py:190} INFO - [2025-05-16T20:21:41.361+0000] {dag.py:4180} INFO - Setting next_dagrun for dataset_s3_bucket_producer to None, run_after=None
[2025-05-16T20:21:41.379+0000] {processor.py:208} INFO - Processing /home/airflow/.local/lib/python3.12/site-packages/airflow/example_dags/example_dataset_alias.py took 0.170 seconds
