[2025-05-16T20:19:11.115+0000] {processor.py:186} INFO - Started process (PID=96) to work on /home/airflow/.local/lib/python3.12/site-packages/airflow/example_dags/example_python_operator.py
[2025-05-16T20:19:11.118+0000] {processor.py:914} INFO - Processing file /home/airflow/.local/lib/python3.12/site-packages/airflow/example_dags/example_python_operator.py for tasks to queue
[2025-05-16T20:19:11.122+0000] {logging_mixin.py:190} INFO - [2025-05-16T20:19:11.122+0000] {dagbag.py:588} INFO - Filling up the DagBag from /home/airflow/.local/lib/python3.12/site-packages/airflow/example_dags/example_python_operator.py
[2025-05-16T20:19:11.135+0000] {processor.py:925} INFO - DAG(s) 'example_python_operator' retrieved from /home/airflow/.local/lib/python3.12/site-packages/airflow/example_dags/example_python_operator.py
[2025-05-16T20:19:11.229+0000] {logging_mixin.py:190} INFO - [2025-05-16T20:19:11.229+0000] {dag.py:3239} INFO - Sync 1 DAGs
[2025-05-16T20:19:11.244+0000] {logging_mixin.py:190} INFO - [2025-05-16T20:19:11.243+0000] {dag.py:4180} INFO - Setting next_dagrun for example_python_operator to None, run_after=None
[2025-05-16T20:19:11.259+0000] {processor.py:208} INFO - Processing /home/airflow/.local/lib/python3.12/site-packages/airflow/example_dags/example_python_operator.py took 0.149 seconds
[2025-05-16T20:19:42.446+0000] {processor.py:186} INFO - Started process (PID=158) to work on /home/airflow/.local/lib/python3.12/site-packages/airflow/example_dags/example_python_operator.py
[2025-05-16T20:19:42.448+0000] {processor.py:914} INFO - Processing file /home/airflow/.local/lib/python3.12/site-packages/airflow/example_dags/example_python_operator.py for tasks to queue
[2025-05-16T20:19:42.450+0000] {logging_mixin.py:190} INFO - [2025-05-16T20:19:42.450+0000] {dagbag.py:588} INFO - Filling up the DagBag from /home/airflow/.local/lib/python3.12/site-packages/airflow/example_dags/example_python_operator.py
[2025-05-16T20:19:42.470+0000] {processor.py:925} INFO - DAG(s) 'example_python_operator' retrieved from /home/airflow/.local/lib/python3.12/site-packages/airflow/example_dags/example_python_operator.py
[2025-05-16T20:19:42.503+0000] {logging_mixin.py:190} INFO - [2025-05-16T20:19:42.502+0000] {dag.py:3239} INFO - Sync 1 DAGs
[2025-05-16T20:19:42.517+0000] {logging_mixin.py:190} INFO - [2025-05-16T20:19:42.517+0000] {dag.py:4180} INFO - Setting next_dagrun for example_python_operator to None, run_after=None
[2025-05-16T20:19:42.537+0000] {processor.py:208} INFO - Processing /home/airflow/.local/lib/python3.12/site-packages/airflow/example_dags/example_python_operator.py took 0.096 seconds
[2025-05-16T20:20:13.142+0000] {processor.py:186} INFO - Started process (PID=220) to work on /home/airflow/.local/lib/python3.12/site-packages/airflow/example_dags/example_python_operator.py
[2025-05-16T20:20:13.146+0000] {processor.py:914} INFO - Processing file /home/airflow/.local/lib/python3.12/site-packages/airflow/example_dags/example_python_operator.py for tasks to queue
[2025-05-16T20:20:13.148+0000] {logging_mixin.py:190} INFO - [2025-05-16T20:20:13.148+0000] {dagbag.py:588} INFO - Filling up the DagBag from /home/airflow/.local/lib/python3.12/site-packages/airflow/example_dags/example_python_operator.py
[2025-05-16T20:20:13.163+0000] {processor.py:925} INFO - DAG(s) 'example_python_operator' retrieved from /home/airflow/.local/lib/python3.12/site-packages/airflow/example_dags/example_python_operator.py
[2025-05-16T20:20:13.189+0000] {logging_mixin.py:190} INFO - [2025-05-16T20:20:13.189+0000] {dag.py:3239} INFO - Sync 1 DAGs
[2025-05-16T20:20:13.206+0000] {logging_mixin.py:190} INFO - [2025-05-16T20:20:13.204+0000] {dag.py:4180} INFO - Setting next_dagrun for example_python_operator to None, run_after=None
[2025-05-16T20:20:13.323+0000] {processor.py:208} INFO - Processing /home/airflow/.local/lib/python3.12/site-packages/airflow/example_dags/example_python_operator.py took 0.187 seconds
[2025-05-16T20:20:44.170+0000] {processor.py:186} INFO - Started process (PID=282) to work on /home/airflow/.local/lib/python3.12/site-packages/airflow/example_dags/example_python_operator.py
[2025-05-16T20:20:44.171+0000] {processor.py:914} INFO - Processing file /home/airflow/.local/lib/python3.12/site-packages/airflow/example_dags/example_python_operator.py for tasks to queue
[2025-05-16T20:20:44.174+0000] {logging_mixin.py:190} INFO - [2025-05-16T20:20:44.174+0000] {dagbag.py:588} INFO - Filling up the DagBag from /home/airflow/.local/lib/python3.12/site-packages/airflow/example_dags/example_python_operator.py
[2025-05-16T20:20:44.184+0000] {processor.py:925} INFO - DAG(s) 'example_python_operator' retrieved from /home/airflow/.local/lib/python3.12/site-packages/airflow/example_dags/example_python_operator.py
[2025-05-16T20:20:44.202+0000] {logging_mixin.py:190} INFO - [2025-05-16T20:20:44.201+0000] {dag.py:3239} INFO - Sync 1 DAGs
[2025-05-16T20:20:44.212+0000] {logging_mixin.py:190} INFO - [2025-05-16T20:20:44.212+0000] {dag.py:4180} INFO - Setting next_dagrun for example_python_operator to None, run_after=None
[2025-05-16T20:20:44.221+0000] {processor.py:208} INFO - Processing /home/airflow/.local/lib/python3.12/site-packages/airflow/example_dags/example_python_operator.py took 0.055 seconds
[2025-05-16T20:21:14.893+0000] {processor.py:186} INFO - Started process (PID=344) to work on /home/airflow/.local/lib/python3.12/site-packages/airflow/example_dags/example_python_operator.py
[2025-05-16T20:21:14.894+0000] {processor.py:914} INFO - Processing file /home/airflow/.local/lib/python3.12/site-packages/airflow/example_dags/example_python_operator.py for tasks to queue
[2025-05-16T20:21:14.896+0000] {logging_mixin.py:190} INFO - [2025-05-16T20:21:14.896+0000] {dagbag.py:588} INFO - Filling up the DagBag from /home/airflow/.local/lib/python3.12/site-packages/airflow/example_dags/example_python_operator.py
[2025-05-16T20:21:14.905+0000] {processor.py:925} INFO - DAG(s) 'example_python_operator' retrieved from /home/airflow/.local/lib/python3.12/site-packages/airflow/example_dags/example_python_operator.py
[2025-05-16T20:21:14.918+0000] {logging_mixin.py:190} INFO - [2025-05-16T20:21:14.918+0000] {dag.py:3239} INFO - Sync 1 DAGs
[2025-05-16T20:21:14.926+0000] {logging_mixin.py:190} INFO - [2025-05-16T20:21:14.926+0000] {dag.py:4180} INFO - Setting next_dagrun for example_python_operator to None, run_after=None
[2025-05-16T20:21:14.941+0000] {processor.py:208} INFO - Processing /home/airflow/.local/lib/python3.12/site-packages/airflow/example_dags/example_python_operator.py took 0.051 seconds
[2025-05-16T20:21:45.688+0000] {processor.py:186} INFO - Started process (PID=406) to work on /home/airflow/.local/lib/python3.12/site-packages/airflow/example_dags/example_python_operator.py
[2025-05-16T20:21:45.695+0000] {processor.py:914} INFO - Processing file /home/airflow/.local/lib/python3.12/site-packages/airflow/example_dags/example_python_operator.py for tasks to queue
[2025-05-16T20:21:45.697+0000] {logging_mixin.py:190} INFO - [2025-05-16T20:21:45.696+0000] {dagbag.py:588} INFO - Filling up the DagBag from /home/airflow/.local/lib/python3.12/site-packages/airflow/example_dags/example_python_operator.py
[2025-05-16T20:21:45.704+0000] {processor.py:925} INFO - DAG(s) 'example_python_operator' retrieved from /home/airflow/.local/lib/python3.12/site-packages/airflow/example_dags/example_python_operator.py
[2025-05-16T20:21:45.719+0000] {logging_mixin.py:190} INFO - [2025-05-16T20:21:45.719+0000] {dag.py:3239} INFO - Sync 1 DAGs
[2025-05-16T20:21:45.730+0000] {logging_mixin.py:190} INFO - [2025-05-16T20:21:45.730+0000] {dag.py:4180} INFO - Setting next_dagrun for example_python_operator to None, run_after=None
[2025-05-16T20:21:45.745+0000] {processor.py:208} INFO - Processing /home/airflow/.local/lib/python3.12/site-packages/airflow/example_dags/example_python_operator.py took 0.062 seconds
