[2025-04-03T20:17:50.428+0000] {processor.py:186} INFO - Started process (PID=51) to work on /home/airflow/.local/lib/python3.12/site-packages/airflow/example_dags/example_latest_only.py
[2025-04-03T20:17:50.430+0000] {processor.py:914} INFO - Processing file /home/airflow/.local/lib/python3.12/site-packages/airflow/example_dags/example_latest_only.py for tasks to queue
[2025-04-03T20:17:50.432+0000] {logging_mixin.py:190} INFO - [2025-04-03T20:17:50.431+0000] {dagbag.py:588} INFO - Filling up the DagBag from /home/airflow/.local/lib/python3.12/site-packages/airflow/example_dags/example_latest_only.py
[2025-04-03T20:17:50.443+0000] {processor.py:925} INFO - DAG(s) 'latest_only' retrieved from /home/airflow/.local/lib/python3.12/site-packages/airflow/example_dags/example_latest_only.py
[2025-04-03T20:17:50.498+0000] {logging_mixin.py:190} INFO - [2025-04-03T20:17:50.498+0000] {dag.py:3239} INFO - Sync 1 DAGs
[2025-04-03T20:17:50.527+0000] {logging_mixin.py:190} INFO - [2025-04-03T20:17:50.527+0000] {dag.py:4180} INFO - Setting next_dagrun for latest_only to 2025-04-03 16:00:00+00:00, run_after=2025-04-03 20:00:00+00:00
[2025-04-03T20:17:50.546+0000] {processor.py:208} INFO - Processing /home/airflow/.local/lib/python3.12/site-packages/airflow/example_dags/example_latest_only.py took 0.123 seconds
[2025-04-03T20:18:21.281+0000] {processor.py:186} INFO - Started process (PID=113) to work on /home/airflow/.local/lib/python3.12/site-packages/airflow/example_dags/example_latest_only.py
[2025-04-03T20:18:21.284+0000] {processor.py:914} INFO - Processing file /home/airflow/.local/lib/python3.12/site-packages/airflow/example_dags/example_latest_only.py for tasks to queue
[2025-04-03T20:18:21.286+0000] {logging_mixin.py:190} INFO - [2025-04-03T20:18:21.286+0000] {dagbag.py:588} INFO - Filling up the DagBag from /home/airflow/.local/lib/python3.12/site-packages/airflow/example_dags/example_latest_only.py
[2025-04-03T20:18:21.292+0000] {processor.py:925} INFO - DAG(s) 'latest_only' retrieved from /home/airflow/.local/lib/python3.12/site-packages/airflow/example_dags/example_latest_only.py
[2025-04-03T20:18:21.311+0000] {logging_mixin.py:190} INFO - [2025-04-03T20:18:21.311+0000] {dag.py:3239} INFO - Sync 1 DAGs
[2025-04-03T20:18:21.323+0000] {logging_mixin.py:190} INFO - [2025-04-03T20:18:21.323+0000] {dag.py:4180} INFO - Setting next_dagrun for latest_only to 2025-04-03 16:00:00+00:00, run_after=2025-04-03 20:00:00+00:00
[2025-04-03T20:18:21.351+0000] {processor.py:208} INFO - Processing /home/airflow/.local/lib/python3.12/site-packages/airflow/example_dags/example_latest_only.py took 0.075 seconds
[2025-04-03T20:18:51.657+0000] {processor.py:186} INFO - Started process (PID=175) to work on /home/airflow/.local/lib/python3.12/site-packages/airflow/example_dags/example_latest_only.py
[2025-04-03T20:18:51.658+0000] {processor.py:914} INFO - Processing file /home/airflow/.local/lib/python3.12/site-packages/airflow/example_dags/example_latest_only.py for tasks to queue
[2025-04-03T20:18:51.659+0000] {logging_mixin.py:190} INFO - [2025-04-03T20:18:51.659+0000] {dagbag.py:588} INFO - Filling up the DagBag from /home/airflow/.local/lib/python3.12/site-packages/airflow/example_dags/example_latest_only.py
[2025-04-03T20:18:51.663+0000] {processor.py:925} INFO - DAG(s) 'latest_only' retrieved from /home/airflow/.local/lib/python3.12/site-packages/airflow/example_dags/example_latest_only.py
[2025-04-03T20:18:51.672+0000] {logging_mixin.py:190} INFO - [2025-04-03T20:18:51.672+0000] {dag.py:3239} INFO - Sync 1 DAGs
[2025-04-03T20:18:51.681+0000] {logging_mixin.py:190} INFO - [2025-04-03T20:18:51.681+0000] {dag.py:4180} INFO - Setting next_dagrun for latest_only to 2025-04-03 16:00:00+00:00, run_after=2025-04-03 20:00:00+00:00
[2025-04-03T20:18:51.689+0000] {processor.py:208} INFO - Processing /home/airflow/.local/lib/python3.12/site-packages/airflow/example_dags/example_latest_only.py took 0.034 seconds
[2025-04-03T20:19:22.501+0000] {processor.py:186} INFO - Started process (PID=243) to work on /home/airflow/.local/lib/python3.12/site-packages/airflow/example_dags/example_latest_only.py
[2025-04-03T20:19:22.505+0000] {processor.py:914} INFO - Processing file /home/airflow/.local/lib/python3.12/site-packages/airflow/example_dags/example_latest_only.py for tasks to queue
[2025-04-03T20:19:22.508+0000] {logging_mixin.py:190} INFO - [2025-04-03T20:19:22.508+0000] {dagbag.py:588} INFO - Filling up the DagBag from /home/airflow/.local/lib/python3.12/site-packages/airflow/example_dags/example_latest_only.py
[2025-04-03T20:19:22.515+0000] {processor.py:925} INFO - DAG(s) 'latest_only' retrieved from /home/airflow/.local/lib/python3.12/site-packages/airflow/example_dags/example_latest_only.py
[2025-04-03T20:19:22.535+0000] {logging_mixin.py:190} INFO - [2025-04-03T20:19:22.534+0000] {dag.py:3239} INFO - Sync 1 DAGs
[2025-04-03T20:19:22.557+0000] {logging_mixin.py:190} INFO - [2025-04-03T20:19:22.556+0000] {dag.py:4180} INFO - Setting next_dagrun for latest_only to 2025-04-03 16:00:00+00:00, run_after=2025-04-03 20:00:00+00:00
[2025-04-03T20:19:22.572+0000] {processor.py:208} INFO - Processing /home/airflow/.local/lib/python3.12/site-packages/airflow/example_dags/example_latest_only.py took 0.074 seconds
[2025-04-03T20:19:52.888+0000] {processor.py:186} INFO - Started process (PID=305) to work on /home/airflow/.local/lib/python3.12/site-packages/airflow/example_dags/example_latest_only.py
[2025-04-03T20:19:52.889+0000] {processor.py:914} INFO - Processing file /home/airflow/.local/lib/python3.12/site-packages/airflow/example_dags/example_latest_only.py for tasks to queue
[2025-04-03T20:19:52.890+0000] {logging_mixin.py:190} INFO - [2025-04-03T20:19:52.890+0000] {dagbag.py:588} INFO - Filling up the DagBag from /home/airflow/.local/lib/python3.12/site-packages/airflow/example_dags/example_latest_only.py
[2025-04-03T20:19:52.893+0000] {processor.py:925} INFO - DAG(s) 'latest_only' retrieved from /home/airflow/.local/lib/python3.12/site-packages/airflow/example_dags/example_latest_only.py
[2025-04-03T20:19:52.903+0000] {logging_mixin.py:190} INFO - [2025-04-03T20:19:52.903+0000] {dag.py:3239} INFO - Sync 1 DAGs
[2025-04-03T20:19:52.913+0000] {logging_mixin.py:190} INFO - [2025-04-03T20:19:52.913+0000] {dag.py:4180} INFO - Setting next_dagrun for latest_only to 2025-04-03 16:00:00+00:00, run_after=2025-04-03 20:00:00+00:00
[2025-04-03T20:19:52.921+0000] {processor.py:208} INFO - Processing /home/airflow/.local/lib/python3.12/site-packages/airflow/example_dags/example_latest_only.py took 0.036 seconds
[2025-04-03T20:20:23.682+0000] {processor.py:186} INFO - Started process (PID=367) to work on /home/airflow/.local/lib/python3.12/site-packages/airflow/example_dags/example_latest_only.py
[2025-04-03T20:20:23.683+0000] {processor.py:914} INFO - Processing file /home/airflow/.local/lib/python3.12/site-packages/airflow/example_dags/example_latest_only.py for tasks to queue
[2025-04-03T20:20:23.685+0000] {logging_mixin.py:190} INFO - [2025-04-03T20:20:23.685+0000] {dagbag.py:588} INFO - Filling up the DagBag from /home/airflow/.local/lib/python3.12/site-packages/airflow/example_dags/example_latest_only.py
[2025-04-03T20:20:23.689+0000] {processor.py:925} INFO - DAG(s) 'latest_only' retrieved from /home/airflow/.local/lib/python3.12/site-packages/airflow/example_dags/example_latest_only.py
[2025-04-03T20:20:23.702+0000] {logging_mixin.py:190} INFO - [2025-04-03T20:20:23.702+0000] {dag.py:3239} INFO - Sync 1 DAGs
[2025-04-03T20:20:23.714+0000] {logging_mixin.py:190} INFO - [2025-04-03T20:20:23.714+0000] {dag.py:4180} INFO - Setting next_dagrun for latest_only to 2025-04-03 16:00:00+00:00, run_after=2025-04-03 20:00:00+00:00
[2025-04-03T20:20:23.723+0000] {processor.py:208} INFO - Processing /home/airflow/.local/lib/python3.12/site-packages/airflow/example_dags/example_latest_only.py took 0.044 seconds
[2025-04-03T20:20:54.220+0000] {processor.py:186} INFO - Started process (PID=429) to work on /home/airflow/.local/lib/python3.12/site-packages/airflow/example_dags/example_latest_only.py
[2025-04-03T20:20:54.221+0000] {processor.py:914} INFO - Processing file /home/airflow/.local/lib/python3.12/site-packages/airflow/example_dags/example_latest_only.py for tasks to queue
[2025-04-03T20:20:54.222+0000] {logging_mixin.py:190} INFO - [2025-04-03T20:20:54.222+0000] {dagbag.py:588} INFO - Filling up the DagBag from /home/airflow/.local/lib/python3.12/site-packages/airflow/example_dags/example_latest_only.py
[2025-04-03T20:20:54.226+0000] {processor.py:925} INFO - DAG(s) 'latest_only' retrieved from /home/airflow/.local/lib/python3.12/site-packages/airflow/example_dags/example_latest_only.py
[2025-04-03T20:20:54.238+0000] {logging_mixin.py:190} INFO - [2025-04-03T20:20:54.238+0000] {dag.py:3239} INFO - Sync 1 DAGs
[2025-04-03T20:20:54.253+0000] {logging_mixin.py:190} INFO - [2025-04-03T20:20:54.253+0000] {dag.py:4180} INFO - Setting next_dagrun for latest_only to 2025-04-03 16:00:00+00:00, run_after=2025-04-03 20:00:00+00:00
[2025-04-03T20:20:54.266+0000] {processor.py:208} INFO - Processing /home/airflow/.local/lib/python3.12/site-packages/airflow/example_dags/example_latest_only.py took 0.049 seconds
