[2025-04-03T20:17:52.146+0000] {processor.py:186} INFO - Started process (PID=69) to work on /home/airflow/.local/lib/python3.12/site-packages/airflow/example_dags/example_branch_operator.py
[2025-04-03T20:17:52.147+0000] {processor.py:914} INFO - Processing file /home/airflow/.local/lib/python3.12/site-packages/airflow/example_dags/example_branch_operator.py for tasks to queue
[2025-04-03T20:17:52.148+0000] {logging_mixin.py:190} INFO - [2025-04-03T20:17:52.148+0000] {dagbag.py:588} INFO - Filling up the DagBag from /home/airflow/.local/lib/python3.12/site-packages/airflow/example_dags/example_branch_operator.py
[2025-04-03T20:17:52.159+0000] {processor.py:925} INFO - DAG(s) 'example_branch_operator' retrieved from /home/airflow/.local/lib/python3.12/site-packages/airflow/example_dags/example_branch_operator.py
[2025-04-03T20:17:52.240+0000] {logging_mixin.py:190} INFO - [2025-04-03T20:17:52.239+0000] {dag.py:3239} INFO - Sync 1 DAGs
[2025-04-03T20:17:52.261+0000] {logging_mixin.py:190} INFO - [2025-04-03T20:17:52.261+0000] {dag.py:4180} INFO - Setting next_dagrun for example_branch_operator to 2025-04-02 00:00:00+00:00, run_after=2025-04-03 00:00:00+00:00
[2025-04-03T20:17:52.275+0000] {processor.py:208} INFO - Processing /home/airflow/.local/lib/python3.12/site-packages/airflow/example_dags/example_branch_operator.py took 0.132 seconds
[2025-04-03T20:18:23.261+0000] {processor.py:186} INFO - Started process (PID=131) to work on /home/airflow/.local/lib/python3.12/site-packages/airflow/example_dags/example_branch_operator.py
[2025-04-03T20:18:23.264+0000] {processor.py:914} INFO - Processing file /home/airflow/.local/lib/python3.12/site-packages/airflow/example_dags/example_branch_operator.py for tasks to queue
[2025-04-03T20:18:23.268+0000] {logging_mixin.py:190} INFO - [2025-04-03T20:18:23.267+0000] {dagbag.py:588} INFO - Filling up the DagBag from /home/airflow/.local/lib/python3.12/site-packages/airflow/example_dags/example_branch_operator.py
[2025-04-03T20:18:23.291+0000] {processor.py:925} INFO - DAG(s) 'example_branch_operator' retrieved from /home/airflow/.local/lib/python3.12/site-packages/airflow/example_dags/example_branch_operator.py
[2025-04-03T20:18:23.310+0000] {logging_mixin.py:190} INFO - [2025-04-03T20:18:23.310+0000] {dag.py:3239} INFO - Sync 1 DAGs
[2025-04-03T20:18:23.324+0000] {logging_mixin.py:190} INFO - [2025-04-03T20:18:23.324+0000] {dag.py:4180} INFO - Setting next_dagrun for example_branch_operator to 2025-04-02 00:00:00+00:00, run_after=2025-04-03 00:00:00+00:00
[2025-04-03T20:18:23.336+0000] {processor.py:208} INFO - Processing /home/airflow/.local/lib/python3.12/site-packages/airflow/example_dags/example_branch_operator.py took 0.086 seconds
[2025-04-03T20:18:53.430+0000] {processor.py:186} INFO - Started process (PID=193) to work on /home/airflow/.local/lib/python3.12/site-packages/airflow/example_dags/example_branch_operator.py
[2025-04-03T20:18:53.432+0000] {processor.py:914} INFO - Processing file /home/airflow/.local/lib/python3.12/site-packages/airflow/example_dags/example_branch_operator.py for tasks to queue
[2025-04-03T20:18:53.436+0000] {logging_mixin.py:190} INFO - [2025-04-03T20:18:53.436+0000] {dagbag.py:588} INFO - Filling up the DagBag from /home/airflow/.local/lib/python3.12/site-packages/airflow/example_dags/example_branch_operator.py
[2025-04-03T20:18:53.477+0000] {processor.py:925} INFO - DAG(s) 'example_branch_operator' retrieved from /home/airflow/.local/lib/python3.12/site-packages/airflow/example_dags/example_branch_operator.py
[2025-04-03T20:18:53.519+0000] {logging_mixin.py:190} INFO - [2025-04-03T20:18:53.519+0000] {dag.py:3239} INFO - Sync 1 DAGs
[2025-04-03T20:18:53.549+0000] {logging_mixin.py:190} INFO - [2025-04-03T20:18:53.548+0000] {dag.py:4180} INFO - Setting next_dagrun for example_branch_operator to 2025-04-02 00:00:00+00:00, run_after=2025-04-03 00:00:00+00:00
[2025-04-03T20:18:53.566+0000] {processor.py:208} INFO - Processing /home/airflow/.local/lib/python3.12/site-packages/airflow/example_dags/example_branch_operator.py took 0.152 seconds
[2025-04-03T20:19:24.235+0000] {processor.py:186} INFO - Started process (PID=255) to work on /home/airflow/.local/lib/python3.12/site-packages/airflow/example_dags/example_branch_operator.py
[2025-04-03T20:19:24.242+0000] {processor.py:914} INFO - Processing file /home/airflow/.local/lib/python3.12/site-packages/airflow/example_dags/example_branch_operator.py for tasks to queue
[2025-04-03T20:19:24.244+0000] {logging_mixin.py:190} INFO - [2025-04-03T20:19:24.244+0000] {dagbag.py:588} INFO - Filling up the DagBag from /home/airflow/.local/lib/python3.12/site-packages/airflow/example_dags/example_branch_operator.py
[2025-04-03T20:19:24.265+0000] {processor.py:925} INFO - DAG(s) 'example_branch_operator' retrieved from /home/airflow/.local/lib/python3.12/site-packages/airflow/example_dags/example_branch_operator.py
[2025-04-03T20:19:24.296+0000] {logging_mixin.py:190} INFO - [2025-04-03T20:19:24.296+0000] {dag.py:3239} INFO - Sync 1 DAGs
[2025-04-03T20:19:24.313+0000] {logging_mixin.py:190} INFO - [2025-04-03T20:19:24.313+0000] {dag.py:4180} INFO - Setting next_dagrun for example_branch_operator to 2025-04-02 00:00:00+00:00, run_after=2025-04-03 00:00:00+00:00
[2025-04-03T20:19:24.335+0000] {processor.py:208} INFO - Processing /home/airflow/.local/lib/python3.12/site-packages/airflow/example_dags/example_branch_operator.py took 0.108 seconds
[2025-04-03T20:19:54.544+0000] {processor.py:186} INFO - Started process (PID=317) to work on /home/airflow/.local/lib/python3.12/site-packages/airflow/example_dags/example_branch_operator.py
[2025-04-03T20:19:54.546+0000] {processor.py:914} INFO - Processing file /home/airflow/.local/lib/python3.12/site-packages/airflow/example_dags/example_branch_operator.py for tasks to queue
[2025-04-03T20:19:54.549+0000] {logging_mixin.py:190} INFO - [2025-04-03T20:19:54.549+0000] {dagbag.py:588} INFO - Filling up the DagBag from /home/airflow/.local/lib/python3.12/site-packages/airflow/example_dags/example_branch_operator.py
[2025-04-03T20:19:54.571+0000] {processor.py:925} INFO - DAG(s) 'example_branch_operator' retrieved from /home/airflow/.local/lib/python3.12/site-packages/airflow/example_dags/example_branch_operator.py
[2025-04-03T20:19:54.594+0000] {logging_mixin.py:190} INFO - [2025-04-03T20:19:54.594+0000] {dag.py:3239} INFO - Sync 1 DAGs
[2025-04-03T20:19:54.607+0000] {logging_mixin.py:190} INFO - [2025-04-03T20:19:54.607+0000] {dag.py:4180} INFO - Setting next_dagrun for example_branch_operator to 2025-04-02 00:00:00+00:00, run_after=2025-04-03 00:00:00+00:00
[2025-04-03T20:19:54.621+0000] {processor.py:208} INFO - Processing /home/airflow/.local/lib/python3.12/site-packages/airflow/example_dags/example_branch_operator.py took 0.083 seconds
[2025-04-03T20:20:25.241+0000] {processor.py:186} INFO - Started process (PID=379) to work on /home/airflow/.local/lib/python3.12/site-packages/airflow/example_dags/example_branch_operator.py
[2025-04-03T20:20:25.243+0000] {processor.py:914} INFO - Processing file /home/airflow/.local/lib/python3.12/site-packages/airflow/example_dags/example_branch_operator.py for tasks to queue
[2025-04-03T20:20:25.245+0000] {logging_mixin.py:190} INFO - [2025-04-03T20:20:25.245+0000] {dagbag.py:588} INFO - Filling up the DagBag from /home/airflow/.local/lib/python3.12/site-packages/airflow/example_dags/example_branch_operator.py
[2025-04-03T20:20:25.260+0000] {processor.py:925} INFO - DAG(s) 'example_branch_operator' retrieved from /home/airflow/.local/lib/python3.12/site-packages/airflow/example_dags/example_branch_operator.py
[2025-04-03T20:20:25.279+0000] {logging_mixin.py:190} INFO - [2025-04-03T20:20:25.279+0000] {dag.py:3239} INFO - Sync 1 DAGs
[2025-04-03T20:20:25.291+0000] {logging_mixin.py:190} INFO - [2025-04-03T20:20:25.291+0000] {dag.py:4180} INFO - Setting next_dagrun for example_branch_operator to 2025-04-02 00:00:00+00:00, run_after=2025-04-03 00:00:00+00:00
[2025-04-03T20:20:25.299+0000] {processor.py:208} INFO - Processing /home/airflow/.local/lib/python3.12/site-packages/airflow/example_dags/example_branch_operator.py took 0.064 seconds
[2025-04-03T20:20:55.742+0000] {processor.py:186} INFO - Started process (PID=441) to work on /home/airflow/.local/lib/python3.12/site-packages/airflow/example_dags/example_branch_operator.py
[2025-04-03T20:20:55.746+0000] {processor.py:914} INFO - Processing file /home/airflow/.local/lib/python3.12/site-packages/airflow/example_dags/example_branch_operator.py for tasks to queue
[2025-04-03T20:20:55.747+0000] {logging_mixin.py:190} INFO - [2025-04-03T20:20:55.747+0000] {dagbag.py:588} INFO - Filling up the DagBag from /home/airflow/.local/lib/python3.12/site-packages/airflow/example_dags/example_branch_operator.py
[2025-04-03T20:20:55.757+0000] {processor.py:925} INFO - DAG(s) 'example_branch_operator' retrieved from /home/airflow/.local/lib/python3.12/site-packages/airflow/example_dags/example_branch_operator.py
[2025-04-03T20:20:55.772+0000] {logging_mixin.py:190} INFO - [2025-04-03T20:20:55.771+0000] {dag.py:3239} INFO - Sync 1 DAGs
[2025-04-03T20:20:55.785+0000] {logging_mixin.py:190} INFO - [2025-04-03T20:20:55.785+0000] {dag.py:4180} INFO - Setting next_dagrun for example_branch_operator to 2025-04-02 00:00:00+00:00, run_after=2025-04-03 00:00:00+00:00
[2025-04-03T20:20:55.794+0000] {processor.py:208} INFO - Processing /home/airflow/.local/lib/python3.12/site-packages/airflow/example_dags/example_branch_operator.py took 0.056 seconds
