[2025-04-03T20:17:50.577+0000] {processor.py:186} INFO - Started process (PID=53) to work on /home/airflow/.local/lib/python3.12/site-packages/airflow/example_dags/tutorial_dag.py
[2025-04-03T20:17:50.579+0000] {processor.py:914} INFO - Processing file /home/airflow/.local/lib/python3.12/site-packages/airflow/example_dags/tutorial_dag.py for tasks to queue
[2025-04-03T20:17:50.582+0000] {logging_mixin.py:190} INFO - [2025-04-03T20:17:50.582+0000] {dagbag.py:588} INFO - Filling up the DagBag from /home/airflow/.local/lib/python3.12/site-packages/airflow/example_dags/tutorial_dag.py
[2025-04-03T20:17:50.593+0000] {processor.py:925} INFO - DAG(s) 'tutorial_dag' retrieved from /home/airflow/.local/lib/python3.12/site-packages/airflow/example_dags/tutorial_dag.py
[2025-04-03T20:17:50.621+0000] {logging_mixin.py:190} INFO - [2025-04-03T20:17:50.621+0000] {dag.py:3239} INFO - Sync 1 DAGs
[2025-04-03T20:17:50.636+0000] {logging_mixin.py:190} INFO - [2025-04-03T20:17:50.636+0000] {dag.py:4180} INFO - Setting next_dagrun for tutorial_dag to None, run_after=None
[2025-04-03T20:17:50.677+0000] {processor.py:208} INFO - Processing /home/airflow/.local/lib/python3.12/site-packages/airflow/example_dags/tutorial_dag.py took 0.107 seconds
[2025-04-03T20:18:21.593+0000] {processor.py:186} INFO - Started process (PID=115) to work on /home/airflow/.local/lib/python3.12/site-packages/airflow/example_dags/tutorial_dag.py
[2025-04-03T20:18:21.594+0000] {processor.py:914} INFO - Processing file /home/airflow/.local/lib/python3.12/site-packages/airflow/example_dags/tutorial_dag.py for tasks to queue
[2025-04-03T20:18:21.596+0000] {logging_mixin.py:190} INFO - [2025-04-03T20:18:21.596+0000] {dagbag.py:588} INFO - Filling up the DagBag from /home/airflow/.local/lib/python3.12/site-packages/airflow/example_dags/tutorial_dag.py
[2025-04-03T20:18:21.601+0000] {processor.py:925} INFO - DAG(s) 'tutorial_dag' retrieved from /home/airflow/.local/lib/python3.12/site-packages/airflow/example_dags/tutorial_dag.py
[2025-04-03T20:18:21.620+0000] {logging_mixin.py:190} INFO - [2025-04-03T20:18:21.620+0000] {dag.py:3239} INFO - Sync 1 DAGs
[2025-04-03T20:18:21.630+0000] {logging_mixin.py:190} INFO - [2025-04-03T20:18:21.629+0000] {dag.py:4180} INFO - Setting next_dagrun for tutorial_dag to None, run_after=None
[2025-04-03T20:18:21.649+0000] {processor.py:208} INFO - Processing /home/airflow/.local/lib/python3.12/site-packages/airflow/example_dags/tutorial_dag.py took 0.062 seconds
[2025-04-03T20:18:51.712+0000] {processor.py:186} INFO - Started process (PID=177) to work on /home/airflow/.local/lib/python3.12/site-packages/airflow/example_dags/tutorial_dag.py
[2025-04-03T20:18:51.714+0000] {processor.py:914} INFO - Processing file /home/airflow/.local/lib/python3.12/site-packages/airflow/example_dags/tutorial_dag.py for tasks to queue
[2025-04-03T20:18:51.716+0000] {logging_mixin.py:190} INFO - [2025-04-03T20:18:51.716+0000] {dagbag.py:588} INFO - Filling up the DagBag from /home/airflow/.local/lib/python3.12/site-packages/airflow/example_dags/tutorial_dag.py
[2025-04-03T20:18:51.722+0000] {processor.py:925} INFO - DAG(s) 'tutorial_dag' retrieved from /home/airflow/.local/lib/python3.12/site-packages/airflow/example_dags/tutorial_dag.py
[2025-04-03T20:18:51.743+0000] {logging_mixin.py:190} INFO - [2025-04-03T20:18:51.742+0000] {dag.py:3239} INFO - Sync 1 DAGs
[2025-04-03T20:18:51.752+0000] {logging_mixin.py:190} INFO - [2025-04-03T20:18:51.751+0000] {dag.py:4180} INFO - Setting next_dagrun for tutorial_dag to None, run_after=None
[2025-04-03T20:18:51.761+0000] {processor.py:208} INFO - Processing /home/airflow/.local/lib/python3.12/site-packages/airflow/example_dags/tutorial_dag.py took 0.055 seconds
[2025-04-03T20:19:22.594+0000] {processor.py:186} INFO - Started process (PID=245) to work on /home/airflow/.local/lib/python3.12/site-packages/airflow/example_dags/tutorial_dag.py
[2025-04-03T20:19:22.595+0000] {processor.py:914} INFO - Processing file /home/airflow/.local/lib/python3.12/site-packages/airflow/example_dags/tutorial_dag.py for tasks to queue
[2025-04-03T20:19:22.596+0000] {logging_mixin.py:190} INFO - [2025-04-03T20:19:22.596+0000] {dagbag.py:588} INFO - Filling up the DagBag from /home/airflow/.local/lib/python3.12/site-packages/airflow/example_dags/tutorial_dag.py
[2025-04-03T20:19:22.601+0000] {processor.py:925} INFO - DAG(s) 'tutorial_dag' retrieved from /home/airflow/.local/lib/python3.12/site-packages/airflow/example_dags/tutorial_dag.py
[2025-04-03T20:19:22.612+0000] {logging_mixin.py:190} INFO - [2025-04-03T20:19:22.612+0000] {dag.py:3239} INFO - Sync 1 DAGs
[2025-04-03T20:19:22.620+0000] {logging_mixin.py:190} INFO - [2025-04-03T20:19:22.619+0000] {dag.py:4180} INFO - Setting next_dagrun for tutorial_dag to None, run_after=None
[2025-04-03T20:19:22.630+0000] {processor.py:208} INFO - Processing /home/airflow/.local/lib/python3.12/site-packages/airflow/example_dags/tutorial_dag.py took 0.039 seconds
[2025-04-03T20:19:52.935+0000] {processor.py:186} INFO - Started process (PID=306) to work on /home/airflow/.local/lib/python3.12/site-packages/airflow/example_dags/tutorial_dag.py
[2025-04-03T20:19:52.936+0000] {processor.py:914} INFO - Processing file /home/airflow/.local/lib/python3.12/site-packages/airflow/example_dags/tutorial_dag.py for tasks to queue
[2025-04-03T20:19:52.937+0000] {logging_mixin.py:190} INFO - [2025-04-03T20:19:52.937+0000] {dagbag.py:588} INFO - Filling up the DagBag from /home/airflow/.local/lib/python3.12/site-packages/airflow/example_dags/tutorial_dag.py
[2025-04-03T20:19:52.944+0000] {processor.py:925} INFO - DAG(s) 'tutorial_dag' retrieved from /home/airflow/.local/lib/python3.12/site-packages/airflow/example_dags/tutorial_dag.py
[2025-04-03T20:19:52.959+0000] {logging_mixin.py:190} INFO - [2025-04-03T20:19:52.958+0000] {dag.py:3239} INFO - Sync 1 DAGs
[2025-04-03T20:19:52.966+0000] {logging_mixin.py:190} INFO - [2025-04-03T20:19:52.965+0000] {dag.py:4180} INFO - Setting next_dagrun for tutorial_dag to None, run_after=None
[2025-04-03T20:19:52.981+0000] {processor.py:208} INFO - Processing /home/airflow/.local/lib/python3.12/site-packages/airflow/example_dags/tutorial_dag.py took 0.050 seconds
[2025-04-03T20:20:23.737+0000] {processor.py:186} INFO - Started process (PID=369) to work on /home/airflow/.local/lib/python3.12/site-packages/airflow/example_dags/tutorial_dag.py
[2025-04-03T20:20:23.738+0000] {processor.py:914} INFO - Processing file /home/airflow/.local/lib/python3.12/site-packages/airflow/example_dags/tutorial_dag.py for tasks to queue
[2025-04-03T20:20:23.740+0000] {logging_mixin.py:190} INFO - [2025-04-03T20:20:23.739+0000] {dagbag.py:588} INFO - Filling up the DagBag from /home/airflow/.local/lib/python3.12/site-packages/airflow/example_dags/tutorial_dag.py
[2025-04-03T20:20:23.744+0000] {processor.py:925} INFO - DAG(s) 'tutorial_dag' retrieved from /home/airflow/.local/lib/python3.12/site-packages/airflow/example_dags/tutorial_dag.py
[2025-04-03T20:20:23.757+0000] {logging_mixin.py:190} INFO - [2025-04-03T20:20:23.757+0000] {dag.py:3239} INFO - Sync 1 DAGs
[2025-04-03T20:20:23.764+0000] {logging_mixin.py:190} INFO - [2025-04-03T20:20:23.764+0000] {dag.py:4180} INFO - Setting next_dagrun for tutorial_dag to None, run_after=None
[2025-04-03T20:20:23.774+0000] {processor.py:208} INFO - Processing /home/airflow/.local/lib/python3.12/site-packages/airflow/example_dags/tutorial_dag.py took 0.040 seconds
[2025-04-03T20:20:54.227+0000] {processor.py:186} INFO - Started process (PID=430) to work on /home/airflow/.local/lib/python3.12/site-packages/airflow/example_dags/tutorial_dag.py
[2025-04-03T20:20:54.228+0000] {processor.py:914} INFO - Processing file /home/airflow/.local/lib/python3.12/site-packages/airflow/example_dags/tutorial_dag.py for tasks to queue
[2025-04-03T20:20:54.229+0000] {logging_mixin.py:190} INFO - [2025-04-03T20:20:54.229+0000] {dagbag.py:588} INFO - Filling up the DagBag from /home/airflow/.local/lib/python3.12/site-packages/airflow/example_dags/tutorial_dag.py
[2025-04-03T20:20:54.234+0000] {processor.py:925} INFO - DAG(s) 'tutorial_dag' retrieved from /home/airflow/.local/lib/python3.12/site-packages/airflow/example_dags/tutorial_dag.py
[2025-04-03T20:20:54.250+0000] {logging_mixin.py:190} INFO - [2025-04-03T20:20:54.250+0000] {dag.py:3239} INFO - Sync 1 DAGs
[2025-04-03T20:20:54.259+0000] {logging_mixin.py:190} INFO - [2025-04-03T20:20:54.259+0000] {dag.py:4180} INFO - Setting next_dagrun for tutorial_dag to None, run_after=None
[2025-04-03T20:20:54.273+0000] {processor.py:208} INFO - Processing /home/airflow/.local/lib/python3.12/site-packages/airflow/example_dags/tutorial_dag.py took 0.049 seconds
