[2025-02-21T10:24:16.634+0000] {processor.py:186} INFO - Started process (PID=56) to work on /home/airflow/.local/lib/python3.12/site-packages/airflow/example_dags/example_latest_only.py
[2025-02-21T10:24:16.635+0000] {processor.py:914} INFO - Processing file /home/airflow/.local/lib/python3.12/site-packages/airflow/example_dags/example_latest_only.py for tasks to queue
[2025-02-21T10:24:16.639+0000] {logging_mixin.py:190} INFO - [2025-02-21T10:24:16.638+0000] {dagbag.py:588} INFO - Filling up the DagBag from /home/airflow/.local/lib/python3.12/site-packages/airflow/example_dags/example_latest_only.py
[2025-02-21T10:24:16.654+0000] {processor.py:925} INFO - DAG(s) 'latest_only' retrieved from /home/airflow/.local/lib/python3.12/site-packages/airflow/example_dags/example_latest_only.py
[2025-02-21T10:24:16.693+0000] {logging_mixin.py:190} INFO - [2025-02-21T10:24:16.692+0000] {dag.py:3239} INFO - Sync 1 DAGs
[2025-02-21T10:24:16.733+0000] {logging_mixin.py:190} INFO - [2025-02-21T10:24:16.733+0000] {dag.py:4180} INFO - Setting next_dagrun for latest_only to 2025-02-21 04:00:00+00:00, run_after=2025-02-21 08:00:00+00:00
[2025-02-21T10:24:16.768+0000] {processor.py:208} INFO - Processing /home/airflow/.local/lib/python3.12/site-packages/airflow/example_dags/example_latest_only.py took 0.145 seconds
[2025-02-21T10:24:47.064+0000] {processor.py:186} INFO - Started process (PID=118) to work on /home/airflow/.local/lib/python3.12/site-packages/airflow/example_dags/example_latest_only.py
[2025-02-21T10:24:47.065+0000] {processor.py:914} INFO - Processing file /home/airflow/.local/lib/python3.12/site-packages/airflow/example_dags/example_latest_only.py for tasks to queue
[2025-02-21T10:24:47.072+0000] {logging_mixin.py:190} INFO - [2025-02-21T10:24:47.072+0000] {dagbag.py:588} INFO - Filling up the DagBag from /home/airflow/.local/lib/python3.12/site-packages/airflow/example_dags/example_latest_only.py
[2025-02-21T10:24:47.078+0000] {processor.py:925} INFO - DAG(s) 'latest_only' retrieved from /home/airflow/.local/lib/python3.12/site-packages/airflow/example_dags/example_latest_only.py
[2025-02-21T10:24:47.099+0000] {logging_mixin.py:190} INFO - [2025-02-21T10:24:47.099+0000] {dag.py:3239} INFO - Sync 1 DAGs
[2025-02-21T10:24:47.115+0000] {logging_mixin.py:190} INFO - [2025-02-21T10:24:47.115+0000] {dag.py:4180} INFO - Setting next_dagrun for latest_only to 2025-02-21 04:00:00+00:00, run_after=2025-02-21 08:00:00+00:00
[2025-02-21T10:24:47.126+0000] {processor.py:208} INFO - Processing /home/airflow/.local/lib/python3.12/site-packages/airflow/example_dags/example_latest_only.py took 0.066 seconds
[2025-02-21T10:25:17.758+0000] {processor.py:186} INFO - Started process (PID=180) to work on /home/airflow/.local/lib/python3.12/site-packages/airflow/example_dags/example_latest_only.py
[2025-02-21T10:25:17.760+0000] {processor.py:914} INFO - Processing file /home/airflow/.local/lib/python3.12/site-packages/airflow/example_dags/example_latest_only.py for tasks to queue
[2025-02-21T10:25:17.761+0000] {logging_mixin.py:190} INFO - [2025-02-21T10:25:17.761+0000] {dagbag.py:588} INFO - Filling up the DagBag from /home/airflow/.local/lib/python3.12/site-packages/airflow/example_dags/example_latest_only.py
[2025-02-21T10:25:17.764+0000] {processor.py:925} INFO - DAG(s) 'latest_only' retrieved from /home/airflow/.local/lib/python3.12/site-packages/airflow/example_dags/example_latest_only.py
[2025-02-21T10:25:17.776+0000] {logging_mixin.py:190} INFO - [2025-02-21T10:25:17.776+0000] {dag.py:3239} INFO - Sync 1 DAGs
[2025-02-21T10:25:17.791+0000] {logging_mixin.py:190} INFO - [2025-02-21T10:25:17.791+0000] {dag.py:4180} INFO - Setting next_dagrun for latest_only to 2025-02-21 04:00:00+00:00, run_after=2025-02-21 08:00:00+00:00
[2025-02-21T10:25:17.802+0000] {processor.py:208} INFO - Processing /home/airflow/.local/lib/python3.12/site-packages/airflow/example_dags/example_latest_only.py took 0.049 seconds
[2025-02-21T10:25:48.465+0000] {processor.py:186} INFO - Started process (PID=242) to work on /home/airflow/.local/lib/python3.12/site-packages/airflow/example_dags/example_latest_only.py
[2025-02-21T10:25:48.466+0000] {processor.py:914} INFO - Processing file /home/airflow/.local/lib/python3.12/site-packages/airflow/example_dags/example_latest_only.py for tasks to queue
[2025-02-21T10:25:48.467+0000] {logging_mixin.py:190} INFO - [2025-02-21T10:25:48.467+0000] {dagbag.py:588} INFO - Filling up the DagBag from /home/airflow/.local/lib/python3.12/site-packages/airflow/example_dags/example_latest_only.py
[2025-02-21T10:25:48.471+0000] {processor.py:925} INFO - DAG(s) 'latest_only' retrieved from /home/airflow/.local/lib/python3.12/site-packages/airflow/example_dags/example_latest_only.py
[2025-02-21T10:25:48.487+0000] {logging_mixin.py:190} INFO - [2025-02-21T10:25:48.487+0000] {dag.py:3239} INFO - Sync 1 DAGs
[2025-02-21T10:25:48.503+0000] {logging_mixin.py:190} INFO - [2025-02-21T10:25:48.503+0000] {dag.py:4180} INFO - Setting next_dagrun for latest_only to 2025-02-21 04:00:00+00:00, run_after=2025-02-21 08:00:00+00:00
[2025-02-21T10:25:48.520+0000] {processor.py:208} INFO - Processing /home/airflow/.local/lib/python3.12/site-packages/airflow/example_dags/example_latest_only.py took 0.058 seconds
[2025-02-21T10:26:19.151+0000] {processor.py:186} INFO - Started process (PID=310) to work on /home/airflow/.local/lib/python3.12/site-packages/airflow/example_dags/example_latest_only.py
[2025-02-21T10:26:19.152+0000] {processor.py:914} INFO - Processing file /home/airflow/.local/lib/python3.12/site-packages/airflow/example_dags/example_latest_only.py for tasks to queue
[2025-02-21T10:26:19.153+0000] {logging_mixin.py:190} INFO - [2025-02-21T10:26:19.153+0000] {dagbag.py:588} INFO - Filling up the DagBag from /home/airflow/.local/lib/python3.12/site-packages/airflow/example_dags/example_latest_only.py
[2025-02-21T10:26:19.157+0000] {processor.py:925} INFO - DAG(s) 'latest_only' retrieved from /home/airflow/.local/lib/python3.12/site-packages/airflow/example_dags/example_latest_only.py
[2025-02-21T10:26:19.167+0000] {logging_mixin.py:190} INFO - [2025-02-21T10:26:19.167+0000] {dag.py:3239} INFO - Sync 1 DAGs
[2025-02-21T10:26:19.178+0000] {logging_mixin.py:190} INFO - [2025-02-21T10:26:19.178+0000] {dag.py:4180} INFO - Setting next_dagrun for latest_only to 2025-02-21 04:00:00+00:00, run_after=2025-02-21 08:00:00+00:00
[2025-02-21T10:26:19.187+0000] {processor.py:208} INFO - Processing /home/airflow/.local/lib/python3.12/site-packages/airflow/example_dags/example_latest_only.py took 0.040 seconds
[2025-02-21T10:26:49.960+0000] {processor.py:186} INFO - Started process (PID=372) to work on /home/airflow/.local/lib/python3.12/site-packages/airflow/example_dags/example_latest_only.py
[2025-02-21T10:26:49.962+0000] {processor.py:914} INFO - Processing file /home/airflow/.local/lib/python3.12/site-packages/airflow/example_dags/example_latest_only.py for tasks to queue
[2025-02-21T10:26:49.963+0000] {logging_mixin.py:190} INFO - [2025-02-21T10:26:49.963+0000] {dagbag.py:588} INFO - Filling up the DagBag from /home/airflow/.local/lib/python3.12/site-packages/airflow/example_dags/example_latest_only.py
[2025-02-21T10:26:49.967+0000] {processor.py:925} INFO - DAG(s) 'latest_only' retrieved from /home/airflow/.local/lib/python3.12/site-packages/airflow/example_dags/example_latest_only.py
[2025-02-21T10:26:49.976+0000] {logging_mixin.py:190} INFO - [2025-02-21T10:26:49.976+0000] {dag.py:3239} INFO - Sync 1 DAGs
[2025-02-21T10:26:49.988+0000] {logging_mixin.py:190} INFO - [2025-02-21T10:26:49.988+0000] {dag.py:4180} INFO - Setting next_dagrun for latest_only to 2025-02-21 04:00:00+00:00, run_after=2025-02-21 08:00:00+00:00
[2025-02-21T10:26:50.000+0000] {processor.py:208} INFO - Processing /home/airflow/.local/lib/python3.12/site-packages/airflow/example_dags/example_latest_only.py took 0.042 seconds
[2025-02-21T10:27:20.651+0000] {processor.py:186} INFO - Started process (PID=434) to work on /home/airflow/.local/lib/python3.12/site-packages/airflow/example_dags/example_latest_only.py
[2025-02-21T10:27:20.652+0000] {processor.py:914} INFO - Processing file /home/airflow/.local/lib/python3.12/site-packages/airflow/example_dags/example_latest_only.py for tasks to queue
[2025-02-21T10:27:20.653+0000] {logging_mixin.py:190} INFO - [2025-02-21T10:27:20.653+0000] {dagbag.py:588} INFO - Filling up the DagBag from /home/airflow/.local/lib/python3.12/site-packages/airflow/example_dags/example_latest_only.py
[2025-02-21T10:27:20.657+0000] {processor.py:925} INFO - DAG(s) 'latest_only' retrieved from /home/airflow/.local/lib/python3.12/site-packages/airflow/example_dags/example_latest_only.py
[2025-02-21T10:27:20.673+0000] {logging_mixin.py:190} INFO - [2025-02-21T10:27:20.672+0000] {dag.py:3239} INFO - Sync 1 DAGs
[2025-02-21T10:27:20.686+0000] {logging_mixin.py:190} INFO - [2025-02-21T10:27:20.686+0000] {dag.py:4180} INFO - Setting next_dagrun for latest_only to 2025-02-21 04:00:00+00:00, run_after=2025-02-21 08:00:00+00:00
[2025-02-21T10:27:20.696+0000] {processor.py:208} INFO - Processing /home/airflow/.local/lib/python3.12/site-packages/airflow/example_dags/example_latest_only.py took 0.048 seconds
[2025-02-21T10:27:51.342+0000] {processor.py:186} INFO - Started process (PID=496) to work on /home/airflow/.local/lib/python3.12/site-packages/airflow/example_dags/example_latest_only.py
[2025-02-21T10:27:51.343+0000] {processor.py:914} INFO - Processing file /home/airflow/.local/lib/python3.12/site-packages/airflow/example_dags/example_latest_only.py for tasks to queue
[2025-02-21T10:27:51.344+0000] {logging_mixin.py:190} INFO - [2025-02-21T10:27:51.344+0000] {dagbag.py:588} INFO - Filling up the DagBag from /home/airflow/.local/lib/python3.12/site-packages/airflow/example_dags/example_latest_only.py
[2025-02-21T10:27:51.348+0000] {processor.py:925} INFO - DAG(s) 'latest_only' retrieved from /home/airflow/.local/lib/python3.12/site-packages/airflow/example_dags/example_latest_only.py
[2025-02-21T10:27:51.359+0000] {logging_mixin.py:190} INFO - [2025-02-21T10:27:51.358+0000] {dag.py:3239} INFO - Sync 1 DAGs
[2025-02-21T10:27:51.376+0000] {logging_mixin.py:190} INFO - [2025-02-21T10:27:51.375+0000] {dag.py:4180} INFO - Setting next_dagrun for latest_only to 2025-02-21 04:00:00+00:00, run_after=2025-02-21 08:00:00+00:00
[2025-02-21T10:27:51.384+0000] {processor.py:208} INFO - Processing /home/airflow/.local/lib/python3.12/site-packages/airflow/example_dags/example_latest_only.py took 0.045 seconds
[2025-02-21T10:28:22.332+0000] {processor.py:186} INFO - Started process (PID=558) to work on /home/airflow/.local/lib/python3.12/site-packages/airflow/example_dags/example_latest_only.py
[2025-02-21T10:28:22.332+0000] {processor.py:914} INFO - Processing file /home/airflow/.local/lib/python3.12/site-packages/airflow/example_dags/example_latest_only.py for tasks to queue
[2025-02-21T10:28:22.335+0000] {logging_mixin.py:190} INFO - [2025-02-21T10:28:22.334+0000] {dagbag.py:588} INFO - Filling up the DagBag from /home/airflow/.local/lib/python3.12/site-packages/airflow/example_dags/example_latest_only.py
[2025-02-21T10:28:22.338+0000] {processor.py:925} INFO - DAG(s) 'latest_only' retrieved from /home/airflow/.local/lib/python3.12/site-packages/airflow/example_dags/example_latest_only.py
[2025-02-21T10:28:22.351+0000] {logging_mixin.py:190} INFO - [2025-02-21T10:28:22.350+0000] {dag.py:3239} INFO - Sync 1 DAGs
[2025-02-21T10:28:22.363+0000] {logging_mixin.py:190} INFO - [2025-02-21T10:28:22.363+0000] {dag.py:4180} INFO - Setting next_dagrun for latest_only to 2025-02-21 04:00:00+00:00, run_after=2025-02-21 08:00:00+00:00
[2025-02-21T10:28:22.370+0000] {processor.py:208} INFO - Processing /home/airflow/.local/lib/python3.12/site-packages/airflow/example_dags/example_latest_only.py took 0.041 seconds
[2025-02-21T10:28:53.063+0000] {processor.py:186} INFO - Started process (PID=620) to work on /home/airflow/.local/lib/python3.12/site-packages/airflow/example_dags/example_latest_only.py
[2025-02-21T10:28:53.064+0000] {processor.py:914} INFO - Processing file /home/airflow/.local/lib/python3.12/site-packages/airflow/example_dags/example_latest_only.py for tasks to queue
[2025-02-21T10:28:53.065+0000] {logging_mixin.py:190} INFO - [2025-02-21T10:28:53.065+0000] {dagbag.py:588} INFO - Filling up the DagBag from /home/airflow/.local/lib/python3.12/site-packages/airflow/example_dags/example_latest_only.py
[2025-02-21T10:28:53.069+0000] {processor.py:925} INFO - DAG(s) 'latest_only' retrieved from /home/airflow/.local/lib/python3.12/site-packages/airflow/example_dags/example_latest_only.py
[2025-02-21T10:28:53.090+0000] {logging_mixin.py:190} INFO - [2025-02-21T10:28:53.090+0000] {dag.py:3239} INFO - Sync 1 DAGs
[2025-02-21T10:28:53.101+0000] {logging_mixin.py:190} INFO - [2025-02-21T10:28:53.101+0000] {dag.py:4180} INFO - Setting next_dagrun for latest_only to 2025-02-21 04:00:00+00:00, run_after=2025-02-21 08:00:00+00:00
[2025-02-21T10:28:53.110+0000] {processor.py:208} INFO - Processing /home/airflow/.local/lib/python3.12/site-packages/airflow/example_dags/example_latest_only.py took 0.050 seconds
[2025-02-21T10:29:23.996+0000] {processor.py:186} INFO - Started process (PID=682) to work on /home/airflow/.local/lib/python3.12/site-packages/airflow/example_dags/example_latest_only.py
[2025-02-21T10:29:23.997+0000] {processor.py:914} INFO - Processing file /home/airflow/.local/lib/python3.12/site-packages/airflow/example_dags/example_latest_only.py for tasks to queue
[2025-02-21T10:29:23.999+0000] {logging_mixin.py:190} INFO - [2025-02-21T10:29:23.999+0000] {dagbag.py:588} INFO - Filling up the DagBag from /home/airflow/.local/lib/python3.12/site-packages/airflow/example_dags/example_latest_only.py
[2025-02-21T10:29:24.003+0000] {processor.py:925} INFO - DAG(s) 'latest_only' retrieved from /home/airflow/.local/lib/python3.12/site-packages/airflow/example_dags/example_latest_only.py
[2025-02-21T10:29:24.016+0000] {logging_mixin.py:190} INFO - [2025-02-21T10:29:24.016+0000] {dag.py:3239} INFO - Sync 1 DAGs
[2025-02-21T10:29:24.029+0000] {logging_mixin.py:190} INFO - [2025-02-21T10:29:24.029+0000] {dag.py:4180} INFO - Setting next_dagrun for latest_only to 2025-02-21 04:00:00+00:00, run_after=2025-02-21 08:00:00+00:00
[2025-02-21T10:29:24.038+0000] {processor.py:208} INFO - Processing /home/airflow/.local/lib/python3.12/site-packages/airflow/example_dags/example_latest_only.py took 0.045 seconds
[2025-02-21T10:29:54.775+0000] {processor.py:186} INFO - Started process (PID=744) to work on /home/airflow/.local/lib/python3.12/site-packages/airflow/example_dags/example_latest_only.py
[2025-02-21T10:29:54.776+0000] {processor.py:914} INFO - Processing file /home/airflow/.local/lib/python3.12/site-packages/airflow/example_dags/example_latest_only.py for tasks to queue
[2025-02-21T10:29:54.778+0000] {logging_mixin.py:190} INFO - [2025-02-21T10:29:54.778+0000] {dagbag.py:588} INFO - Filling up the DagBag from /home/airflow/.local/lib/python3.12/site-packages/airflow/example_dags/example_latest_only.py
[2025-02-21T10:29:54.783+0000] {processor.py:925} INFO - DAG(s) 'latest_only' retrieved from /home/airflow/.local/lib/python3.12/site-packages/airflow/example_dags/example_latest_only.py
[2025-02-21T10:29:54.798+0000] {logging_mixin.py:190} INFO - [2025-02-21T10:29:54.798+0000] {dag.py:3239} INFO - Sync 1 DAGs
[2025-02-21T10:29:54.810+0000] {logging_mixin.py:190} INFO - [2025-02-21T10:29:54.810+0000] {dag.py:4180} INFO - Setting next_dagrun for latest_only to 2025-02-21 04:00:00+00:00, run_after=2025-02-21 08:00:00+00:00
[2025-02-21T10:29:54.822+0000] {processor.py:208} INFO - Processing /home/airflow/.local/lib/python3.12/site-packages/airflow/example_dags/example_latest_only.py took 0.049 seconds
[2025-02-21T10:30:25.599+0000] {processor.py:186} INFO - Started process (PID=806) to work on /home/airflow/.local/lib/python3.12/site-packages/airflow/example_dags/example_latest_only.py
[2025-02-21T10:30:25.599+0000] {processor.py:914} INFO - Processing file /home/airflow/.local/lib/python3.12/site-packages/airflow/example_dags/example_latest_only.py for tasks to queue
[2025-02-21T10:30:25.601+0000] {logging_mixin.py:190} INFO - [2025-02-21T10:30:25.601+0000] {dagbag.py:588} INFO - Filling up the DagBag from /home/airflow/.local/lib/python3.12/site-packages/airflow/example_dags/example_latest_only.py
[2025-02-21T10:30:25.607+0000] {processor.py:925} INFO - DAG(s) 'latest_only' retrieved from /home/airflow/.local/lib/python3.12/site-packages/airflow/example_dags/example_latest_only.py
[2025-02-21T10:30:25.621+0000] {logging_mixin.py:190} INFO - [2025-02-21T10:30:25.621+0000] {dag.py:3239} INFO - Sync 1 DAGs
[2025-02-21T10:30:25.640+0000] {logging_mixin.py:190} INFO - [2025-02-21T10:30:25.640+0000] {dag.py:4180} INFO - Setting next_dagrun for latest_only to 2025-02-21 04:00:00+00:00, run_after=2025-02-21 08:00:00+00:00
[2025-02-21T10:30:25.656+0000] {processor.py:208} INFO - Processing /home/airflow/.local/lib/python3.12/site-packages/airflow/example_dags/example_latest_only.py took 0.068 seconds
[2025-02-21T10:30:56.239+0000] {processor.py:186} INFO - Started process (PID=868) to work on /home/airflow/.local/lib/python3.12/site-packages/airflow/example_dags/example_latest_only.py
[2025-02-21T10:30:56.239+0000] {processor.py:914} INFO - Processing file /home/airflow/.local/lib/python3.12/site-packages/airflow/example_dags/example_latest_only.py for tasks to queue
[2025-02-21T10:30:56.240+0000] {logging_mixin.py:190} INFO - [2025-02-21T10:30:56.240+0000] {dagbag.py:588} INFO - Filling up the DagBag from /home/airflow/.local/lib/python3.12/site-packages/airflow/example_dags/example_latest_only.py
[2025-02-21T10:30:56.248+0000] {processor.py:925} INFO - DAG(s) 'latest_only' retrieved from /home/airflow/.local/lib/python3.12/site-packages/airflow/example_dags/example_latest_only.py
[2025-02-21T10:30:56.269+0000] {logging_mixin.py:190} INFO - [2025-02-21T10:30:56.269+0000] {dag.py:3239} INFO - Sync 1 DAGs
[2025-02-21T10:30:56.289+0000] {logging_mixin.py:190} INFO - [2025-02-21T10:30:56.289+0000] {dag.py:4180} INFO - Setting next_dagrun for latest_only to 2025-02-21 04:00:00+00:00, run_after=2025-02-21 08:00:00+00:00
[2025-02-21T10:30:56.308+0000] {processor.py:208} INFO - Processing /home/airflow/.local/lib/python3.12/site-packages/airflow/example_dags/example_latest_only.py took 0.072 seconds
[2025-02-21T10:31:26.981+0000] {processor.py:186} INFO - Started process (PID=930) to work on /home/airflow/.local/lib/python3.12/site-packages/airflow/example_dags/example_latest_only.py
[2025-02-21T10:31:26.981+0000] {processor.py:914} INFO - Processing file /home/airflow/.local/lib/python3.12/site-packages/airflow/example_dags/example_latest_only.py for tasks to queue
[2025-02-21T10:31:26.983+0000] {logging_mixin.py:190} INFO - [2025-02-21T10:31:26.983+0000] {dagbag.py:588} INFO - Filling up the DagBag from /home/airflow/.local/lib/python3.12/site-packages/airflow/example_dags/example_latest_only.py
[2025-02-21T10:31:26.987+0000] {processor.py:925} INFO - DAG(s) 'latest_only' retrieved from /home/airflow/.local/lib/python3.12/site-packages/airflow/example_dags/example_latest_only.py
[2025-02-21T10:31:27.003+0000] {logging_mixin.py:190} INFO - [2025-02-21T10:31:27.003+0000] {dag.py:3239} INFO - Sync 1 DAGs
[2025-02-21T10:31:27.016+0000] {logging_mixin.py:190} INFO - [2025-02-21T10:31:27.016+0000] {dag.py:4180} INFO - Setting next_dagrun for latest_only to 2025-02-21 04:00:00+00:00, run_after=2025-02-21 08:00:00+00:00
[2025-02-21T10:31:27.024+0000] {processor.py:208} INFO - Processing /home/airflow/.local/lib/python3.12/site-packages/airflow/example_dags/example_latest_only.py took 0.046 seconds
[2025-02-21T10:31:57.750+0000] {processor.py:186} INFO - Started process (PID=992) to work on /home/airflow/.local/lib/python3.12/site-packages/airflow/example_dags/example_latest_only.py
[2025-02-21T10:31:57.755+0000] {processor.py:914} INFO - Processing file /home/airflow/.local/lib/python3.12/site-packages/airflow/example_dags/example_latest_only.py for tasks to queue
[2025-02-21T10:31:57.756+0000] {logging_mixin.py:190} INFO - [2025-02-21T10:31:57.756+0000] {dagbag.py:588} INFO - Filling up the DagBag from /home/airflow/.local/lib/python3.12/site-packages/airflow/example_dags/example_latest_only.py
[2025-02-21T10:31:57.762+0000] {processor.py:925} INFO - DAG(s) 'latest_only' retrieved from /home/airflow/.local/lib/python3.12/site-packages/airflow/example_dags/example_latest_only.py
[2025-02-21T10:31:57.774+0000] {logging_mixin.py:190} INFO - [2025-02-21T10:31:57.774+0000] {dag.py:3239} INFO - Sync 1 DAGs
[2025-02-21T10:31:57.788+0000] {logging_mixin.py:190} INFO - [2025-02-21T10:31:57.787+0000] {dag.py:4180} INFO - Setting next_dagrun for latest_only to 2025-02-21 04:00:00+00:00, run_after=2025-02-21 08:00:00+00:00
[2025-02-21T10:31:57.796+0000] {processor.py:208} INFO - Processing /home/airflow/.local/lib/python3.12/site-packages/airflow/example_dags/example_latest_only.py took 0.049 seconds
[2025-02-21T10:32:28.056+0000] {processor.py:186} INFO - Started process (PID=1054) to work on /home/airflow/.local/lib/python3.12/site-packages/airflow/example_dags/example_latest_only.py
[2025-02-21T10:32:28.058+0000] {processor.py:914} INFO - Processing file /home/airflow/.local/lib/python3.12/site-packages/airflow/example_dags/example_latest_only.py for tasks to queue
[2025-02-21T10:32:28.059+0000] {logging_mixin.py:190} INFO - [2025-02-21T10:32:28.059+0000] {dagbag.py:588} INFO - Filling up the DagBag from /home/airflow/.local/lib/python3.12/site-packages/airflow/example_dags/example_latest_only.py
[2025-02-21T10:32:28.063+0000] {processor.py:925} INFO - DAG(s) 'latest_only' retrieved from /home/airflow/.local/lib/python3.12/site-packages/airflow/example_dags/example_latest_only.py
[2025-02-21T10:32:28.076+0000] {logging_mixin.py:190} INFO - [2025-02-21T10:32:28.076+0000] {dag.py:3239} INFO - Sync 1 DAGs
[2025-02-21T10:32:28.088+0000] {logging_mixin.py:190} INFO - [2025-02-21T10:32:28.088+0000] {dag.py:4180} INFO - Setting next_dagrun for latest_only to 2025-02-21 04:00:00+00:00, run_after=2025-02-21 08:00:00+00:00
[2025-02-21T10:32:28.099+0000] {processor.py:208} INFO - Processing /home/airflow/.local/lib/python3.12/site-packages/airflow/example_dags/example_latest_only.py took 0.048 seconds
[2025-02-21T10:32:58.742+0000] {processor.py:186} INFO - Started process (PID=1116) to work on /home/airflow/.local/lib/python3.12/site-packages/airflow/example_dags/example_latest_only.py
[2025-02-21T10:32:58.743+0000] {processor.py:914} INFO - Processing file /home/airflow/.local/lib/python3.12/site-packages/airflow/example_dags/example_latest_only.py for tasks to queue
[2025-02-21T10:32:58.744+0000] {logging_mixin.py:190} INFO - [2025-02-21T10:32:58.744+0000] {dagbag.py:588} INFO - Filling up the DagBag from /home/airflow/.local/lib/python3.12/site-packages/airflow/example_dags/example_latest_only.py
[2025-02-21T10:32:58.748+0000] {processor.py:925} INFO - DAG(s) 'latest_only' retrieved from /home/airflow/.local/lib/python3.12/site-packages/airflow/example_dags/example_latest_only.py
[2025-02-21T10:32:58.764+0000] {logging_mixin.py:190} INFO - [2025-02-21T10:32:58.764+0000] {dag.py:3239} INFO - Sync 1 DAGs
[2025-02-21T10:32:58.776+0000] {logging_mixin.py:190} INFO - [2025-02-21T10:32:58.776+0000] {dag.py:4180} INFO - Setting next_dagrun for latest_only to 2025-02-21 04:00:00+00:00, run_after=2025-02-21 08:00:00+00:00
[2025-02-21T10:32:58.786+0000] {processor.py:208} INFO - Processing /home/airflow/.local/lib/python3.12/site-packages/airflow/example_dags/example_latest_only.py took 0.046 seconds
[2025-02-21T10:33:29.911+0000] {processor.py:186} INFO - Started process (PID=1178) to work on /home/airflow/.local/lib/python3.12/site-packages/airflow/example_dags/example_latest_only.py
[2025-02-21T10:33:29.912+0000] {processor.py:914} INFO - Processing file /home/airflow/.local/lib/python3.12/site-packages/airflow/example_dags/example_latest_only.py for tasks to queue
[2025-02-21T10:33:29.913+0000] {logging_mixin.py:190} INFO - [2025-02-21T10:33:29.913+0000] {dagbag.py:588} INFO - Filling up the DagBag from /home/airflow/.local/lib/python3.12/site-packages/airflow/example_dags/example_latest_only.py
[2025-02-21T10:33:29.917+0000] {processor.py:925} INFO - DAG(s) 'latest_only' retrieved from /home/airflow/.local/lib/python3.12/site-packages/airflow/example_dags/example_latest_only.py
[2025-02-21T10:33:29.928+0000] {logging_mixin.py:190} INFO - [2025-02-21T10:33:29.928+0000] {dag.py:3239} INFO - Sync 1 DAGs
[2025-02-21T10:33:29.940+0000] {logging_mixin.py:190} INFO - [2025-02-21T10:33:29.940+0000] {dag.py:4180} INFO - Setting next_dagrun for latest_only to 2025-02-21 04:00:00+00:00, run_after=2025-02-21 08:00:00+00:00
[2025-02-21T10:33:29.949+0000] {processor.py:208} INFO - Processing /home/airflow/.local/lib/python3.12/site-packages/airflow/example_dags/example_latest_only.py took 0.041 seconds
[2025-02-21T10:34:00.720+0000] {processor.py:186} INFO - Started process (PID=1240) to work on /home/airflow/.local/lib/python3.12/site-packages/airflow/example_dags/example_latest_only.py
[2025-02-21T10:34:00.722+0000] {processor.py:914} INFO - Processing file /home/airflow/.local/lib/python3.12/site-packages/airflow/example_dags/example_latest_only.py for tasks to queue
[2025-02-21T10:34:00.724+0000] {logging_mixin.py:190} INFO - [2025-02-21T10:34:00.724+0000] {dagbag.py:588} INFO - Filling up the DagBag from /home/airflow/.local/lib/python3.12/site-packages/airflow/example_dags/example_latest_only.py
[2025-02-21T10:34:00.729+0000] {processor.py:925} INFO - DAG(s) 'latest_only' retrieved from /home/airflow/.local/lib/python3.12/site-packages/airflow/example_dags/example_latest_only.py
[2025-02-21T10:34:00.742+0000] {logging_mixin.py:190} INFO - [2025-02-21T10:34:00.742+0000] {dag.py:3239} INFO - Sync 1 DAGs
[2025-02-21T10:34:00.754+0000] {logging_mixin.py:190} INFO - [2025-02-21T10:34:00.754+0000] {dag.py:4180} INFO - Setting next_dagrun for latest_only to 2025-02-21 04:00:00+00:00, run_after=2025-02-21 08:00:00+00:00
[2025-02-21T10:34:00.764+0000] {processor.py:208} INFO - Processing /home/airflow/.local/lib/python3.12/site-packages/airflow/example_dags/example_latest_only.py took 0.049 seconds
[2025-02-21T10:34:30.925+0000] {processor.py:186} INFO - Started process (PID=1302) to work on /home/airflow/.local/lib/python3.12/site-packages/airflow/example_dags/example_latest_only.py
[2025-02-21T10:34:30.926+0000] {processor.py:914} INFO - Processing file /home/airflow/.local/lib/python3.12/site-packages/airflow/example_dags/example_latest_only.py for tasks to queue
[2025-02-21T10:34:30.928+0000] {logging_mixin.py:190} INFO - [2025-02-21T10:34:30.928+0000] {dagbag.py:588} INFO - Filling up the DagBag from /home/airflow/.local/lib/python3.12/site-packages/airflow/example_dags/example_latest_only.py
[2025-02-21T10:34:30.934+0000] {processor.py:925} INFO - DAG(s) 'latest_only' retrieved from /home/airflow/.local/lib/python3.12/site-packages/airflow/example_dags/example_latest_only.py
[2025-02-21T10:34:30.945+0000] {logging_mixin.py:190} INFO - [2025-02-21T10:34:30.945+0000] {dag.py:3239} INFO - Sync 1 DAGs
[2025-02-21T10:34:30.958+0000] {logging_mixin.py:190} INFO - [2025-02-21T10:34:30.957+0000] {dag.py:4180} INFO - Setting next_dagrun for latest_only to 2025-02-21 04:00:00+00:00, run_after=2025-02-21 08:00:00+00:00
[2025-02-21T10:34:30.967+0000] {processor.py:208} INFO - Processing /home/airflow/.local/lib/python3.12/site-packages/airflow/example_dags/example_latest_only.py took 0.045 seconds
[2025-02-21T10:35:01.639+0000] {processor.py:186} INFO - Started process (PID=1364) to work on /home/airflow/.local/lib/python3.12/site-packages/airflow/example_dags/example_latest_only.py
[2025-02-21T10:35:01.639+0000] {processor.py:914} INFO - Processing file /home/airflow/.local/lib/python3.12/site-packages/airflow/example_dags/example_latest_only.py for tasks to queue
[2025-02-21T10:35:01.641+0000] {logging_mixin.py:190} INFO - [2025-02-21T10:35:01.641+0000] {dagbag.py:588} INFO - Filling up the DagBag from /home/airflow/.local/lib/python3.12/site-packages/airflow/example_dags/example_latest_only.py
[2025-02-21T10:35:01.650+0000] {processor.py:925} INFO - DAG(s) 'latest_only' retrieved from /home/airflow/.local/lib/python3.12/site-packages/airflow/example_dags/example_latest_only.py
[2025-02-21T10:35:01.664+0000] {logging_mixin.py:190} INFO - [2025-02-21T10:35:01.663+0000] {dag.py:3239} INFO - Sync 1 DAGs
[2025-02-21T10:35:01.676+0000] {logging_mixin.py:190} INFO - [2025-02-21T10:35:01.676+0000] {dag.py:4180} INFO - Setting next_dagrun for latest_only to 2025-02-21 04:00:00+00:00, run_after=2025-02-21 08:00:00+00:00
[2025-02-21T10:35:01.687+0000] {processor.py:208} INFO - Processing /home/airflow/.local/lib/python3.12/site-packages/airflow/example_dags/example_latest_only.py took 0.052 seconds
[2025-02-21T11:03:58.897+0000] {processor.py:186} INFO - Started process (PID=57) to work on /home/airflow/.local/lib/python3.12/site-packages/airflow/example_dags/example_latest_only.py
[2025-02-21T11:03:58.899+0000] {processor.py:914} INFO - Processing file /home/airflow/.local/lib/python3.12/site-packages/airflow/example_dags/example_latest_only.py for tasks to queue
[2025-02-21T11:03:58.904+0000] {logging_mixin.py:190} INFO - [2025-02-21T11:03:58.904+0000] {dagbag.py:588} INFO - Filling up the DagBag from /home/airflow/.local/lib/python3.12/site-packages/airflow/example_dags/example_latest_only.py
[2025-02-21T11:03:58.930+0000] {processor.py:925} INFO - DAG(s) 'latest_only' retrieved from /home/airflow/.local/lib/python3.12/site-packages/airflow/example_dags/example_latest_only.py
[2025-02-21T11:03:58.986+0000] {logging_mixin.py:190} INFO - [2025-02-21T11:03:58.986+0000] {dag.py:3239} INFO - Sync 1 DAGs
[2025-02-21T11:03:59.018+0000] {logging_mixin.py:190} INFO - [2025-02-21T11:03:59.018+0000] {dag.py:4180} INFO - Setting next_dagrun for latest_only to 2025-02-21 04:00:00+00:00, run_after=2025-02-21 08:00:00+00:00
[2025-02-21T11:03:59.041+0000] {processor.py:208} INFO - Processing /home/airflow/.local/lib/python3.12/site-packages/airflow/example_dags/example_latest_only.py took 0.157 seconds
[2025-02-21T11:04:29.301+0000] {processor.py:186} INFO - Started process (PID=119) to work on /home/airflow/.local/lib/python3.12/site-packages/airflow/example_dags/example_latest_only.py
[2025-02-21T11:04:29.302+0000] {processor.py:914} INFO - Processing file /home/airflow/.local/lib/python3.12/site-packages/airflow/example_dags/example_latest_only.py for tasks to queue
[2025-02-21T11:04:29.304+0000] {logging_mixin.py:190} INFO - [2025-02-21T11:04:29.303+0000] {dagbag.py:588} INFO - Filling up the DagBag from /home/airflow/.local/lib/python3.12/site-packages/airflow/example_dags/example_latest_only.py
[2025-02-21T11:04:29.309+0000] {processor.py:925} INFO - DAG(s) 'latest_only' retrieved from /home/airflow/.local/lib/python3.12/site-packages/airflow/example_dags/example_latest_only.py
[2025-02-21T11:04:29.321+0000] {logging_mixin.py:190} INFO - [2025-02-21T11:04:29.321+0000] {dag.py:3239} INFO - Sync 1 DAGs
[2025-02-21T11:04:29.334+0000] {logging_mixin.py:190} INFO - [2025-02-21T11:04:29.334+0000] {dag.py:4180} INFO - Setting next_dagrun for latest_only to 2025-02-21 04:00:00+00:00, run_after=2025-02-21 08:00:00+00:00
[2025-02-21T11:04:29.346+0000] {processor.py:208} INFO - Processing /home/airflow/.local/lib/python3.12/site-packages/airflow/example_dags/example_latest_only.py took 0.049 seconds
