[2025-02-21T10:24:18.813+0000] {processor.py:186} INFO - Started process (PID=73) to work on /home/airflow/.local/lib/python3.12/site-packages/airflow/example_dags/example_setup_teardown.py
[2025-02-21T10:24:18.817+0000] {processor.py:914} INFO - Processing file /home/airflow/.local/lib/python3.12/site-packages/airflow/example_dags/example_setup_teardown.py for tasks to queue
[2025-02-21T10:24:18.835+0000] {logging_mixin.py:190} INFO - [2025-02-21T10:24:18.834+0000] {dagbag.py:588} INFO - Filling up the DagBag from /home/airflow/.local/lib/python3.12/site-packages/airflow/example_dags/example_setup_teardown.py
[2025-02-21T10:24:18.860+0000] {processor.py:925} INFO - DAG(s) 'example_setup_teardown' retrieved from /home/airflow/.local/lib/python3.12/site-packages/airflow/example_dags/example_setup_teardown.py
[2025-02-21T10:24:18.966+0000] {logging_mixin.py:190} INFO - [2025-02-21T10:24:18.966+0000] {dag.py:3239} INFO - Sync 1 DAGs
[2025-02-21T10:24:18.989+0000] {logging_mixin.py:190} INFO - [2025-02-21T10:24:18.988+0000] {dag.py:4180} INFO - Setting next_dagrun for example_setup_teardown to None, run_after=None
[2025-02-21T10:24:19.016+0000] {processor.py:208} INFO - Processing /home/airflow/.local/lib/python3.12/site-packages/airflow/example_dags/example_setup_teardown.py took 0.226 seconds
[2025-02-21T10:24:49.269+0000] {processor.py:186} INFO - Started process (PID=135) to work on /home/airflow/.local/lib/python3.12/site-packages/airflow/example_dags/example_setup_teardown.py
[2025-02-21T10:24:49.271+0000] {processor.py:914} INFO - Processing file /home/airflow/.local/lib/python3.12/site-packages/airflow/example_dags/example_setup_teardown.py for tasks to queue
[2025-02-21T10:24:49.272+0000] {logging_mixin.py:190} INFO - [2025-02-21T10:24:49.272+0000] {dagbag.py:588} INFO - Filling up the DagBag from /home/airflow/.local/lib/python3.12/site-packages/airflow/example_dags/example_setup_teardown.py
[2025-02-21T10:24:49.279+0000] {processor.py:925} INFO - DAG(s) 'example_setup_teardown' retrieved from /home/airflow/.local/lib/python3.12/site-packages/airflow/example_dags/example_setup_teardown.py
[2025-02-21T10:24:49.300+0000] {logging_mixin.py:190} INFO - [2025-02-21T10:24:49.300+0000] {dag.py:3239} INFO - Sync 1 DAGs
[2025-02-21T10:24:49.315+0000] {logging_mixin.py:190} INFO - [2025-02-21T10:24:49.314+0000] {dag.py:4180} INFO - Setting next_dagrun for example_setup_teardown to None, run_after=None
[2025-02-21T10:24:49.332+0000] {processor.py:208} INFO - Processing /home/airflow/.local/lib/python3.12/site-packages/airflow/example_dags/example_setup_teardown.py took 0.068 seconds
[2025-02-21T10:25:20.416+0000] {processor.py:186} INFO - Started process (PID=197) to work on /home/airflow/.local/lib/python3.12/site-packages/airflow/example_dags/example_setup_teardown.py
[2025-02-21T10:25:20.417+0000] {processor.py:914} INFO - Processing file /home/airflow/.local/lib/python3.12/site-packages/airflow/example_dags/example_setup_teardown.py for tasks to queue
[2025-02-21T10:25:20.419+0000] {logging_mixin.py:190} INFO - [2025-02-21T10:25:20.418+0000] {dagbag.py:588} INFO - Filling up the DagBag from /home/airflow/.local/lib/python3.12/site-packages/airflow/example_dags/example_setup_teardown.py
[2025-02-21T10:25:20.425+0000] {processor.py:925} INFO - DAG(s) 'example_setup_teardown' retrieved from /home/airflow/.local/lib/python3.12/site-packages/airflow/example_dags/example_setup_teardown.py
[2025-02-21T10:25:20.439+0000] {logging_mixin.py:190} INFO - [2025-02-21T10:25:20.439+0000] {dag.py:3239} INFO - Sync 1 DAGs
[2025-02-21T10:25:20.455+0000] {logging_mixin.py:190} INFO - [2025-02-21T10:25:20.455+0000] {dag.py:4180} INFO - Setting next_dagrun for example_setup_teardown to None, run_after=None
[2025-02-21T10:25:20.468+0000] {processor.py:208} INFO - Processing /home/airflow/.local/lib/python3.12/site-packages/airflow/example_dags/example_setup_teardown.py took 0.057 seconds
[2025-02-21T10:25:51.157+0000] {processor.py:186} INFO - Started process (PID=259) to work on /home/airflow/.local/lib/python3.12/site-packages/airflow/example_dags/example_setup_teardown.py
[2025-02-21T10:25:51.158+0000] {processor.py:914} INFO - Processing file /home/airflow/.local/lib/python3.12/site-packages/airflow/example_dags/example_setup_teardown.py for tasks to queue
[2025-02-21T10:25:51.159+0000] {logging_mixin.py:190} INFO - [2025-02-21T10:25:51.159+0000] {dagbag.py:588} INFO - Filling up the DagBag from /home/airflow/.local/lib/python3.12/site-packages/airflow/example_dags/example_setup_teardown.py
[2025-02-21T10:25:51.164+0000] {processor.py:925} INFO - DAG(s) 'example_setup_teardown' retrieved from /home/airflow/.local/lib/python3.12/site-packages/airflow/example_dags/example_setup_teardown.py
[2025-02-21T10:25:51.185+0000] {logging_mixin.py:190} INFO - [2025-02-21T10:25:51.185+0000] {dag.py:3239} INFO - Sync 1 DAGs
[2025-02-21T10:25:51.199+0000] {logging_mixin.py:190} INFO - [2025-02-21T10:25:51.199+0000] {dag.py:4180} INFO - Setting next_dagrun for example_setup_teardown to None, run_after=None
[2025-02-21T10:25:51.219+0000] {processor.py:208} INFO - Processing /home/airflow/.local/lib/python3.12/site-packages/airflow/example_dags/example_setup_teardown.py took 0.068 seconds
[2025-02-21T10:26:21.748+0000] {processor.py:186} INFO - Started process (PID=321) to work on /home/airflow/.local/lib/python3.12/site-packages/airflow/example_dags/example_setup_teardown.py
[2025-02-21T10:26:21.749+0000] {processor.py:914} INFO - Processing file /home/airflow/.local/lib/python3.12/site-packages/airflow/example_dags/example_setup_teardown.py for tasks to queue
[2025-02-21T10:26:21.750+0000] {logging_mixin.py:190} INFO - [2025-02-21T10:26:21.750+0000] {dagbag.py:588} INFO - Filling up the DagBag from /home/airflow/.local/lib/python3.12/site-packages/airflow/example_dags/example_setup_teardown.py
[2025-02-21T10:26:21.759+0000] {processor.py:925} INFO - DAG(s) 'example_setup_teardown' retrieved from /home/airflow/.local/lib/python3.12/site-packages/airflow/example_dags/example_setup_teardown.py
[2025-02-21T10:26:21.778+0000] {logging_mixin.py:190} INFO - [2025-02-21T10:26:21.778+0000] {dag.py:3239} INFO - Sync 1 DAGs
[2025-02-21T10:26:21.787+0000] {logging_mixin.py:190} INFO - [2025-02-21T10:26:21.787+0000] {dag.py:4180} INFO - Setting next_dagrun for example_setup_teardown to None, run_after=None
[2025-02-21T10:26:21.800+0000] {processor.py:208} INFO - Processing /home/airflow/.local/lib/python3.12/site-packages/airflow/example_dags/example_setup_teardown.py took 0.056 seconds
[2025-02-21T10:26:52.506+0000] {processor.py:186} INFO - Started process (PID=383) to work on /home/airflow/.local/lib/python3.12/site-packages/airflow/example_dags/example_setup_teardown.py
[2025-02-21T10:26:52.507+0000] {processor.py:914} INFO - Processing file /home/airflow/.local/lib/python3.12/site-packages/airflow/example_dags/example_setup_teardown.py for tasks to queue
[2025-02-21T10:26:52.508+0000] {logging_mixin.py:190} INFO - [2025-02-21T10:26:52.508+0000] {dagbag.py:588} INFO - Filling up the DagBag from /home/airflow/.local/lib/python3.12/site-packages/airflow/example_dags/example_setup_teardown.py
[2025-02-21T10:26:52.513+0000] {processor.py:925} INFO - DAG(s) 'example_setup_teardown' retrieved from /home/airflow/.local/lib/python3.12/site-packages/airflow/example_dags/example_setup_teardown.py
[2025-02-21T10:26:52.531+0000] {logging_mixin.py:190} INFO - [2025-02-21T10:26:52.531+0000] {dag.py:3239} INFO - Sync 1 DAGs
[2025-02-21T10:26:52.542+0000] {logging_mixin.py:190} INFO - [2025-02-21T10:26:52.542+0000] {dag.py:4180} INFO - Setting next_dagrun for example_setup_teardown to None, run_after=None
[2025-02-21T10:26:52.560+0000] {processor.py:208} INFO - Processing /home/airflow/.local/lib/python3.12/site-packages/airflow/example_dags/example_setup_teardown.py took 0.057 seconds
[2025-02-21T10:27:23.217+0000] {processor.py:186} INFO - Started process (PID=445) to work on /home/airflow/.local/lib/python3.12/site-packages/airflow/example_dags/example_setup_teardown.py
[2025-02-21T10:27:23.217+0000] {processor.py:914} INFO - Processing file /home/airflow/.local/lib/python3.12/site-packages/airflow/example_dags/example_setup_teardown.py for tasks to queue
[2025-02-21T10:27:23.220+0000] {logging_mixin.py:190} INFO - [2025-02-21T10:27:23.220+0000] {dagbag.py:588} INFO - Filling up the DagBag from /home/airflow/.local/lib/python3.12/site-packages/airflow/example_dags/example_setup_teardown.py
[2025-02-21T10:27:23.226+0000] {processor.py:925} INFO - DAG(s) 'example_setup_teardown' retrieved from /home/airflow/.local/lib/python3.12/site-packages/airflow/example_dags/example_setup_teardown.py
[2025-02-21T10:27:23.238+0000] {logging_mixin.py:190} INFO - [2025-02-21T10:27:23.238+0000] {dag.py:3239} INFO - Sync 1 DAGs
[2025-02-21T10:27:23.250+0000] {logging_mixin.py:190} INFO - [2025-02-21T10:27:23.249+0000] {dag.py:4180} INFO - Setting next_dagrun for example_setup_teardown to None, run_after=None
[2025-02-21T10:27:23.264+0000] {processor.py:208} INFO - Processing /home/airflow/.local/lib/python3.12/site-packages/airflow/example_dags/example_setup_teardown.py took 0.052 seconds
[2025-02-21T10:27:53.947+0000] {processor.py:186} INFO - Started process (PID=507) to work on /home/airflow/.local/lib/python3.12/site-packages/airflow/example_dags/example_setup_teardown.py
[2025-02-21T10:27:53.948+0000] {processor.py:914} INFO - Processing file /home/airflow/.local/lib/python3.12/site-packages/airflow/example_dags/example_setup_teardown.py for tasks to queue
[2025-02-21T10:27:53.949+0000] {logging_mixin.py:190} INFO - [2025-02-21T10:27:53.949+0000] {dagbag.py:588} INFO - Filling up the DagBag from /home/airflow/.local/lib/python3.12/site-packages/airflow/example_dags/example_setup_teardown.py
[2025-02-21T10:27:53.954+0000] {processor.py:925} INFO - DAG(s) 'example_setup_teardown' retrieved from /home/airflow/.local/lib/python3.12/site-packages/airflow/example_dags/example_setup_teardown.py
[2025-02-21T10:27:53.965+0000] {logging_mixin.py:190} INFO - [2025-02-21T10:27:53.964+0000] {dag.py:3239} INFO - Sync 1 DAGs
[2025-02-21T10:27:53.973+0000] {logging_mixin.py:190} INFO - [2025-02-21T10:27:53.973+0000] {dag.py:4180} INFO - Setting next_dagrun for example_setup_teardown to None, run_after=None
[2025-02-21T10:27:53.989+0000] {processor.py:208} INFO - Processing /home/airflow/.local/lib/python3.12/site-packages/airflow/example_dags/example_setup_teardown.py took 0.046 seconds
[2025-02-21T10:28:24.886+0000] {processor.py:186} INFO - Started process (PID=569) to work on /home/airflow/.local/lib/python3.12/site-packages/airflow/example_dags/example_setup_teardown.py
[2025-02-21T10:28:24.887+0000] {processor.py:914} INFO - Processing file /home/airflow/.local/lib/python3.12/site-packages/airflow/example_dags/example_setup_teardown.py for tasks to queue
[2025-02-21T10:28:24.888+0000] {logging_mixin.py:190} INFO - [2025-02-21T10:28:24.888+0000] {dagbag.py:588} INFO - Filling up the DagBag from /home/airflow/.local/lib/python3.12/site-packages/airflow/example_dags/example_setup_teardown.py
[2025-02-21T10:28:24.893+0000] {processor.py:925} INFO - DAG(s) 'example_setup_teardown' retrieved from /home/airflow/.local/lib/python3.12/site-packages/airflow/example_dags/example_setup_teardown.py
[2025-02-21T10:28:24.907+0000] {logging_mixin.py:190} INFO - [2025-02-21T10:28:24.907+0000] {dag.py:3239} INFO - Sync 1 DAGs
[2025-02-21T10:28:24.914+0000] {logging_mixin.py:190} INFO - [2025-02-21T10:28:24.914+0000] {dag.py:4180} INFO - Setting next_dagrun for example_setup_teardown to None, run_after=None
[2025-02-21T10:28:24.925+0000] {processor.py:208} INFO - Processing /home/airflow/.local/lib/python3.12/site-packages/airflow/example_dags/example_setup_teardown.py took 0.044 seconds
[2025-02-21T10:28:55.656+0000] {processor.py:186} INFO - Started process (PID=631) to work on /home/airflow/.local/lib/python3.12/site-packages/airflow/example_dags/example_setup_teardown.py
[2025-02-21T10:28:55.657+0000] {processor.py:914} INFO - Processing file /home/airflow/.local/lib/python3.12/site-packages/airflow/example_dags/example_setup_teardown.py for tasks to queue
[2025-02-21T10:28:55.660+0000] {logging_mixin.py:190} INFO - [2025-02-21T10:28:55.659+0000] {dagbag.py:588} INFO - Filling up the DagBag from /home/airflow/.local/lib/python3.12/site-packages/airflow/example_dags/example_setup_teardown.py
[2025-02-21T10:28:55.664+0000] {processor.py:925} INFO - DAG(s) 'example_setup_teardown' retrieved from /home/airflow/.local/lib/python3.12/site-packages/airflow/example_dags/example_setup_teardown.py
[2025-02-21T10:28:55.679+0000] {logging_mixin.py:190} INFO - [2025-02-21T10:28:55.679+0000] {dag.py:3239} INFO - Sync 1 DAGs
[2025-02-21T10:28:55.686+0000] {logging_mixin.py:190} INFO - [2025-02-21T10:28:55.686+0000] {dag.py:4180} INFO - Setting next_dagrun for example_setup_teardown to None, run_after=None
[2025-02-21T10:28:55.698+0000] {processor.py:208} INFO - Processing /home/airflow/.local/lib/python3.12/site-packages/airflow/example_dags/example_setup_teardown.py took 0.046 seconds
[2025-02-21T10:29:26.680+0000] {processor.py:186} INFO - Started process (PID=693) to work on /home/airflow/.local/lib/python3.12/site-packages/airflow/example_dags/example_setup_teardown.py
[2025-02-21T10:29:26.681+0000] {processor.py:914} INFO - Processing file /home/airflow/.local/lib/python3.12/site-packages/airflow/example_dags/example_setup_teardown.py for tasks to queue
[2025-02-21T10:29:26.683+0000] {logging_mixin.py:190} INFO - [2025-02-21T10:29:26.683+0000] {dagbag.py:588} INFO - Filling up the DagBag from /home/airflow/.local/lib/python3.12/site-packages/airflow/example_dags/example_setup_teardown.py
[2025-02-21T10:29:26.689+0000] {processor.py:925} INFO - DAG(s) 'example_setup_teardown' retrieved from /home/airflow/.local/lib/python3.12/site-packages/airflow/example_dags/example_setup_teardown.py
[2025-02-21T10:29:26.701+0000] {logging_mixin.py:190} INFO - [2025-02-21T10:29:26.701+0000] {dag.py:3239} INFO - Sync 1 DAGs
[2025-02-21T10:29:26.708+0000] {logging_mixin.py:190} INFO - [2025-02-21T10:29:26.708+0000] {dag.py:4180} INFO - Setting next_dagrun for example_setup_teardown to None, run_after=None
[2025-02-21T10:29:26.719+0000] {processor.py:208} INFO - Processing /home/airflow/.local/lib/python3.12/site-packages/airflow/example_dags/example_setup_teardown.py took 0.044 seconds
[2025-02-21T10:29:57.298+0000] {processor.py:186} INFO - Started process (PID=755) to work on /home/airflow/.local/lib/python3.12/site-packages/airflow/example_dags/example_setup_teardown.py
[2025-02-21T10:29:57.299+0000] {processor.py:914} INFO - Processing file /home/airflow/.local/lib/python3.12/site-packages/airflow/example_dags/example_setup_teardown.py for tasks to queue
[2025-02-21T10:29:57.301+0000] {logging_mixin.py:190} INFO - [2025-02-21T10:29:57.300+0000] {dagbag.py:588} INFO - Filling up the DagBag from /home/airflow/.local/lib/python3.12/site-packages/airflow/example_dags/example_setup_teardown.py
[2025-02-21T10:29:57.319+0000] {processor.py:925} INFO - DAG(s) 'example_setup_teardown' retrieved from /home/airflow/.local/lib/python3.12/site-packages/airflow/example_dags/example_setup_teardown.py
[2025-02-21T10:29:57.337+0000] {logging_mixin.py:190} INFO - [2025-02-21T10:29:57.336+0000] {dag.py:3239} INFO - Sync 1 DAGs
[2025-02-21T10:29:57.351+0000] {logging_mixin.py:190} INFO - [2025-02-21T10:29:57.351+0000] {dag.py:4180} INFO - Setting next_dagrun for example_setup_teardown to None, run_after=None
[2025-02-21T10:29:57.369+0000] {processor.py:208} INFO - Processing /home/airflow/.local/lib/python3.12/site-packages/airflow/example_dags/example_setup_teardown.py took 0.073 seconds
[2025-02-21T10:30:28.248+0000] {processor.py:186} INFO - Started process (PID=817) to work on /home/airflow/.local/lib/python3.12/site-packages/airflow/example_dags/example_setup_teardown.py
[2025-02-21T10:30:28.249+0000] {processor.py:914} INFO - Processing file /home/airflow/.local/lib/python3.12/site-packages/airflow/example_dags/example_setup_teardown.py for tasks to queue
[2025-02-21T10:30:28.251+0000] {logging_mixin.py:190} INFO - [2025-02-21T10:30:28.251+0000] {dagbag.py:588} INFO - Filling up the DagBag from /home/airflow/.local/lib/python3.12/site-packages/airflow/example_dags/example_setup_teardown.py
[2025-02-21T10:30:28.258+0000] {processor.py:925} INFO - DAG(s) 'example_setup_teardown' retrieved from /home/airflow/.local/lib/python3.12/site-packages/airflow/example_dags/example_setup_teardown.py
[2025-02-21T10:30:28.272+0000] {logging_mixin.py:190} INFO - [2025-02-21T10:30:28.272+0000] {dag.py:3239} INFO - Sync 1 DAGs
[2025-02-21T10:30:28.282+0000] {logging_mixin.py:190} INFO - [2025-02-21T10:30:28.282+0000] {dag.py:4180} INFO - Setting next_dagrun for example_setup_teardown to None, run_after=None
[2025-02-21T10:30:28.297+0000] {processor.py:208} INFO - Processing /home/airflow/.local/lib/python3.12/site-packages/airflow/example_dags/example_setup_teardown.py took 0.054 seconds
[2025-02-21T10:30:58.884+0000] {processor.py:186} INFO - Started process (PID=879) to work on /home/airflow/.local/lib/python3.12/site-packages/airflow/example_dags/example_setup_teardown.py
[2025-02-21T10:30:58.886+0000] {processor.py:914} INFO - Processing file /home/airflow/.local/lib/python3.12/site-packages/airflow/example_dags/example_setup_teardown.py for tasks to queue
[2025-02-21T10:30:58.888+0000] {logging_mixin.py:190} INFO - [2025-02-21T10:30:58.888+0000] {dagbag.py:588} INFO - Filling up the DagBag from /home/airflow/.local/lib/python3.12/site-packages/airflow/example_dags/example_setup_teardown.py
[2025-02-21T10:30:58.894+0000] {processor.py:925} INFO - DAG(s) 'example_setup_teardown' retrieved from /home/airflow/.local/lib/python3.12/site-packages/airflow/example_dags/example_setup_teardown.py
[2025-02-21T10:30:58.908+0000] {logging_mixin.py:190} INFO - [2025-02-21T10:30:58.908+0000] {dag.py:3239} INFO - Sync 1 DAGs
[2025-02-21T10:30:58.916+0000] {logging_mixin.py:190} INFO - [2025-02-21T10:30:58.915+0000] {dag.py:4180} INFO - Setting next_dagrun for example_setup_teardown to None, run_after=None
[2025-02-21T10:30:58.935+0000] {processor.py:208} INFO - Processing /home/airflow/.local/lib/python3.12/site-packages/airflow/example_dags/example_setup_teardown.py took 0.054 seconds
[2025-02-21T10:31:29.580+0000] {processor.py:186} INFO - Started process (PID=941) to work on /home/airflow/.local/lib/python3.12/site-packages/airflow/example_dags/example_setup_teardown.py
[2025-02-21T10:31:29.581+0000] {processor.py:914} INFO - Processing file /home/airflow/.local/lib/python3.12/site-packages/airflow/example_dags/example_setup_teardown.py for tasks to queue
[2025-02-21T10:31:29.582+0000] {logging_mixin.py:190} INFO - [2025-02-21T10:31:29.582+0000] {dagbag.py:588} INFO - Filling up the DagBag from /home/airflow/.local/lib/python3.12/site-packages/airflow/example_dags/example_setup_teardown.py
[2025-02-21T10:31:29.588+0000] {processor.py:925} INFO - DAG(s) 'example_setup_teardown' retrieved from /home/airflow/.local/lib/python3.12/site-packages/airflow/example_dags/example_setup_teardown.py
[2025-02-21T10:31:29.607+0000] {logging_mixin.py:190} INFO - [2025-02-21T10:31:29.606+0000] {dag.py:3239} INFO - Sync 1 DAGs
[2025-02-21T10:31:29.615+0000] {logging_mixin.py:190} INFO - [2025-02-21T10:31:29.615+0000] {dag.py:4180} INFO - Setting next_dagrun for example_setup_teardown to None, run_after=None
[2025-02-21T10:31:29.631+0000] {processor.py:208} INFO - Processing /home/airflow/.local/lib/python3.12/site-packages/airflow/example_dags/example_setup_teardown.py took 0.055 seconds
[2025-02-21T10:32:00.378+0000] {processor.py:186} INFO - Started process (PID=1003) to work on /home/airflow/.local/lib/python3.12/site-packages/airflow/example_dags/example_setup_teardown.py
[2025-02-21T10:32:00.379+0000] {processor.py:914} INFO - Processing file /home/airflow/.local/lib/python3.12/site-packages/airflow/example_dags/example_setup_teardown.py for tasks to queue
[2025-02-21T10:32:00.381+0000] {logging_mixin.py:190} INFO - [2025-02-21T10:32:00.381+0000] {dagbag.py:588} INFO - Filling up the DagBag from /home/airflow/.local/lib/python3.12/site-packages/airflow/example_dags/example_setup_teardown.py
[2025-02-21T10:32:00.386+0000] {processor.py:925} INFO - DAG(s) 'example_setup_teardown' retrieved from /home/airflow/.local/lib/python3.12/site-packages/airflow/example_dags/example_setup_teardown.py
[2025-02-21T10:32:00.400+0000] {logging_mixin.py:190} INFO - [2025-02-21T10:32:00.400+0000] {dag.py:3239} INFO - Sync 1 DAGs
[2025-02-21T10:32:00.408+0000] {logging_mixin.py:190} INFO - [2025-02-21T10:32:00.408+0000] {dag.py:4180} INFO - Setting next_dagrun for example_setup_teardown to None, run_after=None
[2025-02-21T10:32:00.421+0000] {processor.py:208} INFO - Processing /home/airflow/.local/lib/python3.12/site-packages/airflow/example_dags/example_setup_teardown.py took 0.047 seconds
[2025-02-21T10:32:30.627+0000] {processor.py:186} INFO - Started process (PID=1065) to work on /home/airflow/.local/lib/python3.12/site-packages/airflow/example_dags/example_setup_teardown.py
[2025-02-21T10:32:30.628+0000] {processor.py:914} INFO - Processing file /home/airflow/.local/lib/python3.12/site-packages/airflow/example_dags/example_setup_teardown.py for tasks to queue
[2025-02-21T10:32:30.629+0000] {logging_mixin.py:190} INFO - [2025-02-21T10:32:30.629+0000] {dagbag.py:588} INFO - Filling up the DagBag from /home/airflow/.local/lib/python3.12/site-packages/airflow/example_dags/example_setup_teardown.py
[2025-02-21T10:32:30.634+0000] {processor.py:925} INFO - DAG(s) 'example_setup_teardown' retrieved from /home/airflow/.local/lib/python3.12/site-packages/airflow/example_dags/example_setup_teardown.py
[2025-02-21T10:32:30.650+0000] {logging_mixin.py:190} INFO - [2025-02-21T10:32:30.650+0000] {dag.py:3239} INFO - Sync 1 DAGs
[2025-02-21T10:32:30.658+0000] {logging_mixin.py:190} INFO - [2025-02-21T10:32:30.657+0000] {dag.py:4180} INFO - Setting next_dagrun for example_setup_teardown to None, run_after=None
[2025-02-21T10:32:30.673+0000] {processor.py:208} INFO - Processing /home/airflow/.local/lib/python3.12/site-packages/airflow/example_dags/example_setup_teardown.py took 0.048 seconds
[2025-02-21T10:33:01.393+0000] {processor.py:186} INFO - Started process (PID=1127) to work on /home/airflow/.local/lib/python3.12/site-packages/airflow/example_dags/example_setup_teardown.py
[2025-02-21T10:33:01.394+0000] {processor.py:914} INFO - Processing file /home/airflow/.local/lib/python3.12/site-packages/airflow/example_dags/example_setup_teardown.py for tasks to queue
[2025-02-21T10:33:01.395+0000] {logging_mixin.py:190} INFO - [2025-02-21T10:33:01.395+0000] {dagbag.py:588} INFO - Filling up the DagBag from /home/airflow/.local/lib/python3.12/site-packages/airflow/example_dags/example_setup_teardown.py
[2025-02-21T10:33:01.401+0000] {processor.py:925} INFO - DAG(s) 'example_setup_teardown' retrieved from /home/airflow/.local/lib/python3.12/site-packages/airflow/example_dags/example_setup_teardown.py
[2025-02-21T10:33:01.418+0000] {logging_mixin.py:190} INFO - [2025-02-21T10:33:01.418+0000] {dag.py:3239} INFO - Sync 1 DAGs
[2025-02-21T10:33:01.436+0000] {logging_mixin.py:190} INFO - [2025-02-21T10:33:01.435+0000] {dag.py:4180} INFO - Setting next_dagrun for example_setup_teardown to None, run_after=None
[2025-02-21T10:33:01.454+0000] {processor.py:208} INFO - Processing /home/airflow/.local/lib/python3.12/site-packages/airflow/example_dags/example_setup_teardown.py took 0.064 seconds
[2025-02-21T10:33:31.496+0000] {processor.py:186} INFO - Started process (PID=1189) to work on /home/airflow/.local/lib/python3.12/site-packages/airflow/example_dags/example_setup_teardown.py
[2025-02-21T10:33:31.497+0000] {processor.py:914} INFO - Processing file /home/airflow/.local/lib/python3.12/site-packages/airflow/example_dags/example_setup_teardown.py for tasks to queue
[2025-02-21T10:33:31.498+0000] {logging_mixin.py:190} INFO - [2025-02-21T10:33:31.498+0000] {dagbag.py:588} INFO - Filling up the DagBag from /home/airflow/.local/lib/python3.12/site-packages/airflow/example_dags/example_setup_teardown.py
[2025-02-21T10:33:31.507+0000] {processor.py:925} INFO - DAG(s) 'example_setup_teardown' retrieved from /home/airflow/.local/lib/python3.12/site-packages/airflow/example_dags/example_setup_teardown.py
[2025-02-21T10:33:31.521+0000] {logging_mixin.py:190} INFO - [2025-02-21T10:33:31.521+0000] {dag.py:3239} INFO - Sync 1 DAGs
[2025-02-21T10:33:31.533+0000] {logging_mixin.py:190} INFO - [2025-02-21T10:33:31.533+0000] {dag.py:4180} INFO - Setting next_dagrun for example_setup_teardown to None, run_after=None
[2025-02-21T10:33:31.547+0000] {processor.py:208} INFO - Processing /home/airflow/.local/lib/python3.12/site-packages/airflow/example_dags/example_setup_teardown.py took 0.055 seconds
[2025-02-21T10:34:02.234+0000] {processor.py:186} INFO - Started process (PID=1251) to work on /home/airflow/.local/lib/python3.12/site-packages/airflow/example_dags/example_setup_teardown.py
[2025-02-21T10:34:02.234+0000] {processor.py:914} INFO - Processing file /home/airflow/.local/lib/python3.12/site-packages/airflow/example_dags/example_setup_teardown.py for tasks to queue
[2025-02-21T10:34:02.236+0000] {logging_mixin.py:190} INFO - [2025-02-21T10:34:02.236+0000] {dagbag.py:588} INFO - Filling up the DagBag from /home/airflow/.local/lib/python3.12/site-packages/airflow/example_dags/example_setup_teardown.py
[2025-02-21T10:34:02.241+0000] {processor.py:925} INFO - DAG(s) 'example_setup_teardown' retrieved from /home/airflow/.local/lib/python3.12/site-packages/airflow/example_dags/example_setup_teardown.py
[2025-02-21T10:34:02.255+0000] {logging_mixin.py:190} INFO - [2025-02-21T10:34:02.255+0000] {dag.py:3239} INFO - Sync 1 DAGs
[2025-02-21T10:34:02.267+0000] {logging_mixin.py:190} INFO - [2025-02-21T10:34:02.267+0000] {dag.py:4180} INFO - Setting next_dagrun for example_setup_teardown to None, run_after=None
[2025-02-21T10:34:02.285+0000] {processor.py:208} INFO - Processing /home/airflow/.local/lib/python3.12/site-packages/airflow/example_dags/example_setup_teardown.py took 0.054 seconds
[2025-02-21T10:34:32.472+0000] {processor.py:186} INFO - Started process (PID=1313) to work on /home/airflow/.local/lib/python3.12/site-packages/airflow/example_dags/example_setup_teardown.py
[2025-02-21T10:34:32.473+0000] {processor.py:914} INFO - Processing file /home/airflow/.local/lib/python3.12/site-packages/airflow/example_dags/example_setup_teardown.py for tasks to queue
[2025-02-21T10:34:32.475+0000] {logging_mixin.py:190} INFO - [2025-02-21T10:34:32.475+0000] {dagbag.py:588} INFO - Filling up the DagBag from /home/airflow/.local/lib/python3.12/site-packages/airflow/example_dags/example_setup_teardown.py
[2025-02-21T10:34:32.479+0000] {processor.py:925} INFO - DAG(s) 'example_setup_teardown' retrieved from /home/airflow/.local/lib/python3.12/site-packages/airflow/example_dags/example_setup_teardown.py
[2025-02-21T10:34:32.490+0000] {logging_mixin.py:190} INFO - [2025-02-21T10:34:32.489+0000] {dag.py:3239} INFO - Sync 1 DAGs
[2025-02-21T10:34:32.496+0000] {logging_mixin.py:190} INFO - [2025-02-21T10:34:32.496+0000] {dag.py:4180} INFO - Setting next_dagrun for example_setup_teardown to None, run_after=None
[2025-02-21T10:34:32.508+0000] {processor.py:208} INFO - Processing /home/airflow/.local/lib/python3.12/site-packages/airflow/example_dags/example_setup_teardown.py took 0.039 seconds
[2025-02-21T10:35:03.465+0000] {processor.py:186} INFO - Started process (PID=1375) to work on /home/airflow/.local/lib/python3.12/site-packages/airflow/example_dags/example_setup_teardown.py
[2025-02-21T10:35:03.466+0000] {processor.py:914} INFO - Processing file /home/airflow/.local/lib/python3.12/site-packages/airflow/example_dags/example_setup_teardown.py for tasks to queue
[2025-02-21T10:35:03.468+0000] {logging_mixin.py:190} INFO - [2025-02-21T10:35:03.467+0000] {dagbag.py:588} INFO - Filling up the DagBag from /home/airflow/.local/lib/python3.12/site-packages/airflow/example_dags/example_setup_teardown.py
[2025-02-21T10:35:03.472+0000] {processor.py:925} INFO - DAG(s) 'example_setup_teardown' retrieved from /home/airflow/.local/lib/python3.12/site-packages/airflow/example_dags/example_setup_teardown.py
[2025-02-21T10:35:03.481+0000] {logging_mixin.py:190} INFO - [2025-02-21T10:35:03.481+0000] {dag.py:3239} INFO - Sync 1 DAGs
[2025-02-21T10:35:03.487+0000] {logging_mixin.py:190} INFO - [2025-02-21T10:35:03.487+0000] {dag.py:4180} INFO - Setting next_dagrun for example_setup_teardown to None, run_after=None
[2025-02-21T10:35:03.497+0000] {processor.py:208} INFO - Processing /home/airflow/.local/lib/python3.12/site-packages/airflow/example_dags/example_setup_teardown.py took 0.035 seconds
[2025-02-21T11:04:00.865+0000] {processor.py:186} INFO - Started process (PID=68) to work on /home/airflow/.local/lib/python3.12/site-packages/airflow/example_dags/example_setup_teardown.py
[2025-02-21T11:04:00.867+0000] {processor.py:914} INFO - Processing file /home/airflow/.local/lib/python3.12/site-packages/airflow/example_dags/example_setup_teardown.py for tasks to queue
[2025-02-21T11:04:00.872+0000] {logging_mixin.py:190} INFO - [2025-02-21T11:04:00.869+0000] {dagbag.py:588} INFO - Filling up the DagBag from /home/airflow/.local/lib/python3.12/site-packages/airflow/example_dags/example_setup_teardown.py
[2025-02-21T11:04:00.879+0000] {processor.py:925} INFO - DAG(s) 'example_setup_teardown' retrieved from /home/airflow/.local/lib/python3.12/site-packages/airflow/example_dags/example_setup_teardown.py
[2025-02-21T11:04:00.906+0000] {logging_mixin.py:190} INFO - [2025-02-21T11:04:00.905+0000] {dag.py:3239} INFO - Sync 1 DAGs
[2025-02-21T11:04:00.914+0000] {logging_mixin.py:190} INFO - [2025-02-21T11:04:00.914+0000] {dag.py:4180} INFO - Setting next_dagrun for example_setup_teardown to None, run_after=None
[2025-02-21T11:04:00.929+0000] {processor.py:208} INFO - Processing /home/airflow/.local/lib/python3.12/site-packages/airflow/example_dags/example_setup_teardown.py took 0.070 seconds
