[2025-02-21T10:24:19.703+0000] {processor.py:186} INFO - Started process (PID=82) to work on /home/airflow/.local/lib/python3.12/site-packages/airflow/example_dags/example_branch_python_dop_operator_3.py
[2025-02-21T10:24:19.705+0000] {processor.py:914} INFO - Processing file /home/airflow/.local/lib/python3.12/site-packages/airflow/example_dags/example_branch_python_dop_operator_3.py for tasks to queue
[2025-02-21T10:24:19.709+0000] {logging_mixin.py:190} INFO - [2025-02-21T10:24:19.709+0000] {dagbag.py:588} INFO - Filling up the DagBag from /home/airflow/.local/lib/python3.12/site-packages/airflow/example_dags/example_branch_python_dop_operator_3.py
[2025-02-21T10:24:19.721+0000] {processor.py:925} INFO - DAG(s) 'example_branch_dop_operator_v3' retrieved from /home/airflow/.local/lib/python3.12/site-packages/airflow/example_dags/example_branch_python_dop_operator_3.py
[2025-02-21T10:24:19.752+0000] {logging_mixin.py:190} INFO - [2025-02-21T10:24:19.751+0000] {dag.py:3239} INFO - Sync 1 DAGs
[2025-02-21T10:24:19.784+0000] {logging_mixin.py:190} INFO - [2025-02-21T10:24:19.784+0000] {dag.py:4180} INFO - Setting next_dagrun for example_branch_dop_operator_v3 to 2025-02-21 10:23:00+00:00, run_after=2025-02-21 10:24:00+00:00
[2025-02-21T10:24:19.810+0000] {processor.py:208} INFO - Processing /home/airflow/.local/lib/python3.12/site-packages/airflow/example_dags/example_branch_python_dop_operator_3.py took 0.113 seconds
[2025-02-21T10:24:50.837+0000] {processor.py:186} INFO - Started process (PID=144) to work on /home/airflow/.local/lib/python3.12/site-packages/airflow/example_dags/example_branch_python_dop_operator_3.py
[2025-02-21T10:24:50.840+0000] {processor.py:914} INFO - Processing file /home/airflow/.local/lib/python3.12/site-packages/airflow/example_dags/example_branch_python_dop_operator_3.py for tasks to queue
[2025-02-21T10:24:50.846+0000] {logging_mixin.py:190} INFO - [2025-02-21T10:24:50.843+0000] {dagbag.py:588} INFO - Filling up the DagBag from /home/airflow/.local/lib/python3.12/site-packages/airflow/example_dags/example_branch_python_dop_operator_3.py
[2025-02-21T10:24:50.864+0000] {processor.py:925} INFO - DAG(s) 'example_branch_dop_operator_v3' retrieved from /home/airflow/.local/lib/python3.12/site-packages/airflow/example_dags/example_branch_python_dop_operator_3.py
[2025-02-21T10:24:50.892+0000] {logging_mixin.py:190} INFO - [2025-02-21T10:24:50.892+0000] {dag.py:3239} INFO - Sync 1 DAGs
[2025-02-21T10:24:50.916+0000] {logging_mixin.py:190} INFO - [2025-02-21T10:24:50.916+0000] {dag.py:4180} INFO - Setting next_dagrun for example_branch_dop_operator_v3 to 2025-02-21 10:23:00+00:00, run_after=2025-02-21 10:24:00+00:00
[2025-02-21T10:24:50.935+0000] {processor.py:208} INFO - Processing /home/airflow/.local/lib/python3.12/site-packages/airflow/example_dags/example_branch_python_dop_operator_3.py took 0.108 seconds
[2025-02-21T10:25:21.820+0000] {processor.py:186} INFO - Started process (PID=206) to work on /home/airflow/.local/lib/python3.12/site-packages/airflow/example_dags/example_branch_python_dop_operator_3.py
[2025-02-21T10:25:21.822+0000] {processor.py:914} INFO - Processing file /home/airflow/.local/lib/python3.12/site-packages/airflow/example_dags/example_branch_python_dop_operator_3.py for tasks to queue
[2025-02-21T10:25:21.825+0000] {logging_mixin.py:190} INFO - [2025-02-21T10:25:21.824+0000] {dagbag.py:588} INFO - Filling up the DagBag from /home/airflow/.local/lib/python3.12/site-packages/airflow/example_dags/example_branch_python_dop_operator_3.py
[2025-02-21T10:25:21.847+0000] {processor.py:925} INFO - DAG(s) 'example_branch_dop_operator_v3' retrieved from /home/airflow/.local/lib/python3.12/site-packages/airflow/example_dags/example_branch_python_dop_operator_3.py
[2025-02-21T10:25:21.881+0000] {logging_mixin.py:190} INFO - [2025-02-21T10:25:21.881+0000] {dag.py:3239} INFO - Sync 1 DAGs
[2025-02-21T10:25:21.920+0000] {logging_mixin.py:190} INFO - [2025-02-21T10:25:21.920+0000] {dag.py:4180} INFO - Setting next_dagrun for example_branch_dop_operator_v3 to 2025-02-21 10:24:00+00:00, run_after=2025-02-21 10:25:00+00:00
[2025-02-21T10:25:21.938+0000] {processor.py:208} INFO - Processing /home/airflow/.local/lib/python3.12/site-packages/airflow/example_dags/example_branch_python_dop_operator_3.py took 0.125 seconds
[2025-02-21T10:25:52.666+0000] {processor.py:186} INFO - Started process (PID=268) to work on /home/airflow/.local/lib/python3.12/site-packages/airflow/example_dags/example_branch_python_dop_operator_3.py
[2025-02-21T10:25:52.667+0000] {processor.py:914} INFO - Processing file /home/airflow/.local/lib/python3.12/site-packages/airflow/example_dags/example_branch_python_dop_operator_3.py for tasks to queue
[2025-02-21T10:25:52.672+0000] {logging_mixin.py:190} INFO - [2025-02-21T10:25:52.671+0000] {dagbag.py:588} INFO - Filling up the DagBag from /home/airflow/.local/lib/python3.12/site-packages/airflow/example_dags/example_branch_python_dop_operator_3.py
[2025-02-21T10:25:52.687+0000] {processor.py:925} INFO - DAG(s) 'example_branch_dop_operator_v3' retrieved from /home/airflow/.local/lib/python3.12/site-packages/airflow/example_dags/example_branch_python_dop_operator_3.py
[2025-02-21T10:25:52.705+0000] {logging_mixin.py:190} INFO - [2025-02-21T10:25:52.705+0000] {dag.py:3239} INFO - Sync 1 DAGs
[2025-02-21T10:25:52.721+0000] {logging_mixin.py:190} INFO - [2025-02-21T10:25:52.721+0000] {dag.py:4180} INFO - Setting next_dagrun for example_branch_dop_operator_v3 to 2025-02-21 10:24:00+00:00, run_after=2025-02-21 10:25:00+00:00
[2025-02-21T10:25:52.731+0000] {processor.py:208} INFO - Processing /home/airflow/.local/lib/python3.12/site-packages/airflow/example_dags/example_branch_python_dop_operator_3.py took 0.072 seconds
[2025-02-21T10:26:23.145+0000] {processor.py:186} INFO - Started process (PID=330) to work on /home/airflow/.local/lib/python3.12/site-packages/airflow/example_dags/example_branch_python_dop_operator_3.py
[2025-02-21T10:26:23.146+0000] {processor.py:914} INFO - Processing file /home/airflow/.local/lib/python3.12/site-packages/airflow/example_dags/example_branch_python_dop_operator_3.py for tasks to queue
[2025-02-21T10:26:23.149+0000] {logging_mixin.py:190} INFO - [2025-02-21T10:26:23.149+0000] {dagbag.py:588} INFO - Filling up the DagBag from /home/airflow/.local/lib/python3.12/site-packages/airflow/example_dags/example_branch_python_dop_operator_3.py
[2025-02-21T10:26:23.161+0000] {processor.py:925} INFO - DAG(s) 'example_branch_dop_operator_v3' retrieved from /home/airflow/.local/lib/python3.12/site-packages/airflow/example_dags/example_branch_python_dop_operator_3.py
[2025-02-21T10:26:23.178+0000] {logging_mixin.py:190} INFO - [2025-02-21T10:26:23.178+0000] {dag.py:3239} INFO - Sync 1 DAGs
[2025-02-21T10:26:23.196+0000] {logging_mixin.py:190} INFO - [2025-02-21T10:26:23.196+0000] {dag.py:4180} INFO - Setting next_dagrun for example_branch_dop_operator_v3 to 2025-02-21 10:25:00+00:00, run_after=2025-02-21 10:26:00+00:00
[2025-02-21T10:26:23.207+0000] {processor.py:208} INFO - Processing /home/airflow/.local/lib/python3.12/site-packages/airflow/example_dags/example_branch_python_dop_operator_3.py took 0.067 seconds
[2025-02-21T10:26:53.838+0000] {processor.py:186} INFO - Started process (PID=392) to work on /home/airflow/.local/lib/python3.12/site-packages/airflow/example_dags/example_branch_python_dop_operator_3.py
[2025-02-21T10:26:53.842+0000] {processor.py:914} INFO - Processing file /home/airflow/.local/lib/python3.12/site-packages/airflow/example_dags/example_branch_python_dop_operator_3.py for tasks to queue
[2025-02-21T10:26:53.845+0000] {logging_mixin.py:190} INFO - [2025-02-21T10:26:53.845+0000] {dagbag.py:588} INFO - Filling up the DagBag from /home/airflow/.local/lib/python3.12/site-packages/airflow/example_dags/example_branch_python_dop_operator_3.py
[2025-02-21T10:26:53.860+0000] {processor.py:925} INFO - DAG(s) 'example_branch_dop_operator_v3' retrieved from /home/airflow/.local/lib/python3.12/site-packages/airflow/example_dags/example_branch_python_dop_operator_3.py
[2025-02-21T10:26:53.893+0000] {logging_mixin.py:190} INFO - [2025-02-21T10:26:53.893+0000] {dag.py:3239} INFO - Sync 1 DAGs
[2025-02-21T10:26:53.919+0000] {logging_mixin.py:190} INFO - [2025-02-21T10:26:53.919+0000] {dag.py:4180} INFO - Setting next_dagrun for example_branch_dop_operator_v3 to 2025-02-21 10:25:00+00:00, run_after=2025-02-21 10:26:00+00:00
[2025-02-21T10:26:53.931+0000] {processor.py:208} INFO - Processing /home/airflow/.local/lib/python3.12/site-packages/airflow/example_dags/example_branch_python_dop_operator_3.py took 0.100 seconds
[2025-02-21T10:27:24.561+0000] {processor.py:186} INFO - Started process (PID=454) to work on /home/airflow/.local/lib/python3.12/site-packages/airflow/example_dags/example_branch_python_dop_operator_3.py
[2025-02-21T10:27:24.565+0000] {processor.py:914} INFO - Processing file /home/airflow/.local/lib/python3.12/site-packages/airflow/example_dags/example_branch_python_dop_operator_3.py for tasks to queue
[2025-02-21T10:27:24.569+0000] {logging_mixin.py:190} INFO - [2025-02-21T10:27:24.568+0000] {dagbag.py:588} INFO - Filling up the DagBag from /home/airflow/.local/lib/python3.12/site-packages/airflow/example_dags/example_branch_python_dop_operator_3.py
[2025-02-21T10:27:24.588+0000] {processor.py:925} INFO - DAG(s) 'example_branch_dop_operator_v3' retrieved from /home/airflow/.local/lib/python3.12/site-packages/airflow/example_dags/example_branch_python_dop_operator_3.py
[2025-02-21T10:27:24.622+0000] {logging_mixin.py:190} INFO - [2025-02-21T10:27:24.621+0000] {dag.py:3239} INFO - Sync 1 DAGs
[2025-02-21T10:27:24.659+0000] {logging_mixin.py:190} INFO - [2025-02-21T10:27:24.659+0000] {dag.py:4180} INFO - Setting next_dagrun for example_branch_dop_operator_v3 to 2025-02-21 10:26:00+00:00, run_after=2025-02-21 10:27:00+00:00
[2025-02-21T10:27:24.683+0000] {processor.py:208} INFO - Processing /home/airflow/.local/lib/python3.12/site-packages/airflow/example_dags/example_branch_python_dop_operator_3.py took 0.126 seconds
[2025-02-21T10:27:55.284+0000] {processor.py:186} INFO - Started process (PID=516) to work on /home/airflow/.local/lib/python3.12/site-packages/airflow/example_dags/example_branch_python_dop_operator_3.py
[2025-02-21T10:27:55.286+0000] {processor.py:914} INFO - Processing file /home/airflow/.local/lib/python3.12/site-packages/airflow/example_dags/example_branch_python_dop_operator_3.py for tasks to queue
[2025-02-21T10:27:55.289+0000] {logging_mixin.py:190} INFO - [2025-02-21T10:27:55.288+0000] {dagbag.py:588} INFO - Filling up the DagBag from /home/airflow/.local/lib/python3.12/site-packages/airflow/example_dags/example_branch_python_dop_operator_3.py
[2025-02-21T10:27:55.299+0000] {processor.py:925} INFO - DAG(s) 'example_branch_dop_operator_v3' retrieved from /home/airflow/.local/lib/python3.12/site-packages/airflow/example_dags/example_branch_python_dop_operator_3.py
[2025-02-21T10:27:55.321+0000] {logging_mixin.py:190} INFO - [2025-02-21T10:27:55.321+0000] {dag.py:3239} INFO - Sync 1 DAGs
[2025-02-21T10:27:55.345+0000] {logging_mixin.py:190} INFO - [2025-02-21T10:27:55.345+0000] {dag.py:4180} INFO - Setting next_dagrun for example_branch_dop_operator_v3 to 2025-02-21 10:26:00+00:00, run_after=2025-02-21 10:27:00+00:00
[2025-02-21T10:27:55.365+0000] {processor.py:208} INFO - Processing /home/airflow/.local/lib/python3.12/site-packages/airflow/example_dags/example_branch_python_dop_operator_3.py took 0.088 seconds
[2025-02-21T10:28:26.311+0000] {processor.py:186} INFO - Started process (PID=578) to work on /home/airflow/.local/lib/python3.12/site-packages/airflow/example_dags/example_branch_python_dop_operator_3.py
[2025-02-21T10:28:26.314+0000] {processor.py:914} INFO - Processing file /home/airflow/.local/lib/python3.12/site-packages/airflow/example_dags/example_branch_python_dop_operator_3.py for tasks to queue
[2025-02-21T10:28:26.318+0000] {logging_mixin.py:190} INFO - [2025-02-21T10:28:26.318+0000] {dagbag.py:588} INFO - Filling up the DagBag from /home/airflow/.local/lib/python3.12/site-packages/airflow/example_dags/example_branch_python_dop_operator_3.py
[2025-02-21T10:28:26.329+0000] {processor.py:925} INFO - DAG(s) 'example_branch_dop_operator_v3' retrieved from /home/airflow/.local/lib/python3.12/site-packages/airflow/example_dags/example_branch_python_dop_operator_3.py
[2025-02-21T10:28:26.347+0000] {logging_mixin.py:190} INFO - [2025-02-21T10:28:26.347+0000] {dag.py:3239} INFO - Sync 1 DAGs
[2025-02-21T10:28:26.363+0000] {logging_mixin.py:190} INFO - [2025-02-21T10:28:26.363+0000] {dag.py:4180} INFO - Setting next_dagrun for example_branch_dop_operator_v3 to 2025-02-21 10:27:00+00:00, run_after=2025-02-21 10:28:00+00:00
[2025-02-21T10:28:26.373+0000] {processor.py:208} INFO - Processing /home/airflow/.local/lib/python3.12/site-packages/airflow/example_dags/example_branch_python_dop_operator_3.py took 0.068 seconds
[2025-02-21T10:28:57.031+0000] {processor.py:186} INFO - Started process (PID=640) to work on /home/airflow/.local/lib/python3.12/site-packages/airflow/example_dags/example_branch_python_dop_operator_3.py
[2025-02-21T10:28:57.032+0000] {processor.py:914} INFO - Processing file /home/airflow/.local/lib/python3.12/site-packages/airflow/example_dags/example_branch_python_dop_operator_3.py for tasks to queue
[2025-02-21T10:28:57.039+0000] {logging_mixin.py:190} INFO - [2025-02-21T10:28:57.039+0000] {dagbag.py:588} INFO - Filling up the DagBag from /home/airflow/.local/lib/python3.12/site-packages/airflow/example_dags/example_branch_python_dop_operator_3.py
[2025-02-21T10:28:57.050+0000] {processor.py:925} INFO - DAG(s) 'example_branch_dop_operator_v3' retrieved from /home/airflow/.local/lib/python3.12/site-packages/airflow/example_dags/example_branch_python_dop_operator_3.py
[2025-02-21T10:28:57.063+0000] {logging_mixin.py:190} INFO - [2025-02-21T10:28:57.063+0000] {dag.py:3239} INFO - Sync 1 DAGs
[2025-02-21T10:28:57.078+0000] {logging_mixin.py:190} INFO - [2025-02-21T10:28:57.078+0000] {dag.py:4180} INFO - Setting next_dagrun for example_branch_dop_operator_v3 to 2025-02-21 10:27:00+00:00, run_after=2025-02-21 10:28:00+00:00
[2025-02-21T10:28:57.087+0000] {processor.py:208} INFO - Processing /home/airflow/.local/lib/python3.12/site-packages/airflow/example_dags/example_branch_python_dop_operator_3.py took 0.063 seconds
[2025-02-21T10:29:28.025+0000] {processor.py:186} INFO - Started process (PID=702) to work on /home/airflow/.local/lib/python3.12/site-packages/airflow/example_dags/example_branch_python_dop_operator_3.py
[2025-02-21T10:29:28.027+0000] {processor.py:914} INFO - Processing file /home/airflow/.local/lib/python3.12/site-packages/airflow/example_dags/example_branch_python_dop_operator_3.py for tasks to queue
[2025-02-21T10:29:28.030+0000] {logging_mixin.py:190} INFO - [2025-02-21T10:29:28.030+0000] {dagbag.py:588} INFO - Filling up the DagBag from /home/airflow/.local/lib/python3.12/site-packages/airflow/example_dags/example_branch_python_dop_operator_3.py
[2025-02-21T10:29:28.041+0000] {processor.py:925} INFO - DAG(s) 'example_branch_dop_operator_v3' retrieved from /home/airflow/.local/lib/python3.12/site-packages/airflow/example_dags/example_branch_python_dop_operator_3.py
[2025-02-21T10:29:28.059+0000] {logging_mixin.py:190} INFO - [2025-02-21T10:29:28.058+0000] {dag.py:3239} INFO - Sync 1 DAGs
[2025-02-21T10:29:28.074+0000] {logging_mixin.py:190} INFO - [2025-02-21T10:29:28.074+0000] {dag.py:4180} INFO - Setting next_dagrun for example_branch_dop_operator_v3 to 2025-02-21 10:28:00+00:00, run_after=2025-02-21 10:29:00+00:00
[2025-02-21T10:29:28.085+0000] {processor.py:208} INFO - Processing /home/airflow/.local/lib/python3.12/site-packages/airflow/example_dags/example_branch_python_dop_operator_3.py took 0.066 seconds
[2025-02-21T10:29:58.763+0000] {processor.py:186} INFO - Started process (PID=764) to work on /home/airflow/.local/lib/python3.12/site-packages/airflow/example_dags/example_branch_python_dop_operator_3.py
[2025-02-21T10:29:58.766+0000] {processor.py:914} INFO - Processing file /home/airflow/.local/lib/python3.12/site-packages/airflow/example_dags/example_branch_python_dop_operator_3.py for tasks to queue
[2025-02-21T10:29:58.770+0000] {logging_mixin.py:190} INFO - [2025-02-21T10:29:58.769+0000] {dagbag.py:588} INFO - Filling up the DagBag from /home/airflow/.local/lib/python3.12/site-packages/airflow/example_dags/example_branch_python_dop_operator_3.py
[2025-02-21T10:29:58.784+0000] {processor.py:925} INFO - DAG(s) 'example_branch_dop_operator_v3' retrieved from /home/airflow/.local/lib/python3.12/site-packages/airflow/example_dags/example_branch_python_dop_operator_3.py
[2025-02-21T10:29:58.802+0000] {logging_mixin.py:190} INFO - [2025-02-21T10:29:58.802+0000] {dag.py:3239} INFO - Sync 1 DAGs
[2025-02-21T10:29:58.819+0000] {logging_mixin.py:190} INFO - [2025-02-21T10:29:58.819+0000] {dag.py:4180} INFO - Setting next_dagrun for example_branch_dop_operator_v3 to 2025-02-21 10:28:00+00:00, run_after=2025-02-21 10:29:00+00:00
[2025-02-21T10:29:58.831+0000] {processor.py:208} INFO - Processing /home/airflow/.local/lib/python3.12/site-packages/airflow/example_dags/example_branch_python_dop_operator_3.py took 0.074 seconds
[2025-02-21T10:30:29.553+0000] {processor.py:186} INFO - Started process (PID=826) to work on /home/airflow/.local/lib/python3.12/site-packages/airflow/example_dags/example_branch_python_dop_operator_3.py
[2025-02-21T10:30:29.555+0000] {processor.py:914} INFO - Processing file /home/airflow/.local/lib/python3.12/site-packages/airflow/example_dags/example_branch_python_dop_operator_3.py for tasks to queue
[2025-02-21T10:30:29.558+0000] {logging_mixin.py:190} INFO - [2025-02-21T10:30:29.558+0000] {dagbag.py:588} INFO - Filling up the DagBag from /home/airflow/.local/lib/python3.12/site-packages/airflow/example_dags/example_branch_python_dop_operator_3.py
[2025-02-21T10:30:29.571+0000] {processor.py:925} INFO - DAG(s) 'example_branch_dop_operator_v3' retrieved from /home/airflow/.local/lib/python3.12/site-packages/airflow/example_dags/example_branch_python_dop_operator_3.py
[2025-02-21T10:30:29.590+0000] {logging_mixin.py:190} INFO - [2025-02-21T10:30:29.589+0000] {dag.py:3239} INFO - Sync 1 DAGs
[2025-02-21T10:30:29.607+0000] {logging_mixin.py:190} INFO - [2025-02-21T10:30:29.607+0000] {dag.py:4180} INFO - Setting next_dagrun for example_branch_dop_operator_v3 to 2025-02-21 10:29:00+00:00, run_after=2025-02-21 10:30:00+00:00
[2025-02-21T10:30:29.623+0000] {processor.py:208} INFO - Processing /home/airflow/.local/lib/python3.12/site-packages/airflow/example_dags/example_branch_python_dop_operator_3.py took 0.078 seconds
[2025-02-21T10:31:00.294+0000] {processor.py:186} INFO - Started process (PID=888) to work on /home/airflow/.local/lib/python3.12/site-packages/airflow/example_dags/example_branch_python_dop_operator_3.py
[2025-02-21T10:31:00.295+0000] {processor.py:914} INFO - Processing file /home/airflow/.local/lib/python3.12/site-packages/airflow/example_dags/example_branch_python_dop_operator_3.py for tasks to queue
[2025-02-21T10:31:00.299+0000] {logging_mixin.py:190} INFO - [2025-02-21T10:31:00.299+0000] {dagbag.py:588} INFO - Filling up the DagBag from /home/airflow/.local/lib/python3.12/site-packages/airflow/example_dags/example_branch_python_dop_operator_3.py
[2025-02-21T10:31:00.308+0000] {processor.py:925} INFO - DAG(s) 'example_branch_dop_operator_v3' retrieved from /home/airflow/.local/lib/python3.12/site-packages/airflow/example_dags/example_branch_python_dop_operator_3.py
[2025-02-21T10:31:00.327+0000] {logging_mixin.py:190} INFO - [2025-02-21T10:31:00.326+0000] {dag.py:3239} INFO - Sync 1 DAGs
[2025-02-21T10:31:00.343+0000] {logging_mixin.py:190} INFO - [2025-02-21T10:31:00.343+0000] {dag.py:4180} INFO - Setting next_dagrun for example_branch_dop_operator_v3 to 2025-02-21 10:30:00+00:00, run_after=2025-02-21 10:31:00+00:00
[2025-02-21T10:31:00.356+0000] {processor.py:208} INFO - Processing /home/airflow/.local/lib/python3.12/site-packages/airflow/example_dags/example_branch_python_dop_operator_3.py took 0.068 seconds
[2025-02-21T10:31:30.941+0000] {processor.py:186} INFO - Started process (PID=950) to work on /home/airflow/.local/lib/python3.12/site-packages/airflow/example_dags/example_branch_python_dop_operator_3.py
[2025-02-21T10:31:30.942+0000] {processor.py:914} INFO - Processing file /home/airflow/.local/lib/python3.12/site-packages/airflow/example_dags/example_branch_python_dop_operator_3.py for tasks to queue
[2025-02-21T10:31:30.945+0000] {logging_mixin.py:190} INFO - [2025-02-21T10:31:30.944+0000] {dagbag.py:588} INFO - Filling up the DagBag from /home/airflow/.local/lib/python3.12/site-packages/airflow/example_dags/example_branch_python_dop_operator_3.py
[2025-02-21T10:31:30.955+0000] {processor.py:925} INFO - DAG(s) 'example_branch_dop_operator_v3' retrieved from /home/airflow/.local/lib/python3.12/site-packages/airflow/example_dags/example_branch_python_dop_operator_3.py
[2025-02-21T10:31:30.974+0000] {logging_mixin.py:190} INFO - [2025-02-21T10:31:30.974+0000] {dag.py:3239} INFO - Sync 1 DAGs
[2025-02-21T10:31:31.003+0000] {logging_mixin.py:190} INFO - [2025-02-21T10:31:31.003+0000] {dag.py:4180} INFO - Setting next_dagrun for example_branch_dop_operator_v3 to 2025-02-21 10:30:00+00:00, run_after=2025-02-21 10:31:00+00:00
[2025-02-21T10:31:31.017+0000] {processor.py:208} INFO - Processing /home/airflow/.local/lib/python3.12/site-packages/airflow/example_dags/example_branch_python_dop_operator_3.py took 0.083 seconds
[2025-02-21T10:32:01.706+0000] {processor.py:186} INFO - Started process (PID=1012) to work on /home/airflow/.local/lib/python3.12/site-packages/airflow/example_dags/example_branch_python_dop_operator_3.py
[2025-02-21T10:32:01.708+0000] {processor.py:914} INFO - Processing file /home/airflow/.local/lib/python3.12/site-packages/airflow/example_dags/example_branch_python_dop_operator_3.py for tasks to queue
[2025-02-21T10:32:01.714+0000] {logging_mixin.py:190} INFO - [2025-02-21T10:32:01.714+0000] {dagbag.py:588} INFO - Filling up the DagBag from /home/airflow/.local/lib/python3.12/site-packages/airflow/example_dags/example_branch_python_dop_operator_3.py
[2025-02-21T10:32:01.726+0000] {processor.py:925} INFO - DAG(s) 'example_branch_dop_operator_v3' retrieved from /home/airflow/.local/lib/python3.12/site-packages/airflow/example_dags/example_branch_python_dop_operator_3.py
[2025-02-21T10:32:01.754+0000] {logging_mixin.py:190} INFO - [2025-02-21T10:32:01.753+0000] {dag.py:3239} INFO - Sync 1 DAGs
[2025-02-21T10:32:01.782+0000] {logging_mixin.py:190} INFO - [2025-02-21T10:32:01.782+0000] {dag.py:4180} INFO - Setting next_dagrun for example_branch_dop_operator_v3 to 2025-02-21 10:31:00+00:00, run_after=2025-02-21 10:32:00+00:00
[2025-02-21T10:32:01.827+0000] {processor.py:208} INFO - Processing /home/airflow/.local/lib/python3.12/site-packages/airflow/example_dags/example_branch_python_dop_operator_3.py took 0.130 seconds
[2025-02-21T10:32:32.000+0000] {processor.py:186} INFO - Started process (PID=1074) to work on /home/airflow/.local/lib/python3.12/site-packages/airflow/example_dags/example_branch_python_dop_operator_3.py
[2025-02-21T10:32:32.002+0000] {processor.py:914} INFO - Processing file /home/airflow/.local/lib/python3.12/site-packages/airflow/example_dags/example_branch_python_dop_operator_3.py for tasks to queue
[2025-02-21T10:32:32.004+0000] {logging_mixin.py:190} INFO - [2025-02-21T10:32:32.004+0000] {dagbag.py:588} INFO - Filling up the DagBag from /home/airflow/.local/lib/python3.12/site-packages/airflow/example_dags/example_branch_python_dop_operator_3.py
[2025-02-21T10:32:32.012+0000] {processor.py:925} INFO - DAG(s) 'example_branch_dop_operator_v3' retrieved from /home/airflow/.local/lib/python3.12/site-packages/airflow/example_dags/example_branch_python_dop_operator_3.py
[2025-02-21T10:32:32.031+0000] {logging_mixin.py:190} INFO - [2025-02-21T10:32:32.031+0000] {dag.py:3239} INFO - Sync 1 DAGs
[2025-02-21T10:32:32.056+0000] {logging_mixin.py:190} INFO - [2025-02-21T10:32:32.056+0000] {dag.py:4180} INFO - Setting next_dagrun for example_branch_dop_operator_v3 to 2025-02-21 10:31:00+00:00, run_after=2025-02-21 10:32:00+00:00
[2025-02-21T10:32:32.069+0000] {processor.py:208} INFO - Processing /home/airflow/.local/lib/python3.12/site-packages/airflow/example_dags/example_branch_python_dop_operator_3.py took 0.083 seconds
[2025-02-21T10:33:02.838+0000] {processor.py:186} INFO - Started process (PID=1136) to work on /home/airflow/.local/lib/python3.12/site-packages/airflow/example_dags/example_branch_python_dop_operator_3.py
[2025-02-21T10:33:02.841+0000] {processor.py:914} INFO - Processing file /home/airflow/.local/lib/python3.12/site-packages/airflow/example_dags/example_branch_python_dop_operator_3.py for tasks to queue
[2025-02-21T10:33:02.846+0000] {logging_mixin.py:190} INFO - [2025-02-21T10:33:02.845+0000] {dagbag.py:588} INFO - Filling up the DagBag from /home/airflow/.local/lib/python3.12/site-packages/airflow/example_dags/example_branch_python_dop_operator_3.py
[2025-02-21T10:33:02.887+0000] {processor.py:925} INFO - DAG(s) 'example_branch_dop_operator_v3' retrieved from /home/airflow/.local/lib/python3.12/site-packages/airflow/example_dags/example_branch_python_dop_operator_3.py
[2025-02-21T10:33:02.933+0000] {logging_mixin.py:190} INFO - [2025-02-21T10:33:02.932+0000] {dag.py:3239} INFO - Sync 1 DAGs
[2025-02-21T10:33:02.965+0000] {logging_mixin.py:190} INFO - [2025-02-21T10:33:02.965+0000] {dag.py:4180} INFO - Setting next_dagrun for example_branch_dop_operator_v3 to 2025-02-21 10:32:00+00:00, run_after=2025-02-21 10:33:00+00:00
[2025-02-21T10:33:02.985+0000] {processor.py:208} INFO - Processing /home/airflow/.local/lib/python3.12/site-packages/airflow/example_dags/example_branch_python_dop_operator_3.py took 0.160 seconds
[2025-02-21T10:33:34.015+0000] {processor.py:186} INFO - Started process (PID=1198) to work on /home/airflow/.local/lib/python3.12/site-packages/airflow/example_dags/example_branch_python_dop_operator_3.py
[2025-02-21T10:33:34.018+0000] {processor.py:914} INFO - Processing file /home/airflow/.local/lib/python3.12/site-packages/airflow/example_dags/example_branch_python_dop_operator_3.py for tasks to queue
[2025-02-21T10:33:34.024+0000] {logging_mixin.py:190} INFO - [2025-02-21T10:33:34.023+0000] {dagbag.py:588} INFO - Filling up the DagBag from /home/airflow/.local/lib/python3.12/site-packages/airflow/example_dags/example_branch_python_dop_operator_3.py
[2025-02-21T10:33:34.035+0000] {processor.py:925} INFO - DAG(s) 'example_branch_dop_operator_v3' retrieved from /home/airflow/.local/lib/python3.12/site-packages/airflow/example_dags/example_branch_python_dop_operator_3.py
[2025-02-21T10:33:34.053+0000] {logging_mixin.py:190} INFO - [2025-02-21T10:33:34.053+0000] {dag.py:3239} INFO - Sync 1 DAGs
[2025-02-21T10:33:34.072+0000] {logging_mixin.py:190} INFO - [2025-02-21T10:33:34.072+0000] {dag.py:4180} INFO - Setting next_dagrun for example_branch_dop_operator_v3 to 2025-02-21 10:32:00+00:00, run_after=2025-02-21 10:33:00+00:00
[2025-02-21T10:33:34.083+0000] {processor.py:208} INFO - Processing /home/airflow/.local/lib/python3.12/site-packages/airflow/example_dags/example_branch_python_dop_operator_3.py took 0.077 seconds
[2025-02-21T10:34:04.142+0000] {processor.py:186} INFO - Started process (PID=1259) to work on /home/airflow/.local/lib/python3.12/site-packages/airflow/example_dags/example_branch_python_dop_operator_3.py
[2025-02-21T10:34:04.144+0000] {processor.py:914} INFO - Processing file /home/airflow/.local/lib/python3.12/site-packages/airflow/example_dags/example_branch_python_dop_operator_3.py for tasks to queue
[2025-02-21T10:34:04.149+0000] {logging_mixin.py:190} INFO - [2025-02-21T10:34:04.149+0000] {dagbag.py:588} INFO - Filling up the DagBag from /home/airflow/.local/lib/python3.12/site-packages/airflow/example_dags/example_branch_python_dop_operator_3.py
[2025-02-21T10:34:04.168+0000] {processor.py:925} INFO - DAG(s) 'example_branch_dop_operator_v3' retrieved from /home/airflow/.local/lib/python3.12/site-packages/airflow/example_dags/example_branch_python_dop_operator_3.py
[2025-02-21T10:34:04.200+0000] {logging_mixin.py:190} INFO - [2025-02-21T10:34:04.200+0000] {dag.py:3239} INFO - Sync 1 DAGs
[2025-02-21T10:34:04.217+0000] {logging_mixin.py:190} INFO - [2025-02-21T10:34:04.217+0000] {dag.py:4180} INFO - Setting next_dagrun for example_branch_dop_operator_v3 to 2025-02-21 10:33:00+00:00, run_after=2025-02-21 10:34:00+00:00
[2025-02-21T10:34:04.226+0000] {processor.py:208} INFO - Processing /home/airflow/.local/lib/python3.12/site-packages/airflow/example_dags/example_branch_python_dop_operator_3.py took 0.093 seconds
[2025-02-21T10:34:34.870+0000] {processor.py:186} INFO - Started process (PID=1322) to work on /home/airflow/.local/lib/python3.12/site-packages/airflow/example_dags/example_branch_python_dop_operator_3.py
[2025-02-21T10:34:34.872+0000] {processor.py:914} INFO - Processing file /home/airflow/.local/lib/python3.12/site-packages/airflow/example_dags/example_branch_python_dop_operator_3.py for tasks to queue
[2025-02-21T10:34:34.874+0000] {logging_mixin.py:190} INFO - [2025-02-21T10:34:34.874+0000] {dagbag.py:588} INFO - Filling up the DagBag from /home/airflow/.local/lib/python3.12/site-packages/airflow/example_dags/example_branch_python_dop_operator_3.py
[2025-02-21T10:34:34.886+0000] {processor.py:925} INFO - DAG(s) 'example_branch_dop_operator_v3' retrieved from /home/airflow/.local/lib/python3.12/site-packages/airflow/example_dags/example_branch_python_dop_operator_3.py
[2025-02-21T10:34:34.905+0000] {logging_mixin.py:190} INFO - [2025-02-21T10:34:34.904+0000] {dag.py:3239} INFO - Sync 1 DAGs
[2025-02-21T10:34:34.926+0000] {logging_mixin.py:190} INFO - [2025-02-21T10:34:34.925+0000] {dag.py:4180} INFO - Setting next_dagrun for example_branch_dop_operator_v3 to 2025-02-21 10:33:00+00:00, run_after=2025-02-21 10:34:00+00:00
[2025-02-21T10:34:34.936+0000] {processor.py:208} INFO - Processing /home/airflow/.local/lib/python3.12/site-packages/airflow/example_dags/example_branch_python_dop_operator_3.py took 0.074 seconds
[2025-02-21T10:35:05.864+0000] {processor.py:186} INFO - Started process (PID=1384) to work on /home/airflow/.local/lib/python3.12/site-packages/airflow/example_dags/example_branch_python_dop_operator_3.py
[2025-02-21T10:35:05.866+0000] {processor.py:914} INFO - Processing file /home/airflow/.local/lib/python3.12/site-packages/airflow/example_dags/example_branch_python_dop_operator_3.py for tasks to queue
[2025-02-21T10:35:05.868+0000] {logging_mixin.py:190} INFO - [2025-02-21T10:35:05.868+0000] {dagbag.py:588} INFO - Filling up the DagBag from /home/airflow/.local/lib/python3.12/site-packages/airflow/example_dags/example_branch_python_dop_operator_3.py
[2025-02-21T10:35:05.878+0000] {processor.py:925} INFO - DAG(s) 'example_branch_dop_operator_v3' retrieved from /home/airflow/.local/lib/python3.12/site-packages/airflow/example_dags/example_branch_python_dop_operator_3.py
[2025-02-21T10:35:05.897+0000] {logging_mixin.py:190} INFO - [2025-02-21T10:35:05.897+0000] {dag.py:3239} INFO - Sync 1 DAGs
[2025-02-21T10:35:05.918+0000] {logging_mixin.py:190} INFO - [2025-02-21T10:35:05.917+0000] {dag.py:4180} INFO - Setting next_dagrun for example_branch_dop_operator_v3 to 2025-02-21 10:34:00+00:00, run_after=2025-02-21 10:35:00+00:00
[2025-02-21T10:35:05.930+0000] {processor.py:208} INFO - Processing /home/airflow/.local/lib/python3.12/site-packages/airflow/example_dags/example_branch_python_dop_operator_3.py took 0.071 seconds
[2025-02-21T11:04:01.469+0000] {processor.py:186} INFO - Started process (PID=77) to work on /home/airflow/.local/lib/python3.12/site-packages/airflow/example_dags/example_branch_python_dop_operator_3.py
[2025-02-21T11:04:01.473+0000] {processor.py:914} INFO - Processing file /home/airflow/.local/lib/python3.12/site-packages/airflow/example_dags/example_branch_python_dop_operator_3.py for tasks to queue
[2025-02-21T11:04:01.476+0000] {logging_mixin.py:190} INFO - [2025-02-21T11:04:01.476+0000] {dagbag.py:588} INFO - Filling up the DagBag from /home/airflow/.local/lib/python3.12/site-packages/airflow/example_dags/example_branch_python_dop_operator_3.py
[2025-02-21T11:04:01.487+0000] {processor.py:925} INFO - DAG(s) 'example_branch_dop_operator_v3' retrieved from /home/airflow/.local/lib/python3.12/site-packages/airflow/example_dags/example_branch_python_dop_operator_3.py
[2025-02-21T11:04:01.507+0000] {logging_mixin.py:190} INFO - [2025-02-21T11:04:01.507+0000] {dag.py:3239} INFO - Sync 1 DAGs
[2025-02-21T11:04:01.532+0000] {logging_mixin.py:190} INFO - [2025-02-21T11:04:01.531+0000] {dag.py:4180} INFO - Setting next_dagrun for example_branch_dop_operator_v3 to 2025-02-21 11:03:00+00:00, run_after=2025-02-21 11:04:00+00:00
[2025-02-21T11:04:01.543+0000] {processor.py:208} INFO - Processing /home/airflow/.local/lib/python3.12/site-packages/airflow/example_dags/example_branch_python_dop_operator_3.py took 0.083 seconds
