[2025-02-21T10:24:19.049+0000] {processor.py:186} INFO - Started process (PID=75) to work on /home/airflow/.local/lib/python3.12/site-packages/airflow/example_dags/example_datasets.py
[2025-02-21T10:24:19.050+0000] {processor.py:914} INFO - Processing file /home/airflow/.local/lib/python3.12/site-packages/airflow/example_dags/example_datasets.py for tasks to queue
[2025-02-21T10:24:19.052+0000] {logging_mixin.py:190} INFO - [2025-02-21T10:24:19.052+0000] {dagbag.py:588} INFO - Filling up the DagBag from /home/airflow/.local/lib/python3.12/site-packages/airflow/example_dags/example_datasets.py
[2025-02-21T10:24:19.236+0000] {processor.py:925} INFO - DAG(s) 'dataset_produces_1', 'consume_1_or_both_2_and_3_with_dataset_expressions', 'dataset_consumes_unknown_never_scheduled', 'dataset_consumes_1_never_scheduled', 'dataset_consumes_1', 'consume_1_or_2_with_dataset_expressions', 'conditional_dataset_and_time_based_timetable', 'dataset_consumes_1_and_2', 'consume_1_and_2_with_dataset_expressions', 'dataset_produces_2' retrieved from /home/airflow/.local/lib/python3.12/site-packages/airflow/example_dags/example_datasets.py
[2025-02-21T10:24:19.302+0000] {logging_mixin.py:190} INFO - [2025-02-21T10:24:19.302+0000] {dag.py:3239} INFO - Sync 10 DAGs
[2025-02-21T10:24:19.334+0000] {logging_mixin.py:190} INFO - [2025-02-21T10:24:19.334+0000] {dag.py:4180} INFO - Setting next_dagrun for conditional_dataset_and_time_based_timetable to 2025-02-19 01:00:00+00:00, run_after=2025-02-19 01:00:00+00:00
[2025-02-21T10:24:19.339+0000] {logging_mixin.py:190} INFO - [2025-02-21T10:24:19.339+0000] {dag.py:4180} INFO - Setting next_dagrun for consume_1_and_2_with_dataset_expressions to None, run_after=None
[2025-02-21T10:24:19.342+0000] {logging_mixin.py:190} INFO - [2025-02-21T10:24:19.341+0000] {dag.py:4180} INFO - Setting next_dagrun for consume_1_or_2_with_dataset_expressions to None, run_after=None
[2025-02-21T10:24:19.344+0000] {logging_mixin.py:190} INFO - [2025-02-21T10:24:19.343+0000] {dag.py:4180} INFO - Setting next_dagrun for consume_1_or_both_2_and_3_with_dataset_expressions to None, run_after=None
[2025-02-21T10:24:19.346+0000] {logging_mixin.py:190} INFO - [2025-02-21T10:24:19.346+0000] {dag.py:4180} INFO - Setting next_dagrun for dataset_consumes_1 to None, run_after=None
[2025-02-21T10:24:19.349+0000] {logging_mixin.py:190} INFO - [2025-02-21T10:24:19.349+0000] {dag.py:4180} INFO - Setting next_dagrun for dataset_consumes_1_and_2 to None, run_after=None
[2025-02-21T10:24:19.351+0000] {logging_mixin.py:190} INFO - [2025-02-21T10:24:19.351+0000] {dag.py:4180} INFO - Setting next_dagrun for dataset_consumes_1_never_scheduled to None, run_after=None
[2025-02-21T10:24:19.354+0000] {logging_mixin.py:190} INFO - [2025-02-21T10:24:19.354+0000] {dag.py:4180} INFO - Setting next_dagrun for dataset_consumes_unknown_never_scheduled to None, run_after=None
[2025-02-21T10:24:19.356+0000] {logging_mixin.py:190} INFO - [2025-02-21T10:24:19.356+0000] {dag.py:4180} INFO - Setting next_dagrun for dataset_produces_1 to 2025-02-20 00:00:00+00:00, run_after=2025-02-21 00:00:00+00:00
[2025-02-21T10:24:19.357+0000] {logging_mixin.py:190} INFO - [2025-02-21T10:24:19.357+0000] {dag.py:4180} INFO - Setting next_dagrun for dataset_produces_2 to None, run_after=None
[2025-02-21T10:24:19.397+0000] {processor.py:208} INFO - Processing /home/airflow/.local/lib/python3.12/site-packages/airflow/example_dags/example_datasets.py took 0.352 seconds
[2025-02-21T10:24:49.460+0000] {processor.py:186} INFO - Started process (PID=138) to work on /home/airflow/.local/lib/python3.12/site-packages/airflow/example_dags/example_datasets.py
[2025-02-21T10:24:49.461+0000] {processor.py:914} INFO - Processing file /home/airflow/.local/lib/python3.12/site-packages/airflow/example_dags/example_datasets.py for tasks to queue
[2025-02-21T10:24:49.462+0000] {logging_mixin.py:190} INFO - [2025-02-21T10:24:49.462+0000] {dagbag.py:588} INFO - Filling up the DagBag from /home/airflow/.local/lib/python3.12/site-packages/airflow/example_dags/example_datasets.py
[2025-02-21T10:24:49.570+0000] {processor.py:925} INFO - DAG(s) 'dataset_produces_2', 'dataset_consumes_1', 'consume_1_or_both_2_and_3_with_dataset_expressions', 'dataset_consumes_unknown_never_scheduled', 'conditional_dataset_and_time_based_timetable', 'consume_1_and_2_with_dataset_expressions', 'dataset_consumes_1_never_scheduled', 'consume_1_or_2_with_dataset_expressions', 'dataset_produces_1', 'dataset_consumes_1_and_2' retrieved from /home/airflow/.local/lib/python3.12/site-packages/airflow/example_dags/example_datasets.py
[2025-02-21T10:24:49.589+0000] {logging_mixin.py:190} INFO - [2025-02-21T10:24:49.589+0000] {dag.py:3239} INFO - Sync 10 DAGs
[2025-02-21T10:24:49.603+0000] {logging_mixin.py:190} INFO - [2025-02-21T10:24:49.603+0000] {dag.py:4180} INFO - Setting next_dagrun for conditional_dataset_and_time_based_timetable to 2025-02-19 01:00:00+00:00, run_after=2025-02-19 01:00:00+00:00
[2025-02-21T10:24:49.605+0000] {logging_mixin.py:190} INFO - [2025-02-21T10:24:49.605+0000] {dag.py:4180} INFO - Setting next_dagrun for consume_1_and_2_with_dataset_expressions to None, run_after=None
[2025-02-21T10:24:49.606+0000] {logging_mixin.py:190} INFO - [2025-02-21T10:24:49.606+0000] {dag.py:4180} INFO - Setting next_dagrun for consume_1_or_2_with_dataset_expressions to None, run_after=None
[2025-02-21T10:24:49.607+0000] {logging_mixin.py:190} INFO - [2025-02-21T10:24:49.606+0000] {dag.py:4180} INFO - Setting next_dagrun for consume_1_or_both_2_and_3_with_dataset_expressions to None, run_after=None
[2025-02-21T10:24:49.607+0000] {logging_mixin.py:190} INFO - [2025-02-21T10:24:49.607+0000] {dag.py:4180} INFO - Setting next_dagrun for dataset_consumes_1 to None, run_after=None
[2025-02-21T10:24:49.608+0000] {logging_mixin.py:190} INFO - [2025-02-21T10:24:49.607+0000] {dag.py:4180} INFO - Setting next_dagrun for dataset_consumes_1_and_2 to None, run_after=None
[2025-02-21T10:24:49.608+0000] {logging_mixin.py:190} INFO - [2025-02-21T10:24:49.608+0000] {dag.py:4180} INFO - Setting next_dagrun for dataset_consumes_1_never_scheduled to None, run_after=None
[2025-02-21T10:24:49.609+0000] {logging_mixin.py:190} INFO - [2025-02-21T10:24:49.609+0000] {dag.py:4180} INFO - Setting next_dagrun for dataset_consumes_unknown_never_scheduled to None, run_after=None
[2025-02-21T10:24:49.610+0000] {logging_mixin.py:190} INFO - [2025-02-21T10:24:49.610+0000] {dag.py:4180} INFO - Setting next_dagrun for dataset_produces_1 to 2025-02-20 00:00:00+00:00, run_after=2025-02-21 00:00:00+00:00
[2025-02-21T10:24:49.610+0000] {logging_mixin.py:190} INFO - [2025-02-21T10:24:49.610+0000] {dag.py:4180} INFO - Setting next_dagrun for dataset_produces_2 to None, run_after=None
[2025-02-21T10:24:49.624+0000] {processor.py:208} INFO - Processing /home/airflow/.local/lib/python3.12/site-packages/airflow/example_dags/example_datasets.py took 0.169 seconds
[2025-02-21T10:25:20.493+0000] {processor.py:186} INFO - Started process (PID=199) to work on /home/airflow/.local/lib/python3.12/site-packages/airflow/example_dags/example_datasets.py
[2025-02-21T10:25:20.495+0000] {processor.py:914} INFO - Processing file /home/airflow/.local/lib/python3.12/site-packages/airflow/example_dags/example_datasets.py for tasks to queue
[2025-02-21T10:25:20.496+0000] {logging_mixin.py:190} INFO - [2025-02-21T10:25:20.496+0000] {dagbag.py:588} INFO - Filling up the DagBag from /home/airflow/.local/lib/python3.12/site-packages/airflow/example_dags/example_datasets.py
[2025-02-21T10:25:20.619+0000] {processor.py:925} INFO - DAG(s) 'dataset_consumes_1', 'dataset_consumes_1_and_2', 'conditional_dataset_and_time_based_timetable', 'dataset_consumes_1_never_scheduled', 'consume_1_and_2_with_dataset_expressions', 'dataset_produces_2', 'consume_1_or_both_2_and_3_with_dataset_expressions', 'dataset_produces_1', 'dataset_consumes_unknown_never_scheduled', 'consume_1_or_2_with_dataset_expressions' retrieved from /home/airflow/.local/lib/python3.12/site-packages/airflow/example_dags/example_datasets.py
[2025-02-21T10:25:20.654+0000] {logging_mixin.py:190} INFO - [2025-02-21T10:25:20.654+0000] {dag.py:3239} INFO - Sync 10 DAGs
[2025-02-21T10:25:20.669+0000] {logging_mixin.py:190} INFO - [2025-02-21T10:25:20.669+0000] {dag.py:4180} INFO - Setting next_dagrun for conditional_dataset_and_time_based_timetable to 2025-02-19 01:00:00+00:00, run_after=2025-02-19 01:00:00+00:00
[2025-02-21T10:25:20.672+0000] {logging_mixin.py:190} INFO - [2025-02-21T10:25:20.672+0000] {dag.py:4180} INFO - Setting next_dagrun for consume_1_and_2_with_dataset_expressions to None, run_after=None
[2025-02-21T10:25:20.672+0000] {logging_mixin.py:190} INFO - [2025-02-21T10:25:20.672+0000] {dag.py:4180} INFO - Setting next_dagrun for consume_1_or_2_with_dataset_expressions to None, run_after=None
[2025-02-21T10:25:20.675+0000] {logging_mixin.py:190} INFO - [2025-02-21T10:25:20.675+0000] {dag.py:4180} INFO - Setting next_dagrun for consume_1_or_both_2_and_3_with_dataset_expressions to None, run_after=None
[2025-02-21T10:25:20.677+0000] {logging_mixin.py:190} INFO - [2025-02-21T10:25:20.677+0000] {dag.py:4180} INFO - Setting next_dagrun for dataset_consumes_1 to None, run_after=None
[2025-02-21T10:25:20.678+0000] {logging_mixin.py:190} INFO - [2025-02-21T10:25:20.678+0000] {dag.py:4180} INFO - Setting next_dagrun for dataset_consumes_1_and_2 to None, run_after=None
[2025-02-21T10:25:20.679+0000] {logging_mixin.py:190} INFO - [2025-02-21T10:25:20.679+0000] {dag.py:4180} INFO - Setting next_dagrun for dataset_consumes_1_never_scheduled to None, run_after=None
[2025-02-21T10:25:20.681+0000] {logging_mixin.py:190} INFO - [2025-02-21T10:25:20.680+0000] {dag.py:4180} INFO - Setting next_dagrun for dataset_consumes_unknown_never_scheduled to None, run_after=None
[2025-02-21T10:25:20.681+0000] {logging_mixin.py:190} INFO - [2025-02-21T10:25:20.681+0000] {dag.py:4180} INFO - Setting next_dagrun for dataset_produces_1 to 2025-02-20 00:00:00+00:00, run_after=2025-02-21 00:00:00+00:00
[2025-02-21T10:25:20.684+0000] {logging_mixin.py:190} INFO - [2025-02-21T10:25:20.684+0000] {dag.py:4180} INFO - Setting next_dagrun for dataset_produces_2 to None, run_after=None
[2025-02-21T10:25:20.702+0000] {processor.py:208} INFO - Processing /home/airflow/.local/lib/python3.12/site-packages/airflow/example_dags/example_datasets.py took 0.213 seconds
[2025-02-21T10:25:51.236+0000] {processor.py:186} INFO - Started process (PID=261) to work on /home/airflow/.local/lib/python3.12/site-packages/airflow/example_dags/example_datasets.py
[2025-02-21T10:25:51.238+0000] {processor.py:914} INFO - Processing file /home/airflow/.local/lib/python3.12/site-packages/airflow/example_dags/example_datasets.py for tasks to queue
[2025-02-21T10:25:51.240+0000] {logging_mixin.py:190} INFO - [2025-02-21T10:25:51.239+0000] {dagbag.py:588} INFO - Filling up the DagBag from /home/airflow/.local/lib/python3.12/site-packages/airflow/example_dags/example_datasets.py
[2025-02-21T10:25:51.389+0000] {processor.py:925} INFO - DAG(s) 'dataset_consumes_1_never_scheduled', 'consume_1_or_both_2_and_3_with_dataset_expressions', 'consume_1_and_2_with_dataset_expressions', 'dataset_produces_1', 'dataset_consumes_1', 'consume_1_or_2_with_dataset_expressions', 'dataset_consumes_unknown_never_scheduled', 'conditional_dataset_and_time_based_timetable', 'dataset_produces_2', 'dataset_consumes_1_and_2' retrieved from /home/airflow/.local/lib/python3.12/site-packages/airflow/example_dags/example_datasets.py
[2025-02-21T10:25:51.422+0000] {logging_mixin.py:190} INFO - [2025-02-21T10:25:51.422+0000] {dag.py:3239} INFO - Sync 10 DAGs
[2025-02-21T10:25:51.442+0000] {logging_mixin.py:190} INFO - [2025-02-21T10:25:51.442+0000] {dag.py:4180} INFO - Setting next_dagrun for conditional_dataset_and_time_based_timetable to 2025-02-19 01:00:00+00:00, run_after=2025-02-19 01:00:00+00:00
[2025-02-21T10:25:51.449+0000] {logging_mixin.py:190} INFO - [2025-02-21T10:25:51.449+0000] {dag.py:4180} INFO - Setting next_dagrun for consume_1_and_2_with_dataset_expressions to None, run_after=None
[2025-02-21T10:25:51.451+0000] {logging_mixin.py:190} INFO - [2025-02-21T10:25:51.451+0000] {dag.py:4180} INFO - Setting next_dagrun for consume_1_or_2_with_dataset_expressions to None, run_after=None
[2025-02-21T10:25:51.452+0000] {logging_mixin.py:190} INFO - [2025-02-21T10:25:51.452+0000] {dag.py:4180} INFO - Setting next_dagrun for consume_1_or_both_2_and_3_with_dataset_expressions to None, run_after=None
[2025-02-21T10:25:51.452+0000] {logging_mixin.py:190} INFO - [2025-02-21T10:25:51.452+0000] {dag.py:4180} INFO - Setting next_dagrun for dataset_consumes_1 to None, run_after=None
[2025-02-21T10:25:51.454+0000] {logging_mixin.py:190} INFO - [2025-02-21T10:25:51.454+0000] {dag.py:4180} INFO - Setting next_dagrun for dataset_consumes_1_and_2 to None, run_after=None
[2025-02-21T10:25:51.455+0000] {logging_mixin.py:190} INFO - [2025-02-21T10:25:51.455+0000] {dag.py:4180} INFO - Setting next_dagrun for dataset_consumes_1_never_scheduled to None, run_after=None
[2025-02-21T10:25:51.458+0000] {logging_mixin.py:190} INFO - [2025-02-21T10:25:51.458+0000] {dag.py:4180} INFO - Setting next_dagrun for dataset_consumes_unknown_never_scheduled to None, run_after=None
[2025-02-21T10:25:51.461+0000] {logging_mixin.py:190} INFO - [2025-02-21T10:25:51.461+0000] {dag.py:4180} INFO - Setting next_dagrun for dataset_produces_1 to 2025-02-20 00:00:00+00:00, run_after=2025-02-21 00:00:00+00:00
[2025-02-21T10:25:51.465+0000] {logging_mixin.py:190} INFO - [2025-02-21T10:25:51.465+0000] {dag.py:4180} INFO - Setting next_dagrun for dataset_produces_2 to None, run_after=None
[2025-02-21T10:25:51.497+0000] {processor.py:208} INFO - Processing /home/airflow/.local/lib/python3.12/site-packages/airflow/example_dags/example_datasets.py took 0.265 seconds
[2025-02-21T10:26:21.815+0000] {processor.py:186} INFO - Started process (PID=323) to work on /home/airflow/.local/lib/python3.12/site-packages/airflow/example_dags/example_datasets.py
[2025-02-21T10:26:21.817+0000] {processor.py:914} INFO - Processing file /home/airflow/.local/lib/python3.12/site-packages/airflow/example_dags/example_datasets.py for tasks to queue
[2025-02-21T10:26:21.818+0000] {logging_mixin.py:190} INFO - [2025-02-21T10:26:21.818+0000] {dagbag.py:588} INFO - Filling up the DagBag from /home/airflow/.local/lib/python3.12/site-packages/airflow/example_dags/example_datasets.py
[2025-02-21T10:26:21.914+0000] {processor.py:925} INFO - DAG(s) 'dataset_consumes_1', 'dataset_consumes_1_never_scheduled', 'consume_1_or_both_2_and_3_with_dataset_expressions', 'conditional_dataset_and_time_based_timetable', 'consume_1_and_2_with_dataset_expressions', 'dataset_produces_1', 'dataset_consumes_unknown_never_scheduled', 'consume_1_or_2_with_dataset_expressions', 'dataset_produces_2', 'dataset_consumes_1_and_2' retrieved from /home/airflow/.local/lib/python3.12/site-packages/airflow/example_dags/example_datasets.py
[2025-02-21T10:26:21.936+0000] {logging_mixin.py:190} INFO - [2025-02-21T10:26:21.936+0000] {dag.py:3239} INFO - Sync 10 DAGs
[2025-02-21T10:26:21.958+0000] {logging_mixin.py:190} INFO - [2025-02-21T10:26:21.957+0000] {dag.py:4180} INFO - Setting next_dagrun for conditional_dataset_and_time_based_timetable to 2025-02-19 01:00:00+00:00, run_after=2025-02-19 01:00:00+00:00
[2025-02-21T10:26:21.961+0000] {logging_mixin.py:190} INFO - [2025-02-21T10:26:21.961+0000] {dag.py:4180} INFO - Setting next_dagrun for consume_1_and_2_with_dataset_expressions to None, run_after=None
[2025-02-21T10:26:21.962+0000] {logging_mixin.py:190} INFO - [2025-02-21T10:26:21.962+0000] {dag.py:4180} INFO - Setting next_dagrun for consume_1_or_2_with_dataset_expressions to None, run_after=None
[2025-02-21T10:26:21.963+0000] {logging_mixin.py:190} INFO - [2025-02-21T10:26:21.963+0000] {dag.py:4180} INFO - Setting next_dagrun for consume_1_or_both_2_and_3_with_dataset_expressions to None, run_after=None
[2025-02-21T10:26:21.965+0000] {logging_mixin.py:190} INFO - [2025-02-21T10:26:21.964+0000] {dag.py:4180} INFO - Setting next_dagrun for dataset_consumes_1 to None, run_after=None
[2025-02-21T10:26:21.966+0000] {logging_mixin.py:190} INFO - [2025-02-21T10:26:21.966+0000] {dag.py:4180} INFO - Setting next_dagrun for dataset_consumes_1_and_2 to None, run_after=None
[2025-02-21T10:26:21.969+0000] {logging_mixin.py:190} INFO - [2025-02-21T10:26:21.968+0000] {dag.py:4180} INFO - Setting next_dagrun for dataset_consumes_1_never_scheduled to None, run_after=None
[2025-02-21T10:26:21.970+0000] {logging_mixin.py:190} INFO - [2025-02-21T10:26:21.970+0000] {dag.py:4180} INFO - Setting next_dagrun for dataset_consumes_unknown_never_scheduled to None, run_after=None
[2025-02-21T10:26:21.973+0000] {logging_mixin.py:190} INFO - [2025-02-21T10:26:21.973+0000] {dag.py:4180} INFO - Setting next_dagrun for dataset_produces_1 to 2025-02-20 00:00:00+00:00, run_after=2025-02-21 00:00:00+00:00
[2025-02-21T10:26:21.975+0000] {logging_mixin.py:190} INFO - [2025-02-21T10:26:21.975+0000] {dag.py:4180} INFO - Setting next_dagrun for dataset_produces_2 to None, run_after=None
[2025-02-21T10:26:21.999+0000] {processor.py:208} INFO - Processing /home/airflow/.local/lib/python3.12/site-packages/airflow/example_dags/example_datasets.py took 0.187 seconds
[2025-02-21T10:26:52.575+0000] {processor.py:186} INFO - Started process (PID=385) to work on /home/airflow/.local/lib/python3.12/site-packages/airflow/example_dags/example_datasets.py
[2025-02-21T10:26:52.576+0000] {processor.py:914} INFO - Processing file /home/airflow/.local/lib/python3.12/site-packages/airflow/example_dags/example_datasets.py for tasks to queue
[2025-02-21T10:26:52.578+0000] {logging_mixin.py:190} INFO - [2025-02-21T10:26:52.578+0000] {dagbag.py:588} INFO - Filling up the DagBag from /home/airflow/.local/lib/python3.12/site-packages/airflow/example_dags/example_datasets.py
[2025-02-21T10:26:52.673+0000] {processor.py:925} INFO - DAG(s) 'dataset_consumes_1_and_2', 'consume_1_or_both_2_and_3_with_dataset_expressions', 'consume_1_and_2_with_dataset_expressions', 'dataset_consumes_1', 'dataset_consumes_unknown_never_scheduled', 'conditional_dataset_and_time_based_timetable', 'consume_1_or_2_with_dataset_expressions', 'dataset_produces_1', 'dataset_consumes_1_never_scheduled', 'dataset_produces_2' retrieved from /home/airflow/.local/lib/python3.12/site-packages/airflow/example_dags/example_datasets.py
[2025-02-21T10:26:52.701+0000] {logging_mixin.py:190} INFO - [2025-02-21T10:26:52.701+0000] {dag.py:3239} INFO - Sync 10 DAGs
[2025-02-21T10:26:52.718+0000] {logging_mixin.py:190} INFO - [2025-02-21T10:26:52.717+0000] {dag.py:4180} INFO - Setting next_dagrun for conditional_dataset_and_time_based_timetable to 2025-02-19 01:00:00+00:00, run_after=2025-02-19 01:00:00+00:00
[2025-02-21T10:26:52.722+0000] {logging_mixin.py:190} INFO - [2025-02-21T10:26:52.721+0000] {dag.py:4180} INFO - Setting next_dagrun for consume_1_and_2_with_dataset_expressions to None, run_after=None
[2025-02-21T10:26:52.723+0000] {logging_mixin.py:190} INFO - [2025-02-21T10:26:52.723+0000] {dag.py:4180} INFO - Setting next_dagrun for consume_1_or_2_with_dataset_expressions to None, run_after=None
[2025-02-21T10:26:52.724+0000] {logging_mixin.py:190} INFO - [2025-02-21T10:26:52.724+0000] {dag.py:4180} INFO - Setting next_dagrun for consume_1_or_both_2_and_3_with_dataset_expressions to None, run_after=None
[2025-02-21T10:26:52.725+0000] {logging_mixin.py:190} INFO - [2025-02-21T10:26:52.725+0000] {dag.py:4180} INFO - Setting next_dagrun for dataset_consumes_1 to None, run_after=None
[2025-02-21T10:26:52.727+0000] {logging_mixin.py:190} INFO - [2025-02-21T10:26:52.727+0000] {dag.py:4180} INFO - Setting next_dagrun for dataset_consumes_1_and_2 to None, run_after=None
[2025-02-21T10:26:52.728+0000] {logging_mixin.py:190} INFO - [2025-02-21T10:26:52.728+0000] {dag.py:4180} INFO - Setting next_dagrun for dataset_consumes_1_never_scheduled to None, run_after=None
[2025-02-21T10:26:52.730+0000] {logging_mixin.py:190} INFO - [2025-02-21T10:26:52.730+0000] {dag.py:4180} INFO - Setting next_dagrun for dataset_consumes_unknown_never_scheduled to None, run_after=None
[2025-02-21T10:26:52.731+0000] {logging_mixin.py:190} INFO - [2025-02-21T10:26:52.731+0000] {dag.py:4180} INFO - Setting next_dagrun for dataset_produces_1 to 2025-02-20 00:00:00+00:00, run_after=2025-02-21 00:00:00+00:00
[2025-02-21T10:26:52.731+0000] {logging_mixin.py:190} INFO - [2025-02-21T10:26:52.731+0000] {dag.py:4180} INFO - Setting next_dagrun for dataset_produces_2 to None, run_after=None
[2025-02-21T10:26:52.750+0000] {processor.py:208} INFO - Processing /home/airflow/.local/lib/python3.12/site-packages/airflow/example_dags/example_datasets.py took 0.178 seconds
[2025-02-21T10:27:23.285+0000] {processor.py:186} INFO - Started process (PID=447) to work on /home/airflow/.local/lib/python3.12/site-packages/airflow/example_dags/example_datasets.py
[2025-02-21T10:27:23.287+0000] {processor.py:914} INFO - Processing file /home/airflow/.local/lib/python3.12/site-packages/airflow/example_dags/example_datasets.py for tasks to queue
[2025-02-21T10:27:23.289+0000] {logging_mixin.py:190} INFO - [2025-02-21T10:27:23.289+0000] {dagbag.py:588} INFO - Filling up the DagBag from /home/airflow/.local/lib/python3.12/site-packages/airflow/example_dags/example_datasets.py
[2025-02-21T10:27:23.375+0000] {processor.py:925} INFO - DAG(s) 'dataset_produces_1', 'dataset_consumes_1_never_scheduled', 'consume_1_and_2_with_dataset_expressions', 'consume_1_or_both_2_and_3_with_dataset_expressions', 'dataset_consumes_unknown_never_scheduled', 'dataset_consumes_1_and_2', 'dataset_produces_2', 'conditional_dataset_and_time_based_timetable', 'consume_1_or_2_with_dataset_expressions', 'dataset_consumes_1' retrieved from /home/airflow/.local/lib/python3.12/site-packages/airflow/example_dags/example_datasets.py
[2025-02-21T10:27:23.403+0000] {logging_mixin.py:190} INFO - [2025-02-21T10:27:23.403+0000] {dag.py:3239} INFO - Sync 10 DAGs
[2025-02-21T10:27:23.418+0000] {logging_mixin.py:190} INFO - [2025-02-21T10:27:23.418+0000] {dag.py:4180} INFO - Setting next_dagrun for conditional_dataset_and_time_based_timetable to 2025-02-19 01:00:00+00:00, run_after=2025-02-19 01:00:00+00:00
[2025-02-21T10:27:23.420+0000] {logging_mixin.py:190} INFO - [2025-02-21T10:27:23.419+0000] {dag.py:4180} INFO - Setting next_dagrun for consume_1_and_2_with_dataset_expressions to None, run_after=None
[2025-02-21T10:27:23.420+0000] {logging_mixin.py:190} INFO - [2025-02-21T10:27:23.420+0000] {dag.py:4180} INFO - Setting next_dagrun for consume_1_or_2_with_dataset_expressions to None, run_after=None
[2025-02-21T10:27:23.421+0000] {logging_mixin.py:190} INFO - [2025-02-21T10:27:23.421+0000] {dag.py:4180} INFO - Setting next_dagrun for consume_1_or_both_2_and_3_with_dataset_expressions to None, run_after=None
[2025-02-21T10:27:23.422+0000] {logging_mixin.py:190} INFO - [2025-02-21T10:27:23.422+0000] {dag.py:4180} INFO - Setting next_dagrun for dataset_consumes_1 to None, run_after=None
[2025-02-21T10:27:23.423+0000] {logging_mixin.py:190} INFO - [2025-02-21T10:27:23.423+0000] {dag.py:4180} INFO - Setting next_dagrun for dataset_consumes_1_and_2 to None, run_after=None
[2025-02-21T10:27:23.424+0000] {logging_mixin.py:190} INFO - [2025-02-21T10:27:23.423+0000] {dag.py:4180} INFO - Setting next_dagrun for dataset_consumes_1_never_scheduled to None, run_after=None
[2025-02-21T10:27:23.424+0000] {logging_mixin.py:190} INFO - [2025-02-21T10:27:23.424+0000] {dag.py:4180} INFO - Setting next_dagrun for dataset_consumes_unknown_never_scheduled to None, run_after=None
[2025-02-21T10:27:23.425+0000] {logging_mixin.py:190} INFO - [2025-02-21T10:27:23.425+0000] {dag.py:4180} INFO - Setting next_dagrun for dataset_produces_1 to 2025-02-20 00:00:00+00:00, run_after=2025-02-21 00:00:00+00:00
[2025-02-21T10:27:23.427+0000] {logging_mixin.py:190} INFO - [2025-02-21T10:27:23.427+0000] {dag.py:4180} INFO - Setting next_dagrun for dataset_produces_2 to None, run_after=None
[2025-02-21T10:27:23.453+0000] {processor.py:208} INFO - Processing /home/airflow/.local/lib/python3.12/site-packages/airflow/example_dags/example_datasets.py took 0.175 seconds
[2025-02-21T10:27:54.008+0000] {processor.py:186} INFO - Started process (PID=509) to work on /home/airflow/.local/lib/python3.12/site-packages/airflow/example_dags/example_datasets.py
[2025-02-21T10:27:54.009+0000] {processor.py:914} INFO - Processing file /home/airflow/.local/lib/python3.12/site-packages/airflow/example_dags/example_datasets.py for tasks to queue
[2025-02-21T10:27:54.011+0000] {logging_mixin.py:190} INFO - [2025-02-21T10:27:54.011+0000] {dagbag.py:588} INFO - Filling up the DagBag from /home/airflow/.local/lib/python3.12/site-packages/airflow/example_dags/example_datasets.py
[2025-02-21T10:27:54.108+0000] {processor.py:925} INFO - DAG(s) 'conditional_dataset_and_time_based_timetable', 'dataset_produces_1', 'consume_1_and_2_with_dataset_expressions', 'dataset_produces_2', 'dataset_consumes_1_never_scheduled', 'dataset_consumes_1_and_2', 'dataset_consumes_unknown_never_scheduled', 'consume_1_or_2_with_dataset_expressions', 'dataset_consumes_1', 'consume_1_or_both_2_and_3_with_dataset_expressions' retrieved from /home/airflow/.local/lib/python3.12/site-packages/airflow/example_dags/example_datasets.py
[2025-02-21T10:27:54.135+0000] {logging_mixin.py:190} INFO - [2025-02-21T10:27:54.135+0000] {dag.py:3239} INFO - Sync 10 DAGs
[2025-02-21T10:27:54.150+0000] {logging_mixin.py:190} INFO - [2025-02-21T10:27:54.150+0000] {dag.py:4180} INFO - Setting next_dagrun for conditional_dataset_and_time_based_timetable to 2025-02-19 01:00:00+00:00, run_after=2025-02-19 01:00:00+00:00
[2025-02-21T10:27:54.151+0000] {logging_mixin.py:190} INFO - [2025-02-21T10:27:54.151+0000] {dag.py:4180} INFO - Setting next_dagrun for consume_1_and_2_with_dataset_expressions to None, run_after=None
[2025-02-21T10:27:54.153+0000] {logging_mixin.py:190} INFO - [2025-02-21T10:27:54.152+0000] {dag.py:4180} INFO - Setting next_dagrun for consume_1_or_2_with_dataset_expressions to None, run_after=None
[2025-02-21T10:27:54.153+0000] {logging_mixin.py:190} INFO - [2025-02-21T10:27:54.153+0000] {dag.py:4180} INFO - Setting next_dagrun for consume_1_or_both_2_and_3_with_dataset_expressions to None, run_after=None
[2025-02-21T10:27:54.154+0000] {logging_mixin.py:190} INFO - [2025-02-21T10:27:54.154+0000] {dag.py:4180} INFO - Setting next_dagrun for dataset_consumes_1 to None, run_after=None
[2025-02-21T10:27:54.157+0000] {logging_mixin.py:190} INFO - [2025-02-21T10:27:54.157+0000] {dag.py:4180} INFO - Setting next_dagrun for dataset_consumes_1_and_2 to None, run_after=None
[2025-02-21T10:27:54.159+0000] {logging_mixin.py:190} INFO - [2025-02-21T10:27:54.159+0000] {dag.py:4180} INFO - Setting next_dagrun for dataset_consumes_1_never_scheduled to None, run_after=None
[2025-02-21T10:27:54.160+0000] {logging_mixin.py:190} INFO - [2025-02-21T10:27:54.160+0000] {dag.py:4180} INFO - Setting next_dagrun for dataset_consumes_unknown_never_scheduled to None, run_after=None
[2025-02-21T10:27:54.162+0000] {logging_mixin.py:190} INFO - [2025-02-21T10:27:54.162+0000] {dag.py:4180} INFO - Setting next_dagrun for dataset_produces_1 to 2025-02-20 00:00:00+00:00, run_after=2025-02-21 00:00:00+00:00
[2025-02-21T10:27:54.163+0000] {logging_mixin.py:190} INFO - [2025-02-21T10:27:54.163+0000] {dag.py:4180} INFO - Setting next_dagrun for dataset_produces_2 to None, run_after=None
[2025-02-21T10:27:54.182+0000] {processor.py:208} INFO - Processing /home/airflow/.local/lib/python3.12/site-packages/airflow/example_dags/example_datasets.py took 0.179 seconds
[2025-02-21T10:28:25.037+0000] {processor.py:186} INFO - Started process (PID=571) to work on /home/airflow/.local/lib/python3.12/site-packages/airflow/example_dags/example_datasets.py
[2025-02-21T10:28:25.038+0000] {processor.py:914} INFO - Processing file /home/airflow/.local/lib/python3.12/site-packages/airflow/example_dags/example_datasets.py for tasks to queue
[2025-02-21T10:28:25.042+0000] {logging_mixin.py:190} INFO - [2025-02-21T10:28:25.041+0000] {dagbag.py:588} INFO - Filling up the DagBag from /home/airflow/.local/lib/python3.12/site-packages/airflow/example_dags/example_datasets.py
[2025-02-21T10:28:25.167+0000] {processor.py:925} INFO - DAG(s) 'dataset_consumes_unknown_never_scheduled', 'dataset_produces_2', 'consume_1_or_both_2_and_3_with_dataset_expressions', 'dataset_consumes_1_never_scheduled', 'consume_1_and_2_with_dataset_expressions', 'consume_1_or_2_with_dataset_expressions', 'dataset_consumes_1_and_2', 'conditional_dataset_and_time_based_timetable', 'dataset_produces_1', 'dataset_consumes_1' retrieved from /home/airflow/.local/lib/python3.12/site-packages/airflow/example_dags/example_datasets.py
[2025-02-21T10:28:25.196+0000] {logging_mixin.py:190} INFO - [2025-02-21T10:28:25.195+0000] {dag.py:3239} INFO - Sync 10 DAGs
[2025-02-21T10:28:25.212+0000] {logging_mixin.py:190} INFO - [2025-02-21T10:28:25.212+0000] {dag.py:4180} INFO - Setting next_dagrun for conditional_dataset_and_time_based_timetable to 2025-02-19 01:00:00+00:00, run_after=2025-02-19 01:00:00+00:00
[2025-02-21T10:28:25.214+0000] {logging_mixin.py:190} INFO - [2025-02-21T10:28:25.214+0000] {dag.py:4180} INFO - Setting next_dagrun for consume_1_and_2_with_dataset_expressions to None, run_after=None
[2025-02-21T10:28:25.216+0000] {logging_mixin.py:190} INFO - [2025-02-21T10:28:25.216+0000] {dag.py:4180} INFO - Setting next_dagrun for consume_1_or_2_with_dataset_expressions to None, run_after=None
[2025-02-21T10:28:25.216+0000] {logging_mixin.py:190} INFO - [2025-02-21T10:28:25.216+0000] {dag.py:4180} INFO - Setting next_dagrun for consume_1_or_both_2_and_3_with_dataset_expressions to None, run_after=None
[2025-02-21T10:28:25.217+0000] {logging_mixin.py:190} INFO - [2025-02-21T10:28:25.217+0000] {dag.py:4180} INFO - Setting next_dagrun for dataset_consumes_1 to None, run_after=None
[2025-02-21T10:28:25.218+0000] {logging_mixin.py:190} INFO - [2025-02-21T10:28:25.218+0000] {dag.py:4180} INFO - Setting next_dagrun for dataset_consumes_1_and_2 to None, run_after=None
[2025-02-21T10:28:25.218+0000] {logging_mixin.py:190} INFO - [2025-02-21T10:28:25.218+0000] {dag.py:4180} INFO - Setting next_dagrun for dataset_consumes_1_never_scheduled to None, run_after=None
[2025-02-21T10:28:25.219+0000] {logging_mixin.py:190} INFO - [2025-02-21T10:28:25.219+0000] {dag.py:4180} INFO - Setting next_dagrun for dataset_consumes_unknown_never_scheduled to None, run_after=None
[2025-02-21T10:28:25.220+0000] {logging_mixin.py:190} INFO - [2025-02-21T10:28:25.220+0000] {dag.py:4180} INFO - Setting next_dagrun for dataset_produces_1 to 2025-02-20 00:00:00+00:00, run_after=2025-02-21 00:00:00+00:00
[2025-02-21T10:28:25.222+0000] {logging_mixin.py:190} INFO - [2025-02-21T10:28:25.221+0000] {dag.py:4180} INFO - Setting next_dagrun for dataset_produces_2 to None, run_after=None
[2025-02-21T10:28:25.245+0000] {processor.py:208} INFO - Processing /home/airflow/.local/lib/python3.12/site-packages/airflow/example_dags/example_datasets.py took 0.221 seconds
[2025-02-21T10:28:55.719+0000] {processor.py:186} INFO - Started process (PID=633) to work on /home/airflow/.local/lib/python3.12/site-packages/airflow/example_dags/example_datasets.py
[2025-02-21T10:28:55.719+0000] {processor.py:914} INFO - Processing file /home/airflow/.local/lib/python3.12/site-packages/airflow/example_dags/example_datasets.py for tasks to queue
[2025-02-21T10:28:55.721+0000] {logging_mixin.py:190} INFO - [2025-02-21T10:28:55.720+0000] {dagbag.py:588} INFO - Filling up the DagBag from /home/airflow/.local/lib/python3.12/site-packages/airflow/example_dags/example_datasets.py
[2025-02-21T10:28:55.829+0000] {processor.py:925} INFO - DAG(s) 'dataset_consumes_1_and_2', 'dataset_consumes_1', 'dataset_consumes_unknown_never_scheduled', 'consume_1_and_2_with_dataset_expressions', 'consume_1_or_2_with_dataset_expressions', 'dataset_consumes_1_never_scheduled', 'dataset_produces_1', 'consume_1_or_both_2_and_3_with_dataset_expressions', 'conditional_dataset_and_time_based_timetable', 'dataset_produces_2' retrieved from /home/airflow/.local/lib/python3.12/site-packages/airflow/example_dags/example_datasets.py
[2025-02-21T10:28:55.857+0000] {logging_mixin.py:190} INFO - [2025-02-21T10:28:55.857+0000] {dag.py:3239} INFO - Sync 10 DAGs
[2025-02-21T10:28:55.873+0000] {logging_mixin.py:190} INFO - [2025-02-21T10:28:55.873+0000] {dag.py:4180} INFO - Setting next_dagrun for conditional_dataset_and_time_based_timetable to 2025-02-19 01:00:00+00:00, run_after=2025-02-19 01:00:00+00:00
[2025-02-21T10:28:55.875+0000] {logging_mixin.py:190} INFO - [2025-02-21T10:28:55.875+0000] {dag.py:4180} INFO - Setting next_dagrun for consume_1_and_2_with_dataset_expressions to None, run_after=None
[2025-02-21T10:28:55.876+0000] {logging_mixin.py:190} INFO - [2025-02-21T10:28:55.876+0000] {dag.py:4180} INFO - Setting next_dagrun for consume_1_or_2_with_dataset_expressions to None, run_after=None
[2025-02-21T10:28:55.877+0000] {logging_mixin.py:190} INFO - [2025-02-21T10:28:55.877+0000] {dag.py:4180} INFO - Setting next_dagrun for consume_1_or_both_2_and_3_with_dataset_expressions to None, run_after=None
[2025-02-21T10:28:55.878+0000] {logging_mixin.py:190} INFO - [2025-02-21T10:28:55.877+0000] {dag.py:4180} INFO - Setting next_dagrun for dataset_consumes_1 to None, run_after=None
[2025-02-21T10:28:55.878+0000] {logging_mixin.py:190} INFO - [2025-02-21T10:28:55.878+0000] {dag.py:4180} INFO - Setting next_dagrun for dataset_consumes_1_and_2 to None, run_after=None
[2025-02-21T10:28:55.879+0000] {logging_mixin.py:190} INFO - [2025-02-21T10:28:55.879+0000] {dag.py:4180} INFO - Setting next_dagrun for dataset_consumes_1_never_scheduled to None, run_after=None
[2025-02-21T10:28:55.880+0000] {logging_mixin.py:190} INFO - [2025-02-21T10:28:55.880+0000] {dag.py:4180} INFO - Setting next_dagrun for dataset_consumes_unknown_never_scheduled to None, run_after=None
[2025-02-21T10:28:55.881+0000] {logging_mixin.py:190} INFO - [2025-02-21T10:28:55.881+0000] {dag.py:4180} INFO - Setting next_dagrun for dataset_produces_1 to 2025-02-20 00:00:00+00:00, run_after=2025-02-21 00:00:00+00:00
[2025-02-21T10:28:55.882+0000] {logging_mixin.py:190} INFO - [2025-02-21T10:28:55.882+0000] {dag.py:4180} INFO - Setting next_dagrun for dataset_produces_2 to None, run_after=None
[2025-02-21T10:28:55.899+0000] {processor.py:208} INFO - Processing /home/airflow/.local/lib/python3.12/site-packages/airflow/example_dags/example_datasets.py took 0.188 seconds
[2025-02-21T10:29:26.737+0000] {processor.py:186} INFO - Started process (PID=695) to work on /home/airflow/.local/lib/python3.12/site-packages/airflow/example_dags/example_datasets.py
[2025-02-21T10:29:26.738+0000] {processor.py:914} INFO - Processing file /home/airflow/.local/lib/python3.12/site-packages/airflow/example_dags/example_datasets.py for tasks to queue
[2025-02-21T10:29:26.740+0000] {logging_mixin.py:190} INFO - [2025-02-21T10:29:26.739+0000] {dagbag.py:588} INFO - Filling up the DagBag from /home/airflow/.local/lib/python3.12/site-packages/airflow/example_dags/example_datasets.py
[2025-02-21T10:29:26.851+0000] {processor.py:925} INFO - DAG(s) 'dataset_produces_2', 'dataset_consumes_1', 'consume_1_and_2_with_dataset_expressions', 'dataset_produces_1', 'dataset_consumes_1_never_scheduled', 'dataset_consumes_1_and_2', 'consume_1_or_2_with_dataset_expressions', 'conditional_dataset_and_time_based_timetable', 'dataset_consumes_unknown_never_scheduled', 'consume_1_or_both_2_and_3_with_dataset_expressions' retrieved from /home/airflow/.local/lib/python3.12/site-packages/airflow/example_dags/example_datasets.py
[2025-02-21T10:29:26.875+0000] {logging_mixin.py:190} INFO - [2025-02-21T10:29:26.875+0000] {dag.py:3239} INFO - Sync 10 DAGs
[2025-02-21T10:29:26.888+0000] {logging_mixin.py:190} INFO - [2025-02-21T10:29:26.888+0000] {dag.py:4180} INFO - Setting next_dagrun for conditional_dataset_and_time_based_timetable to 2025-02-19 01:00:00+00:00, run_after=2025-02-19 01:00:00+00:00
[2025-02-21T10:29:26.892+0000] {logging_mixin.py:190} INFO - [2025-02-21T10:29:26.892+0000] {dag.py:4180} INFO - Setting next_dagrun for consume_1_and_2_with_dataset_expressions to None, run_after=None
[2025-02-21T10:29:26.892+0000] {logging_mixin.py:190} INFO - [2025-02-21T10:29:26.892+0000] {dag.py:4180} INFO - Setting next_dagrun for consume_1_or_2_with_dataset_expressions to None, run_after=None
[2025-02-21T10:29:26.893+0000] {logging_mixin.py:190} INFO - [2025-02-21T10:29:26.893+0000] {dag.py:4180} INFO - Setting next_dagrun for consume_1_or_both_2_and_3_with_dataset_expressions to None, run_after=None
[2025-02-21T10:29:26.894+0000] {logging_mixin.py:190} INFO - [2025-02-21T10:29:26.894+0000] {dag.py:4180} INFO - Setting next_dagrun for dataset_consumes_1 to None, run_after=None
[2025-02-21T10:29:26.895+0000] {logging_mixin.py:190} INFO - [2025-02-21T10:29:26.894+0000] {dag.py:4180} INFO - Setting next_dagrun for dataset_consumes_1_and_2 to None, run_after=None
[2025-02-21T10:29:26.897+0000] {logging_mixin.py:190} INFO - [2025-02-21T10:29:26.897+0000] {dag.py:4180} INFO - Setting next_dagrun for dataset_consumes_1_never_scheduled to None, run_after=None
[2025-02-21T10:29:26.898+0000] {logging_mixin.py:190} INFO - [2025-02-21T10:29:26.898+0000] {dag.py:4180} INFO - Setting next_dagrun for dataset_consumes_unknown_never_scheduled to None, run_after=None
[2025-02-21T10:29:26.900+0000] {logging_mixin.py:190} INFO - [2025-02-21T10:29:26.899+0000] {dag.py:4180} INFO - Setting next_dagrun for dataset_produces_1 to 2025-02-20 00:00:00+00:00, run_after=2025-02-21 00:00:00+00:00
[2025-02-21T10:29:26.901+0000] {logging_mixin.py:190} INFO - [2025-02-21T10:29:26.901+0000] {dag.py:4180} INFO - Setting next_dagrun for dataset_produces_2 to None, run_after=None
[2025-02-21T10:29:26.920+0000] {processor.py:208} INFO - Processing /home/airflow/.local/lib/python3.12/site-packages/airflow/example_dags/example_datasets.py took 0.189 seconds
[2025-02-21T10:29:57.463+0000] {processor.py:186} INFO - Started process (PID=757) to work on /home/airflow/.local/lib/python3.12/site-packages/airflow/example_dags/example_datasets.py
[2025-02-21T10:29:57.464+0000] {processor.py:914} INFO - Processing file /home/airflow/.local/lib/python3.12/site-packages/airflow/example_dags/example_datasets.py for tasks to queue
[2025-02-21T10:29:57.465+0000] {logging_mixin.py:190} INFO - [2025-02-21T10:29:57.465+0000] {dagbag.py:588} INFO - Filling up the DagBag from /home/airflow/.local/lib/python3.12/site-packages/airflow/example_dags/example_datasets.py
[2025-02-21T10:29:57.558+0000] {processor.py:925} INFO - DAG(s) 'dataset_consumes_1', 'dataset_produces_2', 'dataset_produces_1', 'dataset_consumes_1_never_scheduled', 'conditional_dataset_and_time_based_timetable', 'consume_1_and_2_with_dataset_expressions', 'consume_1_or_2_with_dataset_expressions', 'dataset_consumes_unknown_never_scheduled', 'consume_1_or_both_2_and_3_with_dataset_expressions', 'dataset_consumes_1_and_2' retrieved from /home/airflow/.local/lib/python3.12/site-packages/airflow/example_dags/example_datasets.py
[2025-02-21T10:29:57.592+0000] {logging_mixin.py:190} INFO - [2025-02-21T10:29:57.592+0000] {dag.py:3239} INFO - Sync 10 DAGs
[2025-02-21T10:29:57.608+0000] {logging_mixin.py:190} INFO - [2025-02-21T10:29:57.608+0000] {dag.py:4180} INFO - Setting next_dagrun for conditional_dataset_and_time_based_timetable to 2025-02-19 01:00:00+00:00, run_after=2025-02-19 01:00:00+00:00
[2025-02-21T10:29:57.610+0000] {logging_mixin.py:190} INFO - [2025-02-21T10:29:57.610+0000] {dag.py:4180} INFO - Setting next_dagrun for consume_1_and_2_with_dataset_expressions to None, run_after=None
[2025-02-21T10:29:57.611+0000] {logging_mixin.py:190} INFO - [2025-02-21T10:29:57.611+0000] {dag.py:4180} INFO - Setting next_dagrun for consume_1_or_2_with_dataset_expressions to None, run_after=None
[2025-02-21T10:29:57.613+0000] {logging_mixin.py:190} INFO - [2025-02-21T10:29:57.613+0000] {dag.py:4180} INFO - Setting next_dagrun for consume_1_or_both_2_and_3_with_dataset_expressions to None, run_after=None
[2025-02-21T10:29:57.617+0000] {logging_mixin.py:190} INFO - [2025-02-21T10:29:57.617+0000] {dag.py:4180} INFO - Setting next_dagrun for dataset_consumes_1 to None, run_after=None
[2025-02-21T10:29:57.618+0000] {logging_mixin.py:190} INFO - [2025-02-21T10:29:57.618+0000] {dag.py:4180} INFO - Setting next_dagrun for dataset_consumes_1_and_2 to None, run_after=None
[2025-02-21T10:29:57.618+0000] {logging_mixin.py:190} INFO - [2025-02-21T10:29:57.618+0000] {dag.py:4180} INFO - Setting next_dagrun for dataset_consumes_1_never_scheduled to None, run_after=None
[2025-02-21T10:29:57.620+0000] {logging_mixin.py:190} INFO - [2025-02-21T10:29:57.620+0000] {dag.py:4180} INFO - Setting next_dagrun for dataset_consumes_unknown_never_scheduled to None, run_after=None
[2025-02-21T10:29:57.623+0000] {logging_mixin.py:190} INFO - [2025-02-21T10:29:57.623+0000] {dag.py:4180} INFO - Setting next_dagrun for dataset_produces_1 to 2025-02-20 00:00:00+00:00, run_after=2025-02-21 00:00:00+00:00
[2025-02-21T10:29:57.623+0000] {logging_mixin.py:190} INFO - [2025-02-21T10:29:57.623+0000] {dag.py:4180} INFO - Setting next_dagrun for dataset_produces_2 to None, run_after=None
[2025-02-21T10:29:57.646+0000] {processor.py:208} INFO - Processing /home/airflow/.local/lib/python3.12/site-packages/airflow/example_dags/example_datasets.py took 0.187 seconds
[2025-02-21T10:30:28.312+0000] {processor.py:186} INFO - Started process (PID=819) to work on /home/airflow/.local/lib/python3.12/site-packages/airflow/example_dags/example_datasets.py
[2025-02-21T10:30:28.313+0000] {processor.py:914} INFO - Processing file /home/airflow/.local/lib/python3.12/site-packages/airflow/example_dags/example_datasets.py for tasks to queue
[2025-02-21T10:30:28.316+0000] {logging_mixin.py:190} INFO - [2025-02-21T10:30:28.316+0000] {dagbag.py:588} INFO - Filling up the DagBag from /home/airflow/.local/lib/python3.12/site-packages/airflow/example_dags/example_datasets.py
[2025-02-21T10:30:28.417+0000] {processor.py:925} INFO - DAG(s) 'conditional_dataset_and_time_based_timetable', 'dataset_consumes_1_never_scheduled', 'dataset_produces_2', 'consume_1_or_both_2_and_3_with_dataset_expressions', 'dataset_produces_1', 'dataset_consumes_unknown_never_scheduled', 'consume_1_or_2_with_dataset_expressions', 'dataset_consumes_1_and_2', 'consume_1_and_2_with_dataset_expressions', 'dataset_consumes_1' retrieved from /home/airflow/.local/lib/python3.12/site-packages/airflow/example_dags/example_datasets.py
[2025-02-21T10:30:28.443+0000] {logging_mixin.py:190} INFO - [2025-02-21T10:30:28.443+0000] {dag.py:3239} INFO - Sync 10 DAGs
[2025-02-21T10:30:28.460+0000] {logging_mixin.py:190} INFO - [2025-02-21T10:30:28.460+0000] {dag.py:4180} INFO - Setting next_dagrun for conditional_dataset_and_time_based_timetable to 2025-02-19 01:00:00+00:00, run_after=2025-02-19 01:00:00+00:00
[2025-02-21T10:30:28.462+0000] {logging_mixin.py:190} INFO - [2025-02-21T10:30:28.462+0000] {dag.py:4180} INFO - Setting next_dagrun for consume_1_and_2_with_dataset_expressions to None, run_after=None
[2025-02-21T10:30:28.463+0000] {logging_mixin.py:190} INFO - [2025-02-21T10:30:28.463+0000] {dag.py:4180} INFO - Setting next_dagrun for consume_1_or_2_with_dataset_expressions to None, run_after=None
[2025-02-21T10:30:28.463+0000] {logging_mixin.py:190} INFO - [2025-02-21T10:30:28.463+0000] {dag.py:4180} INFO - Setting next_dagrun for consume_1_or_both_2_and_3_with_dataset_expressions to None, run_after=None
[2025-02-21T10:30:28.464+0000] {logging_mixin.py:190} INFO - [2025-02-21T10:30:28.464+0000] {dag.py:4180} INFO - Setting next_dagrun for dataset_consumes_1 to None, run_after=None
[2025-02-21T10:30:28.464+0000] {logging_mixin.py:190} INFO - [2025-02-21T10:30:28.464+0000] {dag.py:4180} INFO - Setting next_dagrun for dataset_consumes_1_and_2 to None, run_after=None
[2025-02-21T10:30:28.465+0000] {logging_mixin.py:190} INFO - [2025-02-21T10:30:28.465+0000] {dag.py:4180} INFO - Setting next_dagrun for dataset_consumes_1_never_scheduled to None, run_after=None
[2025-02-21T10:30:28.465+0000] {logging_mixin.py:190} INFO - [2025-02-21T10:30:28.465+0000] {dag.py:4180} INFO - Setting next_dagrun for dataset_consumes_unknown_never_scheduled to None, run_after=None
[2025-02-21T10:30:28.466+0000] {logging_mixin.py:190} INFO - [2025-02-21T10:30:28.466+0000] {dag.py:4180} INFO - Setting next_dagrun for dataset_produces_1 to 2025-02-20 00:00:00+00:00, run_after=2025-02-21 00:00:00+00:00
[2025-02-21T10:30:28.467+0000] {logging_mixin.py:190} INFO - [2025-02-21T10:30:28.467+0000] {dag.py:4180} INFO - Setting next_dagrun for dataset_produces_2 to None, run_after=None
[2025-02-21T10:30:28.484+0000] {processor.py:208} INFO - Processing /home/airflow/.local/lib/python3.12/site-packages/airflow/example_dags/example_datasets.py took 0.176 seconds
[2025-02-21T10:30:58.975+0000] {processor.py:186} INFO - Started process (PID=881) to work on /home/airflow/.local/lib/python3.12/site-packages/airflow/example_dags/example_datasets.py
[2025-02-21T10:30:58.978+0000] {processor.py:914} INFO - Processing file /home/airflow/.local/lib/python3.12/site-packages/airflow/example_dags/example_datasets.py for tasks to queue
[2025-02-21T10:30:58.981+0000] {logging_mixin.py:190} INFO - [2025-02-21T10:30:58.980+0000] {dagbag.py:588} INFO - Filling up the DagBag from /home/airflow/.local/lib/python3.12/site-packages/airflow/example_dags/example_datasets.py
[2025-02-21T10:30:59.085+0000] {processor.py:925} INFO - DAG(s) 'dataset_consumes_1_never_scheduled', 'conditional_dataset_and_time_based_timetable', 'consume_1_or_2_with_dataset_expressions', 'consume_1_and_2_with_dataset_expressions', 'dataset_consumes_1_and_2', 'dataset_produces_2', 'dataset_consumes_unknown_never_scheduled', 'dataset_consumes_1', 'dataset_produces_1', 'consume_1_or_both_2_and_3_with_dataset_expressions' retrieved from /home/airflow/.local/lib/python3.12/site-packages/airflow/example_dags/example_datasets.py
[2025-02-21T10:30:59.117+0000] {logging_mixin.py:190} INFO - [2025-02-21T10:30:59.117+0000] {dag.py:3239} INFO - Sync 10 DAGs
[2025-02-21T10:30:59.136+0000] {logging_mixin.py:190} INFO - [2025-02-21T10:30:59.135+0000] {dag.py:4180} INFO - Setting next_dagrun for conditional_dataset_and_time_based_timetable to 2025-02-19 01:00:00+00:00, run_after=2025-02-19 01:00:00+00:00
[2025-02-21T10:30:59.138+0000] {logging_mixin.py:190} INFO - [2025-02-21T10:30:59.138+0000] {dag.py:4180} INFO - Setting next_dagrun for consume_1_and_2_with_dataset_expressions to None, run_after=None
[2025-02-21T10:30:59.139+0000] {logging_mixin.py:190} INFO - [2025-02-21T10:30:59.139+0000] {dag.py:4180} INFO - Setting next_dagrun for consume_1_or_2_with_dataset_expressions to None, run_after=None
[2025-02-21T10:30:59.140+0000] {logging_mixin.py:190} INFO - [2025-02-21T10:30:59.139+0000] {dag.py:4180} INFO - Setting next_dagrun for consume_1_or_both_2_and_3_with_dataset_expressions to None, run_after=None
[2025-02-21T10:30:59.140+0000] {logging_mixin.py:190} INFO - [2025-02-21T10:30:59.140+0000] {dag.py:4180} INFO - Setting next_dagrun for dataset_consumes_1 to None, run_after=None
[2025-02-21T10:30:59.141+0000] {logging_mixin.py:190} INFO - [2025-02-21T10:30:59.141+0000] {dag.py:4180} INFO - Setting next_dagrun for dataset_consumes_1_and_2 to None, run_after=None
[2025-02-21T10:30:59.142+0000] {logging_mixin.py:190} INFO - [2025-02-21T10:30:59.141+0000] {dag.py:4180} INFO - Setting next_dagrun for dataset_consumes_1_never_scheduled to None, run_after=None
[2025-02-21T10:30:59.142+0000] {logging_mixin.py:190} INFO - [2025-02-21T10:30:59.142+0000] {dag.py:4180} INFO - Setting next_dagrun for dataset_consumes_unknown_never_scheduled to None, run_after=None
[2025-02-21T10:30:59.144+0000] {logging_mixin.py:190} INFO - [2025-02-21T10:30:59.143+0000] {dag.py:4180} INFO - Setting next_dagrun for dataset_produces_1 to 2025-02-20 00:00:00+00:00, run_after=2025-02-21 00:00:00+00:00
[2025-02-21T10:30:59.144+0000] {logging_mixin.py:190} INFO - [2025-02-21T10:30:59.144+0000] {dag.py:4180} INFO - Setting next_dagrun for dataset_produces_2 to None, run_after=None
[2025-02-21T10:30:59.165+0000] {processor.py:208} INFO - Processing /home/airflow/.local/lib/python3.12/site-packages/airflow/example_dags/example_datasets.py took 0.196 seconds
[2025-02-21T10:31:29.646+0000] {processor.py:186} INFO - Started process (PID=943) to work on /home/airflow/.local/lib/python3.12/site-packages/airflow/example_dags/example_datasets.py
[2025-02-21T10:31:29.647+0000] {processor.py:914} INFO - Processing file /home/airflow/.local/lib/python3.12/site-packages/airflow/example_dags/example_datasets.py for tasks to queue
[2025-02-21T10:31:29.649+0000] {logging_mixin.py:190} INFO - [2025-02-21T10:31:29.649+0000] {dagbag.py:588} INFO - Filling up the DagBag from /home/airflow/.local/lib/python3.12/site-packages/airflow/example_dags/example_datasets.py
[2025-02-21T10:31:29.738+0000] {processor.py:925} INFO - DAG(s) 'consume_1_or_2_with_dataset_expressions', 'conditional_dataset_and_time_based_timetable', 'consume_1_and_2_with_dataset_expressions', 'consume_1_or_both_2_and_3_with_dataset_expressions', 'dataset_produces_1', 'dataset_consumes_1_never_scheduled', 'dataset_consumes_1_and_2', 'dataset_consumes_1', 'dataset_consumes_unknown_never_scheduled', 'dataset_produces_2' retrieved from /home/airflow/.local/lib/python3.12/site-packages/airflow/example_dags/example_datasets.py
[2025-02-21T10:31:29.771+0000] {logging_mixin.py:190} INFO - [2025-02-21T10:31:29.771+0000] {dag.py:3239} INFO - Sync 10 DAGs
[2025-02-21T10:31:29.788+0000] {logging_mixin.py:190} INFO - [2025-02-21T10:31:29.788+0000] {dag.py:4180} INFO - Setting next_dagrun for conditional_dataset_and_time_based_timetable to 2025-02-19 01:00:00+00:00, run_after=2025-02-19 01:00:00+00:00
[2025-02-21T10:31:29.791+0000] {logging_mixin.py:190} INFO - [2025-02-21T10:31:29.791+0000] {dag.py:4180} INFO - Setting next_dagrun for consume_1_and_2_with_dataset_expressions to None, run_after=None
[2025-02-21T10:31:29.792+0000] {logging_mixin.py:190} INFO - [2025-02-21T10:31:29.792+0000] {dag.py:4180} INFO - Setting next_dagrun for consume_1_or_2_with_dataset_expressions to None, run_after=None
[2025-02-21T10:31:29.794+0000] {logging_mixin.py:190} INFO - [2025-02-21T10:31:29.793+0000] {dag.py:4180} INFO - Setting next_dagrun for consume_1_or_both_2_and_3_with_dataset_expressions to None, run_after=None
[2025-02-21T10:31:29.795+0000] {logging_mixin.py:190} INFO - [2025-02-21T10:31:29.794+0000] {dag.py:4180} INFO - Setting next_dagrun for dataset_consumes_1 to None, run_after=None
[2025-02-21T10:31:29.795+0000] {logging_mixin.py:190} INFO - [2025-02-21T10:31:29.795+0000] {dag.py:4180} INFO - Setting next_dagrun for dataset_consumes_1_and_2 to None, run_after=None
[2025-02-21T10:31:29.796+0000] {logging_mixin.py:190} INFO - [2025-02-21T10:31:29.796+0000] {dag.py:4180} INFO - Setting next_dagrun for dataset_consumes_1_never_scheduled to None, run_after=None
[2025-02-21T10:31:29.797+0000] {logging_mixin.py:190} INFO - [2025-02-21T10:31:29.797+0000] {dag.py:4180} INFO - Setting next_dagrun for dataset_consumes_unknown_never_scheduled to None, run_after=None
[2025-02-21T10:31:29.799+0000] {logging_mixin.py:190} INFO - [2025-02-21T10:31:29.799+0000] {dag.py:4180} INFO - Setting next_dagrun for dataset_produces_1 to 2025-02-20 00:00:00+00:00, run_after=2025-02-21 00:00:00+00:00
[2025-02-21T10:31:29.799+0000] {logging_mixin.py:190} INFO - [2025-02-21T10:31:29.799+0000] {dag.py:4180} INFO - Setting next_dagrun for dataset_produces_2 to None, run_after=None
[2025-02-21T10:31:29.825+0000] {processor.py:208} INFO - Processing /home/airflow/.local/lib/python3.12/site-packages/airflow/example_dags/example_datasets.py took 0.183 seconds
[2025-02-21T10:32:00.436+0000] {processor.py:186} INFO - Started process (PID=1005) to work on /home/airflow/.local/lib/python3.12/site-packages/airflow/example_dags/example_datasets.py
[2025-02-21T10:32:00.438+0000] {processor.py:914} INFO - Processing file /home/airflow/.local/lib/python3.12/site-packages/airflow/example_dags/example_datasets.py for tasks to queue
[2025-02-21T10:32:00.439+0000] {logging_mixin.py:190} INFO - [2025-02-21T10:32:00.439+0000] {dagbag.py:588} INFO - Filling up the DagBag from /home/airflow/.local/lib/python3.12/site-packages/airflow/example_dags/example_datasets.py
[2025-02-21T10:32:00.531+0000] {processor.py:925} INFO - DAG(s) 'conditional_dataset_and_time_based_timetable', 'consume_1_or_both_2_and_3_with_dataset_expressions', 'dataset_consumes_1_and_2', 'consume_1_and_2_with_dataset_expressions', 'dataset_produces_2', 'dataset_consumes_1', 'consume_1_or_2_with_dataset_expressions', 'dataset_consumes_1_never_scheduled', 'dataset_produces_1', 'dataset_consumes_unknown_never_scheduled' retrieved from /home/airflow/.local/lib/python3.12/site-packages/airflow/example_dags/example_datasets.py
[2025-02-21T10:32:00.552+0000] {logging_mixin.py:190} INFO - [2025-02-21T10:32:00.552+0000] {dag.py:3239} INFO - Sync 10 DAGs
[2025-02-21T10:32:00.568+0000] {logging_mixin.py:190} INFO - [2025-02-21T10:32:00.568+0000] {dag.py:4180} INFO - Setting next_dagrun for conditional_dataset_and_time_based_timetable to 2025-02-19 01:00:00+00:00, run_after=2025-02-19 01:00:00+00:00
[2025-02-21T10:32:00.573+0000] {logging_mixin.py:190} INFO - [2025-02-21T10:32:00.573+0000] {dag.py:4180} INFO - Setting next_dagrun for consume_1_and_2_with_dataset_expressions to None, run_after=None
[2025-02-21T10:32:00.574+0000] {logging_mixin.py:190} INFO - [2025-02-21T10:32:00.574+0000] {dag.py:4180} INFO - Setting next_dagrun for consume_1_or_2_with_dataset_expressions to None, run_after=None
[2025-02-21T10:32:00.576+0000] {logging_mixin.py:190} INFO - [2025-02-21T10:32:00.576+0000] {dag.py:4180} INFO - Setting next_dagrun for consume_1_or_both_2_and_3_with_dataset_expressions to None, run_after=None
[2025-02-21T10:32:00.578+0000] {logging_mixin.py:190} INFO - [2025-02-21T10:32:00.578+0000] {dag.py:4180} INFO - Setting next_dagrun for dataset_consumes_1 to None, run_after=None
[2025-02-21T10:32:00.579+0000] {logging_mixin.py:190} INFO - [2025-02-21T10:32:00.579+0000] {dag.py:4180} INFO - Setting next_dagrun for dataset_consumes_1_and_2 to None, run_after=None
[2025-02-21T10:32:00.581+0000] {logging_mixin.py:190} INFO - [2025-02-21T10:32:00.581+0000] {dag.py:4180} INFO - Setting next_dagrun for dataset_consumes_1_never_scheduled to None, run_after=None
[2025-02-21T10:32:00.582+0000] {logging_mixin.py:190} INFO - [2025-02-21T10:32:00.582+0000] {dag.py:4180} INFO - Setting next_dagrun for dataset_consumes_unknown_never_scheduled to None, run_after=None
[2025-02-21T10:32:00.583+0000] {logging_mixin.py:190} INFO - [2025-02-21T10:32:00.583+0000] {dag.py:4180} INFO - Setting next_dagrun for dataset_produces_1 to 2025-02-20 00:00:00+00:00, run_after=2025-02-21 00:00:00+00:00
[2025-02-21T10:32:00.584+0000] {logging_mixin.py:190} INFO - [2025-02-21T10:32:00.584+0000] {dag.py:4180} INFO - Setting next_dagrun for dataset_produces_2 to None, run_after=None
[2025-02-21T10:32:00.604+0000] {processor.py:208} INFO - Processing /home/airflow/.local/lib/python3.12/site-packages/airflow/example_dags/example_datasets.py took 0.170 seconds
[2025-02-21T10:32:30.686+0000] {processor.py:186} INFO - Started process (PID=1067) to work on /home/airflow/.local/lib/python3.12/site-packages/airflow/example_dags/example_datasets.py
[2025-02-21T10:32:30.687+0000] {processor.py:914} INFO - Processing file /home/airflow/.local/lib/python3.12/site-packages/airflow/example_dags/example_datasets.py for tasks to queue
[2025-02-21T10:32:30.689+0000] {logging_mixin.py:190} INFO - [2025-02-21T10:32:30.689+0000] {dagbag.py:588} INFO - Filling up the DagBag from /home/airflow/.local/lib/python3.12/site-packages/airflow/example_dags/example_datasets.py
[2025-02-21T10:32:30.790+0000] {processor.py:925} INFO - DAG(s) 'consume_1_or_2_with_dataset_expressions', 'dataset_produces_2', 'consume_1_or_both_2_and_3_with_dataset_expressions', 'conditional_dataset_and_time_based_timetable', 'dataset_consumes_1_never_scheduled', 'consume_1_and_2_with_dataset_expressions', 'dataset_produces_1', 'dataset_consumes_1_and_2', 'dataset_consumes_unknown_never_scheduled', 'dataset_consumes_1' retrieved from /home/airflow/.local/lib/python3.12/site-packages/airflow/example_dags/example_datasets.py
[2025-02-21T10:32:30.819+0000] {logging_mixin.py:190} INFO - [2025-02-21T10:32:30.819+0000] {dag.py:3239} INFO - Sync 10 DAGs
[2025-02-21T10:32:30.836+0000] {logging_mixin.py:190} INFO - [2025-02-21T10:32:30.836+0000] {dag.py:4180} INFO - Setting next_dagrun for conditional_dataset_and_time_based_timetable to 2025-02-19 01:00:00+00:00, run_after=2025-02-19 01:00:00+00:00
[2025-02-21T10:32:30.840+0000] {logging_mixin.py:190} INFO - [2025-02-21T10:32:30.840+0000] {dag.py:4180} INFO - Setting next_dagrun for consume_1_and_2_with_dataset_expressions to None, run_after=None
[2025-02-21T10:32:30.841+0000] {logging_mixin.py:190} INFO - [2025-02-21T10:32:30.841+0000] {dag.py:4180} INFO - Setting next_dagrun for consume_1_or_2_with_dataset_expressions to None, run_after=None
[2025-02-21T10:32:30.842+0000] {logging_mixin.py:190} INFO - [2025-02-21T10:32:30.842+0000] {dag.py:4180} INFO - Setting next_dagrun for consume_1_or_both_2_and_3_with_dataset_expressions to None, run_after=None
[2025-02-21T10:32:30.843+0000] {logging_mixin.py:190} INFO - [2025-02-21T10:32:30.843+0000] {dag.py:4180} INFO - Setting next_dagrun for dataset_consumes_1 to None, run_after=None
[2025-02-21T10:32:30.843+0000] {logging_mixin.py:190} INFO - [2025-02-21T10:32:30.843+0000] {dag.py:4180} INFO - Setting next_dagrun for dataset_consumes_1_and_2 to None, run_after=None
[2025-02-21T10:32:30.844+0000] {logging_mixin.py:190} INFO - [2025-02-21T10:32:30.844+0000] {dag.py:4180} INFO - Setting next_dagrun for dataset_consumes_1_never_scheduled to None, run_after=None
[2025-02-21T10:32:30.846+0000] {logging_mixin.py:190} INFO - [2025-02-21T10:32:30.846+0000] {dag.py:4180} INFO - Setting next_dagrun for dataset_consumes_unknown_never_scheduled to None, run_after=None
[2025-02-21T10:32:30.847+0000] {logging_mixin.py:190} INFO - [2025-02-21T10:32:30.847+0000] {dag.py:4180} INFO - Setting next_dagrun for dataset_produces_1 to 2025-02-20 00:00:00+00:00, run_after=2025-02-21 00:00:00+00:00
[2025-02-21T10:32:30.848+0000] {logging_mixin.py:190} INFO - [2025-02-21T10:32:30.848+0000] {dag.py:4180} INFO - Setting next_dagrun for dataset_produces_2 to None, run_after=None
[2025-02-21T10:32:30.872+0000] {processor.py:208} INFO - Processing /home/airflow/.local/lib/python3.12/site-packages/airflow/example_dags/example_datasets.py took 0.189 seconds
[2025-02-21T10:33:01.472+0000] {processor.py:186} INFO - Started process (PID=1129) to work on /home/airflow/.local/lib/python3.12/site-packages/airflow/example_dags/example_datasets.py
[2025-02-21T10:33:01.473+0000] {processor.py:914} INFO - Processing file /home/airflow/.local/lib/python3.12/site-packages/airflow/example_dags/example_datasets.py for tasks to queue
[2025-02-21T10:33:01.474+0000] {logging_mixin.py:190} INFO - [2025-02-21T10:33:01.474+0000] {dagbag.py:588} INFO - Filling up the DagBag from /home/airflow/.local/lib/python3.12/site-packages/airflow/example_dags/example_datasets.py
[2025-02-21T10:33:01.583+0000] {processor.py:925} INFO - DAG(s) 'dataset_produces_2', 'consume_1_or_2_with_dataset_expressions', 'dataset_consumes_unknown_never_scheduled', 'dataset_consumes_1_never_scheduled', 'dataset_consumes_1', 'dataset_produces_1', 'consume_1_or_both_2_and_3_with_dataset_expressions', 'dataset_consumes_1_and_2', 'consume_1_and_2_with_dataset_expressions', 'conditional_dataset_and_time_based_timetable' retrieved from /home/airflow/.local/lib/python3.12/site-packages/airflow/example_dags/example_datasets.py
[2025-02-21T10:33:01.607+0000] {logging_mixin.py:190} INFO - [2025-02-21T10:33:01.607+0000] {dag.py:3239} INFO - Sync 10 DAGs
[2025-02-21T10:33:01.623+0000] {logging_mixin.py:190} INFO - [2025-02-21T10:33:01.623+0000] {dag.py:4180} INFO - Setting next_dagrun for conditional_dataset_and_time_based_timetable to 2025-02-19 01:00:00+00:00, run_after=2025-02-19 01:00:00+00:00
[2025-02-21T10:33:01.625+0000] {logging_mixin.py:190} INFO - [2025-02-21T10:33:01.625+0000] {dag.py:4180} INFO - Setting next_dagrun for consume_1_and_2_with_dataset_expressions to None, run_after=None
[2025-02-21T10:33:01.627+0000] {logging_mixin.py:190} INFO - [2025-02-21T10:33:01.627+0000] {dag.py:4180} INFO - Setting next_dagrun for consume_1_or_2_with_dataset_expressions to None, run_after=None
[2025-02-21T10:33:01.629+0000] {logging_mixin.py:190} INFO - [2025-02-21T10:33:01.629+0000] {dag.py:4180} INFO - Setting next_dagrun for consume_1_or_both_2_and_3_with_dataset_expressions to None, run_after=None
[2025-02-21T10:33:01.630+0000] {logging_mixin.py:190} INFO - [2025-02-21T10:33:01.630+0000] {dag.py:4180} INFO - Setting next_dagrun for dataset_consumes_1 to None, run_after=None
[2025-02-21T10:33:01.633+0000] {logging_mixin.py:190} INFO - [2025-02-21T10:33:01.633+0000] {dag.py:4180} INFO - Setting next_dagrun for dataset_consumes_1_and_2 to None, run_after=None
[2025-02-21T10:33:01.634+0000] {logging_mixin.py:190} INFO - [2025-02-21T10:33:01.634+0000] {dag.py:4180} INFO - Setting next_dagrun for dataset_consumes_1_never_scheduled to None, run_after=None
[2025-02-21T10:33:01.634+0000] {logging_mixin.py:190} INFO - [2025-02-21T10:33:01.634+0000] {dag.py:4180} INFO - Setting next_dagrun for dataset_consumes_unknown_never_scheduled to None, run_after=None
[2025-02-21T10:33:01.635+0000] {logging_mixin.py:190} INFO - [2025-02-21T10:33:01.635+0000] {dag.py:4180} INFO - Setting next_dagrun for dataset_produces_1 to 2025-02-20 00:00:00+00:00, run_after=2025-02-21 00:00:00+00:00
[2025-02-21T10:33:01.635+0000] {logging_mixin.py:190} INFO - [2025-02-21T10:33:01.635+0000] {dag.py:4180} INFO - Setting next_dagrun for dataset_produces_2 to None, run_after=None
[2025-02-21T10:33:01.657+0000] {processor.py:208} INFO - Processing /home/airflow/.local/lib/python3.12/site-packages/airflow/example_dags/example_datasets.py took 0.190 seconds
[2025-02-21T10:33:31.687+0000] {processor.py:186} INFO - Started process (PID=1193) to work on /home/airflow/.local/lib/python3.12/site-packages/airflow/example_dags/example_datasets.py
[2025-02-21T10:33:31.690+0000] {processor.py:914} INFO - Processing file /home/airflow/.local/lib/python3.12/site-packages/airflow/example_dags/example_datasets.py for tasks to queue
[2025-02-21T10:33:31.692+0000] {logging_mixin.py:190} INFO - [2025-02-21T10:33:31.691+0000] {dagbag.py:588} INFO - Filling up the DagBag from /home/airflow/.local/lib/python3.12/site-packages/airflow/example_dags/example_datasets.py
[2025-02-21T10:33:31.856+0000] {processor.py:925} INFO - DAG(s) 'dataset_consumes_1', 'dataset_consumes_1_and_2', 'conditional_dataset_and_time_based_timetable', 'dataset_consumes_1_never_scheduled', 'dataset_consumes_unknown_never_scheduled', 'consume_1_and_2_with_dataset_expressions', 'consume_1_or_both_2_and_3_with_dataset_expressions', 'dataset_produces_1', 'dataset_produces_2', 'consume_1_or_2_with_dataset_expressions' retrieved from /home/airflow/.local/lib/python3.12/site-packages/airflow/example_dags/example_datasets.py
[2025-02-21T10:33:31.882+0000] {logging_mixin.py:190} INFO - [2025-02-21T10:33:31.882+0000] {dag.py:3239} INFO - Sync 10 DAGs
[2025-02-21T10:33:31.903+0000] {logging_mixin.py:190} INFO - [2025-02-21T10:33:31.902+0000] {dag.py:4180} INFO - Setting next_dagrun for conditional_dataset_and_time_based_timetable to 2025-02-19 01:00:00+00:00, run_after=2025-02-19 01:00:00+00:00
[2025-02-21T10:33:31.905+0000] {logging_mixin.py:190} INFO - [2025-02-21T10:33:31.905+0000] {dag.py:4180} INFO - Setting next_dagrun for consume_1_and_2_with_dataset_expressions to None, run_after=None
[2025-02-21T10:33:31.905+0000] {logging_mixin.py:190} INFO - [2025-02-21T10:33:31.905+0000] {dag.py:4180} INFO - Setting next_dagrun for consume_1_or_2_with_dataset_expressions to None, run_after=None
[2025-02-21T10:33:31.906+0000] {logging_mixin.py:190} INFO - [2025-02-21T10:33:31.906+0000] {dag.py:4180} INFO - Setting next_dagrun for consume_1_or_both_2_and_3_with_dataset_expressions to None, run_after=None
[2025-02-21T10:33:31.907+0000] {logging_mixin.py:190} INFO - [2025-02-21T10:33:31.907+0000] {dag.py:4180} INFO - Setting next_dagrun for dataset_consumes_1 to None, run_after=None
[2025-02-21T10:33:31.908+0000] {logging_mixin.py:190} INFO - [2025-02-21T10:33:31.908+0000] {dag.py:4180} INFO - Setting next_dagrun for dataset_consumes_1_and_2 to None, run_after=None
[2025-02-21T10:33:31.909+0000] {logging_mixin.py:190} INFO - [2025-02-21T10:33:31.909+0000] {dag.py:4180} INFO - Setting next_dagrun for dataset_consumes_1_never_scheduled to None, run_after=None
[2025-02-21T10:33:31.910+0000] {logging_mixin.py:190} INFO - [2025-02-21T10:33:31.910+0000] {dag.py:4180} INFO - Setting next_dagrun for dataset_consumes_unknown_never_scheduled to None, run_after=None
[2025-02-21T10:33:31.912+0000] {logging_mixin.py:190} INFO - [2025-02-21T10:33:31.912+0000] {dag.py:4180} INFO - Setting next_dagrun for dataset_produces_1 to 2025-02-20 00:00:00+00:00, run_after=2025-02-21 00:00:00+00:00
[2025-02-21T10:33:31.916+0000] {logging_mixin.py:190} INFO - [2025-02-21T10:33:31.915+0000] {dag.py:4180} INFO - Setting next_dagrun for dataset_produces_2 to None, run_after=None
[2025-02-21T10:33:31.939+0000] {processor.py:208} INFO - Processing /home/airflow/.local/lib/python3.12/site-packages/airflow/example_dags/example_datasets.py took 0.262 seconds
[2025-02-21T10:34:03.003+0000] {processor.py:186} INFO - Started process (PID=1257) to work on /home/airflow/.local/lib/python3.12/site-packages/airflow/example_dags/example_datasets.py
[2025-02-21T10:34:03.004+0000] {processor.py:914} INFO - Processing file /home/airflow/.local/lib/python3.12/site-packages/airflow/example_dags/example_datasets.py for tasks to queue
[2025-02-21T10:34:03.005+0000] {logging_mixin.py:190} INFO - [2025-02-21T10:34:03.005+0000] {dagbag.py:588} INFO - Filling up the DagBag from /home/airflow/.local/lib/python3.12/site-packages/airflow/example_dags/example_datasets.py
[2025-02-21T10:34:03.172+0000] {processor.py:925} INFO - DAG(s) 'dataset_produces_2', 'conditional_dataset_and_time_based_timetable', 'dataset_consumes_1', 'consume_1_or_both_2_and_3_with_dataset_expressions', 'consume_1_and_2_with_dataset_expressions', 'dataset_produces_1', 'dataset_consumes_unknown_never_scheduled', 'dataset_consumes_1_never_scheduled', 'consume_1_or_2_with_dataset_expressions', 'dataset_consumes_1_and_2' retrieved from /home/airflow/.local/lib/python3.12/site-packages/airflow/example_dags/example_datasets.py
[2025-02-21T10:34:03.197+0000] {logging_mixin.py:190} INFO - [2025-02-21T10:34:03.196+0000] {dag.py:3239} INFO - Sync 10 DAGs
[2025-02-21T10:34:03.217+0000] {logging_mixin.py:190} INFO - [2025-02-21T10:34:03.216+0000] {dag.py:4180} INFO - Setting next_dagrun for conditional_dataset_and_time_based_timetable to 2025-02-19 01:00:00+00:00, run_after=2025-02-19 01:00:00+00:00
[2025-02-21T10:34:03.219+0000] {logging_mixin.py:190} INFO - [2025-02-21T10:34:03.218+0000] {dag.py:4180} INFO - Setting next_dagrun for consume_1_and_2_with_dataset_expressions to None, run_after=None
[2025-02-21T10:34:03.219+0000] {logging_mixin.py:190} INFO - [2025-02-21T10:34:03.219+0000] {dag.py:4180} INFO - Setting next_dagrun for consume_1_or_2_with_dataset_expressions to None, run_after=None
[2025-02-21T10:34:03.220+0000] {logging_mixin.py:190} INFO - [2025-02-21T10:34:03.220+0000] {dag.py:4180} INFO - Setting next_dagrun for consume_1_or_both_2_and_3_with_dataset_expressions to None, run_after=None
[2025-02-21T10:34:03.220+0000] {logging_mixin.py:190} INFO - [2025-02-21T10:34:03.220+0000] {dag.py:4180} INFO - Setting next_dagrun for dataset_consumes_1 to None, run_after=None
[2025-02-21T10:34:03.222+0000] {logging_mixin.py:190} INFO - [2025-02-21T10:34:03.221+0000] {dag.py:4180} INFO - Setting next_dagrun for dataset_consumes_1_and_2 to None, run_after=None
[2025-02-21T10:34:03.222+0000] {logging_mixin.py:190} INFO - [2025-02-21T10:34:03.222+0000] {dag.py:4180} INFO - Setting next_dagrun for dataset_consumes_1_never_scheduled to None, run_after=None
[2025-02-21T10:34:03.223+0000] {logging_mixin.py:190} INFO - [2025-02-21T10:34:03.223+0000] {dag.py:4180} INFO - Setting next_dagrun for dataset_consumes_unknown_never_scheduled to None, run_after=None
[2025-02-21T10:34:03.224+0000] {logging_mixin.py:190} INFO - [2025-02-21T10:34:03.224+0000] {dag.py:4180} INFO - Setting next_dagrun for dataset_produces_1 to 2025-02-20 00:00:00+00:00, run_after=2025-02-21 00:00:00+00:00
[2025-02-21T10:34:03.224+0000] {logging_mixin.py:190} INFO - [2025-02-21T10:34:03.224+0000] {dag.py:4180} INFO - Setting next_dagrun for dataset_produces_2 to None, run_after=None
[2025-02-21T10:34:03.240+0000] {processor.py:208} INFO - Processing /home/airflow/.local/lib/python3.12/site-packages/airflow/example_dags/example_datasets.py took 0.250 seconds
[2025-02-21T10:34:33.573+0000] {processor.py:186} INFO - Started process (PID=1315) to work on /home/airflow/.local/lib/python3.12/site-packages/airflow/example_dags/example_datasets.py
[2025-02-21T10:34:33.575+0000] {processor.py:914} INFO - Processing file /home/airflow/.local/lib/python3.12/site-packages/airflow/example_dags/example_datasets.py for tasks to queue
[2025-02-21T10:34:33.578+0000] {logging_mixin.py:190} INFO - [2025-02-21T10:34:33.578+0000] {dagbag.py:588} INFO - Filling up the DagBag from /home/airflow/.local/lib/python3.12/site-packages/airflow/example_dags/example_datasets.py
[2025-02-21T10:34:33.680+0000] {processor.py:925} INFO - DAG(s) 'dataset_consumes_1', 'dataset_consumes_1_never_scheduled', 'consume_1_and_2_with_dataset_expressions', 'dataset_produces_1', 'consume_1_or_2_with_dataset_expressions', 'dataset_consumes_1_and_2', 'dataset_produces_2', 'consume_1_or_both_2_and_3_with_dataset_expressions', 'conditional_dataset_and_time_based_timetable', 'dataset_consumes_unknown_never_scheduled' retrieved from /home/airflow/.local/lib/python3.12/site-packages/airflow/example_dags/example_datasets.py
[2025-02-21T10:34:33.707+0000] {logging_mixin.py:190} INFO - [2025-02-21T10:34:33.707+0000] {dag.py:3239} INFO - Sync 10 DAGs
[2025-02-21T10:34:33.723+0000] {logging_mixin.py:190} INFO - [2025-02-21T10:34:33.722+0000] {dag.py:4180} INFO - Setting next_dagrun for conditional_dataset_and_time_based_timetable to 2025-02-19 01:00:00+00:00, run_after=2025-02-19 01:00:00+00:00
[2025-02-21T10:34:33.725+0000] {logging_mixin.py:190} INFO - [2025-02-21T10:34:33.725+0000] {dag.py:4180} INFO - Setting next_dagrun for consume_1_and_2_with_dataset_expressions to None, run_after=None
[2025-02-21T10:34:33.727+0000] {logging_mixin.py:190} INFO - [2025-02-21T10:34:33.727+0000] {dag.py:4180} INFO - Setting next_dagrun for consume_1_or_2_with_dataset_expressions to None, run_after=None
[2025-02-21T10:34:33.728+0000] {logging_mixin.py:190} INFO - [2025-02-21T10:34:33.728+0000] {dag.py:4180} INFO - Setting next_dagrun for consume_1_or_both_2_and_3_with_dataset_expressions to None, run_after=None
[2025-02-21T10:34:33.729+0000] {logging_mixin.py:190} INFO - [2025-02-21T10:34:33.729+0000] {dag.py:4180} INFO - Setting next_dagrun for dataset_consumes_1 to None, run_after=None
[2025-02-21T10:34:33.731+0000] {logging_mixin.py:190} INFO - [2025-02-21T10:34:33.731+0000] {dag.py:4180} INFO - Setting next_dagrun for dataset_consumes_1_and_2 to None, run_after=None
[2025-02-21T10:34:33.732+0000] {logging_mixin.py:190} INFO - [2025-02-21T10:34:33.732+0000] {dag.py:4180} INFO - Setting next_dagrun for dataset_consumes_1_never_scheduled to None, run_after=None
[2025-02-21T10:34:33.733+0000] {logging_mixin.py:190} INFO - [2025-02-21T10:34:33.733+0000] {dag.py:4180} INFO - Setting next_dagrun for dataset_consumes_unknown_never_scheduled to None, run_after=None
[2025-02-21T10:34:33.735+0000] {logging_mixin.py:190} INFO - [2025-02-21T10:34:33.735+0000] {dag.py:4180} INFO - Setting next_dagrun for dataset_produces_1 to 2025-02-20 00:00:00+00:00, run_after=2025-02-21 00:00:00+00:00
[2025-02-21T10:34:33.737+0000] {logging_mixin.py:190} INFO - [2025-02-21T10:34:33.737+0000] {dag.py:4180} INFO - Setting next_dagrun for dataset_produces_2 to None, run_after=None
[2025-02-21T10:34:33.760+0000] {processor.py:208} INFO - Processing /home/airflow/.local/lib/python3.12/site-packages/airflow/example_dags/example_datasets.py took 0.194 seconds
[2025-02-21T10:35:04.528+0000] {processor.py:186} INFO - Started process (PID=1377) to work on /home/airflow/.local/lib/python3.12/site-packages/airflow/example_dags/example_datasets.py
[2025-02-21T10:35:04.530+0000] {processor.py:914} INFO - Processing file /home/airflow/.local/lib/python3.12/site-packages/airflow/example_dags/example_datasets.py for tasks to queue
[2025-02-21T10:35:04.533+0000] {logging_mixin.py:190} INFO - [2025-02-21T10:35:04.532+0000] {dagbag.py:588} INFO - Filling up the DagBag from /home/airflow/.local/lib/python3.12/site-packages/airflow/example_dags/example_datasets.py
[2025-02-21T10:35:04.688+0000] {processor.py:925} INFO - DAG(s) 'consume_1_or_both_2_and_3_with_dataset_expressions', 'dataset_produces_1', 'consume_1_and_2_with_dataset_expressions', 'dataset_consumes_unknown_never_scheduled', 'consume_1_or_2_with_dataset_expressions', 'dataset_consumes_1', 'dataset_produces_2', 'dataset_consumes_1_never_scheduled', 'conditional_dataset_and_time_based_timetable', 'dataset_consumes_1_and_2' retrieved from /home/airflow/.local/lib/python3.12/site-packages/airflow/example_dags/example_datasets.py
[2025-02-21T10:35:04.715+0000] {logging_mixin.py:190} INFO - [2025-02-21T10:35:04.715+0000] {dag.py:3239} INFO - Sync 10 DAGs
[2025-02-21T10:35:04.731+0000] {logging_mixin.py:190} INFO - [2025-02-21T10:35:04.731+0000] {dag.py:4180} INFO - Setting next_dagrun for conditional_dataset_and_time_based_timetable to 2025-02-19 01:00:00+00:00, run_after=2025-02-19 01:00:00+00:00
[2025-02-21T10:35:04.733+0000] {logging_mixin.py:190} INFO - [2025-02-21T10:35:04.733+0000] {dag.py:4180} INFO - Setting next_dagrun for consume_1_and_2_with_dataset_expressions to None, run_after=None
[2025-02-21T10:35:04.734+0000] {logging_mixin.py:190} INFO - [2025-02-21T10:35:04.734+0000] {dag.py:4180} INFO - Setting next_dagrun for consume_1_or_2_with_dataset_expressions to None, run_after=None
[2025-02-21T10:35:04.736+0000] {logging_mixin.py:190} INFO - [2025-02-21T10:35:04.736+0000] {dag.py:4180} INFO - Setting next_dagrun for consume_1_or_both_2_and_3_with_dataset_expressions to None, run_after=None
[2025-02-21T10:35:04.736+0000] {logging_mixin.py:190} INFO - [2025-02-21T10:35:04.736+0000] {dag.py:4180} INFO - Setting next_dagrun for dataset_consumes_1 to None, run_after=None
[2025-02-21T10:35:04.739+0000] {logging_mixin.py:190} INFO - [2025-02-21T10:35:04.739+0000] {dag.py:4180} INFO - Setting next_dagrun for dataset_consumes_1_and_2 to None, run_after=None
[2025-02-21T10:35:04.740+0000] {logging_mixin.py:190} INFO - [2025-02-21T10:35:04.740+0000] {dag.py:4180} INFO - Setting next_dagrun for dataset_consumes_1_never_scheduled to None, run_after=None
[2025-02-21T10:35:04.741+0000] {logging_mixin.py:190} INFO - [2025-02-21T10:35:04.741+0000] {dag.py:4180} INFO - Setting next_dagrun for dataset_consumes_unknown_never_scheduled to None, run_after=None
[2025-02-21T10:35:04.743+0000] {logging_mixin.py:190} INFO - [2025-02-21T10:35:04.742+0000] {dag.py:4180} INFO - Setting next_dagrun for dataset_produces_1 to 2025-02-20 00:00:00+00:00, run_after=2025-02-21 00:00:00+00:00
[2025-02-21T10:35:04.743+0000] {logging_mixin.py:190} INFO - [2025-02-21T10:35:04.743+0000] {dag.py:4180} INFO - Setting next_dagrun for dataset_produces_2 to None, run_after=None
[2025-02-21T10:35:04.764+0000] {processor.py:208} INFO - Processing /home/airflow/.local/lib/python3.12/site-packages/airflow/example_dags/example_datasets.py took 0.244 seconds
[2025-02-21T11:04:00.958+0000] {processor.py:186} INFO - Started process (PID=70) to work on /home/airflow/.local/lib/python3.12/site-packages/airflow/example_dags/example_datasets.py
[2025-02-21T11:04:00.959+0000] {processor.py:914} INFO - Processing file /home/airflow/.local/lib/python3.12/site-packages/airflow/example_dags/example_datasets.py for tasks to queue
[2025-02-21T11:04:00.962+0000] {logging_mixin.py:190} INFO - [2025-02-21T11:04:00.962+0000] {dagbag.py:588} INFO - Filling up the DagBag from /home/airflow/.local/lib/python3.12/site-packages/airflow/example_dags/example_datasets.py
[2025-02-21T11:04:01.119+0000] {processor.py:925} INFO - DAG(s) 'dataset_produces_2', 'consume_1_or_both_2_and_3_with_dataset_expressions', 'consume_1_or_2_with_dataset_expressions', 'consume_1_and_2_with_dataset_expressions', 'conditional_dataset_and_time_based_timetable', 'dataset_consumes_1_never_scheduled', 'dataset_consumes_1', 'dataset_consumes_1_and_2', 'dataset_consumes_unknown_never_scheduled', 'dataset_produces_1' retrieved from /home/airflow/.local/lib/python3.12/site-packages/airflow/example_dags/example_datasets.py
[2025-02-21T11:04:01.174+0000] {logging_mixin.py:190} INFO - [2025-02-21T11:04:01.174+0000] {dag.py:3239} INFO - Sync 10 DAGs
[2025-02-21T11:04:01.191+0000] {logging_mixin.py:190} INFO - [2025-02-21T11:04:01.191+0000] {dag.py:4180} INFO - Setting next_dagrun for conditional_dataset_and_time_based_timetable to 2025-02-19 01:00:00+00:00, run_after=2025-02-19 01:00:00+00:00
[2025-02-21T11:04:01.194+0000] {logging_mixin.py:190} INFO - [2025-02-21T11:04:01.194+0000] {dag.py:4180} INFO - Setting next_dagrun for consume_1_and_2_with_dataset_expressions to None, run_after=None
[2025-02-21T11:04:01.197+0000] {logging_mixin.py:190} INFO - [2025-02-21T11:04:01.196+0000] {dag.py:4180} INFO - Setting next_dagrun for consume_1_or_2_with_dataset_expressions to None, run_after=None
[2025-02-21T11:04:01.199+0000] {logging_mixin.py:190} INFO - [2025-02-21T11:04:01.199+0000] {dag.py:4180} INFO - Setting next_dagrun for consume_1_or_both_2_and_3_with_dataset_expressions to None, run_after=None
[2025-02-21T11:04:01.202+0000] {logging_mixin.py:190} INFO - [2025-02-21T11:04:01.202+0000] {dag.py:4180} INFO - Setting next_dagrun for dataset_consumes_1 to None, run_after=None
[2025-02-21T11:04:01.204+0000] {logging_mixin.py:190} INFO - [2025-02-21T11:04:01.203+0000] {dag.py:4180} INFO - Setting next_dagrun for dataset_consumes_1_and_2 to None, run_after=None
[2025-02-21T11:04:01.204+0000] {logging_mixin.py:190} INFO - [2025-02-21T11:04:01.204+0000] {dag.py:4180} INFO - Setting next_dagrun for dataset_consumes_1_never_scheduled to None, run_after=None
[2025-02-21T11:04:01.205+0000] {logging_mixin.py:190} INFO - [2025-02-21T11:04:01.205+0000] {dag.py:4180} INFO - Setting next_dagrun for dataset_consumes_unknown_never_scheduled to None, run_after=None
[2025-02-21T11:04:01.207+0000] {logging_mixin.py:190} INFO - [2025-02-21T11:04:01.206+0000] {dag.py:4180} INFO - Setting next_dagrun for dataset_produces_1 to 2025-02-20 00:00:00+00:00, run_after=2025-02-21 00:00:00+00:00
[2025-02-21T11:04:01.208+0000] {logging_mixin.py:190} INFO - [2025-02-21T11:04:01.208+0000] {dag.py:4180} INFO - Setting next_dagrun for dataset_produces_2 to None, run_after=None
[2025-02-21T11:04:01.242+0000] {processor.py:208} INFO - Processing /home/airflow/.local/lib/python3.12/site-packages/airflow/example_dags/example_datasets.py took 0.288 seconds
