[2025-02-21T10:24:19.015+0000] {processor.py:186} INFO - Started process (PID=74) to work on /home/airflow/.local/lib/python3.12/site-packages/airflow/example_dags/example_branch_operator.py
[2025-02-21T10:24:19.017+0000] {processor.py:914} INFO - Processing file /home/airflow/.local/lib/python3.12/site-packages/airflow/example_dags/example_branch_operator.py for tasks to queue
[2025-02-21T10:24:19.019+0000] {logging_mixin.py:190} INFO - [2025-02-21T10:24:19.019+0000] {dagbag.py:588} INFO - Filling up the DagBag from /home/airflow/.local/lib/python3.12/site-packages/airflow/example_dags/example_branch_operator.py
[2025-02-21T10:24:19.046+0000] {processor.py:925} INFO - DAG(s) 'example_branch_operator' retrieved from /home/airflow/.local/lib/python3.12/site-packages/airflow/example_dags/example_branch_operator.py
[2025-02-21T10:24:19.175+0000] {logging_mixin.py:190} INFO - [2025-02-21T10:24:19.175+0000] {dag.py:3239} INFO - Sync 1 DAGs
[2025-02-21T10:24:19.211+0000] {logging_mixin.py:190} INFO - [2025-02-21T10:24:19.211+0000] {dag.py:4180} INFO - Setting next_dagrun for example_branch_operator to 2025-02-20 00:00:00+00:00, run_after=2025-02-21 00:00:00+00:00
[2025-02-21T10:24:19.236+0000] {processor.py:208} INFO - Processing /home/airflow/.local/lib/python3.12/site-packages/airflow/example_dags/example_branch_operator.py took 0.229 seconds
[2025-02-21T10:24:49.346+0000] {processor.py:186} INFO - Started process (PID=136) to work on /home/airflow/.local/lib/python3.12/site-packages/airflow/example_dags/example_branch_operator.py
[2025-02-21T10:24:49.347+0000] {processor.py:914} INFO - Processing file /home/airflow/.local/lib/python3.12/site-packages/airflow/example_dags/example_branch_operator.py for tasks to queue
[2025-02-21T10:24:49.349+0000] {logging_mixin.py:190} INFO - [2025-02-21T10:24:49.348+0000] {dagbag.py:588} INFO - Filling up the DagBag from /home/airflow/.local/lib/python3.12/site-packages/airflow/example_dags/example_branch_operator.py
[2025-02-21T10:24:49.358+0000] {processor.py:925} INFO - DAG(s) 'example_branch_operator' retrieved from /home/airflow/.local/lib/python3.12/site-packages/airflow/example_dags/example_branch_operator.py
[2025-02-21T10:24:49.374+0000] {logging_mixin.py:190} INFO - [2025-02-21T10:24:49.374+0000] {dag.py:3239} INFO - Sync 1 DAGs
[2025-02-21T10:24:49.385+0000] {logging_mixin.py:190} INFO - [2025-02-21T10:24:49.385+0000] {dag.py:4180} INFO - Setting next_dagrun for example_branch_operator to 2025-02-20 00:00:00+00:00, run_after=2025-02-21 00:00:00+00:00
[2025-02-21T10:24:49.394+0000] {processor.py:208} INFO - Processing /home/airflow/.local/lib/python3.12/site-packages/airflow/example_dags/example_branch_operator.py took 0.051 seconds
[2025-02-21T10:25:20.421+0000] {processor.py:186} INFO - Started process (PID=198) to work on /home/airflow/.local/lib/python3.12/site-packages/airflow/example_dags/example_branch_operator.py
[2025-02-21T10:25:20.422+0000] {processor.py:914} INFO - Processing file /home/airflow/.local/lib/python3.12/site-packages/airflow/example_dags/example_branch_operator.py for tasks to queue
[2025-02-21T10:25:20.426+0000] {logging_mixin.py:190} INFO - [2025-02-21T10:25:20.425+0000] {dagbag.py:588} INFO - Filling up the DagBag from /home/airflow/.local/lib/python3.12/site-packages/airflow/example_dags/example_branch_operator.py
[2025-02-21T10:25:20.437+0000] {processor.py:925} INFO - DAG(s) 'example_branch_operator' retrieved from /home/airflow/.local/lib/python3.12/site-packages/airflow/example_dags/example_branch_operator.py
[2025-02-21T10:25:20.460+0000] {logging_mixin.py:190} INFO - [2025-02-21T10:25:20.460+0000] {dag.py:3239} INFO - Sync 1 DAGs
[2025-02-21T10:25:20.475+0000] {logging_mixin.py:190} INFO - [2025-02-21T10:25:20.475+0000] {dag.py:4180} INFO - Setting next_dagrun for example_branch_operator to 2025-02-20 00:00:00+00:00, run_after=2025-02-21 00:00:00+00:00
[2025-02-21T10:25:20.496+0000] {processor.py:208} INFO - Processing /home/airflow/.local/lib/python3.12/site-packages/airflow/example_dags/example_branch_operator.py took 0.080 seconds
[2025-02-21T10:25:51.163+0000] {processor.py:186} INFO - Started process (PID=260) to work on /home/airflow/.local/lib/python3.12/site-packages/airflow/example_dags/example_branch_operator.py
[2025-02-21T10:25:51.164+0000] {processor.py:914} INFO - Processing file /home/airflow/.local/lib/python3.12/site-packages/airflow/example_dags/example_branch_operator.py for tasks to queue
[2025-02-21T10:25:51.166+0000] {logging_mixin.py:190} INFO - [2025-02-21T10:25:51.165+0000] {dagbag.py:588} INFO - Filling up the DagBag from /home/airflow/.local/lib/python3.12/site-packages/airflow/example_dags/example_branch_operator.py
[2025-02-21T10:25:51.177+0000] {processor.py:925} INFO - DAG(s) 'example_branch_operator' retrieved from /home/airflow/.local/lib/python3.12/site-packages/airflow/example_dags/example_branch_operator.py
[2025-02-21T10:25:51.204+0000] {logging_mixin.py:190} INFO - [2025-02-21T10:25:51.204+0000] {dag.py:3239} INFO - Sync 1 DAGs
[2025-02-21T10:25:51.225+0000] {logging_mixin.py:190} INFO - [2025-02-21T10:25:51.225+0000] {dag.py:4180} INFO - Setting next_dagrun for example_branch_operator to 2025-02-20 00:00:00+00:00, run_after=2025-02-21 00:00:00+00:00
[2025-02-21T10:25:51.236+0000] {processor.py:208} INFO - Processing /home/airflow/.local/lib/python3.12/site-packages/airflow/example_dags/example_branch_operator.py took 0.077 seconds
[2025-02-21T10:26:21.807+0000] {processor.py:186} INFO - Started process (PID=322) to work on /home/airflow/.local/lib/python3.12/site-packages/airflow/example_dags/example_branch_operator.py
[2025-02-21T10:26:21.808+0000] {processor.py:914} INFO - Processing file /home/airflow/.local/lib/python3.12/site-packages/airflow/example_dags/example_branch_operator.py for tasks to queue
[2025-02-21T10:26:21.810+0000] {logging_mixin.py:190} INFO - [2025-02-21T10:26:21.810+0000] {dagbag.py:588} INFO - Filling up the DagBag from /home/airflow/.local/lib/python3.12/site-packages/airflow/example_dags/example_branch_operator.py
[2025-02-21T10:26:21.823+0000] {processor.py:925} INFO - DAG(s) 'example_branch_operator' retrieved from /home/airflow/.local/lib/python3.12/site-packages/airflow/example_dags/example_branch_operator.py
[2025-02-21T10:26:21.840+0000] {logging_mixin.py:190} INFO - [2025-02-21T10:26:21.840+0000] {dag.py:3239} INFO - Sync 1 DAGs
[2025-02-21T10:26:21.852+0000] {logging_mixin.py:190} INFO - [2025-02-21T10:26:21.852+0000] {dag.py:4180} INFO - Setting next_dagrun for example_branch_operator to 2025-02-20 00:00:00+00:00, run_after=2025-02-21 00:00:00+00:00
[2025-02-21T10:26:21.861+0000] {processor.py:208} INFO - Processing /home/airflow/.local/lib/python3.12/site-packages/airflow/example_dags/example_branch_operator.py took 0.057 seconds
[2025-02-21T10:26:52.510+0000] {processor.py:186} INFO - Started process (PID=384) to work on /home/airflow/.local/lib/python3.12/site-packages/airflow/example_dags/example_branch_operator.py
[2025-02-21T10:26:52.511+0000] {processor.py:914} INFO - Processing file /home/airflow/.local/lib/python3.12/site-packages/airflow/example_dags/example_branch_operator.py for tasks to queue
[2025-02-21T10:26:52.513+0000] {logging_mixin.py:190} INFO - [2025-02-21T10:26:52.513+0000] {dagbag.py:588} INFO - Filling up the DagBag from /home/airflow/.local/lib/python3.12/site-packages/airflow/example_dags/example_branch_operator.py
[2025-02-21T10:26:52.526+0000] {processor.py:925} INFO - DAG(s) 'example_branch_operator' retrieved from /home/airflow/.local/lib/python3.12/site-packages/airflow/example_dags/example_branch_operator.py
[2025-02-21T10:26:52.545+0000] {logging_mixin.py:190} INFO - [2025-02-21T10:26:52.544+0000] {dag.py:3239} INFO - Sync 1 DAGs
[2025-02-21T10:26:52.557+0000] {logging_mixin.py:190} INFO - [2025-02-21T10:26:52.557+0000] {dag.py:4180} INFO - Setting next_dagrun for example_branch_operator to 2025-02-20 00:00:00+00:00, run_after=2025-02-21 00:00:00+00:00
[2025-02-21T10:26:52.568+0000] {processor.py:208} INFO - Processing /home/airflow/.local/lib/python3.12/site-packages/airflow/example_dags/example_branch_operator.py took 0.061 seconds
[2025-02-21T10:27:23.219+0000] {processor.py:186} INFO - Started process (PID=446) to work on /home/airflow/.local/lib/python3.12/site-packages/airflow/example_dags/example_branch_operator.py
[2025-02-21T10:27:23.221+0000] {processor.py:914} INFO - Processing file /home/airflow/.local/lib/python3.12/site-packages/airflow/example_dags/example_branch_operator.py for tasks to queue
[2025-02-21T10:27:23.223+0000] {logging_mixin.py:190} INFO - [2025-02-21T10:27:23.223+0000] {dagbag.py:588} INFO - Filling up the DagBag from /home/airflow/.local/lib/python3.12/site-packages/airflow/example_dags/example_branch_operator.py
[2025-02-21T10:27:23.234+0000] {processor.py:925} INFO - DAG(s) 'example_branch_operator' retrieved from /home/airflow/.local/lib/python3.12/site-packages/airflow/example_dags/example_branch_operator.py
[2025-02-21T10:27:23.258+0000] {logging_mixin.py:190} INFO - [2025-02-21T10:27:23.257+0000] {dag.py:3239} INFO - Sync 1 DAGs
[2025-02-21T10:27:23.274+0000] {logging_mixin.py:190} INFO - [2025-02-21T10:27:23.274+0000] {dag.py:4180} INFO - Setting next_dagrun for example_branch_operator to 2025-02-20 00:00:00+00:00, run_after=2025-02-21 00:00:00+00:00
[2025-02-21T10:27:23.285+0000] {processor.py:208} INFO - Processing /home/airflow/.local/lib/python3.12/site-packages/airflow/example_dags/example_branch_operator.py took 0.069 seconds
[2025-02-21T10:27:53.951+0000] {processor.py:186} INFO - Started process (PID=508) to work on /home/airflow/.local/lib/python3.12/site-packages/airflow/example_dags/example_branch_operator.py
[2025-02-21T10:27:53.952+0000] {processor.py:914} INFO - Processing file /home/airflow/.local/lib/python3.12/site-packages/airflow/example_dags/example_branch_operator.py for tasks to queue
[2025-02-21T10:27:53.953+0000] {logging_mixin.py:190} INFO - [2025-02-21T10:27:53.953+0000] {dagbag.py:588} INFO - Filling up the DagBag from /home/airflow/.local/lib/python3.12/site-packages/airflow/example_dags/example_branch_operator.py
[2025-02-21T10:27:53.963+0000] {processor.py:925} INFO - DAG(s) 'example_branch_operator' retrieved from /home/airflow/.local/lib/python3.12/site-packages/airflow/example_dags/example_branch_operator.py
[2025-02-21T10:27:53.980+0000] {logging_mixin.py:190} INFO - [2025-02-21T10:27:53.979+0000] {dag.py:3239} INFO - Sync 1 DAGs
[2025-02-21T10:27:53.997+0000] {logging_mixin.py:190} INFO - [2025-02-21T10:27:53.997+0000] {dag.py:4180} INFO - Setting next_dagrun for example_branch_operator to 2025-02-20 00:00:00+00:00, run_after=2025-02-21 00:00:00+00:00
[2025-02-21T10:27:54.007+0000] {processor.py:208} INFO - Processing /home/airflow/.local/lib/python3.12/site-packages/airflow/example_dags/example_branch_operator.py took 0.060 seconds
[2025-02-21T10:28:24.947+0000] {processor.py:186} INFO - Started process (PID=570) to work on /home/airflow/.local/lib/python3.12/site-packages/airflow/example_dags/example_branch_operator.py
[2025-02-21T10:28:24.948+0000] {processor.py:914} INFO - Processing file /home/airflow/.local/lib/python3.12/site-packages/airflow/example_dags/example_branch_operator.py for tasks to queue
[2025-02-21T10:28:24.950+0000] {logging_mixin.py:190} INFO - [2025-02-21T10:28:24.950+0000] {dagbag.py:588} INFO - Filling up the DagBag from /home/airflow/.local/lib/python3.12/site-packages/airflow/example_dags/example_branch_operator.py
[2025-02-21T10:28:24.960+0000] {processor.py:925} INFO - DAG(s) 'example_branch_operator' retrieved from /home/airflow/.local/lib/python3.12/site-packages/airflow/example_dags/example_branch_operator.py
[2025-02-21T10:28:24.978+0000] {logging_mixin.py:190} INFO - [2025-02-21T10:28:24.977+0000] {dag.py:3239} INFO - Sync 1 DAGs
[2025-02-21T10:28:24.994+0000] {logging_mixin.py:190} INFO - [2025-02-21T10:28:24.994+0000] {dag.py:4180} INFO - Setting next_dagrun for example_branch_operator to 2025-02-20 00:00:00+00:00, run_after=2025-02-21 00:00:00+00:00
[2025-02-21T10:28:25.005+0000] {processor.py:208} INFO - Processing /home/airflow/.local/lib/python3.12/site-packages/airflow/example_dags/example_branch_operator.py took 0.064 seconds
[2025-02-21T10:28:55.661+0000] {processor.py:186} INFO - Started process (PID=632) to work on /home/airflow/.local/lib/python3.12/site-packages/airflow/example_dags/example_branch_operator.py
[2025-02-21T10:28:55.662+0000] {processor.py:914} INFO - Processing file /home/airflow/.local/lib/python3.12/site-packages/airflow/example_dags/example_branch_operator.py for tasks to queue
[2025-02-21T10:28:55.664+0000] {logging_mixin.py:190} INFO - [2025-02-21T10:28:55.664+0000] {dagbag.py:588} INFO - Filling up the DagBag from /home/airflow/.local/lib/python3.12/site-packages/airflow/example_dags/example_branch_operator.py
[2025-02-21T10:28:55.676+0000] {processor.py:925} INFO - DAG(s) 'example_branch_operator' retrieved from /home/airflow/.local/lib/python3.12/site-packages/airflow/example_dags/example_branch_operator.py
[2025-02-21T10:28:55.694+0000] {logging_mixin.py:190} INFO - [2025-02-21T10:28:55.694+0000] {dag.py:3239} INFO - Sync 1 DAGs
[2025-02-21T10:28:55.708+0000] {logging_mixin.py:190} INFO - [2025-02-21T10:28:55.708+0000] {dag.py:4180} INFO - Setting next_dagrun for example_branch_operator to 2025-02-20 00:00:00+00:00, run_after=2025-02-21 00:00:00+00:00
[2025-02-21T10:28:55.722+0000] {processor.py:208} INFO - Processing /home/airflow/.local/lib/python3.12/site-packages/airflow/example_dags/example_branch_operator.py took 0.065 seconds
[2025-02-21T10:29:26.689+0000] {processor.py:186} INFO - Started process (PID=694) to work on /home/airflow/.local/lib/python3.12/site-packages/airflow/example_dags/example_branch_operator.py
[2025-02-21T10:29:26.690+0000] {processor.py:914} INFO - Processing file /home/airflow/.local/lib/python3.12/site-packages/airflow/example_dags/example_branch_operator.py for tasks to queue
[2025-02-21T10:29:26.692+0000] {logging_mixin.py:190} INFO - [2025-02-21T10:29:26.691+0000] {dagbag.py:588} INFO - Filling up the DagBag from /home/airflow/.local/lib/python3.12/site-packages/airflow/example_dags/example_branch_operator.py
[2025-02-21T10:29:26.701+0000] {processor.py:925} INFO - DAG(s) 'example_branch_operator' retrieved from /home/airflow/.local/lib/python3.12/site-packages/airflow/example_dags/example_branch_operator.py
[2025-02-21T10:29:26.719+0000] {logging_mixin.py:190} INFO - [2025-02-21T10:29:26.719+0000] {dag.py:3239} INFO - Sync 1 DAGs
[2025-02-21T10:29:26.732+0000] {logging_mixin.py:190} INFO - [2025-02-21T10:29:26.732+0000] {dag.py:4180} INFO - Setting next_dagrun for example_branch_operator to 2025-02-20 00:00:00+00:00, run_after=2025-02-21 00:00:00+00:00
[2025-02-21T10:29:26.744+0000] {processor.py:208} INFO - Processing /home/airflow/.local/lib/python3.12/site-packages/airflow/example_dags/example_branch_operator.py took 0.059 seconds
[2025-02-21T10:29:57.394+0000] {processor.py:186} INFO - Started process (PID=756) to work on /home/airflow/.local/lib/python3.12/site-packages/airflow/example_dags/example_branch_operator.py
[2025-02-21T10:29:57.396+0000] {processor.py:914} INFO - Processing file /home/airflow/.local/lib/python3.12/site-packages/airflow/example_dags/example_branch_operator.py for tasks to queue
[2025-02-21T10:29:57.398+0000] {logging_mixin.py:190} INFO - [2025-02-21T10:29:57.398+0000] {dagbag.py:588} INFO - Filling up the DagBag from /home/airflow/.local/lib/python3.12/site-packages/airflow/example_dags/example_branch_operator.py
[2025-02-21T10:29:57.410+0000] {processor.py:925} INFO - DAG(s) 'example_branch_operator' retrieved from /home/airflow/.local/lib/python3.12/site-packages/airflow/example_dags/example_branch_operator.py
[2025-02-21T10:29:57.427+0000] {logging_mixin.py:190} INFO - [2025-02-21T10:29:57.427+0000] {dag.py:3239} INFO - Sync 1 DAGs
[2025-02-21T10:29:57.440+0000] {logging_mixin.py:190} INFO - [2025-02-21T10:29:57.440+0000] {dag.py:4180} INFO - Setting next_dagrun for example_branch_operator to 2025-02-20 00:00:00+00:00, run_after=2025-02-21 00:00:00+00:00
[2025-02-21T10:29:57.448+0000] {processor.py:208} INFO - Processing /home/airflow/.local/lib/python3.12/site-packages/airflow/example_dags/example_branch_operator.py took 0.061 seconds
[2025-02-21T10:30:28.250+0000] {processor.py:186} INFO - Started process (PID=818) to work on /home/airflow/.local/lib/python3.12/site-packages/airflow/example_dags/example_branch_operator.py
[2025-02-21T10:30:28.251+0000] {processor.py:914} INFO - Processing file /home/airflow/.local/lib/python3.12/site-packages/airflow/example_dags/example_branch_operator.py for tasks to queue
[2025-02-21T10:30:28.253+0000] {logging_mixin.py:190} INFO - [2025-02-21T10:30:28.253+0000] {dagbag.py:588} INFO - Filling up the DagBag from /home/airflow/.local/lib/python3.12/site-packages/airflow/example_dags/example_branch_operator.py
[2025-02-21T10:30:28.265+0000] {processor.py:925} INFO - DAG(s) 'example_branch_operator' retrieved from /home/airflow/.local/lib/python3.12/site-packages/airflow/example_dags/example_branch_operator.py
[2025-02-21T10:30:28.287+0000] {logging_mixin.py:190} INFO - [2025-02-21T10:30:28.287+0000] {dag.py:3239} INFO - Sync 1 DAGs
[2025-02-21T10:30:28.301+0000] {logging_mixin.py:190} INFO - [2025-02-21T10:30:28.301+0000] {dag.py:4180} INFO - Setting next_dagrun for example_branch_operator to 2025-02-20 00:00:00+00:00, run_after=2025-02-21 00:00:00+00:00
[2025-02-21T10:30:28.310+0000] {processor.py:208} INFO - Processing /home/airflow/.local/lib/python3.12/site-packages/airflow/example_dags/example_branch_operator.py took 0.063 seconds
[2025-02-21T10:30:58.887+0000] {processor.py:186} INFO - Started process (PID=880) to work on /home/airflow/.local/lib/python3.12/site-packages/airflow/example_dags/example_branch_operator.py
[2025-02-21T10:30:58.888+0000] {processor.py:914} INFO - Processing file /home/airflow/.local/lib/python3.12/site-packages/airflow/example_dags/example_branch_operator.py for tasks to queue
[2025-02-21T10:30:58.889+0000] {logging_mixin.py:190} INFO - [2025-02-21T10:30:58.889+0000] {dagbag.py:588} INFO - Filling up the DagBag from /home/airflow/.local/lib/python3.12/site-packages/airflow/example_dags/example_branch_operator.py
[2025-02-21T10:30:58.898+0000] {processor.py:925} INFO - DAG(s) 'example_branch_operator' retrieved from /home/airflow/.local/lib/python3.12/site-packages/airflow/example_dags/example_branch_operator.py
[2025-02-21T10:30:58.917+0000] {logging_mixin.py:190} INFO - [2025-02-21T10:30:58.917+0000] {dag.py:3239} INFO - Sync 1 DAGs
[2025-02-21T10:30:58.942+0000] {logging_mixin.py:190} INFO - [2025-02-21T10:30:58.942+0000] {dag.py:4180} INFO - Setting next_dagrun for example_branch_operator to 2025-02-20 00:00:00+00:00, run_after=2025-02-21 00:00:00+00:00
[2025-02-21T10:30:58.982+0000] {processor.py:208} INFO - Processing /home/airflow/.local/lib/python3.12/site-packages/airflow/example_dags/example_branch_operator.py took 0.098 seconds
[2025-02-21T10:31:29.586+0000] {processor.py:186} INFO - Started process (PID=942) to work on /home/airflow/.local/lib/python3.12/site-packages/airflow/example_dags/example_branch_operator.py
[2025-02-21T10:31:29.588+0000] {processor.py:914} INFO - Processing file /home/airflow/.local/lib/python3.12/site-packages/airflow/example_dags/example_branch_operator.py for tasks to queue
[2025-02-21T10:31:29.589+0000] {logging_mixin.py:190} INFO - [2025-02-21T10:31:29.589+0000] {dagbag.py:588} INFO - Filling up the DagBag from /home/airflow/.local/lib/python3.12/site-packages/airflow/example_dags/example_branch_operator.py
[2025-02-21T10:31:29.601+0000] {processor.py:925} INFO - DAG(s) 'example_branch_operator' retrieved from /home/airflow/.local/lib/python3.12/site-packages/airflow/example_dags/example_branch_operator.py
[2025-02-21T10:31:29.625+0000] {logging_mixin.py:190} INFO - [2025-02-21T10:31:29.624+0000] {dag.py:3239} INFO - Sync 1 DAGs
[2025-02-21T10:31:29.638+0000] {logging_mixin.py:190} INFO - [2025-02-21T10:31:29.638+0000] {dag.py:4180} INFO - Setting next_dagrun for example_branch_operator to 2025-02-20 00:00:00+00:00, run_after=2025-02-21 00:00:00+00:00
[2025-02-21T10:31:29.647+0000] {processor.py:208} INFO - Processing /home/airflow/.local/lib/python3.12/site-packages/airflow/example_dags/example_branch_operator.py took 0.065 seconds
[2025-02-21T10:32:00.382+0000] {processor.py:186} INFO - Started process (PID=1004) to work on /home/airflow/.local/lib/python3.12/site-packages/airflow/example_dags/example_branch_operator.py
[2025-02-21T10:32:00.384+0000] {processor.py:914} INFO - Processing file /home/airflow/.local/lib/python3.12/site-packages/airflow/example_dags/example_branch_operator.py for tasks to queue
[2025-02-21T10:32:00.387+0000] {logging_mixin.py:190} INFO - [2025-02-21T10:32:00.386+0000] {dagbag.py:588} INFO - Filling up the DagBag from /home/airflow/.local/lib/python3.12/site-packages/airflow/example_dags/example_branch_operator.py
[2025-02-21T10:32:00.397+0000] {processor.py:925} INFO - DAG(s) 'example_branch_operator' retrieved from /home/airflow/.local/lib/python3.12/site-packages/airflow/example_dags/example_branch_operator.py
[2025-02-21T10:32:00.415+0000] {logging_mixin.py:190} INFO - [2025-02-21T10:32:00.415+0000] {dag.py:3239} INFO - Sync 1 DAGs
[2025-02-21T10:32:00.428+0000] {logging_mixin.py:190} INFO - [2025-02-21T10:32:00.428+0000] {dag.py:4180} INFO - Setting next_dagrun for example_branch_operator to 2025-02-20 00:00:00+00:00, run_after=2025-02-21 00:00:00+00:00
[2025-02-21T10:32:00.436+0000] {processor.py:208} INFO - Processing /home/airflow/.local/lib/python3.12/site-packages/airflow/example_dags/example_branch_operator.py took 0.058 seconds
[2025-02-21T10:32:30.631+0000] {processor.py:186} INFO - Started process (PID=1066) to work on /home/airflow/.local/lib/python3.12/site-packages/airflow/example_dags/example_branch_operator.py
[2025-02-21T10:32:30.633+0000] {processor.py:914} INFO - Processing file /home/airflow/.local/lib/python3.12/site-packages/airflow/example_dags/example_branch_operator.py for tasks to queue
[2025-02-21T10:32:30.635+0000] {logging_mixin.py:190} INFO - [2025-02-21T10:32:30.634+0000] {dagbag.py:588} INFO - Filling up the DagBag from /home/airflow/.local/lib/python3.12/site-packages/airflow/example_dags/example_branch_operator.py
[2025-02-21T10:32:30.644+0000] {processor.py:925} INFO - DAG(s) 'example_branch_operator' retrieved from /home/airflow/.local/lib/python3.12/site-packages/airflow/example_dags/example_branch_operator.py
[2025-02-21T10:32:30.667+0000] {logging_mixin.py:190} INFO - [2025-02-21T10:32:30.667+0000] {dag.py:3239} INFO - Sync 1 DAGs
[2025-02-21T10:32:30.682+0000] {logging_mixin.py:190} INFO - [2025-02-21T10:32:30.682+0000] {dag.py:4180} INFO - Setting next_dagrun for example_branch_operator to 2025-02-20 00:00:00+00:00, run_after=2025-02-21 00:00:00+00:00
[2025-02-21T10:32:30.691+0000] {processor.py:208} INFO - Processing /home/airflow/.local/lib/python3.12/site-packages/airflow/example_dags/example_branch_operator.py took 0.063 seconds
[2025-02-21T10:33:01.399+0000] {processor.py:186} INFO - Started process (PID=1128) to work on /home/airflow/.local/lib/python3.12/site-packages/airflow/example_dags/example_branch_operator.py
[2025-02-21T10:33:01.400+0000] {processor.py:914} INFO - Processing file /home/airflow/.local/lib/python3.12/site-packages/airflow/example_dags/example_branch_operator.py for tasks to queue
[2025-02-21T10:33:01.402+0000] {logging_mixin.py:190} INFO - [2025-02-21T10:33:01.402+0000] {dagbag.py:588} INFO - Filling up the DagBag from /home/airflow/.local/lib/python3.12/site-packages/airflow/example_dags/example_branch_operator.py
[2025-02-21T10:33:01.417+0000] {processor.py:925} INFO - DAG(s) 'example_branch_operator' retrieved from /home/airflow/.local/lib/python3.12/site-packages/airflow/example_dags/example_branch_operator.py
[2025-02-21T10:33:01.438+0000] {logging_mixin.py:190} INFO - [2025-02-21T10:33:01.438+0000] {dag.py:3239} INFO - Sync 1 DAGs
[2025-02-21T10:33:01.457+0000] {logging_mixin.py:190} INFO - [2025-02-21T10:33:01.457+0000] {dag.py:4180} INFO - Setting next_dagrun for example_branch_operator to 2025-02-20 00:00:00+00:00, run_after=2025-02-21 00:00:00+00:00
[2025-02-21T10:33:01.467+0000] {processor.py:208} INFO - Processing /home/airflow/.local/lib/python3.12/site-packages/airflow/example_dags/example_branch_operator.py took 0.072 seconds
[2025-02-21T10:33:31.500+0000] {processor.py:186} INFO - Started process (PID=1190) to work on /home/airflow/.local/lib/python3.12/site-packages/airflow/example_dags/example_branch_operator.py
[2025-02-21T10:33:31.502+0000] {processor.py:914} INFO - Processing file /home/airflow/.local/lib/python3.12/site-packages/airflow/example_dags/example_branch_operator.py for tasks to queue
[2025-02-21T10:33:31.503+0000] {logging_mixin.py:190} INFO - [2025-02-21T10:33:31.503+0000] {dagbag.py:588} INFO - Filling up the DagBag from /home/airflow/.local/lib/python3.12/site-packages/airflow/example_dags/example_branch_operator.py
[2025-02-21T10:33:31.516+0000] {processor.py:925} INFO - DAG(s) 'example_branch_operator' retrieved from /home/airflow/.local/lib/python3.12/site-packages/airflow/example_dags/example_branch_operator.py
[2025-02-21T10:33:31.543+0000] {logging_mixin.py:190} INFO - [2025-02-21T10:33:31.543+0000] {dag.py:3239} INFO - Sync 1 DAGs
[2025-02-21T10:33:31.557+0000] {logging_mixin.py:190} INFO - [2025-02-21T10:33:31.556+0000] {dag.py:4180} INFO - Setting next_dagrun for example_branch_operator to 2025-02-20 00:00:00+00:00, run_after=2025-02-21 00:00:00+00:00
[2025-02-21T10:33:31.572+0000] {processor.py:208} INFO - Processing /home/airflow/.local/lib/python3.12/site-packages/airflow/example_dags/example_branch_operator.py took 0.075 seconds
[2025-02-21T10:34:02.248+0000] {processor.py:186} INFO - Started process (PID=1252) to work on /home/airflow/.local/lib/python3.12/site-packages/airflow/example_dags/example_branch_operator.py
[2025-02-21T10:34:02.249+0000] {processor.py:914} INFO - Processing file /home/airflow/.local/lib/python3.12/site-packages/airflow/example_dags/example_branch_operator.py for tasks to queue
[2025-02-21T10:34:02.252+0000] {logging_mixin.py:190} INFO - [2025-02-21T10:34:02.251+0000] {dagbag.py:588} INFO - Filling up the DagBag from /home/airflow/.local/lib/python3.12/site-packages/airflow/example_dags/example_branch_operator.py
[2025-02-21T10:34:02.260+0000] {processor.py:925} INFO - DAG(s) 'example_branch_operator' retrieved from /home/airflow/.local/lib/python3.12/site-packages/airflow/example_dags/example_branch_operator.py
[2025-02-21T10:34:02.278+0000] {logging_mixin.py:190} INFO - [2025-02-21T10:34:02.278+0000] {dag.py:3239} INFO - Sync 1 DAGs
[2025-02-21T10:34:02.297+0000] {logging_mixin.py:190} INFO - [2025-02-21T10:34:02.297+0000] {dag.py:4180} INFO - Setting next_dagrun for example_branch_operator to 2025-02-20 00:00:00+00:00, run_after=2025-02-21 00:00:00+00:00
[2025-02-21T10:34:02.561+0000] {processor.py:208} INFO - Processing /home/airflow/.local/lib/python3.12/site-packages/airflow/example_dags/example_branch_operator.py took 0.315 seconds
[2025-02-21T10:34:33.569+0000] {processor.py:186} INFO - Started process (PID=1314) to work on /home/airflow/.local/lib/python3.12/site-packages/airflow/example_dags/example_branch_operator.py
[2025-02-21T10:34:33.572+0000] {processor.py:914} INFO - Processing file /home/airflow/.local/lib/python3.12/site-packages/airflow/example_dags/example_branch_operator.py for tasks to queue
[2025-02-21T10:34:33.577+0000] {logging_mixin.py:190} INFO - [2025-02-21T10:34:33.577+0000] {dagbag.py:588} INFO - Filling up the DagBag from /home/airflow/.local/lib/python3.12/site-packages/airflow/example_dags/example_branch_operator.py
[2025-02-21T10:34:33.597+0000] {processor.py:925} INFO - DAG(s) 'example_branch_operator' retrieved from /home/airflow/.local/lib/python3.12/site-packages/airflow/example_dags/example_branch_operator.py
[2025-02-21T10:34:33.620+0000] {logging_mixin.py:190} INFO - [2025-02-21T10:34:33.620+0000] {dag.py:3239} INFO - Sync 1 DAGs
[2025-02-21T10:34:33.633+0000] {logging_mixin.py:190} INFO - [2025-02-21T10:34:33.633+0000] {dag.py:4180} INFO - Setting next_dagrun for example_branch_operator to 2025-02-20 00:00:00+00:00, run_after=2025-02-21 00:00:00+00:00
[2025-02-21T10:34:33.642+0000] {processor.py:208} INFO - Processing /home/airflow/.local/lib/python3.12/site-packages/airflow/example_dags/example_branch_operator.py took 0.086 seconds
[2025-02-21T10:35:04.524+0000] {processor.py:186} INFO - Started process (PID=1376) to work on /home/airflow/.local/lib/python3.12/site-packages/airflow/example_dags/example_branch_operator.py
[2025-02-21T10:35:04.529+0000] {processor.py:914} INFO - Processing file /home/airflow/.local/lib/python3.12/site-packages/airflow/example_dags/example_branch_operator.py for tasks to queue
[2025-02-21T10:35:04.533+0000] {logging_mixin.py:190} INFO - [2025-02-21T10:35:04.532+0000] {dagbag.py:588} INFO - Filling up the DagBag from /home/airflow/.local/lib/python3.12/site-packages/airflow/example_dags/example_branch_operator.py
[2025-02-21T10:35:04.553+0000] {processor.py:925} INFO - DAG(s) 'example_branch_operator' retrieved from /home/airflow/.local/lib/python3.12/site-packages/airflow/example_dags/example_branch_operator.py
[2025-02-21T10:35:04.579+0000] {logging_mixin.py:190} INFO - [2025-02-21T10:35:04.578+0000] {dag.py:3239} INFO - Sync 1 DAGs
[2025-02-21T10:35:04.612+0000] {logging_mixin.py:190} INFO - [2025-02-21T10:35:04.612+0000] {dag.py:4180} INFO - Setting next_dagrun for example_branch_operator to 2025-02-20 00:00:00+00:00, run_after=2025-02-21 00:00:00+00:00
[2025-02-21T10:35:04.629+0000] {processor.py:208} INFO - Processing /home/airflow/.local/lib/python3.12/site-packages/airflow/example_dags/example_branch_operator.py took 0.116 seconds
[2025-02-21T11:04:00.896+0000] {processor.py:186} INFO - Started process (PID=69) to work on /home/airflow/.local/lib/python3.12/site-packages/airflow/example_dags/example_branch_operator.py
[2025-02-21T11:04:00.897+0000] {processor.py:914} INFO - Processing file /home/airflow/.local/lib/python3.12/site-packages/airflow/example_dags/example_branch_operator.py for tasks to queue
[2025-02-21T11:04:00.902+0000] {logging_mixin.py:190} INFO - [2025-02-21T11:04:00.902+0000] {dagbag.py:588} INFO - Filling up the DagBag from /home/airflow/.local/lib/python3.12/site-packages/airflow/example_dags/example_branch_operator.py
[2025-02-21T11:04:00.915+0000] {processor.py:925} INFO - DAG(s) 'example_branch_operator' retrieved from /home/airflow/.local/lib/python3.12/site-packages/airflow/example_dags/example_branch_operator.py
[2025-02-21T11:04:01.031+0000] {logging_mixin.py:190} INFO - [2025-02-21T11:04:01.031+0000] {dag.py:3239} INFO - Sync 1 DAGs
[2025-02-21T11:04:01.057+0000] {logging_mixin.py:190} INFO - [2025-02-21T11:04:01.057+0000] {dag.py:4180} INFO - Setting next_dagrun for example_branch_operator to 2025-02-20 00:00:00+00:00, run_after=2025-02-21 00:00:00+00:00
[2025-02-21T11:04:01.083+0000] {processor.py:208} INFO - Processing /home/airflow/.local/lib/python3.12/site-packages/airflow/example_dags/example_branch_operator.py took 0.191 seconds
