[2025-02-21T10:24:16.054+0000] {processor.py:186} INFO - Started process (PID=50) to work on /home/airflow/.local/lib/python3.12/site-packages/airflow/example_dags/example_display_name.py
[2025-02-21T10:24:16.056+0000] {processor.py:914} INFO - Processing file /home/airflow/.local/lib/python3.12/site-packages/airflow/example_dags/example_display_name.py for tasks to queue
[2025-02-21T10:24:16.061+0000] {logging_mixin.py:190} INFO - [2025-02-21T10:24:16.060+0000] {dagbag.py:588} INFO - Filling up the DagBag from /home/airflow/.local/lib/python3.12/site-packages/airflow/example_dags/example_display_name.py
[2025-02-21T10:24:16.069+0000] {processor.py:925} INFO - DAG(s) 'example_display_name' retrieved from /home/airflow/.local/lib/python3.12/site-packages/airflow/example_dags/example_display_name.py
[2025-02-21T10:24:16.108+0000] {logging_mixin.py:190} INFO - [2025-02-21T10:24:16.108+0000] {dag.py:3239} INFO - Sync 1 DAGs
[2025-02-21T10:24:16.120+0000] {logging_mixin.py:190} INFO - [2025-02-21T10:24:16.120+0000] {dag.py:4180} INFO - Setting next_dagrun for example_display_name to None, run_after=None
[2025-02-21T10:24:16.140+0000] {processor.py:208} INFO - Processing /home/airflow/.local/lib/python3.12/site-packages/airflow/example_dags/example_display_name.py took 0.093 seconds
[2025-02-21T10:24:46.793+0000] {processor.py:186} INFO - Started process (PID=112) to work on /home/airflow/.local/lib/python3.12/site-packages/airflow/example_dags/example_display_name.py
[2025-02-21T10:24:46.795+0000] {processor.py:914} INFO - Processing file /home/airflow/.local/lib/python3.12/site-packages/airflow/example_dags/example_display_name.py for tasks to queue
[2025-02-21T10:24:46.796+0000] {logging_mixin.py:190} INFO - [2025-02-21T10:24:46.796+0000] {dagbag.py:588} INFO - Filling up the DagBag from /home/airflow/.local/lib/python3.12/site-packages/airflow/example_dags/example_display_name.py
[2025-02-21T10:24:46.813+0000] {processor.py:925} INFO - DAG(s) 'example_display_name' retrieved from /home/airflow/.local/lib/python3.12/site-packages/airflow/example_dags/example_display_name.py
[2025-02-21T10:24:46.839+0000] {logging_mixin.py:190} INFO - [2025-02-21T10:24:46.839+0000] {dag.py:3239} INFO - Sync 1 DAGs
[2025-02-21T10:24:46.847+0000] {logging_mixin.py:190} INFO - [2025-02-21T10:24:46.847+0000] {dag.py:4180} INFO - Setting next_dagrun for example_display_name to None, run_after=None
[2025-02-21T10:24:46.860+0000] {processor.py:208} INFO - Processing /home/airflow/.local/lib/python3.12/site-packages/airflow/example_dags/example_display_name.py took 0.072 seconds
[2025-02-21T10:25:17.535+0000] {processor.py:186} INFO - Started process (PID=174) to work on /home/airflow/.local/lib/python3.12/site-packages/airflow/example_dags/example_display_name.py
[2025-02-21T10:25:17.535+0000] {processor.py:914} INFO - Processing file /home/airflow/.local/lib/python3.12/site-packages/airflow/example_dags/example_display_name.py for tasks to queue
[2025-02-21T10:25:17.537+0000] {logging_mixin.py:190} INFO - [2025-02-21T10:25:17.536+0000] {dagbag.py:588} INFO - Filling up the DagBag from /home/airflow/.local/lib/python3.12/site-packages/airflow/example_dags/example_display_name.py
[2025-02-21T10:25:17.541+0000] {processor.py:925} INFO - DAG(s) 'example_display_name' retrieved from /home/airflow/.local/lib/python3.12/site-packages/airflow/example_dags/example_display_name.py
[2025-02-21T10:25:17.554+0000] {logging_mixin.py:190} INFO - [2025-02-21T10:25:17.554+0000] {dag.py:3239} INFO - Sync 1 DAGs
[2025-02-21T10:25:17.565+0000] {logging_mixin.py:190} INFO - [2025-02-21T10:25:17.565+0000] {dag.py:4180} INFO - Setting next_dagrun for example_display_name to None, run_after=None
[2025-02-21T10:25:17.578+0000] {processor.py:208} INFO - Processing /home/airflow/.local/lib/python3.12/site-packages/airflow/example_dags/example_display_name.py took 0.046 seconds
[2025-02-21T10:25:48.239+0000] {processor.py:186} INFO - Started process (PID=236) to work on /home/airflow/.local/lib/python3.12/site-packages/airflow/example_dags/example_display_name.py
[2025-02-21T10:25:48.240+0000] {processor.py:914} INFO - Processing file /home/airflow/.local/lib/python3.12/site-packages/airflow/example_dags/example_display_name.py for tasks to queue
[2025-02-21T10:25:48.241+0000] {logging_mixin.py:190} INFO - [2025-02-21T10:25:48.241+0000] {dagbag.py:588} INFO - Filling up the DagBag from /home/airflow/.local/lib/python3.12/site-packages/airflow/example_dags/example_display_name.py
[2025-02-21T10:25:48.247+0000] {processor.py:925} INFO - DAG(s) 'example_display_name' retrieved from /home/airflow/.local/lib/python3.12/site-packages/airflow/example_dags/example_display_name.py
[2025-02-21T10:25:48.261+0000] {logging_mixin.py:190} INFO - [2025-02-21T10:25:48.261+0000] {dag.py:3239} INFO - Sync 1 DAGs
[2025-02-21T10:25:48.269+0000] {logging_mixin.py:190} INFO - [2025-02-21T10:25:48.269+0000] {dag.py:4180} INFO - Setting next_dagrun for example_display_name to None, run_after=None
[2025-02-21T10:25:48.281+0000] {processor.py:208} INFO - Processing /home/airflow/.local/lib/python3.12/site-packages/airflow/example_dags/example_display_name.py took 0.046 seconds
[2025-02-21T10:26:18.949+0000] {processor.py:186} INFO - Started process (PID=298) to work on /home/airflow/.local/lib/python3.12/site-packages/airflow/example_dags/example_display_name.py
[2025-02-21T10:26:18.949+0000] {processor.py:914} INFO - Processing file /home/airflow/.local/lib/python3.12/site-packages/airflow/example_dags/example_display_name.py for tasks to queue
[2025-02-21T10:26:18.951+0000] {logging_mixin.py:190} INFO - [2025-02-21T10:26:18.951+0000] {dagbag.py:588} INFO - Filling up the DagBag from /home/airflow/.local/lib/python3.12/site-packages/airflow/example_dags/example_display_name.py
[2025-02-21T10:26:18.956+0000] {processor.py:925} INFO - DAG(s) 'example_display_name' retrieved from /home/airflow/.local/lib/python3.12/site-packages/airflow/example_dags/example_display_name.py
[2025-02-21T10:26:18.974+0000] {logging_mixin.py:190} INFO - [2025-02-21T10:26:18.974+0000] {dag.py:3239} INFO - Sync 1 DAGs
[2025-02-21T10:26:18.982+0000] {logging_mixin.py:190} INFO - [2025-02-21T10:26:18.982+0000] {dag.py:4180} INFO - Setting next_dagrun for example_display_name to None, run_after=None
[2025-02-21T10:26:18.994+0000] {processor.py:208} INFO - Processing /home/airflow/.local/lib/python3.12/site-packages/airflow/example_dags/example_display_name.py took 0.049 seconds
[2025-02-21T10:26:49.741+0000] {processor.py:186} INFO - Started process (PID=366) to work on /home/airflow/.local/lib/python3.12/site-packages/airflow/example_dags/example_display_name.py
[2025-02-21T10:26:49.742+0000] {processor.py:914} INFO - Processing file /home/airflow/.local/lib/python3.12/site-packages/airflow/example_dags/example_display_name.py for tasks to queue
[2025-02-21T10:26:49.745+0000] {logging_mixin.py:190} INFO - [2025-02-21T10:26:49.744+0000] {dagbag.py:588} INFO - Filling up the DagBag from /home/airflow/.local/lib/python3.12/site-packages/airflow/example_dags/example_display_name.py
[2025-02-21T10:26:49.749+0000] {processor.py:925} INFO - DAG(s) 'example_display_name' retrieved from /home/airflow/.local/lib/python3.12/site-packages/airflow/example_dags/example_display_name.py
[2025-02-21T10:26:49.766+0000] {logging_mixin.py:190} INFO - [2025-02-21T10:26:49.765+0000] {dag.py:3239} INFO - Sync 1 DAGs
[2025-02-21T10:26:49.772+0000] {logging_mixin.py:190} INFO - [2025-02-21T10:26:49.772+0000] {dag.py:4180} INFO - Setting next_dagrun for example_display_name to None, run_after=None
[2025-02-21T10:26:49.787+0000] {processor.py:208} INFO - Processing /home/airflow/.local/lib/python3.12/site-packages/airflow/example_dags/example_display_name.py took 0.051 seconds
[2025-02-21T10:27:20.436+0000] {processor.py:186} INFO - Started process (PID=428) to work on /home/airflow/.local/lib/python3.12/site-packages/airflow/example_dags/example_display_name.py
[2025-02-21T10:27:20.437+0000] {processor.py:914} INFO - Processing file /home/airflow/.local/lib/python3.12/site-packages/airflow/example_dags/example_display_name.py for tasks to queue
[2025-02-21T10:27:20.439+0000] {logging_mixin.py:190} INFO - [2025-02-21T10:27:20.439+0000] {dagbag.py:588} INFO - Filling up the DagBag from /home/airflow/.local/lib/python3.12/site-packages/airflow/example_dags/example_display_name.py
[2025-02-21T10:27:20.443+0000] {processor.py:925} INFO - DAG(s) 'example_display_name' retrieved from /home/airflow/.local/lib/python3.12/site-packages/airflow/example_dags/example_display_name.py
[2025-02-21T10:27:20.456+0000] {logging_mixin.py:190} INFO - [2025-02-21T10:27:20.456+0000] {dag.py:3239} INFO - Sync 1 DAGs
[2025-02-21T10:27:20.468+0000] {logging_mixin.py:190} INFO - [2025-02-21T10:27:20.468+0000] {dag.py:4180} INFO - Setting next_dagrun for example_display_name to None, run_after=None
[2025-02-21T10:27:20.481+0000] {processor.py:208} INFO - Processing /home/airflow/.local/lib/python3.12/site-packages/airflow/example_dags/example_display_name.py took 0.047 seconds
[2025-02-21T10:27:51.115+0000] {processor.py:186} INFO - Started process (PID=490) to work on /home/airflow/.local/lib/python3.12/site-packages/airflow/example_dags/example_display_name.py
[2025-02-21T10:27:51.117+0000] {processor.py:914} INFO - Processing file /home/airflow/.local/lib/python3.12/site-packages/airflow/example_dags/example_display_name.py for tasks to queue
[2025-02-21T10:27:51.119+0000] {logging_mixin.py:190} INFO - [2025-02-21T10:27:51.118+0000] {dagbag.py:588} INFO - Filling up the DagBag from /home/airflow/.local/lib/python3.12/site-packages/airflow/example_dags/example_display_name.py
[2025-02-21T10:27:51.123+0000] {processor.py:925} INFO - DAG(s) 'example_display_name' retrieved from /home/airflow/.local/lib/python3.12/site-packages/airflow/example_dags/example_display_name.py
[2025-02-21T10:27:51.136+0000] {logging_mixin.py:190} INFO - [2025-02-21T10:27:51.136+0000] {dag.py:3239} INFO - Sync 1 DAGs
[2025-02-21T10:27:51.144+0000] {logging_mixin.py:190} INFO - [2025-02-21T10:27:51.144+0000] {dag.py:4180} INFO - Setting next_dagrun for example_display_name to None, run_after=None
[2025-02-21T10:27:51.155+0000] {processor.py:208} INFO - Processing /home/airflow/.local/lib/python3.12/site-packages/airflow/example_dags/example_display_name.py took 0.043 seconds
[2025-02-21T10:28:22.156+0000] {processor.py:186} INFO - Started process (PID=552) to work on /home/airflow/.local/lib/python3.12/site-packages/airflow/example_dags/example_display_name.py
[2025-02-21T10:28:22.158+0000] {processor.py:914} INFO - Processing file /home/airflow/.local/lib/python3.12/site-packages/airflow/example_dags/example_display_name.py for tasks to queue
[2025-02-21T10:28:22.161+0000] {logging_mixin.py:190} INFO - [2025-02-21T10:28:22.161+0000] {dagbag.py:588} INFO - Filling up the DagBag from /home/airflow/.local/lib/python3.12/site-packages/airflow/example_dags/example_display_name.py
[2025-02-21T10:28:22.167+0000] {processor.py:925} INFO - DAG(s) 'example_display_name' retrieved from /home/airflow/.local/lib/python3.12/site-packages/airflow/example_dags/example_display_name.py
[2025-02-21T10:28:22.179+0000] {logging_mixin.py:190} INFO - [2025-02-21T10:28:22.179+0000] {dag.py:3239} INFO - Sync 1 DAGs
[2025-02-21T10:28:22.187+0000] {logging_mixin.py:190} INFO - [2025-02-21T10:28:22.187+0000] {dag.py:4180} INFO - Setting next_dagrun for example_display_name to None, run_after=None
[2025-02-21T10:28:22.200+0000] {processor.py:208} INFO - Processing /home/airflow/.local/lib/python3.12/site-packages/airflow/example_dags/example_display_name.py took 0.049 seconds
[2025-02-21T10:28:52.837+0000] {processor.py:186} INFO - Started process (PID=614) to work on /home/airflow/.local/lib/python3.12/site-packages/airflow/example_dags/example_display_name.py
[2025-02-21T10:28:52.838+0000] {processor.py:914} INFO - Processing file /home/airflow/.local/lib/python3.12/site-packages/airflow/example_dags/example_display_name.py for tasks to queue
[2025-02-21T10:28:52.839+0000] {logging_mixin.py:190} INFO - [2025-02-21T10:28:52.839+0000] {dagbag.py:588} INFO - Filling up the DagBag from /home/airflow/.local/lib/python3.12/site-packages/airflow/example_dags/example_display_name.py
[2025-02-21T10:28:52.845+0000] {processor.py:925} INFO - DAG(s) 'example_display_name' retrieved from /home/airflow/.local/lib/python3.12/site-packages/airflow/example_dags/example_display_name.py
[2025-02-21T10:28:52.864+0000] {logging_mixin.py:190} INFO - [2025-02-21T10:28:52.864+0000] {dag.py:3239} INFO - Sync 1 DAGs
[2025-02-21T10:28:52.872+0000] {logging_mixin.py:190} INFO - [2025-02-21T10:28:52.871+0000] {dag.py:4180} INFO - Setting next_dagrun for example_display_name to None, run_after=None
[2025-02-21T10:28:52.882+0000] {processor.py:208} INFO - Processing /home/airflow/.local/lib/python3.12/site-packages/airflow/example_dags/example_display_name.py took 0.051 seconds
[2025-02-21T10:29:23.768+0000] {processor.py:186} INFO - Started process (PID=676) to work on /home/airflow/.local/lib/python3.12/site-packages/airflow/example_dags/example_display_name.py
[2025-02-21T10:29:23.769+0000] {processor.py:914} INFO - Processing file /home/airflow/.local/lib/python3.12/site-packages/airflow/example_dags/example_display_name.py for tasks to queue
[2025-02-21T10:29:23.771+0000] {logging_mixin.py:190} INFO - [2025-02-21T10:29:23.771+0000] {dagbag.py:588} INFO - Filling up the DagBag from /home/airflow/.local/lib/python3.12/site-packages/airflow/example_dags/example_display_name.py
[2025-02-21T10:29:23.776+0000] {processor.py:925} INFO - DAG(s) 'example_display_name' retrieved from /home/airflow/.local/lib/python3.12/site-packages/airflow/example_dags/example_display_name.py
[2025-02-21T10:29:23.786+0000] {logging_mixin.py:190} INFO - [2025-02-21T10:29:23.786+0000] {dag.py:3239} INFO - Sync 1 DAGs
[2025-02-21T10:29:23.793+0000] {logging_mixin.py:190} INFO - [2025-02-21T10:29:23.793+0000] {dag.py:4180} INFO - Setting next_dagrun for example_display_name to None, run_after=None
[2025-02-21T10:29:23.804+0000] {processor.py:208} INFO - Processing /home/airflow/.local/lib/python3.12/site-packages/airflow/example_dags/example_display_name.py took 0.040 seconds
[2025-02-21T10:29:54.566+0000] {processor.py:186} INFO - Started process (PID=738) to work on /home/airflow/.local/lib/python3.12/site-packages/airflow/example_dags/example_display_name.py
[2025-02-21T10:29:54.567+0000] {processor.py:914} INFO - Processing file /home/airflow/.local/lib/python3.12/site-packages/airflow/example_dags/example_display_name.py for tasks to queue
[2025-02-21T10:29:54.568+0000] {logging_mixin.py:190} INFO - [2025-02-21T10:29:54.568+0000] {dagbag.py:588} INFO - Filling up the DagBag from /home/airflow/.local/lib/python3.12/site-packages/airflow/example_dags/example_display_name.py
[2025-02-21T10:29:54.573+0000] {processor.py:925} INFO - DAG(s) 'example_display_name' retrieved from /home/airflow/.local/lib/python3.12/site-packages/airflow/example_dags/example_display_name.py
[2025-02-21T10:29:54.585+0000] {logging_mixin.py:190} INFO - [2025-02-21T10:29:54.585+0000] {dag.py:3239} INFO - Sync 1 DAGs
[2025-02-21T10:29:54.593+0000] {logging_mixin.py:190} INFO - [2025-02-21T10:29:54.593+0000] {dag.py:4180} INFO - Setting next_dagrun for example_display_name to None, run_after=None
[2025-02-21T10:29:54.608+0000] {processor.py:208} INFO - Processing /home/airflow/.local/lib/python3.12/site-packages/airflow/example_dags/example_display_name.py took 0.045 seconds
[2025-02-21T10:30:25.382+0000] {processor.py:186} INFO - Started process (PID=800) to work on /home/airflow/.local/lib/python3.12/site-packages/airflow/example_dags/example_display_name.py
[2025-02-21T10:30:25.383+0000] {processor.py:914} INFO - Processing file /home/airflow/.local/lib/python3.12/site-packages/airflow/example_dags/example_display_name.py for tasks to queue
[2025-02-21T10:30:25.384+0000] {logging_mixin.py:190} INFO - [2025-02-21T10:30:25.384+0000] {dagbag.py:588} INFO - Filling up the DagBag from /home/airflow/.local/lib/python3.12/site-packages/airflow/example_dags/example_display_name.py
[2025-02-21T10:30:25.389+0000] {processor.py:925} INFO - DAG(s) 'example_display_name' retrieved from /home/airflow/.local/lib/python3.12/site-packages/airflow/example_dags/example_display_name.py
[2025-02-21T10:30:25.400+0000] {logging_mixin.py:190} INFO - [2025-02-21T10:30:25.400+0000] {dag.py:3239} INFO - Sync 1 DAGs
[2025-02-21T10:30:25.409+0000] {logging_mixin.py:190} INFO - [2025-02-21T10:30:25.408+0000] {dag.py:4180} INFO - Setting next_dagrun for example_display_name to None, run_after=None
[2025-02-21T10:30:25.424+0000] {processor.py:208} INFO - Processing /home/airflow/.local/lib/python3.12/site-packages/airflow/example_dags/example_display_name.py took 0.046 seconds
[2025-02-21T10:30:56.019+0000] {processor.py:186} INFO - Started process (PID=862) to work on /home/airflow/.local/lib/python3.12/site-packages/airflow/example_dags/example_display_name.py
[2025-02-21T10:30:56.022+0000] {processor.py:914} INFO - Processing file /home/airflow/.local/lib/python3.12/site-packages/airflow/example_dags/example_display_name.py for tasks to queue
[2025-02-21T10:30:56.024+0000] {logging_mixin.py:190} INFO - [2025-02-21T10:30:56.024+0000] {dagbag.py:588} INFO - Filling up the DagBag from /home/airflow/.local/lib/python3.12/site-packages/airflow/example_dags/example_display_name.py
[2025-02-21T10:30:56.029+0000] {processor.py:925} INFO - DAG(s) 'example_display_name' retrieved from /home/airflow/.local/lib/python3.12/site-packages/airflow/example_dags/example_display_name.py
[2025-02-21T10:30:56.044+0000] {logging_mixin.py:190} INFO - [2025-02-21T10:30:56.044+0000] {dag.py:3239} INFO - Sync 1 DAGs
[2025-02-21T10:30:56.052+0000] {logging_mixin.py:190} INFO - [2025-02-21T10:30:56.052+0000] {dag.py:4180} INFO - Setting next_dagrun for example_display_name to None, run_after=None
[2025-02-21T10:30:56.065+0000] {processor.py:208} INFO - Processing /home/airflow/.local/lib/python3.12/site-packages/airflow/example_dags/example_display_name.py took 0.049 seconds
[2025-02-21T10:31:26.741+0000] {processor.py:186} INFO - Started process (PID=924) to work on /home/airflow/.local/lib/python3.12/site-packages/airflow/example_dags/example_display_name.py
[2025-02-21T10:31:26.742+0000] {processor.py:914} INFO - Processing file /home/airflow/.local/lib/python3.12/site-packages/airflow/example_dags/example_display_name.py for tasks to queue
[2025-02-21T10:31:26.743+0000] {logging_mixin.py:190} INFO - [2025-02-21T10:31:26.743+0000] {dagbag.py:588} INFO - Filling up the DagBag from /home/airflow/.local/lib/python3.12/site-packages/airflow/example_dags/example_display_name.py
[2025-02-21T10:31:26.748+0000] {processor.py:925} INFO - DAG(s) 'example_display_name' retrieved from /home/airflow/.local/lib/python3.12/site-packages/airflow/example_dags/example_display_name.py
[2025-02-21T10:31:26.763+0000] {logging_mixin.py:190} INFO - [2025-02-21T10:31:26.763+0000] {dag.py:3239} INFO - Sync 1 DAGs
[2025-02-21T10:31:26.775+0000] {logging_mixin.py:190} INFO - [2025-02-21T10:31:26.775+0000] {dag.py:4180} INFO - Setting next_dagrun for example_display_name to None, run_after=None
[2025-02-21T10:31:26.788+0000] {processor.py:208} INFO - Processing /home/airflow/.local/lib/python3.12/site-packages/airflow/example_dags/example_display_name.py took 0.050 seconds
[2025-02-21T10:31:57.547+0000] {processor.py:186} INFO - Started process (PID=986) to work on /home/airflow/.local/lib/python3.12/site-packages/airflow/example_dags/example_display_name.py
[2025-02-21T10:31:57.548+0000] {processor.py:914} INFO - Processing file /home/airflow/.local/lib/python3.12/site-packages/airflow/example_dags/example_display_name.py for tasks to queue
[2025-02-21T10:31:57.550+0000] {logging_mixin.py:190} INFO - [2025-02-21T10:31:57.549+0000] {dagbag.py:588} INFO - Filling up the DagBag from /home/airflow/.local/lib/python3.12/site-packages/airflow/example_dags/example_display_name.py
[2025-02-21T10:31:57.555+0000] {processor.py:925} INFO - DAG(s) 'example_display_name' retrieved from /home/airflow/.local/lib/python3.12/site-packages/airflow/example_dags/example_display_name.py
[2025-02-21T10:31:57.564+0000] {logging_mixin.py:190} INFO - [2025-02-21T10:31:57.564+0000] {dag.py:3239} INFO - Sync 1 DAGs
[2025-02-21T10:31:57.573+0000] {logging_mixin.py:190} INFO - [2025-02-21T10:31:57.573+0000] {dag.py:4180} INFO - Setting next_dagrun for example_display_name to None, run_after=None
[2025-02-21T10:31:57.584+0000] {processor.py:208} INFO - Processing /home/airflow/.local/lib/python3.12/site-packages/airflow/example_dags/example_display_name.py took 0.040 seconds
[2025-02-21T10:32:27.823+0000] {processor.py:186} INFO - Started process (PID=1048) to work on /home/airflow/.local/lib/python3.12/site-packages/airflow/example_dags/example_display_name.py
[2025-02-21T10:32:27.824+0000] {processor.py:914} INFO - Processing file /home/airflow/.local/lib/python3.12/site-packages/airflow/example_dags/example_display_name.py for tasks to queue
[2025-02-21T10:32:27.825+0000] {logging_mixin.py:190} INFO - [2025-02-21T10:32:27.825+0000] {dagbag.py:588} INFO - Filling up the DagBag from /home/airflow/.local/lib/python3.12/site-packages/airflow/example_dags/example_display_name.py
[2025-02-21T10:32:27.830+0000] {processor.py:925} INFO - DAG(s) 'example_display_name' retrieved from /home/airflow/.local/lib/python3.12/site-packages/airflow/example_dags/example_display_name.py
[2025-02-21T10:32:27.845+0000] {logging_mixin.py:190} INFO - [2025-02-21T10:32:27.845+0000] {dag.py:3239} INFO - Sync 1 DAGs
[2025-02-21T10:32:27.852+0000] {logging_mixin.py:190} INFO - [2025-02-21T10:32:27.852+0000] {dag.py:4180} INFO - Setting next_dagrun for example_display_name to None, run_after=None
[2025-02-21T10:32:27.865+0000] {processor.py:208} INFO - Processing /home/airflow/.local/lib/python3.12/site-packages/airflow/example_dags/example_display_name.py took 0.045 seconds
[2025-02-21T10:32:58.551+0000] {processor.py:186} INFO - Started process (PID=1110) to work on /home/airflow/.local/lib/python3.12/site-packages/airflow/example_dags/example_display_name.py
[2025-02-21T10:32:58.552+0000] {processor.py:914} INFO - Processing file /home/airflow/.local/lib/python3.12/site-packages/airflow/example_dags/example_display_name.py for tasks to queue
[2025-02-21T10:32:58.555+0000] {logging_mixin.py:190} INFO - [2025-02-21T10:32:58.554+0000] {dagbag.py:588} INFO - Filling up the DagBag from /home/airflow/.local/lib/python3.12/site-packages/airflow/example_dags/example_display_name.py
[2025-02-21T10:32:58.559+0000] {processor.py:925} INFO - DAG(s) 'example_display_name' retrieved from /home/airflow/.local/lib/python3.12/site-packages/airflow/example_dags/example_display_name.py
[2025-02-21T10:32:58.574+0000] {logging_mixin.py:190} INFO - [2025-02-21T10:32:58.574+0000] {dag.py:3239} INFO - Sync 1 DAGs
[2025-02-21T10:32:58.583+0000] {logging_mixin.py:190} INFO - [2025-02-21T10:32:58.583+0000] {dag.py:4180} INFO - Setting next_dagrun for example_display_name to None, run_after=None
[2025-02-21T10:32:58.593+0000] {processor.py:208} INFO - Processing /home/airflow/.local/lib/python3.12/site-packages/airflow/example_dags/example_display_name.py took 0.045 seconds
[2025-02-21T10:33:29.670+0000] {processor.py:186} INFO - Started process (PID=1172) to work on /home/airflow/.local/lib/python3.12/site-packages/airflow/example_dags/example_display_name.py
[2025-02-21T10:33:29.671+0000] {processor.py:914} INFO - Processing file /home/airflow/.local/lib/python3.12/site-packages/airflow/example_dags/example_display_name.py for tasks to queue
[2025-02-21T10:33:29.675+0000] {logging_mixin.py:190} INFO - [2025-02-21T10:33:29.675+0000] {dagbag.py:588} INFO - Filling up the DagBag from /home/airflow/.local/lib/python3.12/site-packages/airflow/example_dags/example_display_name.py
[2025-02-21T10:33:29.683+0000] {processor.py:925} INFO - DAG(s) 'example_display_name' retrieved from /home/airflow/.local/lib/python3.12/site-packages/airflow/example_dags/example_display_name.py
[2025-02-21T10:33:29.696+0000] {logging_mixin.py:190} INFO - [2025-02-21T10:33:29.696+0000] {dag.py:3239} INFO - Sync 1 DAGs
[2025-02-21T10:33:29.707+0000] {logging_mixin.py:190} INFO - [2025-02-21T10:33:29.707+0000] {dag.py:4180} INFO - Setting next_dagrun for example_display_name to None, run_after=None
[2025-02-21T10:33:29.724+0000] {processor.py:208} INFO - Processing /home/airflow/.local/lib/python3.12/site-packages/airflow/example_dags/example_display_name.py took 0.058 seconds
[2025-02-21T10:34:00.466+0000] {processor.py:186} INFO - Started process (PID=1234) to work on /home/airflow/.local/lib/python3.12/site-packages/airflow/example_dags/example_display_name.py
[2025-02-21T10:34:00.468+0000] {processor.py:914} INFO - Processing file /home/airflow/.local/lib/python3.12/site-packages/airflow/example_dags/example_display_name.py for tasks to queue
[2025-02-21T10:34:00.472+0000] {logging_mixin.py:190} INFO - [2025-02-21T10:34:00.469+0000] {dagbag.py:588} INFO - Filling up the DagBag from /home/airflow/.local/lib/python3.12/site-packages/airflow/example_dags/example_display_name.py
[2025-02-21T10:34:00.476+0000] {processor.py:925} INFO - DAG(s) 'example_display_name' retrieved from /home/airflow/.local/lib/python3.12/site-packages/airflow/example_dags/example_display_name.py
[2025-02-21T10:34:00.486+0000] {logging_mixin.py:190} INFO - [2025-02-21T10:34:00.486+0000] {dag.py:3239} INFO - Sync 1 DAGs
[2025-02-21T10:34:00.495+0000] {logging_mixin.py:190} INFO - [2025-02-21T10:34:00.495+0000] {dag.py:4180} INFO - Setting next_dagrun for example_display_name to None, run_after=None
[2025-02-21T10:34:00.509+0000] {processor.py:208} INFO - Processing /home/airflow/.local/lib/python3.12/site-packages/airflow/example_dags/example_display_name.py took 0.048 seconds
[2025-02-21T10:34:30.742+0000] {processor.py:186} INFO - Started process (PID=1296) to work on /home/airflow/.local/lib/python3.12/site-packages/airflow/example_dags/example_display_name.py
[2025-02-21T10:34:30.743+0000] {processor.py:914} INFO - Processing file /home/airflow/.local/lib/python3.12/site-packages/airflow/example_dags/example_display_name.py for tasks to queue
[2025-02-21T10:34:30.745+0000] {logging_mixin.py:190} INFO - [2025-02-21T10:34:30.745+0000] {dagbag.py:588} INFO - Filling up the DagBag from /home/airflow/.local/lib/python3.12/site-packages/airflow/example_dags/example_display_name.py
[2025-02-21T10:34:30.750+0000] {processor.py:925} INFO - DAG(s) 'example_display_name' retrieved from /home/airflow/.local/lib/python3.12/site-packages/airflow/example_dags/example_display_name.py
[2025-02-21T10:34:30.764+0000] {logging_mixin.py:190} INFO - [2025-02-21T10:34:30.764+0000] {dag.py:3239} INFO - Sync 1 DAGs
[2025-02-21T10:34:30.772+0000] {logging_mixin.py:190} INFO - [2025-02-21T10:34:30.772+0000] {dag.py:4180} INFO - Setting next_dagrun for example_display_name to None, run_after=None
[2025-02-21T10:34:30.784+0000] {processor.py:208} INFO - Processing /home/airflow/.local/lib/python3.12/site-packages/airflow/example_dags/example_display_name.py took 0.045 seconds
[2025-02-21T10:35:01.429+0000] {processor.py:186} INFO - Started process (PID=1358) to work on /home/airflow/.local/lib/python3.12/site-packages/airflow/example_dags/example_display_name.py
[2025-02-21T10:35:01.432+0000] {processor.py:914} INFO - Processing file /home/airflow/.local/lib/python3.12/site-packages/airflow/example_dags/example_display_name.py for tasks to queue
[2025-02-21T10:35:01.433+0000] {logging_mixin.py:190} INFO - [2025-02-21T10:35:01.433+0000] {dagbag.py:588} INFO - Filling up the DagBag from /home/airflow/.local/lib/python3.12/site-packages/airflow/example_dags/example_display_name.py
[2025-02-21T10:35:01.439+0000] {processor.py:925} INFO - DAG(s) 'example_display_name' retrieved from /home/airflow/.local/lib/python3.12/site-packages/airflow/example_dags/example_display_name.py
[2025-02-21T10:35:01.454+0000] {logging_mixin.py:190} INFO - [2025-02-21T10:35:01.454+0000] {dag.py:3239} INFO - Sync 1 DAGs
[2025-02-21T10:35:01.462+0000] {logging_mixin.py:190} INFO - [2025-02-21T10:35:01.462+0000] {dag.py:4180} INFO - Setting next_dagrun for example_display_name to None, run_after=None
[2025-02-21T10:35:01.473+0000] {processor.py:208} INFO - Processing /home/airflow/.local/lib/python3.12/site-packages/airflow/example_dags/example_display_name.py took 0.052 seconds
[2025-02-21T11:03:58.176+0000] {processor.py:186} INFO - Started process (PID=51) to work on /home/airflow/.local/lib/python3.12/site-packages/airflow/example_dags/example_display_name.py
[2025-02-21T11:03:58.180+0000] {processor.py:914} INFO - Processing file /home/airflow/.local/lib/python3.12/site-packages/airflow/example_dags/example_display_name.py for tasks to queue
[2025-02-21T11:03:58.185+0000] {logging_mixin.py:190} INFO - [2025-02-21T11:03:58.184+0000] {dagbag.py:588} INFO - Filling up the DagBag from /home/airflow/.local/lib/python3.12/site-packages/airflow/example_dags/example_display_name.py
[2025-02-21T11:03:58.207+0000] {processor.py:925} INFO - DAG(s) 'example_display_name' retrieved from /home/airflow/.local/lib/python3.12/site-packages/airflow/example_dags/example_display_name.py
[2025-02-21T11:03:58.289+0000] {logging_mixin.py:190} INFO - [2025-02-21T11:03:58.289+0000] {dag.py:3239} INFO - Sync 1 DAGs
[2025-02-21T11:03:58.316+0000] {logging_mixin.py:190} INFO - [2025-02-21T11:03:58.316+0000] {dag.py:4180} INFO - Setting next_dagrun for example_display_name to None, run_after=None
[2025-02-21T11:03:58.342+0000] {processor.py:208} INFO - Processing /home/airflow/.local/lib/python3.12/site-packages/airflow/example_dags/example_display_name.py took 0.178 seconds
[2025-02-21T11:04:29.081+0000] {processor.py:186} INFO - Started process (PID=113) to work on /home/airflow/.local/lib/python3.12/site-packages/airflow/example_dags/example_display_name.py
[2025-02-21T11:04:29.082+0000] {processor.py:914} INFO - Processing file /home/airflow/.local/lib/python3.12/site-packages/airflow/example_dags/example_display_name.py for tasks to queue
[2025-02-21T11:04:29.083+0000] {logging_mixin.py:190} INFO - [2025-02-21T11:04:29.083+0000] {dagbag.py:588} INFO - Filling up the DagBag from /home/airflow/.local/lib/python3.12/site-packages/airflow/example_dags/example_display_name.py
[2025-02-21T11:04:29.087+0000] {processor.py:925} INFO - DAG(s) 'example_display_name' retrieved from /home/airflow/.local/lib/python3.12/site-packages/airflow/example_dags/example_display_name.py
[2025-02-21T11:04:29.100+0000] {logging_mixin.py:190} INFO - [2025-02-21T11:04:29.100+0000] {dag.py:3239} INFO - Sync 1 DAGs
[2025-02-21T11:04:29.108+0000] {logging_mixin.py:190} INFO - [2025-02-21T11:04:29.107+0000] {dag.py:4180} INFO - Setting next_dagrun for example_display_name to None, run_after=None
[2025-02-21T11:04:29.118+0000] {processor.py:208} INFO - Processing /home/airflow/.local/lib/python3.12/site-packages/airflow/example_dags/example_display_name.py took 0.042 seconds
