[2025-02-21T10:24:19.566+0000] {processor.py:186} INFO - Started process (PID=80) to work on /home/airflow/.local/lib/python3.12/site-packages/airflow/example_dags/example_external_task_marker_dag.py
[2025-02-21T10:24:19.567+0000] {processor.py:914} INFO - Processing file /home/airflow/.local/lib/python3.12/site-packages/airflow/example_dags/example_external_task_marker_dag.py for tasks to queue
[2025-02-21T10:24:19.569+0000] {logging_mixin.py:190} INFO - [2025-02-21T10:24:19.569+0000] {dagbag.py:588} INFO - Filling up the DagBag from /home/airflow/.local/lib/python3.12/site-packages/airflow/example_dags/example_external_task_marker_dag.py
[2025-02-21T10:24:19.583+0000] {processor.py:925} INFO - DAG(s) 'example_external_task_marker_child', 'example_external_task_marker_parent' retrieved from /home/airflow/.local/lib/python3.12/site-packages/airflow/example_dags/example_external_task_marker_dag.py
[2025-02-21T10:24:19.620+0000] {logging_mixin.py:190} INFO - [2025-02-21T10:24:19.620+0000] {dag.py:3239} INFO - Sync 2 DAGs
[2025-02-21T10:24:19.639+0000] {logging_mixin.py:190} INFO - [2025-02-21T10:24:19.638+0000] {dag.py:4180} INFO - Setting next_dagrun for example_external_task_marker_child to None, run_after=None
[2025-02-21T10:24:19.644+0000] {logging_mixin.py:190} INFO - [2025-02-21T10:24:19.643+0000] {dag.py:4180} INFO - Setting next_dagrun for example_external_task_marker_parent to None, run_after=None
[2025-02-21T10:24:19.666+0000] {processor.py:208} INFO - Processing /home/airflow/.local/lib/python3.12/site-packages/airflow/example_dags/example_external_task_marker_dag.py took 0.105 seconds
[2025-02-21T10:24:49.767+0000] {processor.py:186} INFO - Started process (PID=142) to work on /home/airflow/.local/lib/python3.12/site-packages/airflow/example_dags/example_external_task_marker_dag.py
[2025-02-21T10:24:49.768+0000] {processor.py:914} INFO - Processing file /home/airflow/.local/lib/python3.12/site-packages/airflow/example_dags/example_external_task_marker_dag.py for tasks to queue
[2025-02-21T10:24:49.769+0000] {logging_mixin.py:190} INFO - [2025-02-21T10:24:49.768+0000] {dagbag.py:588} INFO - Filling up the DagBag from /home/airflow/.local/lib/python3.12/site-packages/airflow/example_dags/example_external_task_marker_dag.py
[2025-02-21T10:24:49.772+0000] {processor.py:925} INFO - DAG(s) 'example_external_task_marker_child', 'example_external_task_marker_parent' retrieved from /home/airflow/.local/lib/python3.12/site-packages/airflow/example_dags/example_external_task_marker_dag.py
[2025-02-21T10:24:49.784+0000] {logging_mixin.py:190} INFO - [2025-02-21T10:24:49.784+0000] {dag.py:3239} INFO - Sync 2 DAGs
[2025-02-21T10:24:49.793+0000] {logging_mixin.py:190} INFO - [2025-02-21T10:24:49.793+0000] {dag.py:4180} INFO - Setting next_dagrun for example_external_task_marker_child to None, run_after=None
[2025-02-21T10:24:49.797+0000] {logging_mixin.py:190} INFO - [2025-02-21T10:24:49.796+0000] {dag.py:4180} INFO - Setting next_dagrun for example_external_task_marker_parent to None, run_after=None
[2025-02-21T10:24:49.808+0000] {processor.py:208} INFO - Processing /home/airflow/.local/lib/python3.12/site-packages/airflow/example_dags/example_external_task_marker_dag.py took 0.045 seconds
[2025-02-21T10:25:20.720+0000] {processor.py:186} INFO - Started process (PID=204) to work on /home/airflow/.local/lib/python3.12/site-packages/airflow/example_dags/example_external_task_marker_dag.py
[2025-02-21T10:25:20.723+0000] {processor.py:914} INFO - Processing file /home/airflow/.local/lib/python3.12/site-packages/airflow/example_dags/example_external_task_marker_dag.py for tasks to queue
[2025-02-21T10:25:20.725+0000] {logging_mixin.py:190} INFO - [2025-02-21T10:25:20.725+0000] {dagbag.py:588} INFO - Filling up the DagBag from /home/airflow/.local/lib/python3.12/site-packages/airflow/example_dags/example_external_task_marker_dag.py
[2025-02-21T10:25:20.730+0000] {processor.py:925} INFO - DAG(s) 'example_external_task_marker_parent', 'example_external_task_marker_child' retrieved from /home/airflow/.local/lib/python3.12/site-packages/airflow/example_dags/example_external_task_marker_dag.py
[2025-02-21T10:25:20.748+0000] {logging_mixin.py:190} INFO - [2025-02-21T10:25:20.748+0000] {dag.py:3239} INFO - Sync 2 DAGs
[2025-02-21T10:25:20.756+0000] {logging_mixin.py:190} INFO - [2025-02-21T10:25:20.756+0000] {dag.py:4180} INFO - Setting next_dagrun for example_external_task_marker_child to None, run_after=None
[2025-02-21T10:25:20.759+0000] {logging_mixin.py:190} INFO - [2025-02-21T10:25:20.759+0000] {dag.py:4180} INFO - Setting next_dagrun for example_external_task_marker_parent to None, run_after=None
[2025-02-21T10:25:20.766+0000] {processor.py:208} INFO - Processing /home/airflow/.local/lib/python3.12/site-packages/airflow/example_dags/example_external_task_marker_dag.py took 0.050 seconds
[2025-02-21T10:25:51.624+0000] {processor.py:186} INFO - Started process (PID=266) to work on /home/airflow/.local/lib/python3.12/site-packages/airflow/example_dags/example_external_task_marker_dag.py
[2025-02-21T10:25:51.625+0000] {processor.py:914} INFO - Processing file /home/airflow/.local/lib/python3.12/site-packages/airflow/example_dags/example_external_task_marker_dag.py for tasks to queue
[2025-02-21T10:25:51.627+0000] {logging_mixin.py:190} INFO - [2025-02-21T10:25:51.627+0000] {dagbag.py:588} INFO - Filling up the DagBag from /home/airflow/.local/lib/python3.12/site-packages/airflow/example_dags/example_external_task_marker_dag.py
[2025-02-21T10:25:51.635+0000] {processor.py:925} INFO - DAG(s) 'example_external_task_marker_parent', 'example_external_task_marker_child' retrieved from /home/airflow/.local/lib/python3.12/site-packages/airflow/example_dags/example_external_task_marker_dag.py
[2025-02-21T10:25:51.649+0000] {logging_mixin.py:190} INFO - [2025-02-21T10:25:51.649+0000] {dag.py:3239} INFO - Sync 2 DAGs
[2025-02-21T10:25:51.658+0000] {logging_mixin.py:190} INFO - [2025-02-21T10:25:51.658+0000] {dag.py:4180} INFO - Setting next_dagrun for example_external_task_marker_child to None, run_after=None
[2025-02-21T10:25:51.660+0000] {logging_mixin.py:190} INFO - [2025-02-21T10:25:51.660+0000] {dag.py:4180} INFO - Setting next_dagrun for example_external_task_marker_parent to None, run_after=None
[2025-02-21T10:25:51.668+0000] {processor.py:208} INFO - Processing /home/airflow/.local/lib/python3.12/site-packages/airflow/example_dags/example_external_task_marker_dag.py took 0.050 seconds
[2025-02-21T10:26:22.068+0000] {processor.py:186} INFO - Started process (PID=328) to work on /home/airflow/.local/lib/python3.12/site-packages/airflow/example_dags/example_external_task_marker_dag.py
[2025-02-21T10:26:22.070+0000] {processor.py:914} INFO - Processing file /home/airflow/.local/lib/python3.12/site-packages/airflow/example_dags/example_external_task_marker_dag.py for tasks to queue
[2025-02-21T10:26:22.071+0000] {logging_mixin.py:190} INFO - [2025-02-21T10:26:22.071+0000] {dagbag.py:588} INFO - Filling up the DagBag from /home/airflow/.local/lib/python3.12/site-packages/airflow/example_dags/example_external_task_marker_dag.py
[2025-02-21T10:26:22.076+0000] {processor.py:925} INFO - DAG(s) 'example_external_task_marker_child', 'example_external_task_marker_parent' retrieved from /home/airflow/.local/lib/python3.12/site-packages/airflow/example_dags/example_external_task_marker_dag.py
[2025-02-21T10:26:22.089+0000] {logging_mixin.py:190} INFO - [2025-02-21T10:26:22.089+0000] {dag.py:3239} INFO - Sync 2 DAGs
[2025-02-21T10:26:22.097+0000] {logging_mixin.py:190} INFO - [2025-02-21T10:26:22.096+0000] {dag.py:4180} INFO - Setting next_dagrun for example_external_task_marker_child to None, run_after=None
[2025-02-21T10:26:22.099+0000] {logging_mixin.py:190} INFO - [2025-02-21T10:26:22.099+0000] {dag.py:4180} INFO - Setting next_dagrun for example_external_task_marker_parent to None, run_after=None
[2025-02-21T10:26:22.110+0000] {processor.py:208} INFO - Processing /home/airflow/.local/lib/python3.12/site-packages/airflow/example_dags/example_external_task_marker_dag.py took 0.045 seconds
[2025-02-21T10:26:52.806+0000] {processor.py:186} INFO - Started process (PID=390) to work on /home/airflow/.local/lib/python3.12/site-packages/airflow/example_dags/example_external_task_marker_dag.py
[2025-02-21T10:26:52.807+0000] {processor.py:914} INFO - Processing file /home/airflow/.local/lib/python3.12/site-packages/airflow/example_dags/example_external_task_marker_dag.py for tasks to queue
[2025-02-21T10:26:52.808+0000] {logging_mixin.py:190} INFO - [2025-02-21T10:26:52.808+0000] {dagbag.py:588} INFO - Filling up the DagBag from /home/airflow/.local/lib/python3.12/site-packages/airflow/example_dags/example_external_task_marker_dag.py
[2025-02-21T10:26:52.812+0000] {processor.py:925} INFO - DAG(s) 'example_external_task_marker_parent', 'example_external_task_marker_child' retrieved from /home/airflow/.local/lib/python3.12/site-packages/airflow/example_dags/example_external_task_marker_dag.py
[2025-02-21T10:26:52.822+0000] {logging_mixin.py:190} INFO - [2025-02-21T10:26:52.822+0000] {dag.py:3239} INFO - Sync 2 DAGs
[2025-02-21T10:26:52.828+0000] {logging_mixin.py:190} INFO - [2025-02-21T10:26:52.828+0000] {dag.py:4180} INFO - Setting next_dagrun for example_external_task_marker_child to None, run_after=None
[2025-02-21T10:26:52.830+0000] {logging_mixin.py:190} INFO - [2025-02-21T10:26:52.830+0000] {dag.py:4180} INFO - Setting next_dagrun for example_external_task_marker_parent to None, run_after=None
[2025-02-21T10:26:52.836+0000] {processor.py:208} INFO - Processing /home/airflow/.local/lib/python3.12/site-packages/airflow/example_dags/example_external_task_marker_dag.py took 0.033 seconds
[2025-02-21T10:27:23.475+0000] {processor.py:186} INFO - Started process (PID=452) to work on /home/airflow/.local/lib/python3.12/site-packages/airflow/example_dags/example_external_task_marker_dag.py
[2025-02-21T10:27:23.476+0000] {processor.py:914} INFO - Processing file /home/airflow/.local/lib/python3.12/site-packages/airflow/example_dags/example_external_task_marker_dag.py for tasks to queue
[2025-02-21T10:27:23.478+0000] {logging_mixin.py:190} INFO - [2025-02-21T10:27:23.477+0000] {dagbag.py:588} INFO - Filling up the DagBag from /home/airflow/.local/lib/python3.12/site-packages/airflow/example_dags/example_external_task_marker_dag.py
[2025-02-21T10:27:23.484+0000] {processor.py:925} INFO - DAG(s) 'example_external_task_marker_child', 'example_external_task_marker_parent' retrieved from /home/airflow/.local/lib/python3.12/site-packages/airflow/example_dags/example_external_task_marker_dag.py
[2025-02-21T10:27:23.499+0000] {logging_mixin.py:190} INFO - [2025-02-21T10:27:23.499+0000] {dag.py:3239} INFO - Sync 2 DAGs
[2025-02-21T10:27:23.506+0000] {logging_mixin.py:190} INFO - [2025-02-21T10:27:23.506+0000] {dag.py:4180} INFO - Setting next_dagrun for example_external_task_marker_child to None, run_after=None
[2025-02-21T10:27:23.508+0000] {logging_mixin.py:190} INFO - [2025-02-21T10:27:23.508+0000] {dag.py:4180} INFO - Setting next_dagrun for example_external_task_marker_parent to None, run_after=None
[2025-02-21T10:27:23.518+0000] {processor.py:208} INFO - Processing /home/airflow/.local/lib/python3.12/site-packages/airflow/example_dags/example_external_task_marker_dag.py took 0.046 seconds
[2025-02-21T10:27:54.240+0000] {processor.py:186} INFO - Started process (PID=514) to work on /home/airflow/.local/lib/python3.12/site-packages/airflow/example_dags/example_external_task_marker_dag.py
[2025-02-21T10:27:54.241+0000] {processor.py:914} INFO - Processing file /home/airflow/.local/lib/python3.12/site-packages/airflow/example_dags/example_external_task_marker_dag.py for tasks to queue
[2025-02-21T10:27:54.242+0000] {logging_mixin.py:190} INFO - [2025-02-21T10:27:54.242+0000] {dagbag.py:588} INFO - Filling up the DagBag from /home/airflow/.local/lib/python3.12/site-packages/airflow/example_dags/example_external_task_marker_dag.py
[2025-02-21T10:27:54.246+0000] {processor.py:925} INFO - DAG(s) 'example_external_task_marker_parent', 'example_external_task_marker_child' retrieved from /home/airflow/.local/lib/python3.12/site-packages/airflow/example_dags/example_external_task_marker_dag.py
[2025-02-21T10:27:54.256+0000] {logging_mixin.py:190} INFO - [2025-02-21T10:27:54.256+0000] {dag.py:3239} INFO - Sync 2 DAGs
[2025-02-21T10:27:54.263+0000] {logging_mixin.py:190} INFO - [2025-02-21T10:27:54.263+0000] {dag.py:4180} INFO - Setting next_dagrun for example_external_task_marker_child to None, run_after=None
[2025-02-21T10:27:54.265+0000] {logging_mixin.py:190} INFO - [2025-02-21T10:27:54.265+0000] {dag.py:4180} INFO - Setting next_dagrun for example_external_task_marker_parent to None, run_after=None
[2025-02-21T10:27:54.272+0000] {processor.py:208} INFO - Processing /home/airflow/.local/lib/python3.12/site-packages/airflow/example_dags/example_external_task_marker_dag.py took 0.035 seconds
[2025-02-21T10:28:25.268+0000] {processor.py:186} INFO - Started process (PID=576) to work on /home/airflow/.local/lib/python3.12/site-packages/airflow/example_dags/example_external_task_marker_dag.py
[2025-02-21T10:28:25.269+0000] {processor.py:914} INFO - Processing file /home/airflow/.local/lib/python3.12/site-packages/airflow/example_dags/example_external_task_marker_dag.py for tasks to queue
[2025-02-21T10:28:25.271+0000] {logging_mixin.py:190} INFO - [2025-02-21T10:28:25.270+0000] {dagbag.py:588} INFO - Filling up the DagBag from /home/airflow/.local/lib/python3.12/site-packages/airflow/example_dags/example_external_task_marker_dag.py
[2025-02-21T10:28:25.276+0000] {processor.py:925} INFO - DAG(s) 'example_external_task_marker_child', 'example_external_task_marker_parent' retrieved from /home/airflow/.local/lib/python3.12/site-packages/airflow/example_dags/example_external_task_marker_dag.py
[2025-02-21T10:28:25.288+0000] {logging_mixin.py:190} INFO - [2025-02-21T10:28:25.288+0000] {dag.py:3239} INFO - Sync 2 DAGs
[2025-02-21T10:28:25.295+0000] {logging_mixin.py:190} INFO - [2025-02-21T10:28:25.295+0000] {dag.py:4180} INFO - Setting next_dagrun for example_external_task_marker_child to None, run_after=None
[2025-02-21T10:28:25.297+0000] {logging_mixin.py:190} INFO - [2025-02-21T10:28:25.297+0000] {dag.py:4180} INFO - Setting next_dagrun for example_external_task_marker_parent to None, run_after=None
[2025-02-21T10:28:25.307+0000] {processor.py:208} INFO - Processing /home/airflow/.local/lib/python3.12/site-packages/airflow/example_dags/example_external_task_marker_dag.py took 0.043 seconds
[2025-02-21T10:28:55.953+0000] {processor.py:186} INFO - Started process (PID=638) to work on /home/airflow/.local/lib/python3.12/site-packages/airflow/example_dags/example_external_task_marker_dag.py
[2025-02-21T10:28:55.954+0000] {processor.py:914} INFO - Processing file /home/airflow/.local/lib/python3.12/site-packages/airflow/example_dags/example_external_task_marker_dag.py for tasks to queue
[2025-02-21T10:28:55.955+0000] {logging_mixin.py:190} INFO - [2025-02-21T10:28:55.955+0000] {dagbag.py:588} INFO - Filling up the DagBag from /home/airflow/.local/lib/python3.12/site-packages/airflow/example_dags/example_external_task_marker_dag.py
[2025-02-21T10:28:55.959+0000] {processor.py:925} INFO - DAG(s) 'example_external_task_marker_child', 'example_external_task_marker_parent' retrieved from /home/airflow/.local/lib/python3.12/site-packages/airflow/example_dags/example_external_task_marker_dag.py
[2025-02-21T10:28:55.974+0000] {logging_mixin.py:190} INFO - [2025-02-21T10:28:55.974+0000] {dag.py:3239} INFO - Sync 2 DAGs
[2025-02-21T10:28:55.983+0000] {logging_mixin.py:190} INFO - [2025-02-21T10:28:55.983+0000] {dag.py:4180} INFO - Setting next_dagrun for example_external_task_marker_child to None, run_after=None
[2025-02-21T10:28:55.985+0000] {logging_mixin.py:190} INFO - [2025-02-21T10:28:55.985+0000] {dag.py:4180} INFO - Setting next_dagrun for example_external_task_marker_parent to None, run_after=None
[2025-02-21T10:28:55.992+0000] {processor.py:208} INFO - Processing /home/airflow/.local/lib/python3.12/site-packages/airflow/example_dags/example_external_task_marker_dag.py took 0.045 seconds
[2025-02-21T10:29:26.937+0000] {processor.py:186} INFO - Started process (PID=700) to work on /home/airflow/.local/lib/python3.12/site-packages/airflow/example_dags/example_external_task_marker_dag.py
[2025-02-21T10:29:26.938+0000] {processor.py:914} INFO - Processing file /home/airflow/.local/lib/python3.12/site-packages/airflow/example_dags/example_external_task_marker_dag.py for tasks to queue
[2025-02-21T10:29:26.939+0000] {logging_mixin.py:190} INFO - [2025-02-21T10:29:26.939+0000] {dagbag.py:588} INFO - Filling up the DagBag from /home/airflow/.local/lib/python3.12/site-packages/airflow/example_dags/example_external_task_marker_dag.py
[2025-02-21T10:29:26.946+0000] {processor.py:925} INFO - DAG(s) 'example_external_task_marker_child', 'example_external_task_marker_parent' retrieved from /home/airflow/.local/lib/python3.12/site-packages/airflow/example_dags/example_external_task_marker_dag.py
[2025-02-21T10:29:26.963+0000] {logging_mixin.py:190} INFO - [2025-02-21T10:29:26.963+0000] {dag.py:3239} INFO - Sync 2 DAGs
[2025-02-21T10:29:26.971+0000] {logging_mixin.py:190} INFO - [2025-02-21T10:29:26.971+0000] {dag.py:4180} INFO - Setting next_dagrun for example_external_task_marker_child to None, run_after=None
[2025-02-21T10:29:26.973+0000] {logging_mixin.py:190} INFO - [2025-02-21T10:29:26.973+0000] {dag.py:4180} INFO - Setting next_dagrun for example_external_task_marker_parent to None, run_after=None
[2025-02-21T10:29:26.984+0000] {processor.py:208} INFO - Processing /home/airflow/.local/lib/python3.12/site-packages/airflow/example_dags/example_external_task_marker_dag.py took 0.051 seconds
[2025-02-21T10:29:57.712+0000] {processor.py:186} INFO - Started process (PID=762) to work on /home/airflow/.local/lib/python3.12/site-packages/airflow/example_dags/example_external_task_marker_dag.py
[2025-02-21T10:29:57.713+0000] {processor.py:914} INFO - Processing file /home/airflow/.local/lib/python3.12/site-packages/airflow/example_dags/example_external_task_marker_dag.py for tasks to queue
[2025-02-21T10:29:57.714+0000] {logging_mixin.py:190} INFO - [2025-02-21T10:29:57.714+0000] {dagbag.py:588} INFO - Filling up the DagBag from /home/airflow/.local/lib/python3.12/site-packages/airflow/example_dags/example_external_task_marker_dag.py
[2025-02-21T10:29:57.718+0000] {processor.py:925} INFO - DAG(s) 'example_external_task_marker_parent', 'example_external_task_marker_child' retrieved from /home/airflow/.local/lib/python3.12/site-packages/airflow/example_dags/example_external_task_marker_dag.py
[2025-02-21T10:29:57.729+0000] {logging_mixin.py:190} INFO - [2025-02-21T10:29:57.728+0000] {dag.py:3239} INFO - Sync 2 DAGs
[2025-02-21T10:29:57.735+0000] {logging_mixin.py:190} INFO - [2025-02-21T10:29:57.735+0000] {dag.py:4180} INFO - Setting next_dagrun for example_external_task_marker_child to None, run_after=None
[2025-02-21T10:29:57.736+0000] {logging_mixin.py:190} INFO - [2025-02-21T10:29:57.736+0000] {dag.py:4180} INFO - Setting next_dagrun for example_external_task_marker_parent to None, run_after=None
[2025-02-21T10:29:57.743+0000] {processor.py:208} INFO - Processing /home/airflow/.local/lib/python3.12/site-packages/airflow/example_dags/example_external_task_marker_dag.py took 0.034 seconds
[2025-02-21T10:30:28.507+0000] {processor.py:186} INFO - Started process (PID=824) to work on /home/airflow/.local/lib/python3.12/site-packages/airflow/example_dags/example_external_task_marker_dag.py
[2025-02-21T10:30:28.508+0000] {processor.py:914} INFO - Processing file /home/airflow/.local/lib/python3.12/site-packages/airflow/example_dags/example_external_task_marker_dag.py for tasks to queue
[2025-02-21T10:30:28.510+0000] {logging_mixin.py:190} INFO - [2025-02-21T10:30:28.510+0000] {dagbag.py:588} INFO - Filling up the DagBag from /home/airflow/.local/lib/python3.12/site-packages/airflow/example_dags/example_external_task_marker_dag.py
[2025-02-21T10:30:28.514+0000] {processor.py:925} INFO - DAG(s) 'example_external_task_marker_child', 'example_external_task_marker_parent' retrieved from /home/airflow/.local/lib/python3.12/site-packages/airflow/example_dags/example_external_task_marker_dag.py
[2025-02-21T10:30:28.530+0000] {logging_mixin.py:190} INFO - [2025-02-21T10:30:28.530+0000] {dag.py:3239} INFO - Sync 2 DAGs
[2025-02-21T10:30:28.538+0000] {logging_mixin.py:190} INFO - [2025-02-21T10:30:28.538+0000] {dag.py:4180} INFO - Setting next_dagrun for example_external_task_marker_child to None, run_after=None
[2025-02-21T10:30:28.542+0000] {logging_mixin.py:190} INFO - [2025-02-21T10:30:28.542+0000] {dag.py:4180} INFO - Setting next_dagrun for example_external_task_marker_parent to None, run_after=None
[2025-02-21T10:30:28.559+0000] {processor.py:208} INFO - Processing /home/airflow/.local/lib/python3.12/site-packages/airflow/example_dags/example_external_task_marker_dag.py took 0.055 seconds
[2025-02-21T10:30:59.203+0000] {processor.py:186} INFO - Started process (PID=886) to work on /home/airflow/.local/lib/python3.12/site-packages/airflow/example_dags/example_external_task_marker_dag.py
[2025-02-21T10:30:59.204+0000] {processor.py:914} INFO - Processing file /home/airflow/.local/lib/python3.12/site-packages/airflow/example_dags/example_external_task_marker_dag.py for tasks to queue
[2025-02-21T10:30:59.206+0000] {logging_mixin.py:190} INFO - [2025-02-21T10:30:59.206+0000] {dagbag.py:588} INFO - Filling up the DagBag from /home/airflow/.local/lib/python3.12/site-packages/airflow/example_dags/example_external_task_marker_dag.py
[2025-02-21T10:30:59.211+0000] {processor.py:925} INFO - DAG(s) 'example_external_task_marker_child', 'example_external_task_marker_parent' retrieved from /home/airflow/.local/lib/python3.12/site-packages/airflow/example_dags/example_external_task_marker_dag.py
[2025-02-21T10:30:59.231+0000] {logging_mixin.py:190} INFO - [2025-02-21T10:30:59.230+0000] {dag.py:3239} INFO - Sync 2 DAGs
[2025-02-21T10:30:59.241+0000] {logging_mixin.py:190} INFO - [2025-02-21T10:30:59.241+0000] {dag.py:4180} INFO - Setting next_dagrun for example_external_task_marker_child to None, run_after=None
[2025-02-21T10:30:59.243+0000] {logging_mixin.py:190} INFO - [2025-02-21T10:30:59.243+0000] {dag.py:4180} INFO - Setting next_dagrun for example_external_task_marker_parent to None, run_after=None
[2025-02-21T10:30:59.250+0000] {processor.py:208} INFO - Processing /home/airflow/.local/lib/python3.12/site-packages/airflow/example_dags/example_external_task_marker_dag.py took 0.051 seconds
[2025-02-21T10:31:29.846+0000] {processor.py:186} INFO - Started process (PID=948) to work on /home/airflow/.local/lib/python3.12/site-packages/airflow/example_dags/example_external_task_marker_dag.py
[2025-02-21T10:31:29.847+0000] {processor.py:914} INFO - Processing file /home/airflow/.local/lib/python3.12/site-packages/airflow/example_dags/example_external_task_marker_dag.py for tasks to queue
[2025-02-21T10:31:29.848+0000] {logging_mixin.py:190} INFO - [2025-02-21T10:31:29.848+0000] {dagbag.py:588} INFO - Filling up the DagBag from /home/airflow/.local/lib/python3.12/site-packages/airflow/example_dags/example_external_task_marker_dag.py
[2025-02-21T10:31:29.852+0000] {processor.py:925} INFO - DAG(s) 'example_external_task_marker_parent', 'example_external_task_marker_child' retrieved from /home/airflow/.local/lib/python3.12/site-packages/airflow/example_dags/example_external_task_marker_dag.py
[2025-02-21T10:31:29.870+0000] {logging_mixin.py:190} INFO - [2025-02-21T10:31:29.870+0000] {dag.py:3239} INFO - Sync 2 DAGs
[2025-02-21T10:31:29.880+0000] {logging_mixin.py:190} INFO - [2025-02-21T10:31:29.880+0000] {dag.py:4180} INFO - Setting next_dagrun for example_external_task_marker_child to None, run_after=None
[2025-02-21T10:31:29.884+0000] {logging_mixin.py:190} INFO - [2025-02-21T10:31:29.884+0000] {dag.py:4180} INFO - Setting next_dagrun for example_external_task_marker_parent to None, run_after=None
[2025-02-21T10:31:29.897+0000] {processor.py:208} INFO - Processing /home/airflow/.local/lib/python3.12/site-packages/airflow/example_dags/example_external_task_marker_dag.py took 0.055 seconds
[2025-02-21T10:32:00.619+0000] {processor.py:186} INFO - Started process (PID=1010) to work on /home/airflow/.local/lib/python3.12/site-packages/airflow/example_dags/example_external_task_marker_dag.py
[2025-02-21T10:32:00.620+0000] {processor.py:914} INFO - Processing file /home/airflow/.local/lib/python3.12/site-packages/airflow/example_dags/example_external_task_marker_dag.py for tasks to queue
[2025-02-21T10:32:00.621+0000] {logging_mixin.py:190} INFO - [2025-02-21T10:32:00.621+0000] {dagbag.py:588} INFO - Filling up the DagBag from /home/airflow/.local/lib/python3.12/site-packages/airflow/example_dags/example_external_task_marker_dag.py
[2025-02-21T10:32:00.626+0000] {processor.py:925} INFO - DAG(s) 'example_external_task_marker_child', 'example_external_task_marker_parent' retrieved from /home/airflow/.local/lib/python3.12/site-packages/airflow/example_dags/example_external_task_marker_dag.py
[2025-02-21T10:32:00.644+0000] {logging_mixin.py:190} INFO - [2025-02-21T10:32:00.643+0000] {dag.py:3239} INFO - Sync 2 DAGs
[2025-02-21T10:32:00.654+0000] {logging_mixin.py:190} INFO - [2025-02-21T10:32:00.654+0000] {dag.py:4180} INFO - Setting next_dagrun for example_external_task_marker_child to None, run_after=None
[2025-02-21T10:32:00.656+0000] {logging_mixin.py:190} INFO - [2025-02-21T10:32:00.656+0000] {dag.py:4180} INFO - Setting next_dagrun for example_external_task_marker_parent to None, run_after=None
[2025-02-21T10:32:00.664+0000] {processor.py:208} INFO - Processing /home/airflow/.local/lib/python3.12/site-packages/airflow/example_dags/example_external_task_marker_dag.py took 0.048 seconds
[2025-02-21T10:32:30.898+0000] {processor.py:186} INFO - Started process (PID=1072) to work on /home/airflow/.local/lib/python3.12/site-packages/airflow/example_dags/example_external_task_marker_dag.py
[2025-02-21T10:32:30.899+0000] {processor.py:914} INFO - Processing file /home/airflow/.local/lib/python3.12/site-packages/airflow/example_dags/example_external_task_marker_dag.py for tasks to queue
[2025-02-21T10:32:30.900+0000] {logging_mixin.py:190} INFO - [2025-02-21T10:32:30.900+0000] {dagbag.py:588} INFO - Filling up the DagBag from /home/airflow/.local/lib/python3.12/site-packages/airflow/example_dags/example_external_task_marker_dag.py
[2025-02-21T10:32:30.906+0000] {processor.py:925} INFO - DAG(s) 'example_external_task_marker_parent', 'example_external_task_marker_child' retrieved from /home/airflow/.local/lib/python3.12/site-packages/airflow/example_dags/example_external_task_marker_dag.py
[2025-02-21T10:32:30.926+0000] {logging_mixin.py:190} INFO - [2025-02-21T10:32:30.926+0000] {dag.py:3239} INFO - Sync 2 DAGs
[2025-02-21T10:32:30.935+0000] {logging_mixin.py:190} INFO - [2025-02-21T10:32:30.935+0000] {dag.py:4180} INFO - Setting next_dagrun for example_external_task_marker_child to None, run_after=None
[2025-02-21T10:32:30.937+0000] {logging_mixin.py:190} INFO - [2025-02-21T10:32:30.937+0000] {dag.py:4180} INFO - Setting next_dagrun for example_external_task_marker_parent to None, run_after=None
[2025-02-21T10:32:30.948+0000] {processor.py:208} INFO - Processing /home/airflow/.local/lib/python3.12/site-packages/airflow/example_dags/example_external_task_marker_dag.py took 0.055 seconds
[2025-02-21T10:33:01.722+0000] {processor.py:186} INFO - Started process (PID=1134) to work on /home/airflow/.local/lib/python3.12/site-packages/airflow/example_dags/example_external_task_marker_dag.py
[2025-02-21T10:33:01.723+0000] {processor.py:914} INFO - Processing file /home/airflow/.local/lib/python3.12/site-packages/airflow/example_dags/example_external_task_marker_dag.py for tasks to queue
[2025-02-21T10:33:01.726+0000] {logging_mixin.py:190} INFO - [2025-02-21T10:33:01.726+0000] {dagbag.py:588} INFO - Filling up the DagBag from /home/airflow/.local/lib/python3.12/site-packages/airflow/example_dags/example_external_task_marker_dag.py
[2025-02-21T10:33:01.732+0000] {processor.py:925} INFO - DAG(s) 'example_external_task_marker_child', 'example_external_task_marker_parent' retrieved from /home/airflow/.local/lib/python3.12/site-packages/airflow/example_dags/example_external_task_marker_dag.py
[2025-02-21T10:33:01.745+0000] {logging_mixin.py:190} INFO - [2025-02-21T10:33:01.745+0000] {dag.py:3239} INFO - Sync 2 DAGs
[2025-02-21T10:33:01.753+0000] {logging_mixin.py:190} INFO - [2025-02-21T10:33:01.753+0000] {dag.py:4180} INFO - Setting next_dagrun for example_external_task_marker_child to None, run_after=None
[2025-02-21T10:33:01.756+0000] {logging_mixin.py:190} INFO - [2025-02-21T10:33:01.756+0000] {dag.py:4180} INFO - Setting next_dagrun for example_external_task_marker_parent to None, run_after=None
[2025-02-21T10:33:01.775+0000] {processor.py:208} INFO - Processing /home/airflow/.local/lib/python3.12/site-packages/airflow/example_dags/example_external_task_marker_dag.py took 0.057 seconds
[2025-02-21T10:33:31.892+0000] {processor.py:186} INFO - Started process (PID=1196) to work on /home/airflow/.local/lib/python3.12/site-packages/airflow/example_dags/example_external_task_marker_dag.py
[2025-02-21T10:33:31.894+0000] {processor.py:914} INFO - Processing file /home/airflow/.local/lib/python3.12/site-packages/airflow/example_dags/example_external_task_marker_dag.py for tasks to queue
[2025-02-21T10:33:31.897+0000] {logging_mixin.py:190} INFO - [2025-02-21T10:33:31.897+0000] {dagbag.py:588} INFO - Filling up the DagBag from /home/airflow/.local/lib/python3.12/site-packages/airflow/example_dags/example_external_task_marker_dag.py
[2025-02-21T10:33:31.903+0000] {processor.py:925} INFO - DAG(s) 'example_external_task_marker_parent', 'example_external_task_marker_child' retrieved from /home/airflow/.local/lib/python3.12/site-packages/airflow/example_dags/example_external_task_marker_dag.py
[2025-02-21T10:33:31.919+0000] {logging_mixin.py:190} INFO - [2025-02-21T10:33:31.918+0000] {dag.py:3239} INFO - Sync 2 DAGs
[2025-02-21T10:33:31.928+0000] {logging_mixin.py:190} INFO - [2025-02-21T10:33:31.928+0000] {dag.py:4180} INFO - Setting next_dagrun for example_external_task_marker_child to None, run_after=None
[2025-02-21T10:33:31.932+0000] {logging_mixin.py:190} INFO - [2025-02-21T10:33:31.931+0000] {dag.py:4180} INFO - Setting next_dagrun for example_external_task_marker_parent to None, run_after=None
[2025-02-21T10:33:31.945+0000] {processor.py:208} INFO - Processing /home/airflow/.local/lib/python3.12/site-packages/airflow/example_dags/example_external_task_marker_dag.py took 0.058 seconds
[2025-02-21T10:34:03.008+0000] {processor.py:186} INFO - Started process (PID=1258) to work on /home/airflow/.local/lib/python3.12/site-packages/airflow/example_dags/example_external_task_marker_dag.py
[2025-02-21T10:34:03.016+0000] {processor.py:914} INFO - Processing file /home/airflow/.local/lib/python3.12/site-packages/airflow/example_dags/example_external_task_marker_dag.py for tasks to queue
[2025-02-21T10:34:03.020+0000] {logging_mixin.py:190} INFO - [2025-02-21T10:34:03.019+0000] {dagbag.py:588} INFO - Filling up the DagBag from /home/airflow/.local/lib/python3.12/site-packages/airflow/example_dags/example_external_task_marker_dag.py
[2025-02-21T10:34:03.024+0000] {processor.py:925} INFO - DAG(s) 'example_external_task_marker_child', 'example_external_task_marker_parent' retrieved from /home/airflow/.local/lib/python3.12/site-packages/airflow/example_dags/example_external_task_marker_dag.py
[2025-02-21T10:34:03.045+0000] {logging_mixin.py:190} INFO - [2025-02-21T10:34:03.045+0000] {dag.py:3239} INFO - Sync 2 DAGs
[2025-02-21T10:34:03.054+0000] {logging_mixin.py:190} INFO - [2025-02-21T10:34:03.054+0000] {dag.py:4180} INFO - Setting next_dagrun for example_external_task_marker_child to None, run_after=None
[2025-02-21T10:34:03.058+0000] {logging_mixin.py:190} INFO - [2025-02-21T10:34:03.058+0000] {dag.py:4180} INFO - Setting next_dagrun for example_external_task_marker_parent to None, run_after=None
[2025-02-21T10:34:03.072+0000] {processor.py:208} INFO - Processing /home/airflow/.local/lib/python3.12/site-packages/airflow/example_dags/example_external_task_marker_dag.py took 0.071 seconds
[2025-02-21T10:34:33.829+0000] {processor.py:186} INFO - Started process (PID=1320) to work on /home/airflow/.local/lib/python3.12/site-packages/airflow/example_dags/example_external_task_marker_dag.py
[2025-02-21T10:34:33.829+0000] {processor.py:914} INFO - Processing file /home/airflow/.local/lib/python3.12/site-packages/airflow/example_dags/example_external_task_marker_dag.py for tasks to queue
[2025-02-21T10:34:33.832+0000] {logging_mixin.py:190} INFO - [2025-02-21T10:34:33.832+0000] {dagbag.py:588} INFO - Filling up the DagBag from /home/airflow/.local/lib/python3.12/site-packages/airflow/example_dags/example_external_task_marker_dag.py
[2025-02-21T10:34:33.837+0000] {processor.py:925} INFO - DAG(s) 'example_external_task_marker_child', 'example_external_task_marker_parent' retrieved from /home/airflow/.local/lib/python3.12/site-packages/airflow/example_dags/example_external_task_marker_dag.py
[2025-02-21T10:34:33.854+0000] {logging_mixin.py:190} INFO - [2025-02-21T10:34:33.854+0000] {dag.py:3239} INFO - Sync 2 DAGs
[2025-02-21T10:34:33.862+0000] {logging_mixin.py:190} INFO - [2025-02-21T10:34:33.862+0000] {dag.py:4180} INFO - Setting next_dagrun for example_external_task_marker_child to None, run_after=None
[2025-02-21T10:34:33.865+0000] {logging_mixin.py:190} INFO - [2025-02-21T10:34:33.865+0000] {dag.py:4180} INFO - Setting next_dagrun for example_external_task_marker_parent to None, run_after=None
[2025-02-21T10:34:33.878+0000] {processor.py:208} INFO - Processing /home/airflow/.local/lib/python3.12/site-packages/airflow/example_dags/example_external_task_marker_dag.py took 0.052 seconds
[2025-02-21T10:35:04.837+0000] {processor.py:186} INFO - Started process (PID=1382) to work on /home/airflow/.local/lib/python3.12/site-packages/airflow/example_dags/example_external_task_marker_dag.py
[2025-02-21T10:35:04.838+0000] {processor.py:914} INFO - Processing file /home/airflow/.local/lib/python3.12/site-packages/airflow/example_dags/example_external_task_marker_dag.py for tasks to queue
[2025-02-21T10:35:04.839+0000] {logging_mixin.py:190} INFO - [2025-02-21T10:35:04.839+0000] {dagbag.py:588} INFO - Filling up the DagBag from /home/airflow/.local/lib/python3.12/site-packages/airflow/example_dags/example_external_task_marker_dag.py
[2025-02-21T10:35:04.843+0000] {processor.py:925} INFO - DAG(s) 'example_external_task_marker_child', 'example_external_task_marker_parent' retrieved from /home/airflow/.local/lib/python3.12/site-packages/airflow/example_dags/example_external_task_marker_dag.py
[2025-02-21T10:35:04.854+0000] {logging_mixin.py:190} INFO - [2025-02-21T10:35:04.854+0000] {dag.py:3239} INFO - Sync 2 DAGs
[2025-02-21T10:35:04.860+0000] {logging_mixin.py:190} INFO - [2025-02-21T10:35:04.860+0000] {dag.py:4180} INFO - Setting next_dagrun for example_external_task_marker_child to None, run_after=None
[2025-02-21T10:35:04.862+0000] {logging_mixin.py:190} INFO - [2025-02-21T10:35:04.862+0000] {dag.py:4180} INFO - Setting next_dagrun for example_external_task_marker_parent to None, run_after=None
[2025-02-21T10:35:04.868+0000] {processor.py:208} INFO - Processing /home/airflow/.local/lib/python3.12/site-packages/airflow/example_dags/example_external_task_marker_dag.py took 0.035 seconds
[2025-02-21T11:04:01.368+0000] {processor.py:186} INFO - Started process (PID=75) to work on /home/airflow/.local/lib/python3.12/site-packages/airflow/example_dags/example_external_task_marker_dag.py
[2025-02-21T11:04:01.369+0000] {processor.py:914} INFO - Processing file /home/airflow/.local/lib/python3.12/site-packages/airflow/example_dags/example_external_task_marker_dag.py for tasks to queue
[2025-02-21T11:04:01.371+0000] {logging_mixin.py:190} INFO - [2025-02-21T11:04:01.371+0000] {dagbag.py:588} INFO - Filling up the DagBag from /home/airflow/.local/lib/python3.12/site-packages/airflow/example_dags/example_external_task_marker_dag.py
[2025-02-21T11:04:01.379+0000] {processor.py:925} INFO - DAG(s) 'example_external_task_marker_child', 'example_external_task_marker_parent' retrieved from /home/airflow/.local/lib/python3.12/site-packages/airflow/example_dags/example_external_task_marker_dag.py
[2025-02-21T11:04:01.403+0000] {logging_mixin.py:190} INFO - [2025-02-21T11:04:01.402+0000] {dag.py:3239} INFO - Sync 2 DAGs
[2025-02-21T11:04:01.412+0000] {logging_mixin.py:190} INFO - [2025-02-21T11:04:01.412+0000] {dag.py:4180} INFO - Setting next_dagrun for example_external_task_marker_child to None, run_after=None
[2025-02-21T11:04:01.416+0000] {logging_mixin.py:190} INFO - [2025-02-21T11:04:01.415+0000] {dag.py:4180} INFO - Setting next_dagrun for example_external_task_marker_parent to None, run_after=None
[2025-02-21T11:04:01.440+0000] {processor.py:208} INFO - Processing /home/airflow/.local/lib/python3.12/site-packages/airflow/example_dags/example_external_task_marker_dag.py took 0.078 seconds
