[2025-01-03T15:42:18.686+0000] {processor.py:186} INFO - Started process (PID=68) to work on /home/airflow/.local/lib/python3.12/site-packages/airflow/example_dags/example_inlet_event_extra.py
[2025-01-03T15:42:18.687+0000] {processor.py:914} INFO - Processing file /home/airflow/.local/lib/python3.12/site-packages/airflow/example_dags/example_inlet_event_extra.py for tasks to queue
[2025-01-03T15:42:18.691+0000] {logging_mixin.py:190} INFO - [2025-01-03T15:42:18.690+0000] {dagbag.py:588} INFO - Filling up the DagBag from /home/airflow/.local/lib/python3.12/site-packages/airflow/example_dags/example_inlet_event_extra.py
[2025-01-03T15:42:18.829+0000] {processor.py:925} INFO - DAG(s) 'read_dataset_event_from_classic', 'read_dataset_event' retrieved from /home/airflow/.local/lib/python3.12/site-packages/airflow/example_dags/example_inlet_event_extra.py
[2025-01-03T15:42:18.848+0000] {logging_mixin.py:190} INFO - [2025-01-03T15:42:18.847+0000] {dag.py:3239} INFO - Sync 2 DAGs
[2025-01-03T15:42:18.863+0000] {logging_mixin.py:190} INFO - [2025-01-03T15:42:18.863+0000] {dag.py:4180} INFO - Setting next_dagrun for read_dataset_event to 2025-01-02 00:00:00+00:00, run_after=2025-01-03 00:00:00+00:00
[2025-01-03T15:42:18.865+0000] {logging_mixin.py:190} INFO - [2025-01-03T15:42:18.865+0000] {dag.py:4180} INFO - Setting next_dagrun for read_dataset_event_from_classic to 2025-01-02 00:00:00+00:00, run_after=2025-01-03 00:00:00+00:00
[2025-01-03T15:42:18.874+0000] {processor.py:208} INFO - Processing /home/airflow/.local/lib/python3.12/site-packages/airflow/example_dags/example_inlet_event_extra.py took 0.192 seconds
[2025-01-03T15:42:49.409+0000] {processor.py:186} INFO - Started process (PID=130) to work on /home/airflow/.local/lib/python3.12/site-packages/airflow/example_dags/example_inlet_event_extra.py
[2025-01-03T15:42:49.409+0000] {processor.py:914} INFO - Processing file /home/airflow/.local/lib/python3.12/site-packages/airflow/example_dags/example_inlet_event_extra.py for tasks to queue
[2025-01-03T15:42:49.411+0000] {logging_mixin.py:190} INFO - [2025-01-03T15:42:49.411+0000] {dagbag.py:588} INFO - Filling up the DagBag from /home/airflow/.local/lib/python3.12/site-packages/airflow/example_dags/example_inlet_event_extra.py
[2025-01-03T15:42:49.518+0000] {processor.py:925} INFO - DAG(s) 'read_dataset_event', 'read_dataset_event_from_classic' retrieved from /home/airflow/.local/lib/python3.12/site-packages/airflow/example_dags/example_inlet_event_extra.py
[2025-01-03T15:42:49.540+0000] {logging_mixin.py:190} INFO - [2025-01-03T15:42:49.539+0000] {dag.py:3239} INFO - Sync 2 DAGs
[2025-01-03T15:42:49.555+0000] {logging_mixin.py:190} INFO - [2025-01-03T15:42:49.555+0000] {dag.py:4180} INFO - Setting next_dagrun for read_dataset_event to 2025-01-02 00:00:00+00:00, run_after=2025-01-03 00:00:00+00:00
[2025-01-03T15:42:49.558+0000] {logging_mixin.py:190} INFO - [2025-01-03T15:42:49.558+0000] {dag.py:4180} INFO - Setting next_dagrun for read_dataset_event_from_classic to 2025-01-02 00:00:00+00:00, run_after=2025-01-03 00:00:00+00:00
[2025-01-03T15:42:49.568+0000] {processor.py:208} INFO - Processing /home/airflow/.local/lib/python3.12/site-packages/airflow/example_dags/example_inlet_event_extra.py took 0.162 seconds
[2025-01-03T15:43:20.338+0000] {processor.py:186} INFO - Started process (PID=192) to work on /home/airflow/.local/lib/python3.12/site-packages/airflow/example_dags/example_inlet_event_extra.py
[2025-01-03T15:43:20.339+0000] {processor.py:914} INFO - Processing file /home/airflow/.local/lib/python3.12/site-packages/airflow/example_dags/example_inlet_event_extra.py for tasks to queue
[2025-01-03T15:43:20.340+0000] {logging_mixin.py:190} INFO - [2025-01-03T15:43:20.340+0000] {dagbag.py:588} INFO - Filling up the DagBag from /home/airflow/.local/lib/python3.12/site-packages/airflow/example_dags/example_inlet_event_extra.py
[2025-01-03T15:43:20.417+0000] {processor.py:925} INFO - DAG(s) 'read_dataset_event_from_classic', 'read_dataset_event' retrieved from /home/airflow/.local/lib/python3.12/site-packages/airflow/example_dags/example_inlet_event_extra.py
[2025-01-03T15:43:20.426+0000] {logging_mixin.py:190} INFO - [2025-01-03T15:43:20.426+0000] {dag.py:3239} INFO - Sync 2 DAGs
[2025-01-03T15:43:20.437+0000] {logging_mixin.py:190} INFO - [2025-01-03T15:43:20.437+0000] {dag.py:4180} INFO - Setting next_dagrun for read_dataset_event to 2025-01-02 00:00:00+00:00, run_after=2025-01-03 00:00:00+00:00
[2025-01-03T15:43:20.439+0000] {logging_mixin.py:190} INFO - [2025-01-03T15:43:20.439+0000] {dag.py:4180} INFO - Setting next_dagrun for read_dataset_event_from_classic to 2025-01-02 00:00:00+00:00, run_after=2025-01-03 00:00:00+00:00
[2025-01-03T15:43:20.446+0000] {processor.py:208} INFO - Processing /home/airflow/.local/lib/python3.12/site-packages/airflow/example_dags/example_inlet_event_extra.py took 0.110 seconds
[2025-01-03T15:43:51.197+0000] {processor.py:186} INFO - Started process (PID=254) to work on /home/airflow/.local/lib/python3.12/site-packages/airflow/example_dags/example_inlet_event_extra.py
[2025-01-03T15:43:51.198+0000] {processor.py:914} INFO - Processing file /home/airflow/.local/lib/python3.12/site-packages/airflow/example_dags/example_inlet_event_extra.py for tasks to queue
[2025-01-03T15:43:51.199+0000] {logging_mixin.py:190} INFO - [2025-01-03T15:43:51.199+0000] {dagbag.py:588} INFO - Filling up the DagBag from /home/airflow/.local/lib/python3.12/site-packages/airflow/example_dags/example_inlet_event_extra.py
[2025-01-03T15:43:51.310+0000] {processor.py:925} INFO - DAG(s) 'read_dataset_event_from_classic', 'read_dataset_event' retrieved from /home/airflow/.local/lib/python3.12/site-packages/airflow/example_dags/example_inlet_event_extra.py
[2025-01-03T15:43:51.321+0000] {logging_mixin.py:190} INFO - [2025-01-03T15:43:51.321+0000] {dag.py:3239} INFO - Sync 2 DAGs
[2025-01-03T15:43:51.333+0000] {logging_mixin.py:190} INFO - [2025-01-03T15:43:51.333+0000] {dag.py:4180} INFO - Setting next_dagrun for read_dataset_event to 2025-01-02 00:00:00+00:00, run_after=2025-01-03 00:00:00+00:00
[2025-01-03T15:43:51.336+0000] {logging_mixin.py:190} INFO - [2025-01-03T15:43:51.336+0000] {dag.py:4180} INFO - Setting next_dagrun for read_dataset_event_from_classic to 2025-01-02 00:00:00+00:00, run_after=2025-01-03 00:00:00+00:00
[2025-01-03T15:43:51.343+0000] {processor.py:208} INFO - Processing /home/airflow/.local/lib/python3.12/site-packages/airflow/example_dags/example_inlet_event_extra.py took 0.149 seconds
[2025-01-03T15:44:21.461+0000] {processor.py:186} INFO - Started process (PID=316) to work on /home/airflow/.local/lib/python3.12/site-packages/airflow/example_dags/example_inlet_event_extra.py
[2025-01-03T15:44:21.462+0000] {processor.py:914} INFO - Processing file /home/airflow/.local/lib/python3.12/site-packages/airflow/example_dags/example_inlet_event_extra.py for tasks to queue
[2025-01-03T15:44:21.463+0000] {logging_mixin.py:190} INFO - [2025-01-03T15:44:21.463+0000] {dagbag.py:588} INFO - Filling up the DagBag from /home/airflow/.local/lib/python3.12/site-packages/airflow/example_dags/example_inlet_event_extra.py
[2025-01-03T15:44:21.533+0000] {processor.py:925} INFO - DAG(s) 'read_dataset_event', 'read_dataset_event_from_classic' retrieved from /home/airflow/.local/lib/python3.12/site-packages/airflow/example_dags/example_inlet_event_extra.py
[2025-01-03T15:44:21.544+0000] {logging_mixin.py:190} INFO - [2025-01-03T15:44:21.543+0000] {dag.py:3239} INFO - Sync 2 DAGs
[2025-01-03T15:44:21.555+0000] {logging_mixin.py:190} INFO - [2025-01-03T15:44:21.555+0000] {dag.py:4180} INFO - Setting next_dagrun for read_dataset_event to 2025-01-02 00:00:00+00:00, run_after=2025-01-03 00:00:00+00:00
[2025-01-03T15:44:21.558+0000] {logging_mixin.py:190} INFO - [2025-01-03T15:44:21.558+0000] {dag.py:4180} INFO - Setting next_dagrun for read_dataset_event_from_classic to 2025-01-02 00:00:00+00:00, run_after=2025-01-03 00:00:00+00:00
[2025-01-03T15:44:21.573+0000] {processor.py:208} INFO - Processing /home/airflow/.local/lib/python3.12/site-packages/airflow/example_dags/example_inlet_event_extra.py took 0.115 seconds
[2025-01-03T15:44:51.724+0000] {processor.py:186} INFO - Started process (PID=377) to work on /home/airflow/.local/lib/python3.12/site-packages/airflow/example_dags/example_inlet_event_extra.py
[2025-01-03T15:44:51.725+0000] {processor.py:914} INFO - Processing file /home/airflow/.local/lib/python3.12/site-packages/airflow/example_dags/example_inlet_event_extra.py for tasks to queue
[2025-01-03T15:44:51.729+0000] {logging_mixin.py:190} INFO - [2025-01-03T15:44:51.729+0000] {dagbag.py:588} INFO - Filling up the DagBag from /home/airflow/.local/lib/python3.12/site-packages/airflow/example_dags/example_inlet_event_extra.py
[2025-01-03T15:44:51.810+0000] {processor.py:925} INFO - DAG(s) 'read_dataset_event_from_classic', 'read_dataset_event' retrieved from /home/airflow/.local/lib/python3.12/site-packages/airflow/example_dags/example_inlet_event_extra.py
[2025-01-03T15:44:51.821+0000] {logging_mixin.py:190} INFO - [2025-01-03T15:44:51.820+0000] {dag.py:3239} INFO - Sync 2 DAGs
[2025-01-03T15:44:51.845+0000] {logging_mixin.py:190} INFO - [2025-01-03T15:44:51.845+0000] {dag.py:4180} INFO - Setting next_dagrun for read_dataset_event to 2025-01-02 00:00:00+00:00, run_after=2025-01-03 00:00:00+00:00
[2025-01-03T15:44:51.848+0000] {logging_mixin.py:190} INFO - [2025-01-03T15:44:51.848+0000] {dag.py:4180} INFO - Setting next_dagrun for read_dataset_event_from_classic to 2025-01-02 00:00:00+00:00, run_after=2025-01-03 00:00:00+00:00
[2025-01-03T15:44:51.859+0000] {processor.py:208} INFO - Processing /home/airflow/.local/lib/python3.12/site-packages/airflow/example_dags/example_inlet_event_extra.py took 0.144 seconds
[2025-01-03T15:45:26.033+0000] {processor.py:186} INFO - Started process (PID=439) to work on /home/airflow/.local/lib/python3.12/site-packages/airflow/example_dags/example_inlet_event_extra.py
[2025-01-03T15:45:26.036+0000] {processor.py:914} INFO - Processing file /home/airflow/.local/lib/python3.12/site-packages/airflow/example_dags/example_inlet_event_extra.py for tasks to queue
[2025-01-03T15:45:26.038+0000] {logging_mixin.py:190} INFO - [2025-01-03T15:45:26.038+0000] {dagbag.py:588} INFO - Filling up the DagBag from /home/airflow/.local/lib/python3.12/site-packages/airflow/example_dags/example_inlet_event_extra.py
[2025-01-03T15:45:26.253+0000] {processor.py:925} INFO - DAG(s) 'read_dataset_event', 'read_dataset_event_from_classic' retrieved from /home/airflow/.local/lib/python3.12/site-packages/airflow/example_dags/example_inlet_event_extra.py
[2025-01-03T15:45:26.271+0000] {logging_mixin.py:190} INFO - [2025-01-03T15:45:26.271+0000] {dag.py:3239} INFO - Sync 2 DAGs
[2025-01-03T15:45:26.293+0000] {logging_mixin.py:190} INFO - [2025-01-03T15:45:26.293+0000] {dag.py:4180} INFO - Setting next_dagrun for read_dataset_event to 2025-01-02 00:00:00+00:00, run_after=2025-01-03 00:00:00+00:00
[2025-01-03T15:45:26.297+0000] {logging_mixin.py:190} INFO - [2025-01-03T15:45:26.296+0000] {dag.py:4180} INFO - Setting next_dagrun for read_dataset_event_from_classic to 2025-01-02 00:00:00+00:00, run_after=2025-01-03 00:00:00+00:00
[2025-01-03T15:45:26.306+0000] {processor.py:208} INFO - Processing /home/airflow/.local/lib/python3.12/site-packages/airflow/example_dags/example_inlet_event_extra.py took 0.279 seconds
[2025-01-03T15:45:56.878+0000] {processor.py:186} INFO - Started process (PID=507) to work on /home/airflow/.local/lib/python3.12/site-packages/airflow/example_dags/example_inlet_event_extra.py
[2025-01-03T15:45:56.879+0000] {processor.py:914} INFO - Processing file /home/airflow/.local/lib/python3.12/site-packages/airflow/example_dags/example_inlet_event_extra.py for tasks to queue
[2025-01-03T15:45:56.881+0000] {logging_mixin.py:190} INFO - [2025-01-03T15:45:56.881+0000] {dagbag.py:588} INFO - Filling up the DagBag from /home/airflow/.local/lib/python3.12/site-packages/airflow/example_dags/example_inlet_event_extra.py
[2025-01-03T15:45:57.038+0000] {processor.py:925} INFO - DAG(s) 'read_dataset_event_from_classic', 'read_dataset_event' retrieved from /home/airflow/.local/lib/python3.12/site-packages/airflow/example_dags/example_inlet_event_extra.py
[2025-01-03T15:45:57.053+0000] {logging_mixin.py:190} INFO - [2025-01-03T15:45:57.052+0000] {dag.py:3239} INFO - Sync 2 DAGs
[2025-01-03T15:45:57.067+0000] {logging_mixin.py:190} INFO - [2025-01-03T15:45:57.067+0000] {dag.py:4180} INFO - Setting next_dagrun for read_dataset_event to 2025-01-02 00:00:00+00:00, run_after=2025-01-03 00:00:00+00:00
[2025-01-03T15:45:57.070+0000] {logging_mixin.py:190} INFO - [2025-01-03T15:45:57.070+0000] {dag.py:4180} INFO - Setting next_dagrun for read_dataset_event_from_classic to 2025-01-02 00:00:00+00:00, run_after=2025-01-03 00:00:00+00:00
[2025-01-03T15:45:57.079+0000] {processor.py:208} INFO - Processing /home/airflow/.local/lib/python3.12/site-packages/airflow/example_dags/example_inlet_event_extra.py took 0.205 seconds
[2025-01-03T15:46:27.678+0000] {processor.py:186} INFO - Started process (PID=569) to work on /home/airflow/.local/lib/python3.12/site-packages/airflow/example_dags/example_inlet_event_extra.py
[2025-01-03T15:46:27.679+0000] {processor.py:914} INFO - Processing file /home/airflow/.local/lib/python3.12/site-packages/airflow/example_dags/example_inlet_event_extra.py for tasks to queue
[2025-01-03T15:46:27.680+0000] {logging_mixin.py:190} INFO - [2025-01-03T15:46:27.680+0000] {dagbag.py:588} INFO - Filling up the DagBag from /home/airflow/.local/lib/python3.12/site-packages/airflow/example_dags/example_inlet_event_extra.py
[2025-01-03T15:46:27.752+0000] {processor.py:925} INFO - DAG(s) 'read_dataset_event_from_classic', 'read_dataset_event' retrieved from /home/airflow/.local/lib/python3.12/site-packages/airflow/example_dags/example_inlet_event_extra.py
[2025-01-03T15:46:27.763+0000] {logging_mixin.py:190} INFO - [2025-01-03T15:46:27.763+0000] {dag.py:3239} INFO - Sync 2 DAGs
[2025-01-03T15:46:27.774+0000] {logging_mixin.py:190} INFO - [2025-01-03T15:46:27.774+0000] {dag.py:4180} INFO - Setting next_dagrun for read_dataset_event to 2025-01-02 00:00:00+00:00, run_after=2025-01-03 00:00:00+00:00
[2025-01-03T15:46:27.776+0000] {logging_mixin.py:190} INFO - [2025-01-03T15:46:27.776+0000] {dag.py:4180} INFO - Setting next_dagrun for read_dataset_event_from_classic to 2025-01-02 00:00:00+00:00, run_after=2025-01-03 00:00:00+00:00
[2025-01-03T15:46:27.782+0000] {processor.py:208} INFO - Processing /home/airflow/.local/lib/python3.12/site-packages/airflow/example_dags/example_inlet_event_extra.py took 0.106 seconds
[2025-01-03T15:46:58.855+0000] {processor.py:186} INFO - Started process (PID=631) to work on /home/airflow/.local/lib/python3.12/site-packages/airflow/example_dags/example_inlet_event_extra.py
[2025-01-03T15:46:58.857+0000] {processor.py:914} INFO - Processing file /home/airflow/.local/lib/python3.12/site-packages/airflow/example_dags/example_inlet_event_extra.py for tasks to queue
[2025-01-03T15:46:58.865+0000] {logging_mixin.py:190} INFO - [2025-01-03T15:46:58.864+0000] {dagbag.py:588} INFO - Filling up the DagBag from /home/airflow/.local/lib/python3.12/site-packages/airflow/example_dags/example_inlet_event_extra.py
[2025-01-03T15:46:59.058+0000] {processor.py:925} INFO - DAG(s) 'read_dataset_event_from_classic', 'read_dataset_event' retrieved from /home/airflow/.local/lib/python3.12/site-packages/airflow/example_dags/example_inlet_event_extra.py
[2025-01-03T15:46:59.122+0000] {logging_mixin.py:190} INFO - [2025-01-03T15:46:59.122+0000] {dag.py:3239} INFO - Sync 2 DAGs
[2025-01-03T15:46:59.146+0000] {logging_mixin.py:190} INFO - [2025-01-03T15:46:59.146+0000] {dag.py:4180} INFO - Setting next_dagrun for read_dataset_event to 2025-01-02 00:00:00+00:00, run_after=2025-01-03 00:00:00+00:00
[2025-01-03T15:46:59.149+0000] {logging_mixin.py:190} INFO - [2025-01-03T15:46:59.149+0000] {dag.py:4180} INFO - Setting next_dagrun for read_dataset_event_from_classic to 2025-01-02 00:00:00+00:00, run_after=2025-01-03 00:00:00+00:00
[2025-01-03T15:46:59.166+0000] {processor.py:208} INFO - Processing /home/airflow/.local/lib/python3.12/site-packages/airflow/example_dags/example_inlet_event_extra.py took 0.329 seconds
[2025-01-03T15:47:29.430+0000] {processor.py:186} INFO - Started process (PID=693) to work on /home/airflow/.local/lib/python3.12/site-packages/airflow/example_dags/example_inlet_event_extra.py
[2025-01-03T15:47:29.430+0000] {processor.py:914} INFO - Processing file /home/airflow/.local/lib/python3.12/site-packages/airflow/example_dags/example_inlet_event_extra.py for tasks to queue
[2025-01-03T15:47:29.432+0000] {logging_mixin.py:190} INFO - [2025-01-03T15:47:29.432+0000] {dagbag.py:588} INFO - Filling up the DagBag from /home/airflow/.local/lib/python3.12/site-packages/airflow/example_dags/example_inlet_event_extra.py
[2025-01-03T15:47:29.511+0000] {processor.py:925} INFO - DAG(s) 'read_dataset_event', 'read_dataset_event_from_classic' retrieved from /home/airflow/.local/lib/python3.12/site-packages/airflow/example_dags/example_inlet_event_extra.py
[2025-01-03T15:47:29.527+0000] {logging_mixin.py:190} INFO - [2025-01-03T15:47:29.527+0000] {dag.py:3239} INFO - Sync 2 DAGs
[2025-01-03T15:47:29.542+0000] {logging_mixin.py:190} INFO - [2025-01-03T15:47:29.542+0000] {dag.py:4180} INFO - Setting next_dagrun for read_dataset_event to 2025-01-02 00:00:00+00:00, run_after=2025-01-03 00:00:00+00:00
[2025-01-03T15:47:29.548+0000] {logging_mixin.py:190} INFO - [2025-01-03T15:47:29.548+0000] {dag.py:4180} INFO - Setting next_dagrun for read_dataset_event_from_classic to 2025-01-02 00:00:00+00:00, run_after=2025-01-03 00:00:00+00:00
[2025-01-03T15:47:29.559+0000] {processor.py:208} INFO - Processing /home/airflow/.local/lib/python3.12/site-packages/airflow/example_dags/example_inlet_event_extra.py took 0.132 seconds
[2025-01-03T15:48:00.252+0000] {processor.py:186} INFO - Started process (PID=755) to work on /home/airflow/.local/lib/python3.12/site-packages/airflow/example_dags/example_inlet_event_extra.py
[2025-01-03T15:48:00.252+0000] {processor.py:914} INFO - Processing file /home/airflow/.local/lib/python3.12/site-packages/airflow/example_dags/example_inlet_event_extra.py for tasks to queue
[2025-01-03T15:48:00.253+0000] {logging_mixin.py:190} INFO - [2025-01-03T15:48:00.253+0000] {dagbag.py:588} INFO - Filling up the DagBag from /home/airflow/.local/lib/python3.12/site-packages/airflow/example_dags/example_inlet_event_extra.py
[2025-01-03T15:48:00.339+0000] {processor.py:925} INFO - DAG(s) 'read_dataset_event', 'read_dataset_event_from_classic' retrieved from /home/airflow/.local/lib/python3.12/site-packages/airflow/example_dags/example_inlet_event_extra.py
[2025-01-03T15:48:00.349+0000] {logging_mixin.py:190} INFO - [2025-01-03T15:48:00.349+0000] {dag.py:3239} INFO - Sync 2 DAGs
[2025-01-03T15:48:00.360+0000] {logging_mixin.py:190} INFO - [2025-01-03T15:48:00.360+0000] {dag.py:4180} INFO - Setting next_dagrun for read_dataset_event to 2025-01-02 00:00:00+00:00, run_after=2025-01-03 00:00:00+00:00
[2025-01-03T15:48:00.362+0000] {logging_mixin.py:190} INFO - [2025-01-03T15:48:00.362+0000] {dag.py:4180} INFO - Setting next_dagrun for read_dataset_event_from_classic to 2025-01-02 00:00:00+00:00, run_after=2025-01-03 00:00:00+00:00
[2025-01-03T15:48:00.369+0000] {processor.py:208} INFO - Processing /home/airflow/.local/lib/python3.12/site-packages/airflow/example_dags/example_inlet_event_extra.py took 0.120 seconds
[2025-01-03T15:48:30.649+0000] {processor.py:186} INFO - Started process (PID=817) to work on /home/airflow/.local/lib/python3.12/site-packages/airflow/example_dags/example_inlet_event_extra.py
[2025-01-03T15:48:30.650+0000] {processor.py:914} INFO - Processing file /home/airflow/.local/lib/python3.12/site-packages/airflow/example_dags/example_inlet_event_extra.py for tasks to queue
[2025-01-03T15:48:30.651+0000] {logging_mixin.py:190} INFO - [2025-01-03T15:48:30.651+0000] {dagbag.py:588} INFO - Filling up the DagBag from /home/airflow/.local/lib/python3.12/site-packages/airflow/example_dags/example_inlet_event_extra.py
[2025-01-03T15:48:30.744+0000] {processor.py:925} INFO - DAG(s) 'read_dataset_event', 'read_dataset_event_from_classic' retrieved from /home/airflow/.local/lib/python3.12/site-packages/airflow/example_dags/example_inlet_event_extra.py
[2025-01-03T15:48:30.758+0000] {logging_mixin.py:190} INFO - [2025-01-03T15:48:30.758+0000] {dag.py:3239} INFO - Sync 2 DAGs
[2025-01-03T15:48:30.770+0000] {logging_mixin.py:190} INFO - [2025-01-03T15:48:30.769+0000] {dag.py:4180} INFO - Setting next_dagrun for read_dataset_event to 2025-01-02 00:00:00+00:00, run_after=2025-01-03 00:00:00+00:00
[2025-01-03T15:48:30.772+0000] {logging_mixin.py:190} INFO - [2025-01-03T15:48:30.772+0000] {dag.py:4180} INFO - Setting next_dagrun for read_dataset_event_from_classic to 2025-01-02 00:00:00+00:00, run_after=2025-01-03 00:00:00+00:00
[2025-01-03T15:48:30.779+0000] {processor.py:208} INFO - Processing /home/airflow/.local/lib/python3.12/site-packages/airflow/example_dags/example_inlet_event_extra.py took 0.133 seconds
[2025-01-03T15:49:01.217+0000] {processor.py:186} INFO - Started process (PID=879) to work on /home/airflow/.local/lib/python3.12/site-packages/airflow/example_dags/example_inlet_event_extra.py
[2025-01-03T15:49:01.218+0000] {processor.py:914} INFO - Processing file /home/airflow/.local/lib/python3.12/site-packages/airflow/example_dags/example_inlet_event_extra.py for tasks to queue
[2025-01-03T15:49:01.219+0000] {logging_mixin.py:190} INFO - [2025-01-03T15:49:01.219+0000] {dagbag.py:588} INFO - Filling up the DagBag from /home/airflow/.local/lib/python3.12/site-packages/airflow/example_dags/example_inlet_event_extra.py
[2025-01-03T15:49:01.314+0000] {processor.py:925} INFO - DAG(s) 'read_dataset_event', 'read_dataset_event_from_classic' retrieved from /home/airflow/.local/lib/python3.12/site-packages/airflow/example_dags/example_inlet_event_extra.py
[2025-01-03T15:49:01.325+0000] {logging_mixin.py:190} INFO - [2025-01-03T15:49:01.325+0000] {dag.py:3239} INFO - Sync 2 DAGs
[2025-01-03T15:49:01.337+0000] {logging_mixin.py:190} INFO - [2025-01-03T15:49:01.337+0000] {dag.py:4180} INFO - Setting next_dagrun for read_dataset_event to 2025-01-02 00:00:00+00:00, run_after=2025-01-03 00:00:00+00:00
[2025-01-03T15:49:01.339+0000] {logging_mixin.py:190} INFO - [2025-01-03T15:49:01.339+0000] {dag.py:4180} INFO - Setting next_dagrun for read_dataset_event_from_classic to 2025-01-02 00:00:00+00:00, run_after=2025-01-03 00:00:00+00:00
[2025-01-03T15:49:01.353+0000] {processor.py:208} INFO - Processing /home/airflow/.local/lib/python3.12/site-packages/airflow/example_dags/example_inlet_event_extra.py took 0.139 seconds
[2025-01-03T15:49:31.551+0000] {processor.py:186} INFO - Started process (PID=941) to work on /home/airflow/.local/lib/python3.12/site-packages/airflow/example_dags/example_inlet_event_extra.py
[2025-01-03T15:49:31.552+0000] {processor.py:914} INFO - Processing file /home/airflow/.local/lib/python3.12/site-packages/airflow/example_dags/example_inlet_event_extra.py for tasks to queue
[2025-01-03T15:49:31.554+0000] {logging_mixin.py:190} INFO - [2025-01-03T15:49:31.553+0000] {dagbag.py:588} INFO - Filling up the DagBag from /home/airflow/.local/lib/python3.12/site-packages/airflow/example_dags/example_inlet_event_extra.py
[2025-01-03T15:49:31.683+0000] {processor.py:925} INFO - DAG(s) 'read_dataset_event', 'read_dataset_event_from_classic' retrieved from /home/airflow/.local/lib/python3.12/site-packages/airflow/example_dags/example_inlet_event_extra.py
[2025-01-03T15:49:31.702+0000] {logging_mixin.py:190} INFO - [2025-01-03T15:49:31.701+0000] {dag.py:3239} INFO - Sync 2 DAGs
[2025-01-03T15:49:31.775+0000] {logging_mixin.py:190} INFO - [2025-01-03T15:49:31.775+0000] {dag.py:4180} INFO - Setting next_dagrun for read_dataset_event to 2025-01-02 00:00:00+00:00, run_after=2025-01-03 00:00:00+00:00
[2025-01-03T15:49:31.779+0000] {logging_mixin.py:190} INFO - [2025-01-03T15:49:31.779+0000] {dag.py:4180} INFO - Setting next_dagrun for read_dataset_event_from_classic to 2025-01-02 00:00:00+00:00, run_after=2025-01-03 00:00:00+00:00
[2025-01-03T15:49:31.789+0000] {processor.py:208} INFO - Processing /home/airflow/.local/lib/python3.12/site-packages/airflow/example_dags/example_inlet_event_extra.py took 0.242 seconds
[2025-01-03T15:50:01.844+0000] {processor.py:186} INFO - Started process (PID=1005) to work on /home/airflow/.local/lib/python3.12/site-packages/airflow/example_dags/example_inlet_event_extra.py
[2025-01-03T15:50:01.845+0000] {processor.py:914} INFO - Processing file /home/airflow/.local/lib/python3.12/site-packages/airflow/example_dags/example_inlet_event_extra.py for tasks to queue
[2025-01-03T15:50:01.846+0000] {logging_mixin.py:190} INFO - [2025-01-03T15:50:01.846+0000] {dagbag.py:588} INFO - Filling up the DagBag from /home/airflow/.local/lib/python3.12/site-packages/airflow/example_dags/example_inlet_event_extra.py
[2025-01-03T15:50:01.916+0000] {processor.py:925} INFO - DAG(s) 'read_dataset_event', 'read_dataset_event_from_classic' retrieved from /home/airflow/.local/lib/python3.12/site-packages/airflow/example_dags/example_inlet_event_extra.py
[2025-01-03T15:50:01.926+0000] {logging_mixin.py:190} INFO - [2025-01-03T15:50:01.926+0000] {dag.py:3239} INFO - Sync 2 DAGs
[2025-01-03T15:50:01.942+0000] {logging_mixin.py:190} INFO - [2025-01-03T15:50:01.942+0000] {dag.py:4180} INFO - Setting next_dagrun for read_dataset_event to 2025-01-02 00:00:00+00:00, run_after=2025-01-03 00:00:00+00:00
[2025-01-03T15:50:01.946+0000] {logging_mixin.py:190} INFO - [2025-01-03T15:50:01.946+0000] {dag.py:4180} INFO - Setting next_dagrun for read_dataset_event_from_classic to 2025-01-02 00:00:00+00:00, run_after=2025-01-03 00:00:00+00:00
[2025-01-03T15:50:01.954+0000] {processor.py:208} INFO - Processing /home/airflow/.local/lib/python3.12/site-packages/airflow/example_dags/example_inlet_event_extra.py took 0.113 seconds
[2025-01-03T15:50:35.866+0000] {processor.py:186} INFO - Started process (PID=1065) to work on /home/airflow/.local/lib/python3.12/site-packages/airflow/example_dags/example_inlet_event_extra.py
[2025-01-03T15:50:35.870+0000] {processor.py:914} INFO - Processing file /home/airflow/.local/lib/python3.12/site-packages/airflow/example_dags/example_inlet_event_extra.py for tasks to queue
[2025-01-03T15:50:35.871+0000] {logging_mixin.py:190} INFO - [2025-01-03T15:50:35.871+0000] {dagbag.py:588} INFO - Filling up the DagBag from /home/airflow/.local/lib/python3.12/site-packages/airflow/example_dags/example_inlet_event_extra.py
[2025-01-03T15:50:36.016+0000] {processor.py:925} INFO - DAG(s) 'read_dataset_event', 'read_dataset_event_from_classic' retrieved from /home/airflow/.local/lib/python3.12/site-packages/airflow/example_dags/example_inlet_event_extra.py
[2025-01-03T15:50:36.054+0000] {logging_mixin.py:190} INFO - [2025-01-03T15:50:36.054+0000] {dag.py:3239} INFO - Sync 2 DAGs
[2025-01-03T15:50:36.074+0000] {logging_mixin.py:190} INFO - [2025-01-03T15:50:36.073+0000] {dag.py:4180} INFO - Setting next_dagrun for read_dataset_event to 2025-01-02 00:00:00+00:00, run_after=2025-01-03 00:00:00+00:00
[2025-01-03T15:50:36.076+0000] {logging_mixin.py:190} INFO - [2025-01-03T15:50:36.076+0000] {dag.py:4180} INFO - Setting next_dagrun for read_dataset_event_from_classic to 2025-01-02 00:00:00+00:00, run_after=2025-01-03 00:00:00+00:00
[2025-01-03T15:50:36.087+0000] {processor.py:208} INFO - Processing /home/airflow/.local/lib/python3.12/site-packages/airflow/example_dags/example_inlet_event_extra.py took 0.225 seconds
[2025-01-03T15:51:06.277+0000] {processor.py:186} INFO - Started process (PID=1128) to work on /home/airflow/.local/lib/python3.12/site-packages/airflow/example_dags/example_inlet_event_extra.py
[2025-01-03T15:51:06.278+0000] {processor.py:914} INFO - Processing file /home/airflow/.local/lib/python3.12/site-packages/airflow/example_dags/example_inlet_event_extra.py for tasks to queue
[2025-01-03T15:51:06.279+0000] {logging_mixin.py:190} INFO - [2025-01-03T15:51:06.279+0000] {dagbag.py:588} INFO - Filling up the DagBag from /home/airflow/.local/lib/python3.12/site-packages/airflow/example_dags/example_inlet_event_extra.py
[2025-01-03T15:51:06.377+0000] {processor.py:925} INFO - DAG(s) 'read_dataset_event', 'read_dataset_event_from_classic' retrieved from /home/airflow/.local/lib/python3.12/site-packages/airflow/example_dags/example_inlet_event_extra.py
[2025-01-03T15:51:06.401+0000] {logging_mixin.py:190} INFO - [2025-01-03T15:51:06.401+0000] {dag.py:3239} INFO - Sync 2 DAGs
[2025-01-03T15:51:06.419+0000] {logging_mixin.py:190} INFO - [2025-01-03T15:51:06.419+0000] {dag.py:4180} INFO - Setting next_dagrun for read_dataset_event to 2025-01-02 00:00:00+00:00, run_after=2025-01-03 00:00:00+00:00
[2025-01-03T15:51:06.424+0000] {logging_mixin.py:190} INFO - [2025-01-03T15:51:06.423+0000] {dag.py:4180} INFO - Setting next_dagrun for read_dataset_event_from_classic to 2025-01-02 00:00:00+00:00, run_after=2025-01-03 00:00:00+00:00
[2025-01-03T15:51:06.436+0000] {processor.py:208} INFO - Processing /home/airflow/.local/lib/python3.12/site-packages/airflow/example_dags/example_inlet_event_extra.py took 0.164 seconds
[2025-01-03T15:51:36.468+0000] {processor.py:186} INFO - Started process (PID=1190) to work on /home/airflow/.local/lib/python3.12/site-packages/airflow/example_dags/example_inlet_event_extra.py
[2025-01-03T15:51:36.469+0000] {processor.py:914} INFO - Processing file /home/airflow/.local/lib/python3.12/site-packages/airflow/example_dags/example_inlet_event_extra.py for tasks to queue
[2025-01-03T15:51:36.470+0000] {logging_mixin.py:190} INFO - [2025-01-03T15:51:36.470+0000] {dagbag.py:588} INFO - Filling up the DagBag from /home/airflow/.local/lib/python3.12/site-packages/airflow/example_dags/example_inlet_event_extra.py
[2025-01-03T15:51:36.541+0000] {processor.py:925} INFO - DAG(s) 'read_dataset_event', 'read_dataset_event_from_classic' retrieved from /home/airflow/.local/lib/python3.12/site-packages/airflow/example_dags/example_inlet_event_extra.py
[2025-01-03T15:51:36.551+0000] {logging_mixin.py:190} INFO - [2025-01-03T15:51:36.551+0000] {dag.py:3239} INFO - Sync 2 DAGs
[2025-01-03T15:51:36.562+0000] {logging_mixin.py:190} INFO - [2025-01-03T15:51:36.561+0000] {dag.py:4180} INFO - Setting next_dagrun for read_dataset_event to 2025-01-02 00:00:00+00:00, run_after=2025-01-03 00:00:00+00:00
[2025-01-03T15:51:36.564+0000] {logging_mixin.py:190} INFO - [2025-01-03T15:51:36.564+0000] {dag.py:4180} INFO - Setting next_dagrun for read_dataset_event_from_classic to 2025-01-02 00:00:00+00:00, run_after=2025-01-03 00:00:00+00:00
[2025-01-03T15:51:36.570+0000] {processor.py:208} INFO - Processing /home/airflow/.local/lib/python3.12/site-packages/airflow/example_dags/example_inlet_event_extra.py took 0.105 seconds
[2025-01-03T15:52:06.609+0000] {processor.py:186} INFO - Started process (PID=1251) to work on /home/airflow/.local/lib/python3.12/site-packages/airflow/example_dags/example_inlet_event_extra.py
[2025-01-03T15:52:06.610+0000] {processor.py:914} INFO - Processing file /home/airflow/.local/lib/python3.12/site-packages/airflow/example_dags/example_inlet_event_extra.py for tasks to queue
[2025-01-03T15:52:06.612+0000] {logging_mixin.py:190} INFO - [2025-01-03T15:52:06.612+0000] {dagbag.py:588} INFO - Filling up the DagBag from /home/airflow/.local/lib/python3.12/site-packages/airflow/example_dags/example_inlet_event_extra.py
[2025-01-03T15:52:06.745+0000] {processor.py:925} INFO - DAG(s) 'read_dataset_event', 'read_dataset_event_from_classic' retrieved from /home/airflow/.local/lib/python3.12/site-packages/airflow/example_dags/example_inlet_event_extra.py
[2025-01-03T15:52:06.762+0000] {logging_mixin.py:190} INFO - [2025-01-03T15:52:06.762+0000] {dag.py:3239} INFO - Sync 2 DAGs
[2025-01-03T15:52:06.779+0000] {logging_mixin.py:190} INFO - [2025-01-03T15:52:06.778+0000] {dag.py:4180} INFO - Setting next_dagrun for read_dataset_event to 2025-01-02 00:00:00+00:00, run_after=2025-01-03 00:00:00+00:00
[2025-01-03T15:52:06.782+0000] {logging_mixin.py:190} INFO - [2025-01-03T15:52:06.782+0000] {dag.py:4180} INFO - Setting next_dagrun for read_dataset_event_from_classic to 2025-01-02 00:00:00+00:00, run_after=2025-01-03 00:00:00+00:00
[2025-01-03T15:52:06.793+0000] {processor.py:208} INFO - Processing /home/airflow/.local/lib/python3.12/site-packages/airflow/example_dags/example_inlet_event_extra.py took 0.188 seconds
[2025-01-03T15:52:37.482+0000] {processor.py:186} INFO - Started process (PID=1313) to work on /home/airflow/.local/lib/python3.12/site-packages/airflow/example_dags/example_inlet_event_extra.py
[2025-01-03T15:52:37.482+0000] {processor.py:914} INFO - Processing file /home/airflow/.local/lib/python3.12/site-packages/airflow/example_dags/example_inlet_event_extra.py for tasks to queue
[2025-01-03T15:52:37.484+0000] {logging_mixin.py:190} INFO - [2025-01-03T15:52:37.484+0000] {dagbag.py:588} INFO - Filling up the DagBag from /home/airflow/.local/lib/python3.12/site-packages/airflow/example_dags/example_inlet_event_extra.py
[2025-01-03T15:52:37.608+0000] {processor.py:925} INFO - DAG(s) 'read_dataset_event_from_classic', 'read_dataset_event' retrieved from /home/airflow/.local/lib/python3.12/site-packages/airflow/example_dags/example_inlet_event_extra.py
[2025-01-03T15:52:37.629+0000] {logging_mixin.py:190} INFO - [2025-01-03T15:52:37.629+0000] {dag.py:3239} INFO - Sync 2 DAGs
[2025-01-03T15:52:37.642+0000] {logging_mixin.py:190} INFO - [2025-01-03T15:52:37.642+0000] {dag.py:4180} INFO - Setting next_dagrun for read_dataset_event to 2025-01-02 00:00:00+00:00, run_after=2025-01-03 00:00:00+00:00
[2025-01-03T15:52:37.646+0000] {logging_mixin.py:190} INFO - [2025-01-03T15:52:37.646+0000] {dag.py:4180} INFO - Setting next_dagrun for read_dataset_event_from_classic to 2025-01-02 00:00:00+00:00, run_after=2025-01-03 00:00:00+00:00
[2025-01-03T15:52:37.656+0000] {processor.py:208} INFO - Processing /home/airflow/.local/lib/python3.12/site-packages/airflow/example_dags/example_inlet_event_extra.py took 0.178 seconds
[2025-01-03T15:53:07.679+0000] {processor.py:186} INFO - Started process (PID=1375) to work on /home/airflow/.local/lib/python3.12/site-packages/airflow/example_dags/example_inlet_event_extra.py
[2025-01-03T15:53:07.688+0000] {processor.py:914} INFO - Processing file /home/airflow/.local/lib/python3.12/site-packages/airflow/example_dags/example_inlet_event_extra.py for tasks to queue
[2025-01-03T15:53:07.690+0000] {logging_mixin.py:190} INFO - [2025-01-03T15:53:07.690+0000] {dagbag.py:588} INFO - Filling up the DagBag from /home/airflow/.local/lib/python3.12/site-packages/airflow/example_dags/example_inlet_event_extra.py
[2025-01-03T15:53:07.756+0000] {processor.py:925} INFO - DAG(s) 'read_dataset_event_from_classic', 'read_dataset_event' retrieved from /home/airflow/.local/lib/python3.12/site-packages/airflow/example_dags/example_inlet_event_extra.py
[2025-01-03T15:53:07.766+0000] {logging_mixin.py:190} INFO - [2025-01-03T15:53:07.765+0000] {dag.py:3239} INFO - Sync 2 DAGs
[2025-01-03T15:53:07.776+0000] {logging_mixin.py:190} INFO - [2025-01-03T15:53:07.776+0000] {dag.py:4180} INFO - Setting next_dagrun for read_dataset_event to 2025-01-02 00:00:00+00:00, run_after=2025-01-03 00:00:00+00:00
[2025-01-03T15:53:07.779+0000] {logging_mixin.py:190} INFO - [2025-01-03T15:53:07.779+0000] {dag.py:4180} INFO - Setting next_dagrun for read_dataset_event_from_classic to 2025-01-02 00:00:00+00:00, run_after=2025-01-03 00:00:00+00:00
[2025-01-03T15:53:07.785+0000] {processor.py:208} INFO - Processing /home/airflow/.local/lib/python3.12/site-packages/airflow/example_dags/example_inlet_event_extra.py took 0.111 seconds
[2025-01-03T15:53:37.882+0000] {processor.py:186} INFO - Started process (PID=1436) to work on /home/airflow/.local/lib/python3.12/site-packages/airflow/example_dags/example_inlet_event_extra.py
[2025-01-03T15:53:37.883+0000] {processor.py:914} INFO - Processing file /home/airflow/.local/lib/python3.12/site-packages/airflow/example_dags/example_inlet_event_extra.py for tasks to queue
[2025-01-03T15:53:37.884+0000] {logging_mixin.py:190} INFO - [2025-01-03T15:53:37.883+0000] {dagbag.py:588} INFO - Filling up the DagBag from /home/airflow/.local/lib/python3.12/site-packages/airflow/example_dags/example_inlet_event_extra.py
[2025-01-03T15:53:37.956+0000] {processor.py:925} INFO - DAG(s) 'read_dataset_event_from_classic', 'read_dataset_event' retrieved from /home/airflow/.local/lib/python3.12/site-packages/airflow/example_dags/example_inlet_event_extra.py
[2025-01-03T15:53:37.967+0000] {logging_mixin.py:190} INFO - [2025-01-03T15:53:37.967+0000] {dag.py:3239} INFO - Sync 2 DAGs
[2025-01-03T15:53:37.977+0000] {logging_mixin.py:190} INFO - [2025-01-03T15:53:37.977+0000] {dag.py:4180} INFO - Setting next_dagrun for read_dataset_event to 2025-01-02 00:00:00+00:00, run_after=2025-01-03 00:00:00+00:00
[2025-01-03T15:53:37.979+0000] {logging_mixin.py:190} INFO - [2025-01-03T15:53:37.979+0000] {dag.py:4180} INFO - Setting next_dagrun for read_dataset_event_from_classic to 2025-01-02 00:00:00+00:00, run_after=2025-01-03 00:00:00+00:00
[2025-01-03T15:53:37.987+0000] {processor.py:208} INFO - Processing /home/airflow/.local/lib/python3.12/site-packages/airflow/example_dags/example_inlet_event_extra.py took 0.107 seconds
