[2025-01-03T15:42:17.460+0000] {processor.py:186} INFO - Started process (PID=53) to work on /home/airflow/.local/lib/python3.12/site-packages/airflow/example_dags/example_datasets.py
[2025-01-03T15:42:17.461+0000] {processor.py:914} INFO - Processing file /home/airflow/.local/lib/python3.12/site-packages/airflow/example_dags/example_datasets.py for tasks to queue
[2025-01-03T15:42:17.465+0000] {logging_mixin.py:190} INFO - [2025-01-03T15:42:17.465+0000] {dagbag.py:588} INFO - Filling up the DagBag from /home/airflow/.local/lib/python3.12/site-packages/airflow/example_dags/example_datasets.py
[2025-01-03T15:42:17.728+0000] {processor.py:925} INFO - DAG(s) 'dataset_consumes_unknown_never_scheduled', 'dataset_consumes_1', 'consume_1_or_2_with_dataset_expressions', 'consume_1_or_both_2_and_3_with_dataset_expressions', 'dataset_produces_1', 'dataset_produces_2', 'conditional_dataset_and_time_based_timetable', 'consume_1_and_2_with_dataset_expressions', 'dataset_consumes_1_and_2', 'dataset_consumes_1_never_scheduled' retrieved from /home/airflow/.local/lib/python3.12/site-packages/airflow/example_dags/example_datasets.py
[2025-01-03T15:42:17.813+0000] {logging_mixin.py:190} INFO - [2025-01-03T15:42:17.812+0000] {dag.py:3239} INFO - Sync 10 DAGs
[2025-01-03T15:42:17.834+0000] {logging_mixin.py:190} INFO - [2025-01-03T15:42:17.833+0000] {dag.py:4180} INFO - Setting next_dagrun for conditional_dataset_and_time_based_timetable to 2025-01-01 01:00:00+00:00, run_after=2025-01-01 01:00:00+00:00
[2025-01-03T15:42:17.836+0000] {logging_mixin.py:190} INFO - [2025-01-03T15:42:17.836+0000] {dag.py:4180} INFO - Setting next_dagrun for consume_1_and_2_with_dataset_expressions to None, run_after=None
[2025-01-03T15:42:17.837+0000] {logging_mixin.py:190} INFO - [2025-01-03T15:42:17.837+0000] {dag.py:4180} INFO - Setting next_dagrun for consume_1_or_2_with_dataset_expressions to None, run_after=None
[2025-01-03T15:42:17.838+0000] {logging_mixin.py:190} INFO - [2025-01-03T15:42:17.838+0000] {dag.py:4180} INFO - Setting next_dagrun for consume_1_or_both_2_and_3_with_dataset_expressions to None, run_after=None
[2025-01-03T15:42:17.839+0000] {logging_mixin.py:190} INFO - [2025-01-03T15:42:17.839+0000] {dag.py:4180} INFO - Setting next_dagrun for dataset_consumes_1 to None, run_after=None
[2025-01-03T15:42:17.840+0000] {logging_mixin.py:190} INFO - [2025-01-03T15:42:17.840+0000] {dag.py:4180} INFO - Setting next_dagrun for dataset_consumes_1_and_2 to None, run_after=None
[2025-01-03T15:42:17.841+0000] {logging_mixin.py:190} INFO - [2025-01-03T15:42:17.841+0000] {dag.py:4180} INFO - Setting next_dagrun for dataset_consumes_1_never_scheduled to None, run_after=None
[2025-01-03T15:42:17.842+0000] {logging_mixin.py:190} INFO - [2025-01-03T15:42:17.842+0000] {dag.py:4180} INFO - Setting next_dagrun for dataset_consumes_unknown_never_scheduled to None, run_after=None
[2025-01-03T15:42:17.845+0000] {logging_mixin.py:190} INFO - [2025-01-03T15:42:17.844+0000] {dag.py:4180} INFO - Setting next_dagrun for dataset_produces_1 to 2025-01-02 00:00:00+00:00, run_after=2025-01-03 00:00:00+00:00
[2025-01-03T15:42:17.847+0000] {logging_mixin.py:190} INFO - [2025-01-03T15:42:17.846+0000] {dag.py:4180} INFO - Setting next_dagrun for dataset_produces_2 to None, run_after=None
[2025-01-03T15:42:17.872+0000] {processor.py:208} INFO - Processing /home/airflow/.local/lib/python3.12/site-packages/airflow/example_dags/example_datasets.py took 0.419 seconds
[2025-01-03T15:42:47.921+0000] {processor.py:186} INFO - Started process (PID=115) to work on /home/airflow/.local/lib/python3.12/site-packages/airflow/example_dags/example_datasets.py
[2025-01-03T15:42:47.921+0000] {processor.py:914} INFO - Processing file /home/airflow/.local/lib/python3.12/site-packages/airflow/example_dags/example_datasets.py for tasks to queue
[2025-01-03T15:42:47.923+0000] {logging_mixin.py:190} INFO - [2025-01-03T15:42:47.922+0000] {dagbag.py:588} INFO - Filling up the DagBag from /home/airflow/.local/lib/python3.12/site-packages/airflow/example_dags/example_datasets.py
[2025-01-03T15:42:48.004+0000] {processor.py:925} INFO - DAG(s) 'consume_1_or_both_2_and_3_with_dataset_expressions', 'dataset_consumes_1_never_scheduled', 'dataset_produces_2', 'conditional_dataset_and_time_based_timetable', 'consume_1_and_2_with_dataset_expressions', 'consume_1_or_2_with_dataset_expressions', 'dataset_consumes_unknown_never_scheduled', 'dataset_consumes_1', 'dataset_consumes_1_and_2', 'dataset_produces_1' retrieved from /home/airflow/.local/lib/python3.12/site-packages/airflow/example_dags/example_datasets.py
[2025-01-03T15:42:48.023+0000] {logging_mixin.py:190} INFO - [2025-01-03T15:42:48.022+0000] {dag.py:3239} INFO - Sync 10 DAGs
[2025-01-03T15:42:48.037+0000] {logging_mixin.py:190} INFO - [2025-01-03T15:42:48.037+0000] {dag.py:4180} INFO - Setting next_dagrun for conditional_dataset_and_time_based_timetable to 2025-01-01 01:00:00+00:00, run_after=2025-01-01 01:00:00+00:00
[2025-01-03T15:42:48.039+0000] {logging_mixin.py:190} INFO - [2025-01-03T15:42:48.039+0000] {dag.py:4180} INFO - Setting next_dagrun for consume_1_and_2_with_dataset_expressions to None, run_after=None
[2025-01-03T15:42:48.039+0000] {logging_mixin.py:190} INFO - [2025-01-03T15:42:48.039+0000] {dag.py:4180} INFO - Setting next_dagrun for consume_1_or_2_with_dataset_expressions to None, run_after=None
[2025-01-03T15:42:48.040+0000] {logging_mixin.py:190} INFO - [2025-01-03T15:42:48.040+0000] {dag.py:4180} INFO - Setting next_dagrun for consume_1_or_both_2_and_3_with_dataset_expressions to None, run_after=None
[2025-01-03T15:42:48.040+0000] {logging_mixin.py:190} INFO - [2025-01-03T15:42:48.040+0000] {dag.py:4180} INFO - Setting next_dagrun for dataset_consumes_1 to None, run_after=None
[2025-01-03T15:42:48.041+0000] {logging_mixin.py:190} INFO - [2025-01-03T15:42:48.041+0000] {dag.py:4180} INFO - Setting next_dagrun for dataset_consumes_1_and_2 to None, run_after=None
[2025-01-03T15:42:48.042+0000] {logging_mixin.py:190} INFO - [2025-01-03T15:42:48.042+0000] {dag.py:4180} INFO - Setting next_dagrun for dataset_consumes_1_never_scheduled to None, run_after=None
[2025-01-03T15:42:48.042+0000] {logging_mixin.py:190} INFO - [2025-01-03T15:42:48.042+0000] {dag.py:4180} INFO - Setting next_dagrun for dataset_consumes_unknown_never_scheduled to None, run_after=None
[2025-01-03T15:42:48.043+0000] {logging_mixin.py:190} INFO - [2025-01-03T15:42:48.043+0000] {dag.py:4180} INFO - Setting next_dagrun for dataset_produces_1 to 2025-01-02 00:00:00+00:00, run_after=2025-01-03 00:00:00+00:00
[2025-01-03T15:42:48.044+0000] {logging_mixin.py:190} INFO - [2025-01-03T15:42:48.044+0000] {dag.py:4180} INFO - Setting next_dagrun for dataset_produces_2 to None, run_after=None
[2025-01-03T15:42:48.059+0000] {processor.py:208} INFO - Processing /home/airflow/.local/lib/python3.12/site-packages/airflow/example_dags/example_datasets.py took 0.142 seconds
[2025-01-03T15:43:18.880+0000] {processor.py:186} INFO - Started process (PID=177) to work on /home/airflow/.local/lib/python3.12/site-packages/airflow/example_dags/example_datasets.py
[2025-01-03T15:43:18.880+0000] {processor.py:914} INFO - Processing file /home/airflow/.local/lib/python3.12/site-packages/airflow/example_dags/example_datasets.py for tasks to queue
[2025-01-03T15:43:18.881+0000] {logging_mixin.py:190} INFO - [2025-01-03T15:43:18.881+0000] {dagbag.py:588} INFO - Filling up the DagBag from /home/airflow/.local/lib/python3.12/site-packages/airflow/example_dags/example_datasets.py
[2025-01-03T15:43:18.955+0000] {processor.py:925} INFO - DAG(s) 'dataset_produces_2', 'dataset_produces_1', 'consume_1_or_both_2_and_3_with_dataset_expressions', 'dataset_consumes_1', 'conditional_dataset_and_time_based_timetable', 'consume_1_or_2_with_dataset_expressions', 'dataset_consumes_1_never_scheduled', 'dataset_consumes_unknown_never_scheduled', 'consume_1_and_2_with_dataset_expressions', 'dataset_consumes_1_and_2' retrieved from /home/airflow/.local/lib/python3.12/site-packages/airflow/example_dags/example_datasets.py
[2025-01-03T15:43:18.976+0000] {logging_mixin.py:190} INFO - [2025-01-03T15:43:18.976+0000] {dag.py:3239} INFO - Sync 10 DAGs
[2025-01-03T15:43:18.989+0000] {logging_mixin.py:190} INFO - [2025-01-03T15:43:18.989+0000] {dag.py:4180} INFO - Setting next_dagrun for conditional_dataset_and_time_based_timetable to 2025-01-01 01:00:00+00:00, run_after=2025-01-01 01:00:00+00:00
[2025-01-03T15:43:18.991+0000] {logging_mixin.py:190} INFO - [2025-01-03T15:43:18.991+0000] {dag.py:4180} INFO - Setting next_dagrun for consume_1_and_2_with_dataset_expressions to None, run_after=None
[2025-01-03T15:43:18.993+0000] {logging_mixin.py:190} INFO - [2025-01-03T15:43:18.992+0000] {dag.py:4180} INFO - Setting next_dagrun for consume_1_or_2_with_dataset_expressions to None, run_after=None
[2025-01-03T15:43:18.994+0000] {logging_mixin.py:190} INFO - [2025-01-03T15:43:18.993+0000] {dag.py:4180} INFO - Setting next_dagrun for consume_1_or_both_2_and_3_with_dataset_expressions to None, run_after=None
[2025-01-03T15:43:18.995+0000] {logging_mixin.py:190} INFO - [2025-01-03T15:43:18.995+0000] {dag.py:4180} INFO - Setting next_dagrun for dataset_consumes_1 to None, run_after=None
[2025-01-03T15:43:18.996+0000] {logging_mixin.py:190} INFO - [2025-01-03T15:43:18.996+0000] {dag.py:4180} INFO - Setting next_dagrun for dataset_consumes_1_and_2 to None, run_after=None
[2025-01-03T15:43:18.998+0000] {logging_mixin.py:190} INFO - [2025-01-03T15:43:18.997+0000] {dag.py:4180} INFO - Setting next_dagrun for dataset_consumes_1_never_scheduled to None, run_after=None
[2025-01-03T15:43:19.001+0000] {logging_mixin.py:190} INFO - [2025-01-03T15:43:19.001+0000] {dag.py:4180} INFO - Setting next_dagrun for dataset_consumes_unknown_never_scheduled to None, run_after=None
[2025-01-03T15:43:19.004+0000] {logging_mixin.py:190} INFO - [2025-01-03T15:43:19.004+0000] {dag.py:4180} INFO - Setting next_dagrun for dataset_produces_1 to 2025-01-02 00:00:00+00:00, run_after=2025-01-03 00:00:00+00:00
[2025-01-03T15:43:19.005+0000] {logging_mixin.py:190} INFO - [2025-01-03T15:43:19.005+0000] {dag.py:4180} INFO - Setting next_dagrun for dataset_produces_2 to None, run_after=None
[2025-01-03T15:43:19.021+0000] {processor.py:208} INFO - Processing /home/airflow/.local/lib/python3.12/site-packages/airflow/example_dags/example_datasets.py took 0.144 seconds
[2025-01-03T15:43:49.539+0000] {processor.py:186} INFO - Started process (PID=239) to work on /home/airflow/.local/lib/python3.12/site-packages/airflow/example_dags/example_datasets.py
[2025-01-03T15:43:49.541+0000] {processor.py:914} INFO - Processing file /home/airflow/.local/lib/python3.12/site-packages/airflow/example_dags/example_datasets.py for tasks to queue
[2025-01-03T15:43:49.544+0000] {logging_mixin.py:190} INFO - [2025-01-03T15:43:49.544+0000] {dagbag.py:588} INFO - Filling up the DagBag from /home/airflow/.local/lib/python3.12/site-packages/airflow/example_dags/example_datasets.py
[2025-01-03T15:43:49.689+0000] {processor.py:925} INFO - DAG(s) 'dataset_produces_1', 'consume_1_and_2_with_dataset_expressions', 'dataset_consumes_1', 'consume_1_or_both_2_and_3_with_dataset_expressions', 'consume_1_or_2_with_dataset_expressions', 'conditional_dataset_and_time_based_timetable', 'dataset_consumes_1_never_scheduled', 'dataset_consumes_unknown_never_scheduled', 'dataset_consumes_1_and_2', 'dataset_produces_2' retrieved from /home/airflow/.local/lib/python3.12/site-packages/airflow/example_dags/example_datasets.py
[2025-01-03T15:43:49.714+0000] {logging_mixin.py:190} INFO - [2025-01-03T15:43:49.713+0000] {dag.py:3239} INFO - Sync 10 DAGs
[2025-01-03T15:43:49.734+0000] {logging_mixin.py:190} INFO - [2025-01-03T15:43:49.733+0000] {dag.py:4180} INFO - Setting next_dagrun for conditional_dataset_and_time_based_timetable to 2025-01-01 01:00:00+00:00, run_after=2025-01-01 01:00:00+00:00
[2025-01-03T15:43:49.736+0000] {logging_mixin.py:190} INFO - [2025-01-03T15:43:49.736+0000] {dag.py:4180} INFO - Setting next_dagrun for consume_1_and_2_with_dataset_expressions to None, run_after=None
[2025-01-03T15:43:49.739+0000] {logging_mixin.py:190} INFO - [2025-01-03T15:43:49.739+0000] {dag.py:4180} INFO - Setting next_dagrun for consume_1_or_2_with_dataset_expressions to None, run_after=None
[2025-01-03T15:43:49.740+0000] {logging_mixin.py:190} INFO - [2025-01-03T15:43:49.740+0000] {dag.py:4180} INFO - Setting next_dagrun for consume_1_or_both_2_and_3_with_dataset_expressions to None, run_after=None
[2025-01-03T15:43:49.741+0000] {logging_mixin.py:190} INFO - [2025-01-03T15:43:49.740+0000] {dag.py:4180} INFO - Setting next_dagrun for dataset_consumes_1 to None, run_after=None
[2025-01-03T15:43:49.742+0000] {logging_mixin.py:190} INFO - [2025-01-03T15:43:49.742+0000] {dag.py:4180} INFO - Setting next_dagrun for dataset_consumes_1_and_2 to None, run_after=None
[2025-01-03T15:43:49.742+0000] {logging_mixin.py:190} INFO - [2025-01-03T15:43:49.742+0000] {dag.py:4180} INFO - Setting next_dagrun for dataset_consumes_1_never_scheduled to None, run_after=None
[2025-01-03T15:43:49.743+0000] {logging_mixin.py:190} INFO - [2025-01-03T15:43:49.743+0000] {dag.py:4180} INFO - Setting next_dagrun for dataset_consumes_unknown_never_scheduled to None, run_after=None
[2025-01-03T15:43:49.744+0000] {logging_mixin.py:190} INFO - [2025-01-03T15:43:49.744+0000] {dag.py:4180} INFO - Setting next_dagrun for dataset_produces_1 to 2025-01-02 00:00:00+00:00, run_after=2025-01-03 00:00:00+00:00
[2025-01-03T15:43:49.745+0000] {logging_mixin.py:190} INFO - [2025-01-03T15:43:49.744+0000] {dag.py:4180} INFO - Setting next_dagrun for dataset_produces_2 to None, run_after=None
[2025-01-03T15:43:49.762+0000] {processor.py:208} INFO - Processing /home/airflow/.local/lib/python3.12/site-packages/airflow/example_dags/example_datasets.py took 0.243 seconds
[2025-01-03T15:44:19.866+0000] {processor.py:186} INFO - Started process (PID=302) to work on /home/airflow/.local/lib/python3.12/site-packages/airflow/example_dags/example_datasets.py
[2025-01-03T15:44:19.866+0000] {processor.py:914} INFO - Processing file /home/airflow/.local/lib/python3.12/site-packages/airflow/example_dags/example_datasets.py for tasks to queue
[2025-01-03T15:44:19.868+0000] {logging_mixin.py:190} INFO - [2025-01-03T15:44:19.868+0000] {dagbag.py:588} INFO - Filling up the DagBag from /home/airflow/.local/lib/python3.12/site-packages/airflow/example_dags/example_datasets.py
[2025-01-03T15:44:20.022+0000] {processor.py:925} INFO - DAG(s) 'consume_1_or_both_2_and_3_with_dataset_expressions', 'dataset_consumes_1_never_scheduled', 'dataset_consumes_unknown_never_scheduled', 'conditional_dataset_and_time_based_timetable', 'consume_1_and_2_with_dataset_expressions', 'dataset_produces_1', 'dataset_consumes_1', 'dataset_consumes_1_and_2', 'consume_1_or_2_with_dataset_expressions', 'dataset_produces_2' retrieved from /home/airflow/.local/lib/python3.12/site-packages/airflow/example_dags/example_datasets.py
[2025-01-03T15:44:20.042+0000] {logging_mixin.py:190} INFO - [2025-01-03T15:44:20.042+0000] {dag.py:3239} INFO - Sync 10 DAGs
[2025-01-03T15:44:20.054+0000] {logging_mixin.py:190} INFO - [2025-01-03T15:44:20.054+0000] {dag.py:4180} INFO - Setting next_dagrun for conditional_dataset_and_time_based_timetable to 2025-01-01 01:00:00+00:00, run_after=2025-01-01 01:00:00+00:00
[2025-01-03T15:44:20.055+0000] {logging_mixin.py:190} INFO - [2025-01-03T15:44:20.055+0000] {dag.py:4180} INFO - Setting next_dagrun for consume_1_and_2_with_dataset_expressions to None, run_after=None
[2025-01-03T15:44:20.056+0000] {logging_mixin.py:190} INFO - [2025-01-03T15:44:20.056+0000] {dag.py:4180} INFO - Setting next_dagrun for consume_1_or_2_with_dataset_expressions to None, run_after=None
[2025-01-03T15:44:20.057+0000] {logging_mixin.py:190} INFO - [2025-01-03T15:44:20.057+0000] {dag.py:4180} INFO - Setting next_dagrun for consume_1_or_both_2_and_3_with_dataset_expressions to None, run_after=None
[2025-01-03T15:44:20.057+0000] {logging_mixin.py:190} INFO - [2025-01-03T15:44:20.057+0000] {dag.py:4180} INFO - Setting next_dagrun for dataset_consumes_1 to None, run_after=None
[2025-01-03T15:44:20.058+0000] {logging_mixin.py:190} INFO - [2025-01-03T15:44:20.058+0000] {dag.py:4180} INFO - Setting next_dagrun for dataset_consumes_1_and_2 to None, run_after=None
[2025-01-03T15:44:20.058+0000] {logging_mixin.py:190} INFO - [2025-01-03T15:44:20.058+0000] {dag.py:4180} INFO - Setting next_dagrun for dataset_consumes_1_never_scheduled to None, run_after=None
[2025-01-03T15:44:20.059+0000] {logging_mixin.py:190} INFO - [2025-01-03T15:44:20.059+0000] {dag.py:4180} INFO - Setting next_dagrun for dataset_consumes_unknown_never_scheduled to None, run_after=None
[2025-01-03T15:44:20.060+0000] {logging_mixin.py:190} INFO - [2025-01-03T15:44:20.060+0000] {dag.py:4180} INFO - Setting next_dagrun for dataset_produces_1 to 2025-01-02 00:00:00+00:00, run_after=2025-01-03 00:00:00+00:00
[2025-01-03T15:44:20.060+0000] {logging_mixin.py:190} INFO - [2025-01-03T15:44:20.060+0000] {dag.py:4180} INFO - Setting next_dagrun for dataset_produces_2 to None, run_after=None
[2025-01-03T15:44:20.073+0000] {processor.py:208} INFO - Processing /home/airflow/.local/lib/python3.12/site-packages/airflow/example_dags/example_datasets.py took 0.211 seconds
[2025-01-03T15:44:51.157+0000] {processor.py:186} INFO - Started process (PID=364) to work on /home/airflow/.local/lib/python3.12/site-packages/airflow/example_dags/example_datasets.py
[2025-01-03T15:44:51.158+0000] {processor.py:914} INFO - Processing file /home/airflow/.local/lib/python3.12/site-packages/airflow/example_dags/example_datasets.py for tasks to queue
[2025-01-03T15:44:51.159+0000] {logging_mixin.py:190} INFO - [2025-01-03T15:44:51.159+0000] {dagbag.py:588} INFO - Filling up the DagBag from /home/airflow/.local/lib/python3.12/site-packages/airflow/example_dags/example_datasets.py
[2025-01-03T15:44:51.291+0000] {processor.py:925} INFO - DAG(s) 'conditional_dataset_and_time_based_timetable', 'dataset_consumes_unknown_never_scheduled', 'consume_1_or_both_2_and_3_with_dataset_expressions', 'dataset_consumes_1_and_2', 'dataset_produces_2', 'dataset_produces_1', 'dataset_consumes_1', 'consume_1_or_2_with_dataset_expressions', 'consume_1_and_2_with_dataset_expressions', 'dataset_consumes_1_never_scheduled' retrieved from /home/airflow/.local/lib/python3.12/site-packages/airflow/example_dags/example_datasets.py
[2025-01-03T15:44:51.313+0000] {logging_mixin.py:190} INFO - [2025-01-03T15:44:51.312+0000] {dag.py:3239} INFO - Sync 10 DAGs
[2025-01-03T15:44:51.326+0000] {logging_mixin.py:190} INFO - [2025-01-03T15:44:51.326+0000] {dag.py:4180} INFO - Setting next_dagrun for conditional_dataset_and_time_based_timetable to 2025-01-01 01:00:00+00:00, run_after=2025-01-01 01:00:00+00:00
[2025-01-03T15:44:51.328+0000] {logging_mixin.py:190} INFO - [2025-01-03T15:44:51.328+0000] {dag.py:4180} INFO - Setting next_dagrun for consume_1_and_2_with_dataset_expressions to None, run_after=None
[2025-01-03T15:44:51.329+0000] {logging_mixin.py:190} INFO - [2025-01-03T15:44:51.329+0000] {dag.py:4180} INFO - Setting next_dagrun for consume_1_or_2_with_dataset_expressions to None, run_after=None
[2025-01-03T15:44:51.329+0000] {logging_mixin.py:190} INFO - [2025-01-03T15:44:51.329+0000] {dag.py:4180} INFO - Setting next_dagrun for consume_1_or_both_2_and_3_with_dataset_expressions to None, run_after=None
[2025-01-03T15:44:51.330+0000] {logging_mixin.py:190} INFO - [2025-01-03T15:44:51.330+0000] {dag.py:4180} INFO - Setting next_dagrun for dataset_consumes_1 to None, run_after=None
[2025-01-03T15:44:51.330+0000] {logging_mixin.py:190} INFO - [2025-01-03T15:44:51.330+0000] {dag.py:4180} INFO - Setting next_dagrun for dataset_consumes_1_and_2 to None, run_after=None
[2025-01-03T15:44:51.331+0000] {logging_mixin.py:190} INFO - [2025-01-03T15:44:51.331+0000] {dag.py:4180} INFO - Setting next_dagrun for dataset_consumes_1_never_scheduled to None, run_after=None
[2025-01-03T15:44:51.332+0000] {logging_mixin.py:190} INFO - [2025-01-03T15:44:51.331+0000] {dag.py:4180} INFO - Setting next_dagrun for dataset_consumes_unknown_never_scheduled to None, run_after=None
[2025-01-03T15:44:51.332+0000] {logging_mixin.py:190} INFO - [2025-01-03T15:44:51.332+0000] {dag.py:4180} INFO - Setting next_dagrun for dataset_produces_1 to 2025-01-02 00:00:00+00:00, run_after=2025-01-03 00:00:00+00:00
[2025-01-03T15:44:51.333+0000] {logging_mixin.py:190} INFO - [2025-01-03T15:44:51.333+0000] {dag.py:4180} INFO - Setting next_dagrun for dataset_produces_2 to None, run_after=None
[2025-01-03T15:44:51.348+0000] {processor.py:208} INFO - Processing /home/airflow/.local/lib/python3.12/site-packages/airflow/example_dags/example_datasets.py took 0.196 seconds
[2025-01-03T15:45:24.350+0000] {processor.py:186} INFO - Started process (PID=424) to work on /home/airflow/.local/lib/python3.12/site-packages/airflow/example_dags/example_datasets.py
[2025-01-03T15:45:24.351+0000] {processor.py:914} INFO - Processing file /home/airflow/.local/lib/python3.12/site-packages/airflow/example_dags/example_datasets.py for tasks to queue
[2025-01-03T15:45:24.352+0000] {logging_mixin.py:190} INFO - [2025-01-03T15:45:24.352+0000] {dagbag.py:588} INFO - Filling up the DagBag from /home/airflow/.local/lib/python3.12/site-packages/airflow/example_dags/example_datasets.py
[2025-01-03T15:45:24.983+0000] {processor.py:925} INFO - DAG(s) 'dataset_produces_2', 'dataset_produces_1', 'consume_1_or_both_2_and_3_with_dataset_expressions', 'consume_1_or_2_with_dataset_expressions', 'dataset_consumes_1_never_scheduled', 'conditional_dataset_and_time_based_timetable', 'dataset_consumes_1', 'consume_1_and_2_with_dataset_expressions', 'dataset_consumes_unknown_never_scheduled', 'dataset_consumes_1_and_2' retrieved from /home/airflow/.local/lib/python3.12/site-packages/airflow/example_dags/example_datasets.py
[2025-01-03T15:45:25.085+0000] {logging_mixin.py:190} INFO - [2025-01-03T15:45:25.084+0000] {dag.py:3239} INFO - Sync 10 DAGs
[2025-01-03T15:45:25.139+0000] {logging_mixin.py:190} INFO - [2025-01-03T15:45:25.139+0000] {dag.py:4180} INFO - Setting next_dagrun for conditional_dataset_and_time_based_timetable to 2025-01-01 01:00:00+00:00, run_after=2025-01-01 01:00:00+00:00
[2025-01-03T15:45:25.142+0000] {logging_mixin.py:190} INFO - [2025-01-03T15:45:25.142+0000] {dag.py:4180} INFO - Setting next_dagrun for consume_1_and_2_with_dataset_expressions to None, run_after=None
[2025-01-03T15:45:25.145+0000] {logging_mixin.py:190} INFO - [2025-01-03T15:45:25.145+0000] {dag.py:4180} INFO - Setting next_dagrun for consume_1_or_2_with_dataset_expressions to None, run_after=None
[2025-01-03T15:45:25.147+0000] {logging_mixin.py:190} INFO - [2025-01-03T15:45:25.147+0000] {dag.py:4180} INFO - Setting next_dagrun for consume_1_or_both_2_and_3_with_dataset_expressions to None, run_after=None
[2025-01-03T15:45:25.151+0000] {logging_mixin.py:190} INFO - [2025-01-03T15:45:25.151+0000] {dag.py:4180} INFO - Setting next_dagrun for dataset_consumes_1 to None, run_after=None
[2025-01-03T15:45:25.162+0000] {logging_mixin.py:190} INFO - [2025-01-03T15:45:25.161+0000] {dag.py:4180} INFO - Setting next_dagrun for dataset_consumes_1_and_2 to None, run_after=None
[2025-01-03T15:45:25.163+0000] {logging_mixin.py:190} INFO - [2025-01-03T15:45:25.163+0000] {dag.py:4180} INFO - Setting next_dagrun for dataset_consumes_1_never_scheduled to None, run_after=None
[2025-01-03T15:45:25.164+0000] {logging_mixin.py:190} INFO - [2025-01-03T15:45:25.164+0000] {dag.py:4180} INFO - Setting next_dagrun for dataset_consumes_unknown_never_scheduled to None, run_after=None
[2025-01-03T15:45:25.169+0000] {logging_mixin.py:190} INFO - [2025-01-03T15:45:25.169+0000] {dag.py:4180} INFO - Setting next_dagrun for dataset_produces_1 to 2025-01-02 00:00:00+00:00, run_after=2025-01-03 00:00:00+00:00
[2025-01-03T15:45:25.170+0000] {logging_mixin.py:190} INFO - [2025-01-03T15:45:25.170+0000] {dag.py:4180} INFO - Setting next_dagrun for dataset_produces_2 to None, run_after=None
[2025-01-03T15:45:25.208+0000] {processor.py:208} INFO - Processing /home/airflow/.local/lib/python3.12/site-packages/airflow/example_dags/example_datasets.py took 0.863 seconds
[2025-01-03T15:45:55.774+0000] {processor.py:186} INFO - Started process (PID=486) to work on /home/airflow/.local/lib/python3.12/site-packages/airflow/example_dags/example_datasets.py
[2025-01-03T15:45:55.776+0000] {processor.py:914} INFO - Processing file /home/airflow/.local/lib/python3.12/site-packages/airflow/example_dags/example_datasets.py for tasks to queue
[2025-01-03T15:45:55.781+0000] {logging_mixin.py:190} INFO - [2025-01-03T15:45:55.780+0000] {dagbag.py:588} INFO - Filling up the DagBag from /home/airflow/.local/lib/python3.12/site-packages/airflow/example_dags/example_datasets.py
[2025-01-03T15:45:56.095+0000] {processor.py:925} INFO - DAG(s) 'conditional_dataset_and_time_based_timetable', 'dataset_produces_2', 'dataset_produces_1', 'dataset_consumes_1', 'consume_1_and_2_with_dataset_expressions', 'consume_1_or_2_with_dataset_expressions', 'dataset_consumes_1_never_scheduled', 'dataset_consumes_1_and_2', 'consume_1_or_both_2_and_3_with_dataset_expressions', 'dataset_consumes_unknown_never_scheduled' retrieved from /home/airflow/.local/lib/python3.12/site-packages/airflow/example_dags/example_datasets.py
[2025-01-03T15:45:56.218+0000] {logging_mixin.py:190} INFO - [2025-01-03T15:45:56.217+0000] {dag.py:3239} INFO - Sync 10 DAGs
[2025-01-03T15:45:56.251+0000] {logging_mixin.py:190} INFO - [2025-01-03T15:45:56.250+0000] {dag.py:4180} INFO - Setting next_dagrun for conditional_dataset_and_time_based_timetable to 2025-01-01 01:00:00+00:00, run_after=2025-01-01 01:00:00+00:00
[2025-01-03T15:45:56.256+0000] {logging_mixin.py:190} INFO - [2025-01-03T15:45:56.256+0000] {dag.py:4180} INFO - Setting next_dagrun for consume_1_and_2_with_dataset_expressions to None, run_after=None
[2025-01-03T15:45:56.259+0000] {logging_mixin.py:190} INFO - [2025-01-03T15:45:56.259+0000] {dag.py:4180} INFO - Setting next_dagrun for consume_1_or_2_with_dataset_expressions to None, run_after=None
[2025-01-03T15:45:56.262+0000] {logging_mixin.py:190} INFO - [2025-01-03T15:45:56.262+0000] {dag.py:4180} INFO - Setting next_dagrun for consume_1_or_both_2_and_3_with_dataset_expressions to None, run_after=None
[2025-01-03T15:45:56.265+0000] {logging_mixin.py:190} INFO - [2025-01-03T15:45:56.264+0000] {dag.py:4180} INFO - Setting next_dagrun for dataset_consumes_1 to None, run_after=None
[2025-01-03T15:45:56.268+0000] {logging_mixin.py:190} INFO - [2025-01-03T15:45:56.267+0000] {dag.py:4180} INFO - Setting next_dagrun for dataset_consumes_1_and_2 to None, run_after=None
[2025-01-03T15:45:56.270+0000] {logging_mixin.py:190} INFO - [2025-01-03T15:45:56.270+0000] {dag.py:4180} INFO - Setting next_dagrun for dataset_consumes_1_never_scheduled to None, run_after=None
[2025-01-03T15:45:56.273+0000] {logging_mixin.py:190} INFO - [2025-01-03T15:45:56.273+0000] {dag.py:4180} INFO - Setting next_dagrun for dataset_consumes_unknown_never_scheduled to None, run_after=None
[2025-01-03T15:45:56.276+0000] {logging_mixin.py:190} INFO - [2025-01-03T15:45:56.276+0000] {dag.py:4180} INFO - Setting next_dagrun for dataset_produces_1 to 2025-01-02 00:00:00+00:00, run_after=2025-01-03 00:00:00+00:00
[2025-01-03T15:45:56.278+0000] {logging_mixin.py:190} INFO - [2025-01-03T15:45:56.277+0000] {dag.py:4180} INFO - Setting next_dagrun for dataset_produces_2 to None, run_after=None
[2025-01-03T15:45:56.318+0000] {processor.py:208} INFO - Processing /home/airflow/.local/lib/python3.12/site-packages/airflow/example_dags/example_datasets.py took 0.553 seconds
[2025-01-03T15:46:27.004+0000] {processor.py:186} INFO - Started process (PID=554) to work on /home/airflow/.local/lib/python3.12/site-packages/airflow/example_dags/example_datasets.py
[2025-01-03T15:46:27.005+0000] {processor.py:914} INFO - Processing file /home/airflow/.local/lib/python3.12/site-packages/airflow/example_dags/example_datasets.py for tasks to queue
[2025-01-03T15:46:27.006+0000] {logging_mixin.py:190} INFO - [2025-01-03T15:46:27.006+0000] {dagbag.py:588} INFO - Filling up the DagBag from /home/airflow/.local/lib/python3.12/site-packages/airflow/example_dags/example_datasets.py
[2025-01-03T15:46:27.211+0000] {processor.py:925} INFO - DAG(s) 'dataset_consumes_1', 'dataset_produces_2', 'consume_1_or_2_with_dataset_expressions', 'conditional_dataset_and_time_based_timetable', 'dataset_consumes_unknown_never_scheduled', 'dataset_consumes_1_never_scheduled', 'dataset_produces_1', 'consume_1_and_2_with_dataset_expressions', 'consume_1_or_both_2_and_3_with_dataset_expressions', 'dataset_consumes_1_and_2' retrieved from /home/airflow/.local/lib/python3.12/site-packages/airflow/example_dags/example_datasets.py
[2025-01-03T15:46:27.237+0000] {logging_mixin.py:190} INFO - [2025-01-03T15:46:27.237+0000] {dag.py:3239} INFO - Sync 10 DAGs
[2025-01-03T15:46:27.251+0000] {logging_mixin.py:190} INFO - [2025-01-03T15:46:27.251+0000] {dag.py:4180} INFO - Setting next_dagrun for conditional_dataset_and_time_based_timetable to 2025-01-01 01:00:00+00:00, run_after=2025-01-01 01:00:00+00:00
[2025-01-03T15:46:27.257+0000] {logging_mixin.py:190} INFO - [2025-01-03T15:46:27.256+0000] {dag.py:4180} INFO - Setting next_dagrun for consume_1_and_2_with_dataset_expressions to None, run_after=None
[2025-01-03T15:46:27.258+0000] {logging_mixin.py:190} INFO - [2025-01-03T15:46:27.258+0000] {dag.py:4180} INFO - Setting next_dagrun for consume_1_or_2_with_dataset_expressions to None, run_after=None
[2025-01-03T15:46:27.258+0000] {logging_mixin.py:190} INFO - [2025-01-03T15:46:27.258+0000] {dag.py:4180} INFO - Setting next_dagrun for consume_1_or_both_2_and_3_with_dataset_expressions to None, run_after=None
[2025-01-03T15:46:27.259+0000] {logging_mixin.py:190} INFO - [2025-01-03T15:46:27.259+0000] {dag.py:4180} INFO - Setting next_dagrun for dataset_consumes_1 to None, run_after=None
[2025-01-03T15:46:27.260+0000] {logging_mixin.py:190} INFO - [2025-01-03T15:46:27.260+0000] {dag.py:4180} INFO - Setting next_dagrun for dataset_consumes_1_and_2 to None, run_after=None
[2025-01-03T15:46:27.261+0000] {logging_mixin.py:190} INFO - [2025-01-03T15:46:27.260+0000] {dag.py:4180} INFO - Setting next_dagrun for dataset_consumes_1_never_scheduled to None, run_after=None
[2025-01-03T15:46:27.261+0000] {logging_mixin.py:190} INFO - [2025-01-03T15:46:27.261+0000] {dag.py:4180} INFO - Setting next_dagrun for dataset_consumes_unknown_never_scheduled to None, run_after=None
[2025-01-03T15:46:27.262+0000] {logging_mixin.py:190} INFO - [2025-01-03T15:46:27.262+0000] {dag.py:4180} INFO - Setting next_dagrun for dataset_produces_1 to 2025-01-02 00:00:00+00:00, run_after=2025-01-03 00:00:00+00:00
[2025-01-03T15:46:27.263+0000] {logging_mixin.py:190} INFO - [2025-01-03T15:46:27.263+0000] {dag.py:4180} INFO - Setting next_dagrun for dataset_produces_2 to None, run_after=None
[2025-01-03T15:46:27.281+0000] {processor.py:208} INFO - Processing /home/airflow/.local/lib/python3.12/site-packages/airflow/example_dags/example_datasets.py took 0.281 seconds
[2025-01-03T15:46:57.479+0000] {processor.py:186} INFO - Started process (PID=616) to work on /home/airflow/.local/lib/python3.12/site-packages/airflow/example_dags/example_datasets.py
[2025-01-03T15:46:57.484+0000] {processor.py:914} INFO - Processing file /home/airflow/.local/lib/python3.12/site-packages/airflow/example_dags/example_datasets.py for tasks to queue
[2025-01-03T15:46:57.489+0000] {logging_mixin.py:190} INFO - [2025-01-03T15:46:57.488+0000] {dagbag.py:588} INFO - Filling up the DagBag from /home/airflow/.local/lib/python3.12/site-packages/airflow/example_dags/example_datasets.py
[2025-01-03T15:46:57.658+0000] {processor.py:925} INFO - DAG(s) 'dataset_consumes_1_never_scheduled', 'dataset_consumes_1_and_2', 'consume_1_and_2_with_dataset_expressions', 'dataset_produces_1', 'dataset_consumes_unknown_never_scheduled', 'consume_1_or_2_with_dataset_expressions', 'conditional_dataset_and_time_based_timetable', 'dataset_produces_2', 'dataset_consumes_1', 'consume_1_or_both_2_and_3_with_dataset_expressions' retrieved from /home/airflow/.local/lib/python3.12/site-packages/airflow/example_dags/example_datasets.py
[2025-01-03T15:46:57.683+0000] {logging_mixin.py:190} INFO - [2025-01-03T15:46:57.683+0000] {dag.py:3239} INFO - Sync 10 DAGs
[2025-01-03T15:46:57.699+0000] {logging_mixin.py:190} INFO - [2025-01-03T15:46:57.699+0000] {dag.py:4180} INFO - Setting next_dagrun for conditional_dataset_and_time_based_timetable to 2025-01-01 01:00:00+00:00, run_after=2025-01-01 01:00:00+00:00
[2025-01-03T15:46:57.701+0000] {logging_mixin.py:190} INFO - [2025-01-03T15:46:57.701+0000] {dag.py:4180} INFO - Setting next_dagrun for consume_1_and_2_with_dataset_expressions to None, run_after=None
[2025-01-03T15:46:57.702+0000] {logging_mixin.py:190} INFO - [2025-01-03T15:46:57.702+0000] {dag.py:4180} INFO - Setting next_dagrun for consume_1_or_2_with_dataset_expressions to None, run_after=None
[2025-01-03T15:46:57.702+0000] {logging_mixin.py:190} INFO - [2025-01-03T15:46:57.702+0000] {dag.py:4180} INFO - Setting next_dagrun for consume_1_or_both_2_and_3_with_dataset_expressions to None, run_after=None
[2025-01-03T15:46:57.703+0000] {logging_mixin.py:190} INFO - [2025-01-03T15:46:57.703+0000] {dag.py:4180} INFO - Setting next_dagrun for dataset_consumes_1 to None, run_after=None
[2025-01-03T15:46:57.703+0000] {logging_mixin.py:190} INFO - [2025-01-03T15:46:57.703+0000] {dag.py:4180} INFO - Setting next_dagrun for dataset_consumes_1_and_2 to None, run_after=None
[2025-01-03T15:46:57.704+0000] {logging_mixin.py:190} INFO - [2025-01-03T15:46:57.704+0000] {dag.py:4180} INFO - Setting next_dagrun for dataset_consumes_1_never_scheduled to None, run_after=None
[2025-01-03T15:46:57.705+0000] {logging_mixin.py:190} INFO - [2025-01-03T15:46:57.705+0000] {dag.py:4180} INFO - Setting next_dagrun for dataset_consumes_unknown_never_scheduled to None, run_after=None
[2025-01-03T15:46:57.706+0000] {logging_mixin.py:190} INFO - [2025-01-03T15:46:57.706+0000] {dag.py:4180} INFO - Setting next_dagrun for dataset_produces_1 to 2025-01-02 00:00:00+00:00, run_after=2025-01-03 00:00:00+00:00
[2025-01-03T15:46:57.706+0000] {logging_mixin.py:190} INFO - [2025-01-03T15:46:57.706+0000] {dag.py:4180} INFO - Setting next_dagrun for dataset_produces_2 to None, run_after=None
[2025-01-03T15:46:57.721+0000] {processor.py:208} INFO - Processing /home/airflow/.local/lib/python3.12/site-packages/airflow/example_dags/example_datasets.py took 0.252 seconds
[2025-01-03T15:47:27.748+0000] {processor.py:186} INFO - Started process (PID=679) to work on /home/airflow/.local/lib/python3.12/site-packages/airflow/example_dags/example_datasets.py
[2025-01-03T15:47:27.749+0000] {processor.py:914} INFO - Processing file /home/airflow/.local/lib/python3.12/site-packages/airflow/example_dags/example_datasets.py for tasks to queue
[2025-01-03T15:47:27.751+0000] {logging_mixin.py:190} INFO - [2025-01-03T15:47:27.751+0000] {dagbag.py:588} INFO - Filling up the DagBag from /home/airflow/.local/lib/python3.12/site-packages/airflow/example_dags/example_datasets.py
[2025-01-03T15:47:27.844+0000] {processor.py:925} INFO - DAG(s) 'dataset_consumes_1_never_scheduled', 'dataset_consumes_unknown_never_scheduled', 'dataset_consumes_1_and_2', 'dataset_consumes_1', 'consume_1_and_2_with_dataset_expressions', 'dataset_produces_1', 'dataset_produces_2', 'conditional_dataset_and_time_based_timetable', 'consume_1_or_2_with_dataset_expressions', 'consume_1_or_both_2_and_3_with_dataset_expressions' retrieved from /home/airflow/.local/lib/python3.12/site-packages/airflow/example_dags/example_datasets.py
[2025-01-03T15:47:27.866+0000] {logging_mixin.py:190} INFO - [2025-01-03T15:47:27.866+0000] {dag.py:3239} INFO - Sync 10 DAGs
[2025-01-03T15:47:27.878+0000] {logging_mixin.py:190} INFO - [2025-01-03T15:47:27.878+0000] {dag.py:4180} INFO - Setting next_dagrun for conditional_dataset_and_time_based_timetable to 2025-01-01 01:00:00+00:00, run_after=2025-01-01 01:00:00+00:00
[2025-01-03T15:47:27.880+0000] {logging_mixin.py:190} INFO - [2025-01-03T15:47:27.880+0000] {dag.py:4180} INFO - Setting next_dagrun for consume_1_and_2_with_dataset_expressions to None, run_after=None
[2025-01-03T15:47:27.881+0000] {logging_mixin.py:190} INFO - [2025-01-03T15:47:27.880+0000] {dag.py:4180} INFO - Setting next_dagrun for consume_1_or_2_with_dataset_expressions to None, run_after=None
[2025-01-03T15:47:27.881+0000] {logging_mixin.py:190} INFO - [2025-01-03T15:47:27.881+0000] {dag.py:4180} INFO - Setting next_dagrun for consume_1_or_both_2_and_3_with_dataset_expressions to None, run_after=None
[2025-01-03T15:47:27.882+0000] {logging_mixin.py:190} INFO - [2025-01-03T15:47:27.882+0000] {dag.py:4180} INFO - Setting next_dagrun for dataset_consumes_1 to None, run_after=None
[2025-01-03T15:47:27.882+0000] {logging_mixin.py:190} INFO - [2025-01-03T15:47:27.882+0000] {dag.py:4180} INFO - Setting next_dagrun for dataset_consumes_1_and_2 to None, run_after=None
[2025-01-03T15:47:27.883+0000] {logging_mixin.py:190} INFO - [2025-01-03T15:47:27.883+0000] {dag.py:4180} INFO - Setting next_dagrun for dataset_consumes_1_never_scheduled to None, run_after=None
[2025-01-03T15:47:27.883+0000] {logging_mixin.py:190} INFO - [2025-01-03T15:47:27.883+0000] {dag.py:4180} INFO - Setting next_dagrun for dataset_consumes_unknown_never_scheduled to None, run_after=None
[2025-01-03T15:47:27.884+0000] {logging_mixin.py:190} INFO - [2025-01-03T15:47:27.884+0000] {dag.py:4180} INFO - Setting next_dagrun for dataset_produces_1 to 2025-01-02 00:00:00+00:00, run_after=2025-01-03 00:00:00+00:00
[2025-01-03T15:47:27.885+0000] {logging_mixin.py:190} INFO - [2025-01-03T15:47:27.885+0000] {dag.py:4180} INFO - Setting next_dagrun for dataset_produces_2 to None, run_after=None
[2025-01-03T15:47:27.898+0000] {processor.py:208} INFO - Processing /home/airflow/.local/lib/python3.12/site-packages/airflow/example_dags/example_datasets.py took 0.153 seconds
[2025-01-03T15:47:57.990+0000] {processor.py:186} INFO - Started process (PID=740) to work on /home/airflow/.local/lib/python3.12/site-packages/airflow/example_dags/example_datasets.py
[2025-01-03T15:47:57.991+0000] {processor.py:914} INFO - Processing file /home/airflow/.local/lib/python3.12/site-packages/airflow/example_dags/example_datasets.py for tasks to queue
[2025-01-03T15:47:57.993+0000] {logging_mixin.py:190} INFO - [2025-01-03T15:47:57.993+0000] {dagbag.py:588} INFO - Filling up the DagBag from /home/airflow/.local/lib/python3.12/site-packages/airflow/example_dags/example_datasets.py
[2025-01-03T15:47:58.260+0000] {processor.py:925} INFO - DAG(s) 'consume_1_or_both_2_and_3_with_dataset_expressions', 'dataset_consumes_1_and_2', 'consume_1_and_2_with_dataset_expressions', 'conditional_dataset_and_time_based_timetable', 'dataset_consumes_unknown_never_scheduled', 'dataset_produces_1', 'dataset_produces_2', 'dataset_consumes_1', 'consume_1_or_2_with_dataset_expressions', 'dataset_consumes_1_never_scheduled' retrieved from /home/airflow/.local/lib/python3.12/site-packages/airflow/example_dags/example_datasets.py
[2025-01-03T15:47:58.284+0000] {logging_mixin.py:190} INFO - [2025-01-03T15:47:58.284+0000] {dag.py:3239} INFO - Sync 10 DAGs
[2025-01-03T15:47:58.308+0000] {logging_mixin.py:190} INFO - [2025-01-03T15:47:58.308+0000] {dag.py:4180} INFO - Setting next_dagrun for conditional_dataset_and_time_based_timetable to 2025-01-01 01:00:00+00:00, run_after=2025-01-01 01:00:00+00:00
[2025-01-03T15:47:58.311+0000] {logging_mixin.py:190} INFO - [2025-01-03T15:47:58.311+0000] {dag.py:4180} INFO - Setting next_dagrun for consume_1_and_2_with_dataset_expressions to None, run_after=None
[2025-01-03T15:47:58.312+0000] {logging_mixin.py:190} INFO - [2025-01-03T15:47:58.312+0000] {dag.py:4180} INFO - Setting next_dagrun for consume_1_or_2_with_dataset_expressions to None, run_after=None
[2025-01-03T15:47:58.313+0000] {logging_mixin.py:190} INFO - [2025-01-03T15:47:58.313+0000] {dag.py:4180} INFO - Setting next_dagrun for consume_1_or_both_2_and_3_with_dataset_expressions to None, run_after=None
[2025-01-03T15:47:58.314+0000] {logging_mixin.py:190} INFO - [2025-01-03T15:47:58.314+0000] {dag.py:4180} INFO - Setting next_dagrun for dataset_consumes_1 to None, run_after=None
[2025-01-03T15:47:58.324+0000] {logging_mixin.py:190} INFO - [2025-01-03T15:47:58.323+0000] {dag.py:4180} INFO - Setting next_dagrun for dataset_consumes_1_and_2 to None, run_after=None
[2025-01-03T15:47:58.340+0000] {logging_mixin.py:190} INFO - [2025-01-03T15:47:58.339+0000] {dag.py:4180} INFO - Setting next_dagrun for dataset_consumes_1_never_scheduled to None, run_after=None
[2025-01-03T15:47:58.347+0000] {logging_mixin.py:190} INFO - [2025-01-03T15:47:58.346+0000] {dag.py:4180} INFO - Setting next_dagrun for dataset_consumes_unknown_never_scheduled to None, run_after=None
[2025-01-03T15:47:58.350+0000] {logging_mixin.py:190} INFO - [2025-01-03T15:47:58.350+0000] {dag.py:4180} INFO - Setting next_dagrun for dataset_produces_1 to 2025-01-02 00:00:00+00:00, run_after=2025-01-03 00:00:00+00:00
[2025-01-03T15:47:58.355+0000] {logging_mixin.py:190} INFO - [2025-01-03T15:47:58.354+0000] {dag.py:4180} INFO - Setting next_dagrun for dataset_produces_2 to None, run_after=None
[2025-01-03T15:47:58.417+0000] {processor.py:208} INFO - Processing /home/airflow/.local/lib/python3.12/site-packages/airflow/example_dags/example_datasets.py took 0.438 seconds
[2025-01-03T15:48:28.574+0000] {processor.py:186} INFO - Started process (PID=802) to work on /home/airflow/.local/lib/python3.12/site-packages/airflow/example_dags/example_datasets.py
[2025-01-03T15:48:28.575+0000] {processor.py:914} INFO - Processing file /home/airflow/.local/lib/python3.12/site-packages/airflow/example_dags/example_datasets.py for tasks to queue
[2025-01-03T15:48:28.576+0000] {logging_mixin.py:190} INFO - [2025-01-03T15:48:28.576+0000] {dagbag.py:588} INFO - Filling up the DagBag from /home/airflow/.local/lib/python3.12/site-packages/airflow/example_dags/example_datasets.py
[2025-01-03T15:48:28.715+0000] {processor.py:925} INFO - DAG(s) 'dataset_consumes_1', 'conditional_dataset_and_time_based_timetable', 'consume_1_or_2_with_dataset_expressions', 'consume_1_or_both_2_and_3_with_dataset_expressions', 'dataset_consumes_1_never_scheduled', 'dataset_consumes_unknown_never_scheduled', 'dataset_produces_2', 'consume_1_and_2_with_dataset_expressions', 'dataset_produces_1', 'dataset_consumes_1_and_2' retrieved from /home/airflow/.local/lib/python3.12/site-packages/airflow/example_dags/example_datasets.py
[2025-01-03T15:48:28.739+0000] {logging_mixin.py:190} INFO - [2025-01-03T15:48:28.739+0000] {dag.py:3239} INFO - Sync 10 DAGs
[2025-01-03T15:48:28.753+0000] {logging_mixin.py:190} INFO - [2025-01-03T15:48:28.753+0000] {dag.py:4180} INFO - Setting next_dagrun for conditional_dataset_and_time_based_timetable to 2025-01-01 01:00:00+00:00, run_after=2025-01-01 01:00:00+00:00
[2025-01-03T15:48:28.755+0000] {logging_mixin.py:190} INFO - [2025-01-03T15:48:28.755+0000] {dag.py:4180} INFO - Setting next_dagrun for consume_1_and_2_with_dataset_expressions to None, run_after=None
[2025-01-03T15:48:28.756+0000] {logging_mixin.py:190} INFO - [2025-01-03T15:48:28.755+0000] {dag.py:4180} INFO - Setting next_dagrun for consume_1_or_2_with_dataset_expressions to None, run_after=None
[2025-01-03T15:48:28.756+0000] {logging_mixin.py:190} INFO - [2025-01-03T15:48:28.756+0000] {dag.py:4180} INFO - Setting next_dagrun for consume_1_or_both_2_and_3_with_dataset_expressions to None, run_after=None
[2025-01-03T15:48:28.757+0000] {logging_mixin.py:190} INFO - [2025-01-03T15:48:28.757+0000] {dag.py:4180} INFO - Setting next_dagrun for dataset_consumes_1 to None, run_after=None
[2025-01-03T15:48:28.757+0000] {logging_mixin.py:190} INFO - [2025-01-03T15:48:28.757+0000] {dag.py:4180} INFO - Setting next_dagrun for dataset_consumes_1_and_2 to None, run_after=None
[2025-01-03T15:48:28.758+0000] {logging_mixin.py:190} INFO - [2025-01-03T15:48:28.758+0000] {dag.py:4180} INFO - Setting next_dagrun for dataset_consumes_1_never_scheduled to None, run_after=None
[2025-01-03T15:48:28.758+0000] {logging_mixin.py:190} INFO - [2025-01-03T15:48:28.758+0000] {dag.py:4180} INFO - Setting next_dagrun for dataset_consumes_unknown_never_scheduled to None, run_after=None
[2025-01-03T15:48:28.759+0000] {logging_mixin.py:190} INFO - [2025-01-03T15:48:28.759+0000] {dag.py:4180} INFO - Setting next_dagrun for dataset_produces_1 to 2025-01-02 00:00:00+00:00, run_after=2025-01-03 00:00:00+00:00
[2025-01-03T15:48:28.760+0000] {logging_mixin.py:190} INFO - [2025-01-03T15:48:28.760+0000] {dag.py:4180} INFO - Setting next_dagrun for dataset_produces_2 to None, run_after=None
[2025-01-03T15:48:28.775+0000] {processor.py:208} INFO - Processing /home/airflow/.local/lib/python3.12/site-packages/airflow/example_dags/example_datasets.py took 0.213 seconds
[2025-01-03T15:48:59.193+0000] {processor.py:186} INFO - Started process (PID=864) to work on /home/airflow/.local/lib/python3.12/site-packages/airflow/example_dags/example_datasets.py
[2025-01-03T15:48:59.196+0000] {processor.py:914} INFO - Processing file /home/airflow/.local/lib/python3.12/site-packages/airflow/example_dags/example_datasets.py for tasks to queue
[2025-01-03T15:48:59.201+0000] {logging_mixin.py:190} INFO - [2025-01-03T15:48:59.201+0000] {dagbag.py:588} INFO - Filling up the DagBag from /home/airflow/.local/lib/python3.12/site-packages/airflow/example_dags/example_datasets.py
[2025-01-03T15:48:59.555+0000] {processor.py:925} INFO - DAG(s) 'consume_1_or_2_with_dataset_expressions', 'consume_1_and_2_with_dataset_expressions', 'consume_1_or_both_2_and_3_with_dataset_expressions', 'dataset_consumes_1', 'dataset_consumes_1_and_2', 'dataset_produces_2', 'dataset_consumes_unknown_never_scheduled', 'conditional_dataset_and_time_based_timetable', 'dataset_consumes_1_never_scheduled', 'dataset_produces_1' retrieved from /home/airflow/.local/lib/python3.12/site-packages/airflow/example_dags/example_datasets.py
[2025-01-03T15:48:59.581+0000] {logging_mixin.py:190} INFO - [2025-01-03T15:48:59.581+0000] {dag.py:3239} INFO - Sync 10 DAGs
[2025-01-03T15:48:59.597+0000] {logging_mixin.py:190} INFO - [2025-01-03T15:48:59.597+0000] {dag.py:4180} INFO - Setting next_dagrun for conditional_dataset_and_time_based_timetable to 2025-01-01 01:00:00+00:00, run_after=2025-01-01 01:00:00+00:00
[2025-01-03T15:48:59.599+0000] {logging_mixin.py:190} INFO - [2025-01-03T15:48:59.599+0000] {dag.py:4180} INFO - Setting next_dagrun for consume_1_and_2_with_dataset_expressions to None, run_after=None
[2025-01-03T15:48:59.600+0000] {logging_mixin.py:190} INFO - [2025-01-03T15:48:59.600+0000] {dag.py:4180} INFO - Setting next_dagrun for consume_1_or_2_with_dataset_expressions to None, run_after=None
[2025-01-03T15:48:59.601+0000] {logging_mixin.py:190} INFO - [2025-01-03T15:48:59.601+0000] {dag.py:4180} INFO - Setting next_dagrun for consume_1_or_both_2_and_3_with_dataset_expressions to None, run_after=None
[2025-01-03T15:48:59.601+0000] {logging_mixin.py:190} INFO - [2025-01-03T15:48:59.601+0000] {dag.py:4180} INFO - Setting next_dagrun for dataset_consumes_1 to None, run_after=None
[2025-01-03T15:48:59.602+0000] {logging_mixin.py:190} INFO - [2025-01-03T15:48:59.602+0000] {dag.py:4180} INFO - Setting next_dagrun for dataset_consumes_1_and_2 to None, run_after=None
[2025-01-03T15:48:59.602+0000] {logging_mixin.py:190} INFO - [2025-01-03T15:48:59.602+0000] {dag.py:4180} INFO - Setting next_dagrun for dataset_consumes_1_never_scheduled to None, run_after=None
[2025-01-03T15:48:59.603+0000] {logging_mixin.py:190} INFO - [2025-01-03T15:48:59.603+0000] {dag.py:4180} INFO - Setting next_dagrun for dataset_consumes_unknown_never_scheduled to None, run_after=None
[2025-01-03T15:48:59.604+0000] {logging_mixin.py:190} INFO - [2025-01-03T15:48:59.604+0000] {dag.py:4180} INFO - Setting next_dagrun for dataset_produces_1 to 2025-01-02 00:00:00+00:00, run_after=2025-01-03 00:00:00+00:00
[2025-01-03T15:48:59.605+0000] {logging_mixin.py:190} INFO - [2025-01-03T15:48:59.605+0000] {dag.py:4180} INFO - Setting next_dagrun for dataset_produces_2 to None, run_after=None
[2025-01-03T15:48:59.620+0000] {processor.py:208} INFO - Processing /home/airflow/.local/lib/python3.12/site-packages/airflow/example_dags/example_datasets.py took 0.436 seconds
[2025-01-03T15:49:30.362+0000] {processor.py:186} INFO - Started process (PID=926) to work on /home/airflow/.local/lib/python3.12/site-packages/airflow/example_dags/example_datasets.py
[2025-01-03T15:49:30.367+0000] {processor.py:914} INFO - Processing file /home/airflow/.local/lib/python3.12/site-packages/airflow/example_dags/example_datasets.py for tasks to queue
[2025-01-03T15:49:30.376+0000] {logging_mixin.py:190} INFO - [2025-01-03T15:49:30.375+0000] {dagbag.py:588} INFO - Filling up the DagBag from /home/airflow/.local/lib/python3.12/site-packages/airflow/example_dags/example_datasets.py
[2025-01-03T15:49:30.726+0000] {processor.py:925} INFO - DAG(s) 'consume_1_or_both_2_and_3_with_dataset_expressions', 'dataset_produces_1', 'dataset_consumes_1', 'conditional_dataset_and_time_based_timetable', 'consume_1_or_2_with_dataset_expressions', 'dataset_consumes_1_and_2', 'consume_1_and_2_with_dataset_expressions', 'dataset_consumes_unknown_never_scheduled', 'dataset_produces_2', 'dataset_consumes_1_never_scheduled' retrieved from /home/airflow/.local/lib/python3.12/site-packages/airflow/example_dags/example_datasets.py
[2025-01-03T15:49:30.774+0000] {logging_mixin.py:190} INFO - [2025-01-03T15:49:30.772+0000] {dag.py:3239} INFO - Sync 10 DAGs
[2025-01-03T15:49:30.803+0000] {logging_mixin.py:190} INFO - [2025-01-03T15:49:30.802+0000] {dag.py:4180} INFO - Setting next_dagrun for conditional_dataset_and_time_based_timetable to 2025-01-01 01:00:00+00:00, run_after=2025-01-01 01:00:00+00:00
[2025-01-03T15:49:30.805+0000] {logging_mixin.py:190} INFO - [2025-01-03T15:49:30.805+0000] {dag.py:4180} INFO - Setting next_dagrun for consume_1_and_2_with_dataset_expressions to None, run_after=None
[2025-01-03T15:49:30.806+0000] {logging_mixin.py:190} INFO - [2025-01-03T15:49:30.806+0000] {dag.py:4180} INFO - Setting next_dagrun for consume_1_or_2_with_dataset_expressions to None, run_after=None
[2025-01-03T15:49:30.807+0000] {logging_mixin.py:190} INFO - [2025-01-03T15:49:30.807+0000] {dag.py:4180} INFO - Setting next_dagrun for consume_1_or_both_2_and_3_with_dataset_expressions to None, run_after=None
[2025-01-03T15:49:30.809+0000] {logging_mixin.py:190} INFO - [2025-01-03T15:49:30.809+0000] {dag.py:4180} INFO - Setting next_dagrun for dataset_consumes_1 to None, run_after=None
[2025-01-03T15:49:30.811+0000] {logging_mixin.py:190} INFO - [2025-01-03T15:49:30.811+0000] {dag.py:4180} INFO - Setting next_dagrun for dataset_consumes_1_and_2 to None, run_after=None
[2025-01-03T15:49:30.814+0000] {logging_mixin.py:190} INFO - [2025-01-03T15:49:30.814+0000] {dag.py:4180} INFO - Setting next_dagrun for dataset_consumes_1_never_scheduled to None, run_after=None
[2025-01-03T15:49:30.816+0000] {logging_mixin.py:190} INFO - [2025-01-03T15:49:30.816+0000] {dag.py:4180} INFO - Setting next_dagrun for dataset_consumes_unknown_never_scheduled to None, run_after=None
[2025-01-03T15:49:30.817+0000] {logging_mixin.py:190} INFO - [2025-01-03T15:49:30.817+0000] {dag.py:4180} INFO - Setting next_dagrun for dataset_produces_1 to 2025-01-02 00:00:00+00:00, run_after=2025-01-03 00:00:00+00:00
[2025-01-03T15:49:30.818+0000] {logging_mixin.py:190} INFO - [2025-01-03T15:49:30.818+0000] {dag.py:4180} INFO - Setting next_dagrun for dataset_produces_2 to None, run_after=None
[2025-01-03T15:49:30.839+0000] {processor.py:208} INFO - Processing /home/airflow/.local/lib/python3.12/site-packages/airflow/example_dags/example_datasets.py took 0.496 seconds
[2025-01-03T15:50:01.169+0000] {processor.py:186} INFO - Started process (PID=988) to work on /home/airflow/.local/lib/python3.12/site-packages/airflow/example_dags/example_datasets.py
[2025-01-03T15:50:01.170+0000] {processor.py:914} INFO - Processing file /home/airflow/.local/lib/python3.12/site-packages/airflow/example_dags/example_datasets.py for tasks to queue
[2025-01-03T15:50:01.173+0000] {logging_mixin.py:190} INFO - [2025-01-03T15:50:01.172+0000] {dagbag.py:588} INFO - Filling up the DagBag from /home/airflow/.local/lib/python3.12/site-packages/airflow/example_dags/example_datasets.py
[2025-01-03T15:50:01.296+0000] {processor.py:925} INFO - DAG(s) 'conditional_dataset_and_time_based_timetable', 'dataset_consumes_1_and_2', 'dataset_consumes_1_never_scheduled', 'dataset_consumes_unknown_never_scheduled', 'consume_1_and_2_with_dataset_expressions', 'dataset_produces_1', 'dataset_produces_2', 'consume_1_or_both_2_and_3_with_dataset_expressions', 'consume_1_or_2_with_dataset_expressions', 'dataset_consumes_1' retrieved from /home/airflow/.local/lib/python3.12/site-packages/airflow/example_dags/example_datasets.py
[2025-01-03T15:50:01.316+0000] {logging_mixin.py:190} INFO - [2025-01-03T15:50:01.316+0000] {dag.py:3239} INFO - Sync 10 DAGs
[2025-01-03T15:50:01.339+0000] {logging_mixin.py:190} INFO - [2025-01-03T15:50:01.338+0000] {dag.py:4180} INFO - Setting next_dagrun for conditional_dataset_and_time_based_timetable to 2025-01-01 01:00:00+00:00, run_after=2025-01-01 01:00:00+00:00
[2025-01-03T15:50:01.343+0000] {logging_mixin.py:190} INFO - [2025-01-03T15:50:01.343+0000] {dag.py:4180} INFO - Setting next_dagrun for consume_1_and_2_with_dataset_expressions to None, run_after=None
[2025-01-03T15:50:01.344+0000] {logging_mixin.py:190} INFO - [2025-01-03T15:50:01.343+0000] {dag.py:4180} INFO - Setting next_dagrun for consume_1_or_2_with_dataset_expressions to None, run_after=None
[2025-01-03T15:50:01.344+0000] {logging_mixin.py:190} INFO - [2025-01-03T15:50:01.344+0000] {dag.py:4180} INFO - Setting next_dagrun for consume_1_or_both_2_and_3_with_dataset_expressions to None, run_after=None
[2025-01-03T15:50:01.345+0000] {logging_mixin.py:190} INFO - [2025-01-03T15:50:01.345+0000] {dag.py:4180} INFO - Setting next_dagrun for dataset_consumes_1 to None, run_after=None
[2025-01-03T15:50:01.346+0000] {logging_mixin.py:190} INFO - [2025-01-03T15:50:01.346+0000] {dag.py:4180} INFO - Setting next_dagrun for dataset_consumes_1_and_2 to None, run_after=None
[2025-01-03T15:50:01.346+0000] {logging_mixin.py:190} INFO - [2025-01-03T15:50:01.346+0000] {dag.py:4180} INFO - Setting next_dagrun for dataset_consumes_1_never_scheduled to None, run_after=None
[2025-01-03T15:50:01.347+0000] {logging_mixin.py:190} INFO - [2025-01-03T15:50:01.347+0000] {dag.py:4180} INFO - Setting next_dagrun for dataset_consumes_unknown_never_scheduled to None, run_after=None
[2025-01-03T15:50:01.348+0000] {logging_mixin.py:190} INFO - [2025-01-03T15:50:01.348+0000] {dag.py:4180} INFO - Setting next_dagrun for dataset_produces_1 to 2025-01-02 00:00:00+00:00, run_after=2025-01-03 00:00:00+00:00
[2025-01-03T15:50:01.349+0000] {logging_mixin.py:190} INFO - [2025-01-03T15:50:01.349+0000] {dag.py:4180} INFO - Setting next_dagrun for dataset_produces_2 to None, run_after=None
[2025-01-03T15:50:01.366+0000] {processor.py:208} INFO - Processing /home/airflow/.local/lib/python3.12/site-packages/airflow/example_dags/example_datasets.py took 0.205 seconds
[2025-01-03T15:50:32.020+0000] {processor.py:186} INFO - Started process (PID=1050) to work on /home/airflow/.local/lib/python3.12/site-packages/airflow/example_dags/example_datasets.py
[2025-01-03T15:50:32.028+0000] {processor.py:914} INFO - Processing file /home/airflow/.local/lib/python3.12/site-packages/airflow/example_dags/example_datasets.py for tasks to queue
[2025-01-03T15:50:32.101+0000] {logging_mixin.py:190} INFO - [2025-01-03T15:50:32.098+0000] {dagbag.py:588} INFO - Filling up the DagBag from /home/airflow/.local/lib/python3.12/site-packages/airflow/example_dags/example_datasets.py
[2025-01-03T15:50:33.205+0000] {processor.py:925} INFO - DAG(s) 'dataset_produces_2', 'dataset_consumes_1_and_2', 'consume_1_or_both_2_and_3_with_dataset_expressions', 'consume_1_or_2_with_dataset_expressions', 'consume_1_and_2_with_dataset_expressions', 'dataset_consumes_1_never_scheduled', 'dataset_consumes_1', 'conditional_dataset_and_time_based_timetable', 'dataset_produces_1', 'dataset_consumes_unknown_never_scheduled' retrieved from /home/airflow/.local/lib/python3.12/site-packages/airflow/example_dags/example_datasets.py
[2025-01-03T15:50:33.485+0000] {logging_mixin.py:190} INFO - [2025-01-03T15:50:33.484+0000] {dag.py:3239} INFO - Sync 10 DAGs
[2025-01-03T15:50:33.575+0000] {logging_mixin.py:190} INFO - [2025-01-03T15:50:33.574+0000] {dag.py:4180} INFO - Setting next_dagrun for conditional_dataset_and_time_based_timetable to 2025-01-01 01:00:00+00:00, run_after=2025-01-01 01:00:00+00:00
[2025-01-03T15:50:33.596+0000] {logging_mixin.py:190} INFO - [2025-01-03T15:50:33.595+0000] {dag.py:4180} INFO - Setting next_dagrun for consume_1_and_2_with_dataset_expressions to None, run_after=None
[2025-01-03T15:50:33.610+0000] {logging_mixin.py:190} INFO - [2025-01-03T15:50:33.608+0000] {dag.py:4180} INFO - Setting next_dagrun for consume_1_or_2_with_dataset_expressions to None, run_after=None
[2025-01-03T15:50:33.615+0000] {logging_mixin.py:190} INFO - [2025-01-03T15:50:33.614+0000] {dag.py:4180} INFO - Setting next_dagrun for consume_1_or_both_2_and_3_with_dataset_expressions to None, run_after=None
[2025-01-03T15:50:33.619+0000] {logging_mixin.py:190} INFO - [2025-01-03T15:50:33.618+0000] {dag.py:4180} INFO - Setting next_dagrun for dataset_consumes_1 to None, run_after=None
[2025-01-03T15:50:33.625+0000] {logging_mixin.py:190} INFO - [2025-01-03T15:50:33.624+0000] {dag.py:4180} INFO - Setting next_dagrun for dataset_consumes_1_and_2 to None, run_after=None
[2025-01-03T15:50:33.629+0000] {logging_mixin.py:190} INFO - [2025-01-03T15:50:33.628+0000] {dag.py:4180} INFO - Setting next_dagrun for dataset_consumes_1_never_scheduled to None, run_after=None
[2025-01-03T15:50:33.631+0000] {logging_mixin.py:190} INFO - [2025-01-03T15:50:33.631+0000] {dag.py:4180} INFO - Setting next_dagrun for dataset_consumes_unknown_never_scheduled to None, run_after=None
[2025-01-03T15:50:33.637+0000] {logging_mixin.py:190} INFO - [2025-01-03T15:50:33.636+0000] {dag.py:4180} INFO - Setting next_dagrun for dataset_produces_1 to 2025-01-02 00:00:00+00:00, run_after=2025-01-03 00:00:00+00:00
[2025-01-03T15:50:33.641+0000] {logging_mixin.py:190} INFO - [2025-01-03T15:50:33.641+0000] {dag.py:4180} INFO - Setting next_dagrun for dataset_produces_2 to None, run_after=None
[2025-01-03T15:50:33.715+0000] {processor.py:208} INFO - Processing /home/airflow/.local/lib/python3.12/site-packages/airflow/example_dags/example_datasets.py took 1.734 seconds
[2025-01-03T15:51:04.484+0000] {processor.py:186} INFO - Started process (PID=1112) to work on /home/airflow/.local/lib/python3.12/site-packages/airflow/example_dags/example_datasets.py
[2025-01-03T15:51:04.485+0000] {processor.py:914} INFO - Processing file /home/airflow/.local/lib/python3.12/site-packages/airflow/example_dags/example_datasets.py for tasks to queue
[2025-01-03T15:51:04.488+0000] {logging_mixin.py:190} INFO - [2025-01-03T15:51:04.488+0000] {dagbag.py:588} INFO - Filling up the DagBag from /home/airflow/.local/lib/python3.12/site-packages/airflow/example_dags/example_datasets.py
[2025-01-03T15:51:04.634+0000] {processor.py:925} INFO - DAG(s) 'consume_1_or_both_2_and_3_with_dataset_expressions', 'dataset_produces_2', 'dataset_consumes_1', 'dataset_produces_1', 'dataset_consumes_1_never_scheduled', 'dataset_consumes_unknown_never_scheduled', 'dataset_consumes_1_and_2', 'consume_1_and_2_with_dataset_expressions', 'consume_1_or_2_with_dataset_expressions', 'conditional_dataset_and_time_based_timetable' retrieved from /home/airflow/.local/lib/python3.12/site-packages/airflow/example_dags/example_datasets.py
[2025-01-03T15:51:04.656+0000] {logging_mixin.py:190} INFO - [2025-01-03T15:51:04.656+0000] {dag.py:3239} INFO - Sync 10 DAGs
[2025-01-03T15:51:04.669+0000] {logging_mixin.py:190} INFO - [2025-01-03T15:51:04.668+0000] {dag.py:4180} INFO - Setting next_dagrun for conditional_dataset_and_time_based_timetable to 2025-01-01 01:00:00+00:00, run_after=2025-01-01 01:00:00+00:00
[2025-01-03T15:51:04.670+0000] {logging_mixin.py:190} INFO - [2025-01-03T15:51:04.670+0000] {dag.py:4180} INFO - Setting next_dagrun for consume_1_and_2_with_dataset_expressions to None, run_after=None
[2025-01-03T15:51:04.671+0000] {logging_mixin.py:190} INFO - [2025-01-03T15:51:04.671+0000] {dag.py:4180} INFO - Setting next_dagrun for consume_1_or_2_with_dataset_expressions to None, run_after=None
[2025-01-03T15:51:04.672+0000] {logging_mixin.py:190} INFO - [2025-01-03T15:51:04.672+0000] {dag.py:4180} INFO - Setting next_dagrun for consume_1_or_both_2_and_3_with_dataset_expressions to None, run_after=None
[2025-01-03T15:51:04.672+0000] {logging_mixin.py:190} INFO - [2025-01-03T15:51:04.672+0000] {dag.py:4180} INFO - Setting next_dagrun for dataset_consumes_1 to None, run_after=None
[2025-01-03T15:51:04.673+0000] {logging_mixin.py:190} INFO - [2025-01-03T15:51:04.673+0000] {dag.py:4180} INFO - Setting next_dagrun for dataset_consumes_1_and_2 to None, run_after=None
[2025-01-03T15:51:04.674+0000] {logging_mixin.py:190} INFO - [2025-01-03T15:51:04.673+0000] {dag.py:4180} INFO - Setting next_dagrun for dataset_consumes_1_never_scheduled to None, run_after=None
[2025-01-03T15:51:04.674+0000] {logging_mixin.py:190} INFO - [2025-01-03T15:51:04.674+0000] {dag.py:4180} INFO - Setting next_dagrun for dataset_consumes_unknown_never_scheduled to None, run_after=None
[2025-01-03T15:51:04.675+0000] {logging_mixin.py:190} INFO - [2025-01-03T15:51:04.675+0000] {dag.py:4180} INFO - Setting next_dagrun for dataset_produces_1 to 2025-01-02 00:00:00+00:00, run_after=2025-01-03 00:00:00+00:00
[2025-01-03T15:51:04.676+0000] {logging_mixin.py:190} INFO - [2025-01-03T15:51:04.676+0000] {dag.py:4180} INFO - Setting next_dagrun for dataset_produces_2 to None, run_after=None
[2025-01-03T15:51:04.693+0000] {processor.py:208} INFO - Processing /home/airflow/.local/lib/python3.12/site-packages/airflow/example_dags/example_datasets.py took 0.217 seconds
[2025-01-03T15:51:34.793+0000] {processor.py:186} INFO - Started process (PID=1174) to work on /home/airflow/.local/lib/python3.12/site-packages/airflow/example_dags/example_datasets.py
[2025-01-03T15:51:34.795+0000] {processor.py:914} INFO - Processing file /home/airflow/.local/lib/python3.12/site-packages/airflow/example_dags/example_datasets.py for tasks to queue
[2025-01-03T15:51:34.798+0000] {logging_mixin.py:190} INFO - [2025-01-03T15:51:34.797+0000] {dagbag.py:588} INFO - Filling up the DagBag from /home/airflow/.local/lib/python3.12/site-packages/airflow/example_dags/example_datasets.py
[2025-01-03T15:51:34.960+0000] {processor.py:925} INFO - DAG(s) 'dataset_consumes_1_and_2', 'dataset_consumes_1_never_scheduled', 'dataset_produces_1', 'consume_1_and_2_with_dataset_expressions', 'dataset_consumes_1', 'consume_1_or_2_with_dataset_expressions', 'conditional_dataset_and_time_based_timetable', 'dataset_consumes_unknown_never_scheduled', 'dataset_produces_2', 'consume_1_or_both_2_and_3_with_dataset_expressions' retrieved from /home/airflow/.local/lib/python3.12/site-packages/airflow/example_dags/example_datasets.py
[2025-01-03T15:51:34.985+0000] {logging_mixin.py:190} INFO - [2025-01-03T15:51:34.985+0000] {dag.py:3239} INFO - Sync 10 DAGs
[2025-01-03T15:51:35.001+0000] {logging_mixin.py:190} INFO - [2025-01-03T15:51:35.001+0000] {dag.py:4180} INFO - Setting next_dagrun for conditional_dataset_and_time_based_timetable to 2025-01-01 01:00:00+00:00, run_after=2025-01-01 01:00:00+00:00
[2025-01-03T15:51:35.003+0000] {logging_mixin.py:190} INFO - [2025-01-03T15:51:35.003+0000] {dag.py:4180} INFO - Setting next_dagrun for consume_1_and_2_with_dataset_expressions to None, run_after=None
[2025-01-03T15:51:35.004+0000] {logging_mixin.py:190} INFO - [2025-01-03T15:51:35.004+0000] {dag.py:4180} INFO - Setting next_dagrun for consume_1_or_2_with_dataset_expressions to None, run_after=None
[2025-01-03T15:51:35.005+0000] {logging_mixin.py:190} INFO - [2025-01-03T15:51:35.005+0000] {dag.py:4180} INFO - Setting next_dagrun for consume_1_or_both_2_and_3_with_dataset_expressions to None, run_after=None
[2025-01-03T15:51:35.005+0000] {logging_mixin.py:190} INFO - [2025-01-03T15:51:35.005+0000] {dag.py:4180} INFO - Setting next_dagrun for dataset_consumes_1 to None, run_after=None
[2025-01-03T15:51:35.006+0000] {logging_mixin.py:190} INFO - [2025-01-03T15:51:35.006+0000] {dag.py:4180} INFO - Setting next_dagrun for dataset_consumes_1_and_2 to None, run_after=None
[2025-01-03T15:51:35.007+0000] {logging_mixin.py:190} INFO - [2025-01-03T15:51:35.007+0000] {dag.py:4180} INFO - Setting next_dagrun for dataset_consumes_1_never_scheduled to None, run_after=None
[2025-01-03T15:51:35.008+0000] {logging_mixin.py:190} INFO - [2025-01-03T15:51:35.008+0000] {dag.py:4180} INFO - Setting next_dagrun for dataset_consumes_unknown_never_scheduled to None, run_after=None
[2025-01-03T15:51:35.010+0000] {logging_mixin.py:190} INFO - [2025-01-03T15:51:35.010+0000] {dag.py:4180} INFO - Setting next_dagrun for dataset_produces_1 to 2025-01-02 00:00:00+00:00, run_after=2025-01-03 00:00:00+00:00
[2025-01-03T15:51:35.011+0000] {logging_mixin.py:190} INFO - [2025-01-03T15:51:35.011+0000] {dag.py:4180} INFO - Setting next_dagrun for dataset_produces_2 to None, run_after=None
[2025-01-03T15:51:35.030+0000] {processor.py:208} INFO - Processing /home/airflow/.local/lib/python3.12/site-packages/airflow/example_dags/example_datasets.py took 0.246 seconds
[2025-01-03T15:52:05.761+0000] {processor.py:186} INFO - Started process (PID=1236) to work on /home/airflow/.local/lib/python3.12/site-packages/airflow/example_dags/example_datasets.py
[2025-01-03T15:52:05.763+0000] {processor.py:914} INFO - Processing file /home/airflow/.local/lib/python3.12/site-packages/airflow/example_dags/example_datasets.py for tasks to queue
[2025-01-03T15:52:05.765+0000] {logging_mixin.py:190} INFO - [2025-01-03T15:52:05.765+0000] {dagbag.py:588} INFO - Filling up the DagBag from /home/airflow/.local/lib/python3.12/site-packages/airflow/example_dags/example_datasets.py
[2025-01-03T15:52:05.950+0000] {processor.py:925} INFO - DAG(s) 'consume_1_or_2_with_dataset_expressions', 'consume_1_and_2_with_dataset_expressions', 'dataset_consumes_1_and_2', 'conditional_dataset_and_time_based_timetable', 'dataset_consumes_1_never_scheduled', 'dataset_produces_1', 'dataset_consumes_unknown_never_scheduled', 'dataset_produces_2', 'consume_1_or_both_2_and_3_with_dataset_expressions', 'dataset_consumes_1' retrieved from /home/airflow/.local/lib/python3.12/site-packages/airflow/example_dags/example_datasets.py
[2025-01-03T15:52:05.978+0000] {logging_mixin.py:190} INFO - [2025-01-03T15:52:05.978+0000] {dag.py:3239} INFO - Sync 10 DAGs
[2025-01-03T15:52:06.002+0000] {logging_mixin.py:190} INFO - [2025-01-03T15:52:06.002+0000] {dag.py:4180} INFO - Setting next_dagrun for conditional_dataset_and_time_based_timetable to 2025-01-01 01:00:00+00:00, run_after=2025-01-01 01:00:00+00:00
[2025-01-03T15:52:06.009+0000] {logging_mixin.py:190} INFO - [2025-01-03T15:52:06.008+0000] {dag.py:4180} INFO - Setting next_dagrun for consume_1_and_2_with_dataset_expressions to None, run_after=None
[2025-01-03T15:52:06.012+0000] {logging_mixin.py:190} INFO - [2025-01-03T15:52:06.012+0000] {dag.py:4180} INFO - Setting next_dagrun for consume_1_or_2_with_dataset_expressions to None, run_after=None
[2025-01-03T15:52:06.014+0000] {logging_mixin.py:190} INFO - [2025-01-03T15:52:06.014+0000] {dag.py:4180} INFO - Setting next_dagrun for consume_1_or_both_2_and_3_with_dataset_expressions to None, run_after=None
[2025-01-03T15:52:06.015+0000] {logging_mixin.py:190} INFO - [2025-01-03T15:52:06.015+0000] {dag.py:4180} INFO - Setting next_dagrun for dataset_consumes_1 to None, run_after=None
[2025-01-03T15:52:06.018+0000] {logging_mixin.py:190} INFO - [2025-01-03T15:52:06.017+0000] {dag.py:4180} INFO - Setting next_dagrun for dataset_consumes_1_and_2 to None, run_after=None
[2025-01-03T15:52:06.021+0000] {logging_mixin.py:190} INFO - [2025-01-03T15:52:06.021+0000] {dag.py:4180} INFO - Setting next_dagrun for dataset_consumes_1_never_scheduled to None, run_after=None
[2025-01-03T15:52:06.024+0000] {logging_mixin.py:190} INFO - [2025-01-03T15:52:06.024+0000] {dag.py:4180} INFO - Setting next_dagrun for dataset_consumes_unknown_never_scheduled to None, run_after=None
[2025-01-03T15:52:06.029+0000] {logging_mixin.py:190} INFO - [2025-01-03T15:52:06.028+0000] {dag.py:4180} INFO - Setting next_dagrun for dataset_produces_1 to 2025-01-02 00:00:00+00:00, run_after=2025-01-03 00:00:00+00:00
[2025-01-03T15:52:06.032+0000] {logging_mixin.py:190} INFO - [2025-01-03T15:52:06.032+0000] {dag.py:4180} INFO - Setting next_dagrun for dataset_produces_2 to None, run_after=None
[2025-01-03T15:52:06.110+0000] {processor.py:208} INFO - Processing /home/airflow/.local/lib/python3.12/site-packages/airflow/example_dags/example_datasets.py took 0.358 seconds
[2025-01-03T15:52:36.533+0000] {processor.py:186} INFO - Started process (PID=1298) to work on /home/airflow/.local/lib/python3.12/site-packages/airflow/example_dags/example_datasets.py
[2025-01-03T15:52:36.539+0000] {processor.py:914} INFO - Processing file /home/airflow/.local/lib/python3.12/site-packages/airflow/example_dags/example_datasets.py for tasks to queue
[2025-01-03T15:52:36.548+0000] {logging_mixin.py:190} INFO - [2025-01-03T15:52:36.547+0000] {dagbag.py:588} INFO - Filling up the DagBag from /home/airflow/.local/lib/python3.12/site-packages/airflow/example_dags/example_datasets.py
[2025-01-03T15:52:36.731+0000] {processor.py:925} INFO - DAG(s) 'dataset_consumes_1_and_2', 'dataset_consumes_1', 'consume_1_or_both_2_and_3_with_dataset_expressions', 'consume_1_and_2_with_dataset_expressions', 'consume_1_or_2_with_dataset_expressions', 'conditional_dataset_and_time_based_timetable', 'dataset_produces_2', 'dataset_consumes_1_never_scheduled', 'dataset_produces_1', 'dataset_consumes_unknown_never_scheduled' retrieved from /home/airflow/.local/lib/python3.12/site-packages/airflow/example_dags/example_datasets.py
[2025-01-03T15:52:36.754+0000] {logging_mixin.py:190} INFO - [2025-01-03T15:52:36.754+0000] {dag.py:3239} INFO - Sync 10 DAGs
[2025-01-03T15:52:36.774+0000] {logging_mixin.py:190} INFO - [2025-01-03T15:52:36.774+0000] {dag.py:4180} INFO - Setting next_dagrun for conditional_dataset_and_time_based_timetable to 2025-01-01 01:00:00+00:00, run_after=2025-01-01 01:00:00+00:00
[2025-01-03T15:52:36.776+0000] {logging_mixin.py:190} INFO - [2025-01-03T15:52:36.776+0000] {dag.py:4180} INFO - Setting next_dagrun for consume_1_and_2_with_dataset_expressions to None, run_after=None
[2025-01-03T15:52:36.777+0000] {logging_mixin.py:190} INFO - [2025-01-03T15:52:36.777+0000] {dag.py:4180} INFO - Setting next_dagrun for consume_1_or_2_with_dataset_expressions to None, run_after=None
[2025-01-03T15:52:36.778+0000] {logging_mixin.py:190} INFO - [2025-01-03T15:52:36.778+0000] {dag.py:4180} INFO - Setting next_dagrun for consume_1_or_both_2_and_3_with_dataset_expressions to None, run_after=None
[2025-01-03T15:52:36.779+0000] {logging_mixin.py:190} INFO - [2025-01-03T15:52:36.779+0000] {dag.py:4180} INFO - Setting next_dagrun for dataset_consumes_1 to None, run_after=None
[2025-01-03T15:52:36.780+0000] {logging_mixin.py:190} INFO - [2025-01-03T15:52:36.779+0000] {dag.py:4180} INFO - Setting next_dagrun for dataset_consumes_1_and_2 to None, run_after=None
[2025-01-03T15:52:36.780+0000] {logging_mixin.py:190} INFO - [2025-01-03T15:52:36.780+0000] {dag.py:4180} INFO - Setting next_dagrun for dataset_consumes_1_never_scheduled to None, run_after=None
[2025-01-03T15:52:36.781+0000] {logging_mixin.py:190} INFO - [2025-01-03T15:52:36.781+0000] {dag.py:4180} INFO - Setting next_dagrun for dataset_consumes_unknown_never_scheduled to None, run_after=None
[2025-01-03T15:52:36.782+0000] {logging_mixin.py:190} INFO - [2025-01-03T15:52:36.782+0000] {dag.py:4180} INFO - Setting next_dagrun for dataset_produces_1 to 2025-01-02 00:00:00+00:00, run_after=2025-01-03 00:00:00+00:00
[2025-01-03T15:52:36.783+0000] {logging_mixin.py:190} INFO - [2025-01-03T15:52:36.783+0000] {dag.py:4180} INFO - Setting next_dagrun for dataset_produces_2 to None, run_after=None
[2025-01-03T15:52:36.804+0000] {processor.py:208} INFO - Processing /home/airflow/.local/lib/python3.12/site-packages/airflow/example_dags/example_datasets.py took 0.287 seconds
[2025-01-03T15:53:06.848+0000] {processor.py:186} INFO - Started process (PID=1361) to work on /home/airflow/.local/lib/python3.12/site-packages/airflow/example_dags/example_datasets.py
[2025-01-03T15:53:06.848+0000] {processor.py:914} INFO - Processing file /home/airflow/.local/lib/python3.12/site-packages/airflow/example_dags/example_datasets.py for tasks to queue
[2025-01-03T15:53:06.850+0000] {logging_mixin.py:190} INFO - [2025-01-03T15:53:06.849+0000] {dagbag.py:588} INFO - Filling up the DagBag from /home/airflow/.local/lib/python3.12/site-packages/airflow/example_dags/example_datasets.py
[2025-01-03T15:53:06.946+0000] {processor.py:925} INFO - DAG(s) 'dataset_consumes_1_and_2', 'dataset_consumes_1_never_scheduled', 'dataset_produces_1', 'dataset_produces_2', 'consume_1_or_both_2_and_3_with_dataset_expressions', 'dataset_consumes_1', 'dataset_consumes_unknown_never_scheduled', 'consume_1_or_2_with_dataset_expressions', 'consume_1_and_2_with_dataset_expressions', 'conditional_dataset_and_time_based_timetable' retrieved from /home/airflow/.local/lib/python3.12/site-packages/airflow/example_dags/example_datasets.py
[2025-01-03T15:53:06.968+0000] {logging_mixin.py:190} INFO - [2025-01-03T15:53:06.968+0000] {dag.py:3239} INFO - Sync 10 DAGs
[2025-01-03T15:53:06.980+0000] {logging_mixin.py:190} INFO - [2025-01-03T15:53:06.980+0000] {dag.py:4180} INFO - Setting next_dagrun for conditional_dataset_and_time_based_timetable to 2025-01-01 01:00:00+00:00, run_after=2025-01-01 01:00:00+00:00
[2025-01-03T15:53:06.982+0000] {logging_mixin.py:190} INFO - [2025-01-03T15:53:06.982+0000] {dag.py:4180} INFO - Setting next_dagrun for consume_1_and_2_with_dataset_expressions to None, run_after=None
[2025-01-03T15:53:06.982+0000] {logging_mixin.py:190} INFO - [2025-01-03T15:53:06.982+0000] {dag.py:4180} INFO - Setting next_dagrun for consume_1_or_2_with_dataset_expressions to None, run_after=None
[2025-01-03T15:53:06.983+0000] {logging_mixin.py:190} INFO - [2025-01-03T15:53:06.983+0000] {dag.py:4180} INFO - Setting next_dagrun for consume_1_or_both_2_and_3_with_dataset_expressions to None, run_after=None
[2025-01-03T15:53:06.984+0000] {logging_mixin.py:190} INFO - [2025-01-03T15:53:06.984+0000] {dag.py:4180} INFO - Setting next_dagrun for dataset_consumes_1 to None, run_after=None
[2025-01-03T15:53:06.984+0000] {logging_mixin.py:190} INFO - [2025-01-03T15:53:06.984+0000] {dag.py:4180} INFO - Setting next_dagrun for dataset_consumes_1_and_2 to None, run_after=None
[2025-01-03T15:53:06.985+0000] {logging_mixin.py:190} INFO - [2025-01-03T15:53:06.985+0000] {dag.py:4180} INFO - Setting next_dagrun for dataset_consumes_1_never_scheduled to None, run_after=None
[2025-01-03T15:53:06.985+0000] {logging_mixin.py:190} INFO - [2025-01-03T15:53:06.985+0000] {dag.py:4180} INFO - Setting next_dagrun for dataset_consumes_unknown_never_scheduled to None, run_after=None
[2025-01-03T15:53:06.986+0000] {logging_mixin.py:190} INFO - [2025-01-03T15:53:06.986+0000] {dag.py:4180} INFO - Setting next_dagrun for dataset_produces_1 to 2025-01-02 00:00:00+00:00, run_after=2025-01-03 00:00:00+00:00
[2025-01-03T15:53:06.987+0000] {logging_mixin.py:190} INFO - [2025-01-03T15:53:06.987+0000] {dag.py:4180} INFO - Setting next_dagrun for dataset_produces_2 to None, run_after=None
[2025-01-03T15:53:07.001+0000] {processor.py:208} INFO - Processing /home/airflow/.local/lib/python3.12/site-packages/airflow/example_dags/example_datasets.py took 0.157 seconds
