[2025-01-03T15:42:12.945+0000] {processor.py:186} INFO - Started process (PID=40) to work on /home/airflow/.local/lib/python3.12/site-packages/airflow/example_dags/example_latest_only.py
[2025-01-03T15:42:12.951+0000] {processor.py:914} INFO - Processing file /home/airflow/.local/lib/python3.12/site-packages/airflow/example_dags/example_latest_only.py for tasks to queue
[2025-01-03T15:42:12.963+0000] {logging_mixin.py:190} INFO - [2025-01-03T15:42:12.962+0000] {dagbag.py:588} INFO - Filling up the DagBag from /home/airflow/.local/lib/python3.12/site-packages/airflow/example_dags/example_latest_only.py
[2025-01-03T15:42:13.036+0000] {processor.py:925} INFO - DAG(s) 'latest_only' retrieved from /home/airflow/.local/lib/python3.12/site-packages/airflow/example_dags/example_latest_only.py
[2025-01-03T15:42:13.342+0000] {logging_mixin.py:190} INFO - [2025-01-03T15:42:13.334+0000] {dag.py:3239} INFO - Sync 1 DAGs
[2025-01-03T15:42:13.437+0000] {logging_mixin.py:190} INFO - [2025-01-03T15:42:13.437+0000] {dag.py:4180} INFO - Setting next_dagrun for latest_only to 2025-01-03 08:00:00+00:00, run_after=2025-01-03 12:00:00+00:00
[2025-01-03T15:42:13.517+0000] {processor.py:208} INFO - Processing /home/airflow/.local/lib/python3.12/site-packages/airflow/example_dags/example_latest_only.py took 0.596 seconds
[2025-01-03T15:42:44.255+0000] {processor.py:186} INFO - Started process (PID=102) to work on /home/airflow/.local/lib/python3.12/site-packages/airflow/example_dags/example_latest_only.py
[2025-01-03T15:42:44.257+0000] {processor.py:914} INFO - Processing file /home/airflow/.local/lib/python3.12/site-packages/airflow/example_dags/example_latest_only.py for tasks to queue
[2025-01-03T15:42:44.262+0000] {logging_mixin.py:190} INFO - [2025-01-03T15:42:44.261+0000] {dagbag.py:588} INFO - Filling up the DagBag from /home/airflow/.local/lib/python3.12/site-packages/airflow/example_dags/example_latest_only.py
[2025-01-03T15:42:44.276+0000] {processor.py:925} INFO - DAG(s) 'latest_only' retrieved from /home/airflow/.local/lib/python3.12/site-packages/airflow/example_dags/example_latest_only.py
[2025-01-03T15:42:44.294+0000] {logging_mixin.py:190} INFO - [2025-01-03T15:42:44.293+0000] {dag.py:3239} INFO - Sync 1 DAGs
[2025-01-03T15:42:44.307+0000] {logging_mixin.py:190} INFO - [2025-01-03T15:42:44.307+0000] {dag.py:4180} INFO - Setting next_dagrun for latest_only to 2025-01-03 08:00:00+00:00, run_after=2025-01-03 12:00:00+00:00
[2025-01-03T15:42:44.316+0000] {processor.py:208} INFO - Processing /home/airflow/.local/lib/python3.12/site-packages/airflow/example_dags/example_latest_only.py took 0.073 seconds
[2025-01-03T15:43:15.180+0000] {processor.py:186} INFO - Started process (PID=164) to work on /home/airflow/.local/lib/python3.12/site-packages/airflow/example_dags/example_latest_only.py
[2025-01-03T15:43:15.181+0000] {processor.py:914} INFO - Processing file /home/airflow/.local/lib/python3.12/site-packages/airflow/example_dags/example_latest_only.py for tasks to queue
[2025-01-03T15:43:15.184+0000] {logging_mixin.py:190} INFO - [2025-01-03T15:43:15.183+0000] {dagbag.py:588} INFO - Filling up the DagBag from /home/airflow/.local/lib/python3.12/site-packages/airflow/example_dags/example_latest_only.py
[2025-01-03T15:43:15.190+0000] {processor.py:925} INFO - DAG(s) 'latest_only' retrieved from /home/airflow/.local/lib/python3.12/site-packages/airflow/example_dags/example_latest_only.py
[2025-01-03T15:43:15.207+0000] {logging_mixin.py:190} INFO - [2025-01-03T15:43:15.207+0000] {dag.py:3239} INFO - Sync 1 DAGs
[2025-01-03T15:43:15.221+0000] {logging_mixin.py:190} INFO - [2025-01-03T15:43:15.221+0000] {dag.py:4180} INFO - Setting next_dagrun for latest_only to 2025-01-03 08:00:00+00:00, run_after=2025-01-03 12:00:00+00:00
[2025-01-03T15:43:15.230+0000] {processor.py:208} INFO - Processing /home/airflow/.local/lib/python3.12/site-packages/airflow/example_dags/example_latest_only.py took 0.056 seconds
[2025-01-03T15:43:45.829+0000] {processor.py:186} INFO - Started process (PID=226) to work on /home/airflow/.local/lib/python3.12/site-packages/airflow/example_dags/example_latest_only.py
[2025-01-03T15:43:45.831+0000] {processor.py:914} INFO - Processing file /home/airflow/.local/lib/python3.12/site-packages/airflow/example_dags/example_latest_only.py for tasks to queue
[2025-01-03T15:43:45.836+0000] {logging_mixin.py:190} INFO - [2025-01-03T15:43:45.835+0000] {dagbag.py:588} INFO - Filling up the DagBag from /home/airflow/.local/lib/python3.12/site-packages/airflow/example_dags/example_latest_only.py
[2025-01-03T15:43:45.848+0000] {processor.py:925} INFO - DAG(s) 'latest_only' retrieved from /home/airflow/.local/lib/python3.12/site-packages/airflow/example_dags/example_latest_only.py
[2025-01-03T15:43:45.868+0000] {logging_mixin.py:190} INFO - [2025-01-03T15:43:45.867+0000] {dag.py:3239} INFO - Sync 1 DAGs
[2025-01-03T15:43:45.883+0000] {logging_mixin.py:190} INFO - [2025-01-03T15:43:45.883+0000] {dag.py:4180} INFO - Setting next_dagrun for latest_only to 2025-01-03 08:00:00+00:00, run_after=2025-01-03 12:00:00+00:00
[2025-01-03T15:43:45.891+0000] {processor.py:208} INFO - Processing /home/airflow/.local/lib/python3.12/site-packages/airflow/example_dags/example_latest_only.py took 0.075 seconds
[2025-01-03T15:44:16.597+0000] {processor.py:186} INFO - Started process (PID=287) to work on /home/airflow/.local/lib/python3.12/site-packages/airflow/example_dags/example_latest_only.py
[2025-01-03T15:44:16.598+0000] {processor.py:914} INFO - Processing file /home/airflow/.local/lib/python3.12/site-packages/airflow/example_dags/example_latest_only.py for tasks to queue
[2025-01-03T15:44:16.601+0000] {logging_mixin.py:190} INFO - [2025-01-03T15:44:16.600+0000] {dagbag.py:588} INFO - Filling up the DagBag from /home/airflow/.local/lib/python3.12/site-packages/airflow/example_dags/example_latest_only.py
[2025-01-03T15:44:16.606+0000] {processor.py:925} INFO - DAG(s) 'latest_only' retrieved from /home/airflow/.local/lib/python3.12/site-packages/airflow/example_dags/example_latest_only.py
[2025-01-03T15:44:16.628+0000] {logging_mixin.py:190} INFO - [2025-01-03T15:44:16.628+0000] {dag.py:3239} INFO - Sync 1 DAGs
[2025-01-03T15:44:16.651+0000] {logging_mixin.py:190} INFO - [2025-01-03T15:44:16.650+0000] {dag.py:4180} INFO - Setting next_dagrun for latest_only to 2025-01-03 08:00:00+00:00, run_after=2025-01-03 12:00:00+00:00
[2025-01-03T15:44:16.668+0000] {processor.py:208} INFO - Processing /home/airflow/.local/lib/python3.12/site-packages/airflow/example_dags/example_latest_only.py took 0.078 seconds
[2025-01-03T15:44:46.731+0000] {processor.py:186} INFO - Started process (PID=349) to work on /home/airflow/.local/lib/python3.12/site-packages/airflow/example_dags/example_latest_only.py
[2025-01-03T15:44:46.732+0000] {processor.py:914} INFO - Processing file /home/airflow/.local/lib/python3.12/site-packages/airflow/example_dags/example_latest_only.py for tasks to queue
[2025-01-03T15:44:46.734+0000] {logging_mixin.py:190} INFO - [2025-01-03T15:44:46.734+0000] {dagbag.py:588} INFO - Filling up the DagBag from /home/airflow/.local/lib/python3.12/site-packages/airflow/example_dags/example_latest_only.py
[2025-01-03T15:44:46.741+0000] {processor.py:925} INFO - DAG(s) 'latest_only' retrieved from /home/airflow/.local/lib/python3.12/site-packages/airflow/example_dags/example_latest_only.py
[2025-01-03T15:44:46.755+0000] {logging_mixin.py:190} INFO - [2025-01-03T15:44:46.755+0000] {dag.py:3239} INFO - Sync 1 DAGs
[2025-01-03T15:44:46.768+0000] {logging_mixin.py:190} INFO - [2025-01-03T15:44:46.768+0000] {dag.py:4180} INFO - Setting next_dagrun for latest_only to 2025-01-03 08:00:00+00:00, run_after=2025-01-03 12:00:00+00:00
[2025-01-03T15:44:46.777+0000] {processor.py:208} INFO - Processing /home/airflow/.local/lib/python3.12/site-packages/airflow/example_dags/example_latest_only.py took 0.054 seconds
[2025-01-03T15:45:17.481+0000] {processor.py:186} INFO - Started process (PID=411) to work on /home/airflow/.local/lib/python3.12/site-packages/airflow/example_dags/example_latest_only.py
[2025-01-03T15:45:17.484+0000] {processor.py:914} INFO - Processing file /home/airflow/.local/lib/python3.12/site-packages/airflow/example_dags/example_latest_only.py for tasks to queue
[2025-01-03T15:45:17.496+0000] {logging_mixin.py:190} INFO - [2025-01-03T15:45:17.493+0000] {dagbag.py:588} INFO - Filling up the DagBag from /home/airflow/.local/lib/python3.12/site-packages/airflow/example_dags/example_latest_only.py
[2025-01-03T15:45:17.525+0000] {processor.py:925} INFO - DAG(s) 'latest_only' retrieved from /home/airflow/.local/lib/python3.12/site-packages/airflow/example_dags/example_latest_only.py
[2025-01-03T15:45:17.624+0000] {logging_mixin.py:190} INFO - [2025-01-03T15:45:17.624+0000] {dag.py:3239} INFO - Sync 1 DAGs
[2025-01-03T15:45:17.646+0000] {logging_mixin.py:190} INFO - [2025-01-03T15:45:17.646+0000] {dag.py:4180} INFO - Setting next_dagrun for latest_only to 2025-01-03 08:00:00+00:00, run_after=2025-01-03 12:00:00+00:00
[2025-01-03T15:45:17.658+0000] {processor.py:208} INFO - Processing /home/airflow/.local/lib/python3.12/site-packages/airflow/example_dags/example_latest_only.py took 0.185 seconds
[2025-01-03T15:45:47.766+0000] {processor.py:186} INFO - Started process (PID=473) to work on /home/airflow/.local/lib/python3.12/site-packages/airflow/example_dags/example_latest_only.py
[2025-01-03T15:45:47.768+0000] {processor.py:914} INFO - Processing file /home/airflow/.local/lib/python3.12/site-packages/airflow/example_dags/example_latest_only.py for tasks to queue
[2025-01-03T15:45:47.771+0000] {logging_mixin.py:190} INFO - [2025-01-03T15:45:47.771+0000] {dagbag.py:588} INFO - Filling up the DagBag from /home/airflow/.local/lib/python3.12/site-packages/airflow/example_dags/example_latest_only.py
[2025-01-03T15:45:47.785+0000] {processor.py:925} INFO - DAG(s) 'latest_only' retrieved from /home/airflow/.local/lib/python3.12/site-packages/airflow/example_dags/example_latest_only.py
[2025-01-03T15:45:47.805+0000] {logging_mixin.py:190} INFO - [2025-01-03T15:45:47.805+0000] {dag.py:3239} INFO - Sync 1 DAGs
[2025-01-03T15:45:47.826+0000] {logging_mixin.py:190} INFO - [2025-01-03T15:45:47.826+0000] {dag.py:4180} INFO - Setting next_dagrun for latest_only to 2025-01-03 08:00:00+00:00, run_after=2025-01-03 12:00:00+00:00
[2025-01-03T15:45:47.839+0000] {processor.py:208} INFO - Processing /home/airflow/.local/lib/python3.12/site-packages/airflow/example_dags/example_latest_only.py took 0.093 seconds
[2025-01-03T15:46:18.182+0000] {processor.py:186} INFO - Started process (PID=535) to work on /home/airflow/.local/lib/python3.12/site-packages/airflow/example_dags/example_latest_only.py
[2025-01-03T15:46:18.184+0000] {processor.py:914} INFO - Processing file /home/airflow/.local/lib/python3.12/site-packages/airflow/example_dags/example_latest_only.py for tasks to queue
[2025-01-03T15:46:18.188+0000] {logging_mixin.py:190} INFO - [2025-01-03T15:46:18.187+0000] {dagbag.py:588} INFO - Filling up the DagBag from /home/airflow/.local/lib/python3.12/site-packages/airflow/example_dags/example_latest_only.py
[2025-01-03T15:46:18.204+0000] {processor.py:925} INFO - DAG(s) 'latest_only' retrieved from /home/airflow/.local/lib/python3.12/site-packages/airflow/example_dags/example_latest_only.py
[2025-01-03T15:46:18.222+0000] {logging_mixin.py:190} INFO - [2025-01-03T15:46:18.221+0000] {dag.py:3239} INFO - Sync 1 DAGs
[2025-01-03T15:46:18.239+0000] {logging_mixin.py:190} INFO - [2025-01-03T15:46:18.239+0000] {dag.py:4180} INFO - Setting next_dagrun for latest_only to 2025-01-03 08:00:00+00:00, run_after=2025-01-03 12:00:00+00:00
[2025-01-03T15:46:18.248+0000] {processor.py:208} INFO - Processing /home/airflow/.local/lib/python3.12/site-packages/airflow/example_dags/example_latest_only.py took 0.074 seconds
[2025-01-03T15:46:48.547+0000] {processor.py:186} INFO - Started process (PID=598) to work on /home/airflow/.local/lib/python3.12/site-packages/airflow/example_dags/example_latest_only.py
[2025-01-03T15:46:48.549+0000] {processor.py:914} INFO - Processing file /home/airflow/.local/lib/python3.12/site-packages/airflow/example_dags/example_latest_only.py for tasks to queue
[2025-01-03T15:46:48.551+0000] {logging_mixin.py:190} INFO - [2025-01-03T15:46:48.550+0000] {dagbag.py:588} INFO - Filling up the DagBag from /home/airflow/.local/lib/python3.12/site-packages/airflow/example_dags/example_latest_only.py
[2025-01-03T15:46:48.558+0000] {processor.py:925} INFO - DAG(s) 'latest_only' retrieved from /home/airflow/.local/lib/python3.12/site-packages/airflow/example_dags/example_latest_only.py
[2025-01-03T15:46:48.572+0000] {logging_mixin.py:190} INFO - [2025-01-03T15:46:48.572+0000] {dag.py:3239} INFO - Sync 1 DAGs
[2025-01-03T15:46:48.591+0000] {logging_mixin.py:190} INFO - [2025-01-03T15:46:48.591+0000] {dag.py:4180} INFO - Setting next_dagrun for latest_only to 2025-01-03 08:00:00+00:00, run_after=2025-01-03 12:00:00+00:00
[2025-01-03T15:46:48.601+0000] {processor.py:208} INFO - Processing /home/airflow/.local/lib/python3.12/site-packages/airflow/example_dags/example_latest_only.py took 0.060 seconds
[2025-01-03T15:47:18.736+0000] {processor.py:186} INFO - Started process (PID=659) to work on /home/airflow/.local/lib/python3.12/site-packages/airflow/example_dags/example_latest_only.py
[2025-01-03T15:47:18.736+0000] {processor.py:914} INFO - Processing file /home/airflow/.local/lib/python3.12/site-packages/airflow/example_dags/example_latest_only.py for tasks to queue
[2025-01-03T15:47:18.739+0000] {logging_mixin.py:190} INFO - [2025-01-03T15:47:18.739+0000] {dagbag.py:588} INFO - Filling up the DagBag from /home/airflow/.local/lib/python3.12/site-packages/airflow/example_dags/example_latest_only.py
[2025-01-03T15:47:18.746+0000] {processor.py:925} INFO - DAG(s) 'latest_only' retrieved from /home/airflow/.local/lib/python3.12/site-packages/airflow/example_dags/example_latest_only.py
[2025-01-03T15:47:18.767+0000] {logging_mixin.py:190} INFO - [2025-01-03T15:47:18.767+0000] {dag.py:3239} INFO - Sync 1 DAGs
[2025-01-03T15:47:18.783+0000] {logging_mixin.py:190} INFO - [2025-01-03T15:47:18.783+0000] {dag.py:4180} INFO - Setting next_dagrun for latest_only to 2025-01-03 08:00:00+00:00, run_after=2025-01-03 12:00:00+00:00
[2025-01-03T15:47:18.799+0000] {processor.py:208} INFO - Processing /home/airflow/.local/lib/python3.12/site-packages/airflow/example_dags/example_latest_only.py took 0.068 seconds
[2025-01-03T15:47:49.202+0000] {processor.py:186} INFO - Started process (PID=721) to work on /home/airflow/.local/lib/python3.12/site-packages/airflow/example_dags/example_latest_only.py
[2025-01-03T15:47:49.204+0000] {processor.py:914} INFO - Processing file /home/airflow/.local/lib/python3.12/site-packages/airflow/example_dags/example_latest_only.py for tasks to queue
[2025-01-03T15:47:49.211+0000] {logging_mixin.py:190} INFO - [2025-01-03T15:47:49.210+0000] {dagbag.py:588} INFO - Filling up the DagBag from /home/airflow/.local/lib/python3.12/site-packages/airflow/example_dags/example_latest_only.py
[2025-01-03T15:47:49.226+0000] {processor.py:925} INFO - DAG(s) 'latest_only' retrieved from /home/airflow/.local/lib/python3.12/site-packages/airflow/example_dags/example_latest_only.py
[2025-01-03T15:47:49.257+0000] {logging_mixin.py:190} INFO - [2025-01-03T15:47:49.256+0000] {dag.py:3239} INFO - Sync 1 DAGs
[2025-01-03T15:47:49.282+0000] {logging_mixin.py:190} INFO - [2025-01-03T15:47:49.282+0000] {dag.py:4180} INFO - Setting next_dagrun for latest_only to 2025-01-03 08:00:00+00:00, run_after=2025-01-03 12:00:00+00:00
[2025-01-03T15:47:49.295+0000] {processor.py:208} INFO - Processing /home/airflow/.local/lib/python3.12/site-packages/airflow/example_dags/example_latest_only.py took 0.104 seconds
[2025-01-03T15:48:19.729+0000] {processor.py:186} INFO - Started process (PID=783) to work on /home/airflow/.local/lib/python3.12/site-packages/airflow/example_dags/example_latest_only.py
[2025-01-03T15:48:19.731+0000] {processor.py:914} INFO - Processing file /home/airflow/.local/lib/python3.12/site-packages/airflow/example_dags/example_latest_only.py for tasks to queue
[2025-01-03T15:48:19.736+0000] {logging_mixin.py:190} INFO - [2025-01-03T15:48:19.735+0000] {dagbag.py:588} INFO - Filling up the DagBag from /home/airflow/.local/lib/python3.12/site-packages/airflow/example_dags/example_latest_only.py
[2025-01-03T15:48:19.758+0000] {processor.py:925} INFO - DAG(s) 'latest_only' retrieved from /home/airflow/.local/lib/python3.12/site-packages/airflow/example_dags/example_latest_only.py
[2025-01-03T15:48:19.786+0000] {logging_mixin.py:190} INFO - [2025-01-03T15:48:19.786+0000] {dag.py:3239} INFO - Sync 1 DAGs
[2025-01-03T15:48:19.814+0000] {logging_mixin.py:190} INFO - [2025-01-03T15:48:19.813+0000] {dag.py:4180} INFO - Setting next_dagrun for latest_only to 2025-01-03 08:00:00+00:00, run_after=2025-01-03 12:00:00+00:00
[2025-01-03T15:48:19.830+0000] {processor.py:208} INFO - Processing /home/airflow/.local/lib/python3.12/site-packages/airflow/example_dags/example_latest_only.py took 0.116 seconds
[2025-01-03T15:48:50.194+0000] {processor.py:186} INFO - Started process (PID=845) to work on /home/airflow/.local/lib/python3.12/site-packages/airflow/example_dags/example_latest_only.py
[2025-01-03T15:48:50.197+0000] {processor.py:914} INFO - Processing file /home/airflow/.local/lib/python3.12/site-packages/airflow/example_dags/example_latest_only.py for tasks to queue
[2025-01-03T15:48:50.202+0000] {logging_mixin.py:190} INFO - [2025-01-03T15:48:50.201+0000] {dagbag.py:588} INFO - Filling up the DagBag from /home/airflow/.local/lib/python3.12/site-packages/airflow/example_dags/example_latest_only.py
[2025-01-03T15:48:50.215+0000] {processor.py:925} INFO - DAG(s) 'latest_only' retrieved from /home/airflow/.local/lib/python3.12/site-packages/airflow/example_dags/example_latest_only.py
[2025-01-03T15:48:50.244+0000] {logging_mixin.py:190} INFO - [2025-01-03T15:48:50.244+0000] {dag.py:3239} INFO - Sync 1 DAGs
[2025-01-03T15:48:50.288+0000] {logging_mixin.py:190} INFO - [2025-01-03T15:48:50.288+0000] {dag.py:4180} INFO - Setting next_dagrun for latest_only to 2025-01-03 08:00:00+00:00, run_after=2025-01-03 12:00:00+00:00
[2025-01-03T15:48:50.309+0000] {processor.py:208} INFO - Processing /home/airflow/.local/lib/python3.12/site-packages/airflow/example_dags/example_latest_only.py took 0.133 seconds
[2025-01-03T15:49:20.569+0000] {processor.py:186} INFO - Started process (PID=907) to work on /home/airflow/.local/lib/python3.12/site-packages/airflow/example_dags/example_latest_only.py
[2025-01-03T15:49:20.570+0000] {processor.py:914} INFO - Processing file /home/airflow/.local/lib/python3.12/site-packages/airflow/example_dags/example_latest_only.py for tasks to queue
[2025-01-03T15:49:20.571+0000] {logging_mixin.py:190} INFO - [2025-01-03T15:49:20.571+0000] {dagbag.py:588} INFO - Filling up the DagBag from /home/airflow/.local/lib/python3.12/site-packages/airflow/example_dags/example_latest_only.py
[2025-01-03T15:49:20.575+0000] {processor.py:925} INFO - DAG(s) 'latest_only' retrieved from /home/airflow/.local/lib/python3.12/site-packages/airflow/example_dags/example_latest_only.py
[2025-01-03T15:49:20.586+0000] {logging_mixin.py:190} INFO - [2025-01-03T15:49:20.585+0000] {dag.py:3239} INFO - Sync 1 DAGs
[2025-01-03T15:49:20.597+0000] {logging_mixin.py:190} INFO - [2025-01-03T15:49:20.597+0000] {dag.py:4180} INFO - Setting next_dagrun for latest_only to 2025-01-03 08:00:00+00:00, run_after=2025-01-03 12:00:00+00:00
[2025-01-03T15:49:20.606+0000] {processor.py:208} INFO - Processing /home/airflow/.local/lib/python3.12/site-packages/airflow/example_dags/example_latest_only.py took 0.040 seconds
[2025-01-03T15:49:50.952+0000] {processor.py:186} INFO - Started process (PID=969) to work on /home/airflow/.local/lib/python3.12/site-packages/airflow/example_dags/example_latest_only.py
[2025-01-03T15:49:50.952+0000] {processor.py:914} INFO - Processing file /home/airflow/.local/lib/python3.12/site-packages/airflow/example_dags/example_latest_only.py for tasks to queue
[2025-01-03T15:49:50.954+0000] {logging_mixin.py:190} INFO - [2025-01-03T15:49:50.954+0000] {dagbag.py:588} INFO - Filling up the DagBag from /home/airflow/.local/lib/python3.12/site-packages/airflow/example_dags/example_latest_only.py
[2025-01-03T15:49:50.960+0000] {processor.py:925} INFO - DAG(s) 'latest_only' retrieved from /home/airflow/.local/lib/python3.12/site-packages/airflow/example_dags/example_latest_only.py
[2025-01-03T15:49:50.985+0000] {logging_mixin.py:190} INFO - [2025-01-03T15:49:50.980+0000] {dag.py:3239} INFO - Sync 1 DAGs
[2025-01-03T15:49:51.088+0000] {logging_mixin.py:190} INFO - [2025-01-03T15:49:51.088+0000] {dag.py:4180} INFO - Setting next_dagrun for latest_only to 2025-01-03 08:00:00+00:00, run_after=2025-01-03 12:00:00+00:00
[2025-01-03T15:49:51.165+0000] {processor.py:208} INFO - Processing /home/airflow/.local/lib/python3.12/site-packages/airflow/example_dags/example_latest_only.py took 0.217 seconds
[2025-01-03T15:50:24.410+0000] {processor.py:186} INFO - Started process (PID=1031) to work on /home/airflow/.local/lib/python3.12/site-packages/airflow/example_dags/example_latest_only.py
[2025-01-03T15:50:24.412+0000] {processor.py:914} INFO - Processing file /home/airflow/.local/lib/python3.12/site-packages/airflow/example_dags/example_latest_only.py for tasks to queue
[2025-01-03T15:50:24.416+0000] {logging_mixin.py:190} INFO - [2025-01-03T15:50:24.416+0000] {dagbag.py:588} INFO - Filling up the DagBag from /home/airflow/.local/lib/python3.12/site-packages/airflow/example_dags/example_latest_only.py
[2025-01-03T15:50:24.424+0000] {processor.py:925} INFO - DAG(s) 'latest_only' retrieved from /home/airflow/.local/lib/python3.12/site-packages/airflow/example_dags/example_latest_only.py
[2025-01-03T15:50:24.452+0000] {logging_mixin.py:190} INFO - [2025-01-03T15:50:24.452+0000] {dag.py:3239} INFO - Sync 1 DAGs
[2025-01-03T15:50:24.482+0000] {logging_mixin.py:190} INFO - [2025-01-03T15:50:24.481+0000] {dag.py:4180} INFO - Setting next_dagrun for latest_only to 2025-01-03 08:00:00+00:00, run_after=2025-01-03 12:00:00+00:00
[2025-01-03T15:50:24.536+0000] {processor.py:208} INFO - Processing /home/airflow/.local/lib/python3.12/site-packages/airflow/example_dags/example_latest_only.py took 0.145 seconds
[2025-01-03T15:50:54.670+0000] {processor.py:186} INFO - Started process (PID=1093) to work on /home/airflow/.local/lib/python3.12/site-packages/airflow/example_dags/example_latest_only.py
[2025-01-03T15:50:54.671+0000] {processor.py:914} INFO - Processing file /home/airflow/.local/lib/python3.12/site-packages/airflow/example_dags/example_latest_only.py for tasks to queue
[2025-01-03T15:50:54.672+0000] {logging_mixin.py:190} INFO - [2025-01-03T15:50:54.672+0000] {dagbag.py:588} INFO - Filling up the DagBag from /home/airflow/.local/lib/python3.12/site-packages/airflow/example_dags/example_latest_only.py
[2025-01-03T15:50:54.676+0000] {processor.py:925} INFO - DAG(s) 'latest_only' retrieved from /home/airflow/.local/lib/python3.12/site-packages/airflow/example_dags/example_latest_only.py
[2025-01-03T15:50:54.691+0000] {logging_mixin.py:190} INFO - [2025-01-03T15:50:54.691+0000] {dag.py:3239} INFO - Sync 1 DAGs
[2025-01-03T15:50:54.705+0000] {logging_mixin.py:190} INFO - [2025-01-03T15:50:54.705+0000] {dag.py:4180} INFO - Setting next_dagrun for latest_only to 2025-01-03 08:00:00+00:00, run_after=2025-01-03 12:00:00+00:00
[2025-01-03T15:50:54.715+0000] {processor.py:208} INFO - Processing /home/airflow/.local/lib/python3.12/site-packages/airflow/example_dags/example_latest_only.py took 0.047 seconds
[2025-01-03T15:51:25.660+0000] {processor.py:186} INFO - Started process (PID=1155) to work on /home/airflow/.local/lib/python3.12/site-packages/airflow/example_dags/example_latest_only.py
[2025-01-03T15:51:25.660+0000] {processor.py:914} INFO - Processing file /home/airflow/.local/lib/python3.12/site-packages/airflow/example_dags/example_latest_only.py for tasks to queue
[2025-01-03T15:51:25.661+0000] {logging_mixin.py:190} INFO - [2025-01-03T15:51:25.661+0000] {dagbag.py:588} INFO - Filling up the DagBag from /home/airflow/.local/lib/python3.12/site-packages/airflow/example_dags/example_latest_only.py
[2025-01-03T15:51:25.665+0000] {processor.py:925} INFO - DAG(s) 'latest_only' retrieved from /home/airflow/.local/lib/python3.12/site-packages/airflow/example_dags/example_latest_only.py
[2025-01-03T15:51:25.674+0000] {logging_mixin.py:190} INFO - [2025-01-03T15:51:25.674+0000] {dag.py:3239} INFO - Sync 1 DAGs
[2025-01-03T15:51:25.683+0000] {logging_mixin.py:190} INFO - [2025-01-03T15:51:25.683+0000] {dag.py:4180} INFO - Setting next_dagrun for latest_only to 2025-01-03 08:00:00+00:00, run_after=2025-01-03 12:00:00+00:00
[2025-01-03T15:51:25.693+0000] {processor.py:208} INFO - Processing /home/airflow/.local/lib/python3.12/site-packages/airflow/example_dags/example_latest_only.py took 0.035 seconds
[2025-01-03T15:51:56.832+0000] {processor.py:186} INFO - Started process (PID=1217) to work on /home/airflow/.local/lib/python3.12/site-packages/airflow/example_dags/example_latest_only.py
[2025-01-03T15:51:56.833+0000] {processor.py:914} INFO - Processing file /home/airflow/.local/lib/python3.12/site-packages/airflow/example_dags/example_latest_only.py for tasks to queue
[2025-01-03T15:51:56.834+0000] {logging_mixin.py:190} INFO - [2025-01-03T15:51:56.834+0000] {dagbag.py:588} INFO - Filling up the DagBag from /home/airflow/.local/lib/python3.12/site-packages/airflow/example_dags/example_latest_only.py
[2025-01-03T15:51:56.837+0000] {processor.py:925} INFO - DAG(s) 'latest_only' retrieved from /home/airflow/.local/lib/python3.12/site-packages/airflow/example_dags/example_latest_only.py
[2025-01-03T15:51:56.846+0000] {logging_mixin.py:190} INFO - [2025-01-03T15:51:56.846+0000] {dag.py:3239} INFO - Sync 1 DAGs
[2025-01-03T15:51:56.857+0000] {logging_mixin.py:190} INFO - [2025-01-03T15:51:56.856+0000] {dag.py:4180} INFO - Setting next_dagrun for latest_only to 2025-01-03 08:00:00+00:00, run_after=2025-01-03 12:00:00+00:00
[2025-01-03T15:51:56.864+0000] {processor.py:208} INFO - Processing /home/airflow/.local/lib/python3.12/site-packages/airflow/example_dags/example_latest_only.py took 0.035 seconds
[2025-01-03T15:52:27.780+0000] {processor.py:186} INFO - Started process (PID=1279) to work on /home/airflow/.local/lib/python3.12/site-packages/airflow/example_dags/example_latest_only.py
[2025-01-03T15:52:27.781+0000] {processor.py:914} INFO - Processing file /home/airflow/.local/lib/python3.12/site-packages/airflow/example_dags/example_latest_only.py for tasks to queue
[2025-01-03T15:52:27.783+0000] {logging_mixin.py:190} INFO - [2025-01-03T15:52:27.783+0000] {dagbag.py:588} INFO - Filling up the DagBag from /home/airflow/.local/lib/python3.12/site-packages/airflow/example_dags/example_latest_only.py
[2025-01-03T15:52:27.791+0000] {processor.py:925} INFO - DAG(s) 'latest_only' retrieved from /home/airflow/.local/lib/python3.12/site-packages/airflow/example_dags/example_latest_only.py
[2025-01-03T15:52:27.819+0000] {logging_mixin.py:190} INFO - [2025-01-03T15:52:27.819+0000] {dag.py:3239} INFO - Sync 1 DAGs
[2025-01-03T15:52:27.836+0000] {logging_mixin.py:190} INFO - [2025-01-03T15:52:27.835+0000] {dag.py:4180} INFO - Setting next_dagrun for latest_only to 2025-01-03 08:00:00+00:00, run_after=2025-01-03 12:00:00+00:00
[2025-01-03T15:52:27.847+0000] {processor.py:208} INFO - Processing /home/airflow/.local/lib/python3.12/site-packages/airflow/example_dags/example_latest_only.py took 0.073 seconds
[2025-01-03T15:52:58.584+0000] {processor.py:186} INFO - Started process (PID=1341) to work on /home/airflow/.local/lib/python3.12/site-packages/airflow/example_dags/example_latest_only.py
[2025-01-03T15:52:58.586+0000] {processor.py:914} INFO - Processing file /home/airflow/.local/lib/python3.12/site-packages/airflow/example_dags/example_latest_only.py for tasks to queue
[2025-01-03T15:52:58.587+0000] {logging_mixin.py:190} INFO - [2025-01-03T15:52:58.587+0000] {dagbag.py:588} INFO - Filling up the DagBag from /home/airflow/.local/lib/python3.12/site-packages/airflow/example_dags/example_latest_only.py
[2025-01-03T15:52:58.594+0000] {processor.py:925} INFO - DAG(s) 'latest_only' retrieved from /home/airflow/.local/lib/python3.12/site-packages/airflow/example_dags/example_latest_only.py
[2025-01-03T15:52:58.622+0000] {logging_mixin.py:190} INFO - [2025-01-03T15:52:58.620+0000] {dag.py:3239} INFO - Sync 1 DAGs
[2025-01-03T15:52:58.661+0000] {logging_mixin.py:190} INFO - [2025-01-03T15:52:58.660+0000] {dag.py:4180} INFO - Setting next_dagrun for latest_only to 2025-01-03 08:00:00+00:00, run_after=2025-01-03 12:00:00+00:00
[2025-01-03T15:52:58.682+0000] {processor.py:208} INFO - Processing /home/airflow/.local/lib/python3.12/site-packages/airflow/example_dags/example_latest_only.py took 0.101 seconds
[2025-01-03T15:53:29.394+0000] {processor.py:186} INFO - Started process (PID=1408) to work on /home/airflow/.local/lib/python3.12/site-packages/airflow/example_dags/example_latest_only.py
[2025-01-03T15:53:29.394+0000] {processor.py:914} INFO - Processing file /home/airflow/.local/lib/python3.12/site-packages/airflow/example_dags/example_latest_only.py for tasks to queue
[2025-01-03T15:53:29.395+0000] {logging_mixin.py:190} INFO - [2025-01-03T15:53:29.395+0000] {dagbag.py:588} INFO - Filling up the DagBag from /home/airflow/.local/lib/python3.12/site-packages/airflow/example_dags/example_latest_only.py
[2025-01-03T15:53:29.399+0000] {processor.py:925} INFO - DAG(s) 'latest_only' retrieved from /home/airflow/.local/lib/python3.12/site-packages/airflow/example_dags/example_latest_only.py
[2025-01-03T15:53:29.407+0000] {logging_mixin.py:190} INFO - [2025-01-03T15:53:29.407+0000] {dag.py:3239} INFO - Sync 1 DAGs
[2025-01-03T15:53:29.417+0000] {logging_mixin.py:190} INFO - [2025-01-03T15:53:29.417+0000] {dag.py:4180} INFO - Setting next_dagrun for latest_only to 2025-01-03 08:00:00+00:00, run_after=2025-01-03 12:00:00+00:00
[2025-01-03T15:53:29.424+0000] {processor.py:208} INFO - Processing /home/airflow/.local/lib/python3.12/site-packages/airflow/example_dags/example_latest_only.py took 0.033 seconds
