[2025-03-23T20:55:02.977+0000] {processor.py:186} INFO - Started process (PID=68) to work on /home/airflow/.local/lib/python3.12/site-packages/airflow/example_dags/example_setup_teardown.py
[2025-03-23T20:55:02.978+0000] {processor.py:914} INFO - Processing file /home/airflow/.local/lib/python3.12/site-packages/airflow/example_dags/example_setup_teardown.py for tasks to queue
[2025-03-23T20:55:02.982+0000] {logging_mixin.py:190} INFO - [2025-03-23T20:55:02.982+0000] {dagbag.py:588} INFO - Filling up the DagBag from /home/airflow/.local/lib/python3.12/site-packages/airflow/example_dags/example_setup_teardown.py
[2025-03-23T20:55:02.988+0000] {processor.py:925} INFO - DAG(s) 'example_setup_teardown' retrieved from /home/airflow/.local/lib/python3.12/site-packages/airflow/example_dags/example_setup_teardown.py
[2025-03-23T20:55:03.006+0000] {logging_mixin.py:190} INFO - [2025-03-23T20:55:03.006+0000] {dag.py:3239} INFO - Sync 1 DAGs
[2025-03-23T20:55:03.015+0000] {logging_mixin.py:190} INFO - [2025-03-23T20:55:03.014+0000] {dag.py:4180} INFO - Setting next_dagrun for example_setup_teardown to None, run_after=None
[2025-03-23T20:55:03.026+0000] {processor.py:208} INFO - Processing /home/airflow/.local/lib/python3.12/site-packages/airflow/example_dags/example_setup_teardown.py took 0.053 seconds
[2025-03-23T20:55:34.018+0000] {processor.py:186} INFO - Started process (PID=130) to work on /home/airflow/.local/lib/python3.12/site-packages/airflow/example_dags/example_setup_teardown.py
[2025-03-23T20:55:34.021+0000] {processor.py:914} INFO - Processing file /home/airflow/.local/lib/python3.12/site-packages/airflow/example_dags/example_setup_teardown.py for tasks to queue
[2025-03-23T20:55:34.023+0000] {logging_mixin.py:190} INFO - [2025-03-23T20:55:34.023+0000] {dagbag.py:588} INFO - Filling up the DagBag from /home/airflow/.local/lib/python3.12/site-packages/airflow/example_dags/example_setup_teardown.py
[2025-03-23T20:55:34.027+0000] {processor.py:925} INFO - DAG(s) 'example_setup_teardown' retrieved from /home/airflow/.local/lib/python3.12/site-packages/airflow/example_dags/example_setup_teardown.py
[2025-03-23T20:55:34.040+0000] {logging_mixin.py:190} INFO - [2025-03-23T20:55:34.039+0000] {dag.py:3239} INFO - Sync 1 DAGs
[2025-03-23T20:55:34.048+0000] {logging_mixin.py:190} INFO - [2025-03-23T20:55:34.048+0000] {dag.py:4180} INFO - Setting next_dagrun for example_setup_teardown to None, run_after=None
[2025-03-23T20:55:34.062+0000] {processor.py:208} INFO - Processing /home/airflow/.local/lib/python3.12/site-packages/airflow/example_dags/example_setup_teardown.py took 0.048 seconds
[2025-03-23T20:56:05.009+0000] {processor.py:186} INFO - Started process (PID=192) to work on /home/airflow/.local/lib/python3.12/site-packages/airflow/example_dags/example_setup_teardown.py
[2025-03-23T20:56:05.010+0000] {processor.py:914} INFO - Processing file /home/airflow/.local/lib/python3.12/site-packages/airflow/example_dags/example_setup_teardown.py for tasks to queue
[2025-03-23T20:56:05.012+0000] {logging_mixin.py:190} INFO - [2025-03-23T20:56:05.011+0000] {dagbag.py:588} INFO - Filling up the DagBag from /home/airflow/.local/lib/python3.12/site-packages/airflow/example_dags/example_setup_teardown.py
[2025-03-23T20:56:05.017+0000] {processor.py:925} INFO - DAG(s) 'example_setup_teardown' retrieved from /home/airflow/.local/lib/python3.12/site-packages/airflow/example_dags/example_setup_teardown.py
[2025-03-23T20:56:05.036+0000] {logging_mixin.py:190} INFO - [2025-03-23T20:56:05.036+0000] {dag.py:3239} INFO - Sync 1 DAGs
[2025-03-23T20:56:05.045+0000] {logging_mixin.py:190} INFO - [2025-03-23T20:56:05.044+0000] {dag.py:4180} INFO - Setting next_dagrun for example_setup_teardown to None, run_after=None
[2025-03-23T20:56:05.059+0000] {processor.py:208} INFO - Processing /home/airflow/.local/lib/python3.12/site-packages/airflow/example_dags/example_setup_teardown.py took 0.053 seconds
[2025-03-23T20:56:35.133+0000] {processor.py:186} INFO - Started process (PID=254) to work on /home/airflow/.local/lib/python3.12/site-packages/airflow/example_dags/example_setup_teardown.py
[2025-03-23T20:56:35.133+0000] {processor.py:914} INFO - Processing file /home/airflow/.local/lib/python3.12/site-packages/airflow/example_dags/example_setup_teardown.py for tasks to queue
[2025-03-23T20:56:35.135+0000] {logging_mixin.py:190} INFO - [2025-03-23T20:56:35.135+0000] {dagbag.py:588} INFO - Filling up the DagBag from /home/airflow/.local/lib/python3.12/site-packages/airflow/example_dags/example_setup_teardown.py
[2025-03-23T20:56:35.139+0000] {processor.py:925} INFO - DAG(s) 'example_setup_teardown' retrieved from /home/airflow/.local/lib/python3.12/site-packages/airflow/example_dags/example_setup_teardown.py
[2025-03-23T20:56:35.148+0000] {logging_mixin.py:190} INFO - [2025-03-23T20:56:35.148+0000] {dag.py:3239} INFO - Sync 1 DAGs
[2025-03-23T20:56:35.154+0000] {logging_mixin.py:190} INFO - [2025-03-23T20:56:35.154+0000] {dag.py:4180} INFO - Setting next_dagrun for example_setup_teardown to None, run_after=None
[2025-03-23T20:56:35.162+0000] {processor.py:208} INFO - Processing /home/airflow/.local/lib/python3.12/site-packages/airflow/example_dags/example_setup_teardown.py took 0.033 seconds
[2025-03-23T20:57:05.931+0000] {processor.py:186} INFO - Started process (PID=316) to work on /home/airflow/.local/lib/python3.12/site-packages/airflow/example_dags/example_setup_teardown.py
[2025-03-23T20:57:05.932+0000] {processor.py:914} INFO - Processing file /home/airflow/.local/lib/python3.12/site-packages/airflow/example_dags/example_setup_teardown.py for tasks to queue
[2025-03-23T20:57:05.934+0000] {logging_mixin.py:190} INFO - [2025-03-23T20:57:05.934+0000] {dagbag.py:588} INFO - Filling up the DagBag from /home/airflow/.local/lib/python3.12/site-packages/airflow/example_dags/example_setup_teardown.py
[2025-03-23T20:57:05.940+0000] {processor.py:925} INFO - DAG(s) 'example_setup_teardown' retrieved from /home/airflow/.local/lib/python3.12/site-packages/airflow/example_dags/example_setup_teardown.py
[2025-03-23T20:57:05.956+0000] {logging_mixin.py:190} INFO - [2025-03-23T20:57:05.956+0000] {dag.py:3239} INFO - Sync 1 DAGs
[2025-03-23T20:57:05.966+0000] {logging_mixin.py:190} INFO - [2025-03-23T20:57:05.966+0000] {dag.py:4180} INFO - Setting next_dagrun for example_setup_teardown to None, run_after=None
[2025-03-23T20:57:05.977+0000] {processor.py:208} INFO - Processing /home/airflow/.local/lib/python3.12/site-packages/airflow/example_dags/example_setup_teardown.py took 0.050 seconds
[2025-03-23T20:57:36.947+0000] {processor.py:186} INFO - Started process (PID=378) to work on /home/airflow/.local/lib/python3.12/site-packages/airflow/example_dags/example_setup_teardown.py
[2025-03-23T20:57:36.948+0000] {processor.py:914} INFO - Processing file /home/airflow/.local/lib/python3.12/site-packages/airflow/example_dags/example_setup_teardown.py for tasks to queue
[2025-03-23T20:57:36.949+0000] {logging_mixin.py:190} INFO - [2025-03-23T20:57:36.949+0000] {dagbag.py:588} INFO - Filling up the DagBag from /home/airflow/.local/lib/python3.12/site-packages/airflow/example_dags/example_setup_teardown.py
[2025-03-23T20:57:36.972+0000] {processor.py:925} INFO - DAG(s) 'example_setup_teardown' retrieved from /home/airflow/.local/lib/python3.12/site-packages/airflow/example_dags/example_setup_teardown.py
[2025-03-23T20:57:37.011+0000] {logging_mixin.py:190} INFO - [2025-03-23T20:57:37.011+0000] {dag.py:3239} INFO - Sync 1 DAGs
[2025-03-23T20:57:37.036+0000] {logging_mixin.py:190} INFO - [2025-03-23T20:57:37.036+0000] {dag.py:4180} INFO - Setting next_dagrun for example_setup_teardown to None, run_after=None
[2025-03-23T20:57:37.047+0000] {processor.py:208} INFO - Processing /home/airflow/.local/lib/python3.12/site-packages/airflow/example_dags/example_setup_teardown.py took 0.105 seconds
[2025-03-23T20:58:07.276+0000] {processor.py:186} INFO - Started process (PID=440) to work on /home/airflow/.local/lib/python3.12/site-packages/airflow/example_dags/example_setup_teardown.py
[2025-03-23T20:58:07.277+0000] {processor.py:914} INFO - Processing file /home/airflow/.local/lib/python3.12/site-packages/airflow/example_dags/example_setup_teardown.py for tasks to queue
[2025-03-23T20:58:07.279+0000] {logging_mixin.py:190} INFO - [2025-03-23T20:58:07.279+0000] {dagbag.py:588} INFO - Filling up the DagBag from /home/airflow/.local/lib/python3.12/site-packages/airflow/example_dags/example_setup_teardown.py
[2025-03-23T20:58:07.287+0000] {processor.py:925} INFO - DAG(s) 'example_setup_teardown' retrieved from /home/airflow/.local/lib/python3.12/site-packages/airflow/example_dags/example_setup_teardown.py
[2025-03-23T20:58:07.301+0000] {logging_mixin.py:190} INFO - [2025-03-23T20:58:07.301+0000] {dag.py:3239} INFO - Sync 1 DAGs
[2025-03-23T20:58:07.309+0000] {logging_mixin.py:190} INFO - [2025-03-23T20:58:07.309+0000] {dag.py:4180} INFO - Setting next_dagrun for example_setup_teardown to None, run_after=None
[2025-03-23T20:58:07.323+0000] {processor.py:208} INFO - Processing /home/airflow/.local/lib/python3.12/site-packages/airflow/example_dags/example_setup_teardown.py took 0.049 seconds
[2025-03-23T20:58:38.293+0000] {processor.py:186} INFO - Started process (PID=502) to work on /home/airflow/.local/lib/python3.12/site-packages/airflow/example_dags/example_setup_teardown.py
[2025-03-23T20:58:38.294+0000] {processor.py:914} INFO - Processing file /home/airflow/.local/lib/python3.12/site-packages/airflow/example_dags/example_setup_teardown.py for tasks to queue
[2025-03-23T20:58:38.296+0000] {logging_mixin.py:190} INFO - [2025-03-23T20:58:38.296+0000] {dagbag.py:588} INFO - Filling up the DagBag from /home/airflow/.local/lib/python3.12/site-packages/airflow/example_dags/example_setup_teardown.py
[2025-03-23T20:58:38.302+0000] {processor.py:925} INFO - DAG(s) 'example_setup_teardown' retrieved from /home/airflow/.local/lib/python3.12/site-packages/airflow/example_dags/example_setup_teardown.py
[2025-03-23T20:58:38.320+0000] {logging_mixin.py:190} INFO - [2025-03-23T20:58:38.320+0000] {dag.py:3239} INFO - Sync 1 DAGs
[2025-03-23T20:58:38.330+0000] {logging_mixin.py:190} INFO - [2025-03-23T20:58:38.330+0000] {dag.py:4180} INFO - Setting next_dagrun for example_setup_teardown to None, run_after=None
[2025-03-23T20:58:38.343+0000] {processor.py:208} INFO - Processing /home/airflow/.local/lib/python3.12/site-packages/airflow/example_dags/example_setup_teardown.py took 0.053 seconds
[2025-03-23T20:59:09.221+0000] {processor.py:186} INFO - Started process (PID=564) to work on /home/airflow/.local/lib/python3.12/site-packages/airflow/example_dags/example_setup_teardown.py
[2025-03-23T20:59:09.222+0000] {processor.py:914} INFO - Processing file /home/airflow/.local/lib/python3.12/site-packages/airflow/example_dags/example_setup_teardown.py for tasks to queue
[2025-03-23T20:59:09.223+0000] {logging_mixin.py:190} INFO - [2025-03-23T20:59:09.223+0000] {dagbag.py:588} INFO - Filling up the DagBag from /home/airflow/.local/lib/python3.12/site-packages/airflow/example_dags/example_setup_teardown.py
[2025-03-23T20:59:09.228+0000] {processor.py:925} INFO - DAG(s) 'example_setup_teardown' retrieved from /home/airflow/.local/lib/python3.12/site-packages/airflow/example_dags/example_setup_teardown.py
[2025-03-23T20:59:09.244+0000] {logging_mixin.py:190} INFO - [2025-03-23T20:59:09.244+0000] {dag.py:3239} INFO - Sync 1 DAGs
[2025-03-23T20:59:09.251+0000] {logging_mixin.py:190} INFO - [2025-03-23T20:59:09.250+0000] {dag.py:4180} INFO - Setting next_dagrun for example_setup_teardown to None, run_after=None
[2025-03-23T20:59:09.263+0000] {processor.py:208} INFO - Processing /home/airflow/.local/lib/python3.12/site-packages/airflow/example_dags/example_setup_teardown.py took 0.044 seconds
