[2025-03-23T20:55:00.692+0000] {processor.py:186} INFO - Started process (PID=45) to work on /home/airflow/.local/lib/python3.12/site-packages/airflow/example_dags/example_display_name.py
[2025-03-23T20:55:00.694+0000] {processor.py:914} INFO - Processing file /home/airflow/.local/lib/python3.12/site-packages/airflow/example_dags/example_display_name.py for tasks to queue
[2025-03-23T20:55:00.705+0000] {logging_mixin.py:190} INFO - [2025-03-23T20:55:00.704+0000] {dagbag.py:588} INFO - Filling up the DagBag from /home/airflow/.local/lib/python3.12/site-packages/airflow/example_dags/example_display_name.py
[2025-03-23T20:55:00.720+0000] {processor.py:925} INFO - DAG(s) 'example_display_name' retrieved from /home/airflow/.local/lib/python3.12/site-packages/airflow/example_dags/example_display_name.py
[2025-03-23T20:55:00.792+0000] {logging_mixin.py:190} INFO - [2025-03-23T20:55:00.792+0000] {dag.py:3239} INFO - Sync 1 DAGs
[2025-03-23T20:55:00.808+0000] {logging_mixin.py:190} INFO - [2025-03-23T20:55:00.808+0000] {dag.py:4180} INFO - Setting next_dagrun for example_display_name to None, run_after=None
[2025-03-23T20:55:00.830+0000] {processor.py:208} INFO - Processing /home/airflow/.local/lib/python3.12/site-packages/airflow/example_dags/example_display_name.py took 0.148 seconds
[2025-03-23T20:55:31.020+0000] {processor.py:186} INFO - Started process (PID=107) to work on /home/airflow/.local/lib/python3.12/site-packages/airflow/example_dags/example_display_name.py
[2025-03-23T20:55:31.020+0000] {processor.py:914} INFO - Processing file /home/airflow/.local/lib/python3.12/site-packages/airflow/example_dags/example_display_name.py for tasks to queue
[2025-03-23T20:55:31.021+0000] {logging_mixin.py:190} INFO - [2025-03-23T20:55:31.021+0000] {dagbag.py:588} INFO - Filling up the DagBag from /home/airflow/.local/lib/python3.12/site-packages/airflow/example_dags/example_display_name.py
[2025-03-23T20:55:31.026+0000] {processor.py:925} INFO - DAG(s) 'example_display_name' retrieved from /home/airflow/.local/lib/python3.12/site-packages/airflow/example_dags/example_display_name.py
[2025-03-23T20:55:31.035+0000] {logging_mixin.py:190} INFO - [2025-03-23T20:55:31.034+0000] {dag.py:3239} INFO - Sync 1 DAGs
[2025-03-23T20:55:31.041+0000] {logging_mixin.py:190} INFO - [2025-03-23T20:55:31.040+0000] {dag.py:4180} INFO - Setting next_dagrun for example_display_name to None, run_after=None
[2025-03-23T20:55:31.048+0000] {processor.py:208} INFO - Processing /home/airflow/.local/lib/python3.12/site-packages/airflow/example_dags/example_display_name.py took 0.031 seconds
[2025-03-23T20:56:01.962+0000] {processor.py:186} INFO - Started process (PID=169) to work on /home/airflow/.local/lib/python3.12/site-packages/airflow/example_dags/example_display_name.py
[2025-03-23T20:56:01.964+0000] {processor.py:914} INFO - Processing file /home/airflow/.local/lib/python3.12/site-packages/airflow/example_dags/example_display_name.py for tasks to queue
[2025-03-23T20:56:01.966+0000] {logging_mixin.py:190} INFO - [2025-03-23T20:56:01.966+0000] {dagbag.py:588} INFO - Filling up the DagBag from /home/airflow/.local/lib/python3.12/site-packages/airflow/example_dags/example_display_name.py
[2025-03-23T20:56:01.975+0000] {processor.py:925} INFO - DAG(s) 'example_display_name' retrieved from /home/airflow/.local/lib/python3.12/site-packages/airflow/example_dags/example_display_name.py
[2025-03-23T20:56:01.988+0000] {logging_mixin.py:190} INFO - [2025-03-23T20:56:01.988+0000] {dag.py:3239} INFO - Sync 1 DAGs
[2025-03-23T20:56:01.998+0000] {logging_mixin.py:190} INFO - [2025-03-23T20:56:01.998+0000] {dag.py:4180} INFO - Setting next_dagrun for example_display_name to None, run_after=None
[2025-03-23T20:56:02.009+0000] {processor.py:208} INFO - Processing /home/airflow/.local/lib/python3.12/site-packages/airflow/example_dags/example_display_name.py took 0.055 seconds
[2025-03-23T20:56:32.253+0000] {processor.py:186} INFO - Started process (PID=231) to work on /home/airflow/.local/lib/python3.12/site-packages/airflow/example_dags/example_display_name.py
[2025-03-23T20:56:32.256+0000] {processor.py:914} INFO - Processing file /home/airflow/.local/lib/python3.12/site-packages/airflow/example_dags/example_display_name.py for tasks to queue
[2025-03-23T20:56:32.258+0000] {logging_mixin.py:190} INFO - [2025-03-23T20:56:32.258+0000] {dagbag.py:588} INFO - Filling up the DagBag from /home/airflow/.local/lib/python3.12/site-packages/airflow/example_dags/example_display_name.py
[2025-03-23T20:56:32.265+0000] {processor.py:925} INFO - DAG(s) 'example_display_name' retrieved from /home/airflow/.local/lib/python3.12/site-packages/airflow/example_dags/example_display_name.py
[2025-03-23T20:56:32.279+0000] {logging_mixin.py:190} INFO - [2025-03-23T20:56:32.279+0000] {dag.py:3239} INFO - Sync 1 DAGs
[2025-03-23T20:56:32.289+0000] {logging_mixin.py:190} INFO - [2025-03-23T20:56:32.289+0000] {dag.py:4180} INFO - Setting next_dagrun for example_display_name to None, run_after=None
[2025-03-23T20:56:32.305+0000] {processor.py:208} INFO - Processing /home/airflow/.local/lib/python3.12/site-packages/airflow/example_dags/example_display_name.py took 0.057 seconds
[2025-03-23T20:57:02.893+0000] {processor.py:186} INFO - Started process (PID=293) to work on /home/airflow/.local/lib/python3.12/site-packages/airflow/example_dags/example_display_name.py
[2025-03-23T20:57:02.896+0000] {processor.py:914} INFO - Processing file /home/airflow/.local/lib/python3.12/site-packages/airflow/example_dags/example_display_name.py for tasks to queue
[2025-03-23T20:57:02.899+0000] {logging_mixin.py:190} INFO - [2025-03-23T20:57:02.899+0000] {dagbag.py:588} INFO - Filling up the DagBag from /home/airflow/.local/lib/python3.12/site-packages/airflow/example_dags/example_display_name.py
[2025-03-23T20:57:02.907+0000] {processor.py:925} INFO - DAG(s) 'example_display_name' retrieved from /home/airflow/.local/lib/python3.12/site-packages/airflow/example_dags/example_display_name.py
[2025-03-23T20:57:02.931+0000] {logging_mixin.py:190} INFO - [2025-03-23T20:57:02.930+0000] {dag.py:3239} INFO - Sync 1 DAGs
[2025-03-23T20:57:02.956+0000] {logging_mixin.py:190} INFO - [2025-03-23T20:57:02.956+0000] {dag.py:4180} INFO - Setting next_dagrun for example_display_name to None, run_after=None
[2025-03-23T20:57:02.988+0000] {processor.py:208} INFO - Processing /home/airflow/.local/lib/python3.12/site-packages/airflow/example_dags/example_display_name.py took 0.100 seconds
[2025-03-23T20:57:33.841+0000] {processor.py:186} INFO - Started process (PID=361) to work on /home/airflow/.local/lib/python3.12/site-packages/airflow/example_dags/example_display_name.py
[2025-03-23T20:57:33.842+0000] {processor.py:914} INFO - Processing file /home/airflow/.local/lib/python3.12/site-packages/airflow/example_dags/example_display_name.py for tasks to queue
[2025-03-23T20:57:33.843+0000] {logging_mixin.py:190} INFO - [2025-03-23T20:57:33.843+0000] {dagbag.py:588} INFO - Filling up the DagBag from /home/airflow/.local/lib/python3.12/site-packages/airflow/example_dags/example_display_name.py
[2025-03-23T20:57:33.849+0000] {processor.py:925} INFO - DAG(s) 'example_display_name' retrieved from /home/airflow/.local/lib/python3.12/site-packages/airflow/example_dags/example_display_name.py
[2025-03-23T20:57:33.861+0000] {logging_mixin.py:190} INFO - [2025-03-23T20:57:33.861+0000] {dag.py:3239} INFO - Sync 1 DAGs
[2025-03-23T20:57:33.868+0000] {logging_mixin.py:190} INFO - [2025-03-23T20:57:33.868+0000] {dag.py:4180} INFO - Setting next_dagrun for example_display_name to None, run_after=None
[2025-03-23T20:57:33.880+0000] {processor.py:208} INFO - Processing /home/airflow/.local/lib/python3.12/site-packages/airflow/example_dags/example_display_name.py took 0.042 seconds
[2025-03-23T20:58:04.331+0000] {processor.py:186} INFO - Started process (PID=423) to work on /home/airflow/.local/lib/python3.12/site-packages/airflow/example_dags/example_display_name.py
[2025-03-23T20:58:04.333+0000] {processor.py:914} INFO - Processing file /home/airflow/.local/lib/python3.12/site-packages/airflow/example_dags/example_display_name.py for tasks to queue
[2025-03-23T20:58:04.334+0000] {logging_mixin.py:190} INFO - [2025-03-23T20:58:04.334+0000] {dagbag.py:588} INFO - Filling up the DagBag from /home/airflow/.local/lib/python3.12/site-packages/airflow/example_dags/example_display_name.py
[2025-03-23T20:58:04.340+0000] {processor.py:925} INFO - DAG(s) 'example_display_name' retrieved from /home/airflow/.local/lib/python3.12/site-packages/airflow/example_dags/example_display_name.py
[2025-03-23T20:58:04.357+0000] {logging_mixin.py:190} INFO - [2025-03-23T20:58:04.356+0000] {dag.py:3239} INFO - Sync 1 DAGs
[2025-03-23T20:58:04.364+0000] {logging_mixin.py:190} INFO - [2025-03-23T20:58:04.364+0000] {dag.py:4180} INFO - Setting next_dagrun for example_display_name to None, run_after=None
[2025-03-23T20:58:04.373+0000] {processor.py:208} INFO - Processing /home/airflow/.local/lib/python3.12/site-packages/airflow/example_dags/example_display_name.py took 0.046 seconds
[2025-03-23T20:58:35.298+0000] {processor.py:186} INFO - Started process (PID=485) to work on /home/airflow/.local/lib/python3.12/site-packages/airflow/example_dags/example_display_name.py
[2025-03-23T20:58:35.300+0000] {processor.py:914} INFO - Processing file /home/airflow/.local/lib/python3.12/site-packages/airflow/example_dags/example_display_name.py for tasks to queue
[2025-03-23T20:58:35.304+0000] {logging_mixin.py:190} INFO - [2025-03-23T20:58:35.304+0000] {dagbag.py:588} INFO - Filling up the DagBag from /home/airflow/.local/lib/python3.12/site-packages/airflow/example_dags/example_display_name.py
[2025-03-23T20:58:35.332+0000] {processor.py:925} INFO - DAG(s) 'example_display_name' retrieved from /home/airflow/.local/lib/python3.12/site-packages/airflow/example_dags/example_display_name.py
[2025-03-23T20:58:35.359+0000] {logging_mixin.py:190} INFO - [2025-03-23T20:58:35.358+0000] {dag.py:3239} INFO - Sync 1 DAGs
[2025-03-23T20:58:35.404+0000] {logging_mixin.py:190} INFO - [2025-03-23T20:58:35.403+0000] {dag.py:4180} INFO - Setting next_dagrun for example_display_name to None, run_after=None
[2025-03-23T20:58:35.434+0000] {processor.py:208} INFO - Processing /home/airflow/.local/lib/python3.12/site-packages/airflow/example_dags/example_display_name.py took 0.142 seconds
[2025-03-23T20:59:06.374+0000] {processor.py:186} INFO - Started process (PID=547) to work on /home/airflow/.local/lib/python3.12/site-packages/airflow/example_dags/example_display_name.py
[2025-03-23T20:59:06.375+0000] {processor.py:914} INFO - Processing file /home/airflow/.local/lib/python3.12/site-packages/airflow/example_dags/example_display_name.py for tasks to queue
[2025-03-23T20:59:06.377+0000] {logging_mixin.py:190} INFO - [2025-03-23T20:59:06.377+0000] {dagbag.py:588} INFO - Filling up the DagBag from /home/airflow/.local/lib/python3.12/site-packages/airflow/example_dags/example_display_name.py
[2025-03-23T20:59:06.381+0000] {processor.py:925} INFO - DAG(s) 'example_display_name' retrieved from /home/airflow/.local/lib/python3.12/site-packages/airflow/example_dags/example_display_name.py
[2025-03-23T20:59:06.399+0000] {logging_mixin.py:190} INFO - [2025-03-23T20:59:06.399+0000] {dag.py:3239} INFO - Sync 1 DAGs
[2025-03-23T20:59:06.406+0000] {logging_mixin.py:190} INFO - [2025-03-23T20:59:06.406+0000] {dag.py:4180} INFO - Setting next_dagrun for example_display_name to None, run_after=None
[2025-03-23T20:59:06.419+0000] {processor.py:208} INFO - Processing /home/airflow/.local/lib/python3.12/site-packages/airflow/example_dags/example_display_name.py took 0.049 seconds
