[2025-03-23T20:55:03.042+0000] {processor.py:186} INFO - Started process (PID=70) to work on /home/airflow/.local/lib/python3.12/site-packages/airflow/example_dags/example_datasets.py
[2025-03-23T20:55:03.044+0000] {processor.py:914} INFO - Processing file /home/airflow/.local/lib/python3.12/site-packages/airflow/example_dags/example_datasets.py for tasks to queue
[2025-03-23T20:55:03.045+0000] {logging_mixin.py:190} INFO - [2025-03-23T20:55:03.045+0000] {dagbag.py:588} INFO - Filling up the DagBag from /home/airflow/.local/lib/python3.12/site-packages/airflow/example_dags/example_datasets.py
[2025-03-23T20:55:03.157+0000] {processor.py:925} INFO - DAG(s) 'dataset_consumes_unknown_never_scheduled', 'dataset_consumes_1_and_2', 'dataset_produces_1', 'dataset_consumes_1_never_scheduled', 'dataset_produces_2', 'dataset_consumes_1', 'conditional_dataset_and_time_based_timetable', 'consume_1_and_2_with_dataset_expressions', 'consume_1_or_2_with_dataset_expressions', 'consume_1_or_both_2_and_3_with_dataset_expressions' retrieved from /home/airflow/.local/lib/python3.12/site-packages/airflow/example_dags/example_datasets.py
[2025-03-23T20:55:03.194+0000] {logging_mixin.py:190} INFO - [2025-03-23T20:55:03.194+0000] {dag.py:3239} INFO - Sync 10 DAGs
[2025-03-23T20:55:03.216+0000] {logging_mixin.py:190} INFO - [2025-03-23T20:55:03.216+0000] {dag.py:4180} INFO - Setting next_dagrun for conditional_dataset_and_time_based_timetable to 2025-03-19 01:00:00+00:00, run_after=2025-03-19 01:00:00+00:00
[2025-03-23T20:55:03.220+0000] {logging_mixin.py:190} INFO - [2025-03-23T20:55:03.220+0000] {dag.py:4180} INFO - Setting next_dagrun for consume_1_and_2_with_dataset_expressions to None, run_after=None
[2025-03-23T20:55:03.220+0000] {logging_mixin.py:190} INFO - [2025-03-23T20:55:03.220+0000] {dag.py:4180} INFO - Setting next_dagrun for consume_1_or_2_with_dataset_expressions to None, run_after=None
[2025-03-23T20:55:03.221+0000] {logging_mixin.py:190} INFO - [2025-03-23T20:55:03.221+0000] {dag.py:4180} INFO - Setting next_dagrun for consume_1_or_both_2_and_3_with_dataset_expressions to None, run_after=None
[2025-03-23T20:55:03.221+0000] {logging_mixin.py:190} INFO - [2025-03-23T20:55:03.221+0000] {dag.py:4180} INFO - Setting next_dagrun for dataset_consumes_1 to None, run_after=None
[2025-03-23T20:55:03.222+0000] {logging_mixin.py:190} INFO - [2025-03-23T20:55:03.222+0000] {dag.py:4180} INFO - Setting next_dagrun for dataset_consumes_1_and_2 to None, run_after=None
[2025-03-23T20:55:03.223+0000] {logging_mixin.py:190} INFO - [2025-03-23T20:55:03.223+0000] {dag.py:4180} INFO - Setting next_dagrun for dataset_consumes_1_never_scheduled to None, run_after=None
[2025-03-23T20:55:03.223+0000] {logging_mixin.py:190} INFO - [2025-03-23T20:55:03.223+0000] {dag.py:4180} INFO - Setting next_dagrun for dataset_consumes_unknown_never_scheduled to None, run_after=None
[2025-03-23T20:55:03.225+0000] {logging_mixin.py:190} INFO - [2025-03-23T20:55:03.225+0000] {dag.py:4180} INFO - Setting next_dagrun for dataset_produces_1 to 2025-03-22 00:00:00+00:00, run_after=2025-03-23 00:00:00+00:00
[2025-03-23T20:55:03.225+0000] {logging_mixin.py:190} INFO - [2025-03-23T20:55:03.225+0000] {dag.py:4180} INFO - Setting next_dagrun for dataset_produces_2 to None, run_after=None
[2025-03-23T20:55:03.253+0000] {processor.py:208} INFO - Processing /home/airflow/.local/lib/python3.12/site-packages/airflow/example_dags/example_datasets.py took 0.214 seconds
[2025-03-23T20:55:34.078+0000] {processor.py:186} INFO - Started process (PID=132) to work on /home/airflow/.local/lib/python3.12/site-packages/airflow/example_dags/example_datasets.py
[2025-03-23T20:55:34.079+0000] {processor.py:914} INFO - Processing file /home/airflow/.local/lib/python3.12/site-packages/airflow/example_dags/example_datasets.py for tasks to queue
[2025-03-23T20:55:34.081+0000] {logging_mixin.py:190} INFO - [2025-03-23T20:55:34.080+0000] {dagbag.py:588} INFO - Filling up the DagBag from /home/airflow/.local/lib/python3.12/site-packages/airflow/example_dags/example_datasets.py
[2025-03-23T20:55:34.181+0000] {processor.py:925} INFO - DAG(s) 'consume_1_or_2_with_dataset_expressions', 'dataset_consumes_unknown_never_scheduled', 'consume_1_or_both_2_and_3_with_dataset_expressions', 'dataset_produces_2', 'consume_1_and_2_with_dataset_expressions', 'dataset_consumes_1_and_2', 'dataset_consumes_1', 'conditional_dataset_and_time_based_timetable', 'dataset_consumes_1_never_scheduled', 'dataset_produces_1' retrieved from /home/airflow/.local/lib/python3.12/site-packages/airflow/example_dags/example_datasets.py
[2025-03-23T20:55:34.210+0000] {logging_mixin.py:190} INFO - [2025-03-23T20:55:34.209+0000] {dag.py:3239} INFO - Sync 10 DAGs
[2025-03-23T20:55:34.224+0000] {logging_mixin.py:190} INFO - [2025-03-23T20:55:34.224+0000] {dag.py:4180} INFO - Setting next_dagrun for conditional_dataset_and_time_based_timetable to 2025-03-19 01:00:00+00:00, run_after=2025-03-19 01:00:00+00:00
[2025-03-23T20:55:34.226+0000] {logging_mixin.py:190} INFO - [2025-03-23T20:55:34.226+0000] {dag.py:4180} INFO - Setting next_dagrun for consume_1_and_2_with_dataset_expressions to None, run_after=None
[2025-03-23T20:55:34.227+0000] {logging_mixin.py:190} INFO - [2025-03-23T20:55:34.227+0000] {dag.py:4180} INFO - Setting next_dagrun for consume_1_or_2_with_dataset_expressions to None, run_after=None
[2025-03-23T20:55:34.228+0000] {logging_mixin.py:190} INFO - [2025-03-23T20:55:34.228+0000] {dag.py:4180} INFO - Setting next_dagrun for consume_1_or_both_2_and_3_with_dataset_expressions to None, run_after=None
[2025-03-23T20:55:34.229+0000] {logging_mixin.py:190} INFO - [2025-03-23T20:55:34.229+0000] {dag.py:4180} INFO - Setting next_dagrun for dataset_consumes_1 to None, run_after=None
[2025-03-23T20:55:34.230+0000] {logging_mixin.py:190} INFO - [2025-03-23T20:55:34.230+0000] {dag.py:4180} INFO - Setting next_dagrun for dataset_consumes_1_and_2 to None, run_after=None
[2025-03-23T20:55:34.231+0000] {logging_mixin.py:190} INFO - [2025-03-23T20:55:34.231+0000] {dag.py:4180} INFO - Setting next_dagrun for dataset_consumes_1_never_scheduled to None, run_after=None
[2025-03-23T20:55:34.231+0000] {logging_mixin.py:190} INFO - [2025-03-23T20:55:34.231+0000] {dag.py:4180} INFO - Setting next_dagrun for dataset_consumes_unknown_never_scheduled to None, run_after=None
[2025-03-23T20:55:34.232+0000] {logging_mixin.py:190} INFO - [2025-03-23T20:55:34.232+0000] {dag.py:4180} INFO - Setting next_dagrun for dataset_produces_1 to 2025-03-22 00:00:00+00:00, run_after=2025-03-23 00:00:00+00:00
[2025-03-23T20:55:34.233+0000] {logging_mixin.py:190} INFO - [2025-03-23T20:55:34.233+0000] {dag.py:4180} INFO - Setting next_dagrun for dataset_produces_2 to None, run_after=None
[2025-03-23T20:55:34.251+0000] {processor.py:208} INFO - Processing /home/airflow/.local/lib/python3.12/site-packages/airflow/example_dags/example_datasets.py took 0.177 seconds
[2025-03-23T20:56:05.074+0000] {processor.py:186} INFO - Started process (PID=194) to work on /home/airflow/.local/lib/python3.12/site-packages/airflow/example_dags/example_datasets.py
[2025-03-23T20:56:05.075+0000] {processor.py:914} INFO - Processing file /home/airflow/.local/lib/python3.12/site-packages/airflow/example_dags/example_datasets.py for tasks to queue
[2025-03-23T20:56:05.077+0000] {logging_mixin.py:190} INFO - [2025-03-23T20:56:05.077+0000] {dagbag.py:588} INFO - Filling up the DagBag from /home/airflow/.local/lib/python3.12/site-packages/airflow/example_dags/example_datasets.py
[2025-03-23T20:56:05.186+0000] {processor.py:925} INFO - DAG(s) 'conditional_dataset_and_time_based_timetable', 'dataset_consumes_1_never_scheduled', 'dataset_produces_2', 'consume_1_or_2_with_dataset_expressions', 'consume_1_and_2_with_dataset_expressions', 'dataset_produces_1', 'consume_1_or_both_2_and_3_with_dataset_expressions', 'dataset_consumes_unknown_never_scheduled', 'dataset_consumes_1', 'dataset_consumes_1_and_2' retrieved from /home/airflow/.local/lib/python3.12/site-packages/airflow/example_dags/example_datasets.py
[2025-03-23T20:56:05.216+0000] {logging_mixin.py:190} INFO - [2025-03-23T20:56:05.216+0000] {dag.py:3239} INFO - Sync 10 DAGs
[2025-03-23T20:56:05.231+0000] {logging_mixin.py:190} INFO - [2025-03-23T20:56:05.231+0000] {dag.py:4180} INFO - Setting next_dagrun for conditional_dataset_and_time_based_timetable to 2025-03-19 01:00:00+00:00, run_after=2025-03-19 01:00:00+00:00
[2025-03-23T20:56:05.233+0000] {logging_mixin.py:190} INFO - [2025-03-23T20:56:05.233+0000] {dag.py:4180} INFO - Setting next_dagrun for consume_1_and_2_with_dataset_expressions to None, run_after=None
[2025-03-23T20:56:05.234+0000] {logging_mixin.py:190} INFO - [2025-03-23T20:56:05.234+0000] {dag.py:4180} INFO - Setting next_dagrun for consume_1_or_2_with_dataset_expressions to None, run_after=None
[2025-03-23T20:56:05.234+0000] {logging_mixin.py:190} INFO - [2025-03-23T20:56:05.234+0000] {dag.py:4180} INFO - Setting next_dagrun for consume_1_or_both_2_and_3_with_dataset_expressions to None, run_after=None
[2025-03-23T20:56:05.235+0000] {logging_mixin.py:190} INFO - [2025-03-23T20:56:05.235+0000] {dag.py:4180} INFO - Setting next_dagrun for dataset_consumes_1 to None, run_after=None
[2025-03-23T20:56:05.235+0000] {logging_mixin.py:190} INFO - [2025-03-23T20:56:05.235+0000] {dag.py:4180} INFO - Setting next_dagrun for dataset_consumes_1_and_2 to None, run_after=None
[2025-03-23T20:56:05.236+0000] {logging_mixin.py:190} INFO - [2025-03-23T20:56:05.236+0000] {dag.py:4180} INFO - Setting next_dagrun for dataset_consumes_1_never_scheduled to None, run_after=None
[2025-03-23T20:56:05.237+0000] {logging_mixin.py:190} INFO - [2025-03-23T20:56:05.237+0000] {dag.py:4180} INFO - Setting next_dagrun for dataset_consumes_unknown_never_scheduled to None, run_after=None
[2025-03-23T20:56:05.241+0000] {logging_mixin.py:190} INFO - [2025-03-23T20:56:05.241+0000] {dag.py:4180} INFO - Setting next_dagrun for dataset_produces_1 to 2025-03-22 00:00:00+00:00, run_after=2025-03-23 00:00:00+00:00
[2025-03-23T20:56:05.242+0000] {logging_mixin.py:190} INFO - [2025-03-23T20:56:05.242+0000] {dag.py:4180} INFO - Setting next_dagrun for dataset_produces_2 to None, run_after=None
[2025-03-23T20:56:05.265+0000] {processor.py:208} INFO - Processing /home/airflow/.local/lib/python3.12/site-packages/airflow/example_dags/example_datasets.py took 0.194 seconds
[2025-03-23T20:56:35.278+0000] {processor.py:186} INFO - Started process (PID=258) to work on /home/airflow/.local/lib/python3.12/site-packages/airflow/example_dags/example_datasets.py
[2025-03-23T20:56:35.279+0000] {processor.py:914} INFO - Processing file /home/airflow/.local/lib/python3.12/site-packages/airflow/example_dags/example_datasets.py for tasks to queue
[2025-03-23T20:56:35.280+0000] {logging_mixin.py:190} INFO - [2025-03-23T20:56:35.280+0000] {dagbag.py:588} INFO - Filling up the DagBag from /home/airflow/.local/lib/python3.12/site-packages/airflow/example_dags/example_datasets.py
[2025-03-23T20:56:35.347+0000] {processor.py:925} INFO - DAG(s) 'dataset_consumes_1', 'dataset_consumes_unknown_never_scheduled', 'consume_1_or_both_2_and_3_with_dataset_expressions', 'dataset_consumes_1_never_scheduled', 'dataset_produces_1', 'dataset_produces_2', 'conditional_dataset_and_time_based_timetable', 'dataset_consumes_1_and_2', 'consume_1_and_2_with_dataset_expressions', 'consume_1_or_2_with_dataset_expressions' retrieved from /home/airflow/.local/lib/python3.12/site-packages/airflow/example_dags/example_datasets.py
[2025-03-23T20:56:35.365+0000] {logging_mixin.py:190} INFO - [2025-03-23T20:56:35.365+0000] {dag.py:3239} INFO - Sync 10 DAGs
[2025-03-23T20:56:35.377+0000] {logging_mixin.py:190} INFO - [2025-03-23T20:56:35.376+0000] {dag.py:4180} INFO - Setting next_dagrun for conditional_dataset_and_time_based_timetable to 2025-03-19 01:00:00+00:00, run_after=2025-03-19 01:00:00+00:00
[2025-03-23T20:56:35.378+0000] {logging_mixin.py:190} INFO - [2025-03-23T20:56:35.378+0000] {dag.py:4180} INFO - Setting next_dagrun for consume_1_and_2_with_dataset_expressions to None, run_after=None
[2025-03-23T20:56:35.379+0000] {logging_mixin.py:190} INFO - [2025-03-23T20:56:35.378+0000] {dag.py:4180} INFO - Setting next_dagrun for consume_1_or_2_with_dataset_expressions to None, run_after=None
[2025-03-23T20:56:35.379+0000] {logging_mixin.py:190} INFO - [2025-03-23T20:56:35.379+0000] {dag.py:4180} INFO - Setting next_dagrun for consume_1_or_both_2_and_3_with_dataset_expressions to None, run_after=None
[2025-03-23T20:56:35.380+0000] {logging_mixin.py:190} INFO - [2025-03-23T20:56:35.380+0000] {dag.py:4180} INFO - Setting next_dagrun for dataset_consumes_1 to None, run_after=None
[2025-03-23T20:56:35.380+0000] {logging_mixin.py:190} INFO - [2025-03-23T20:56:35.380+0000] {dag.py:4180} INFO - Setting next_dagrun for dataset_consumes_1_and_2 to None, run_after=None
[2025-03-23T20:56:35.381+0000] {logging_mixin.py:190} INFO - [2025-03-23T20:56:35.380+0000] {dag.py:4180} INFO - Setting next_dagrun for dataset_consumes_1_never_scheduled to None, run_after=None
[2025-03-23T20:56:35.381+0000] {logging_mixin.py:190} INFO - [2025-03-23T20:56:35.381+0000] {dag.py:4180} INFO - Setting next_dagrun for dataset_consumes_unknown_never_scheduled to None, run_after=None
[2025-03-23T20:56:35.382+0000] {logging_mixin.py:190} INFO - [2025-03-23T20:56:35.382+0000] {dag.py:4180} INFO - Setting next_dagrun for dataset_produces_1 to 2025-03-22 00:00:00+00:00, run_after=2025-03-23 00:00:00+00:00
[2025-03-23T20:56:35.382+0000] {logging_mixin.py:190} INFO - [2025-03-23T20:56:35.382+0000] {dag.py:4180} INFO - Setting next_dagrun for dataset_produces_2 to None, run_after=None
[2025-03-23T20:56:35.395+0000] {processor.py:208} INFO - Processing /home/airflow/.local/lib/python3.12/site-packages/airflow/example_dags/example_datasets.py took 0.119 seconds
[2025-03-23T20:57:05.993+0000] {processor.py:186} INFO - Started process (PID=318) to work on /home/airflow/.local/lib/python3.12/site-packages/airflow/example_dags/example_datasets.py
[2025-03-23T20:57:05.995+0000] {processor.py:914} INFO - Processing file /home/airflow/.local/lib/python3.12/site-packages/airflow/example_dags/example_datasets.py for tasks to queue
[2025-03-23T20:57:05.996+0000] {logging_mixin.py:190} INFO - [2025-03-23T20:57:05.996+0000] {dagbag.py:588} INFO - Filling up the DagBag from /home/airflow/.local/lib/python3.12/site-packages/airflow/example_dags/example_datasets.py
[2025-03-23T20:57:06.102+0000] {processor.py:925} INFO - DAG(s) 'conditional_dataset_and_time_based_timetable', 'dataset_produces_2', 'consume_1_and_2_with_dataset_expressions', 'dataset_consumes_1_and_2', 'consume_1_or_both_2_and_3_with_dataset_expressions', 'dataset_consumes_unknown_never_scheduled', 'consume_1_or_2_with_dataset_expressions', 'dataset_consumes_1', 'dataset_produces_1', 'dataset_consumes_1_never_scheduled' retrieved from /home/airflow/.local/lib/python3.12/site-packages/airflow/example_dags/example_datasets.py
[2025-03-23T20:57:06.126+0000] {logging_mixin.py:190} INFO - [2025-03-23T20:57:06.126+0000] {dag.py:3239} INFO - Sync 10 DAGs
[2025-03-23T20:57:06.143+0000] {logging_mixin.py:190} INFO - [2025-03-23T20:57:06.143+0000] {dag.py:4180} INFO - Setting next_dagrun for conditional_dataset_and_time_based_timetable to 2025-03-19 01:00:00+00:00, run_after=2025-03-19 01:00:00+00:00
[2025-03-23T20:57:06.146+0000] {logging_mixin.py:190} INFO - [2025-03-23T20:57:06.146+0000] {dag.py:4180} INFO - Setting next_dagrun for consume_1_and_2_with_dataset_expressions to None, run_after=None
[2025-03-23T20:57:06.147+0000] {logging_mixin.py:190} INFO - [2025-03-23T20:57:06.147+0000] {dag.py:4180} INFO - Setting next_dagrun for consume_1_or_2_with_dataset_expressions to None, run_after=None
[2025-03-23T20:57:06.149+0000] {logging_mixin.py:190} INFO - [2025-03-23T20:57:06.149+0000] {dag.py:4180} INFO - Setting next_dagrun for consume_1_or_both_2_and_3_with_dataset_expressions to None, run_after=None
[2025-03-23T20:57:06.150+0000] {logging_mixin.py:190} INFO - [2025-03-23T20:57:06.150+0000] {dag.py:4180} INFO - Setting next_dagrun for dataset_consumes_1 to None, run_after=None
[2025-03-23T20:57:06.151+0000] {logging_mixin.py:190} INFO - [2025-03-23T20:57:06.151+0000] {dag.py:4180} INFO - Setting next_dagrun for dataset_consumes_1_and_2 to None, run_after=None
[2025-03-23T20:57:06.153+0000] {logging_mixin.py:190} INFO - [2025-03-23T20:57:06.153+0000] {dag.py:4180} INFO - Setting next_dagrun for dataset_consumes_1_never_scheduled to None, run_after=None
[2025-03-23T20:57:06.154+0000] {logging_mixin.py:190} INFO - [2025-03-23T20:57:06.154+0000] {dag.py:4180} INFO - Setting next_dagrun for dataset_consumes_unknown_never_scheduled to None, run_after=None
[2025-03-23T20:57:06.156+0000] {logging_mixin.py:190} INFO - [2025-03-23T20:57:06.156+0000] {dag.py:4180} INFO - Setting next_dagrun for dataset_produces_1 to 2025-03-22 00:00:00+00:00, run_after=2025-03-23 00:00:00+00:00
[2025-03-23T20:57:06.157+0000] {logging_mixin.py:190} INFO - [2025-03-23T20:57:06.156+0000] {dag.py:4180} INFO - Setting next_dagrun for dataset_produces_2 to None, run_after=None
[2025-03-23T20:57:06.175+0000] {processor.py:208} INFO - Processing /home/airflow/.local/lib/python3.12/site-packages/airflow/example_dags/example_datasets.py took 0.185 seconds
[2025-03-23T20:57:37.061+0000] {processor.py:186} INFO - Started process (PID=380) to work on /home/airflow/.local/lib/python3.12/site-packages/airflow/example_dags/example_datasets.py
[2025-03-23T20:57:37.062+0000] {processor.py:914} INFO - Processing file /home/airflow/.local/lib/python3.12/site-packages/airflow/example_dags/example_datasets.py for tasks to queue
[2025-03-23T20:57:37.063+0000] {logging_mixin.py:190} INFO - [2025-03-23T20:57:37.063+0000] {dagbag.py:588} INFO - Filling up the DagBag from /home/airflow/.local/lib/python3.12/site-packages/airflow/example_dags/example_datasets.py
[2025-03-23T20:57:37.157+0000] {processor.py:925} INFO - DAG(s) 'consume_1_or_2_with_dataset_expressions', 'dataset_consumes_1_never_scheduled', 'dataset_consumes_1', 'dataset_consumes_1_and_2', 'dataset_produces_1', 'dataset_consumes_unknown_never_scheduled', 'dataset_produces_2', 'consume_1_and_2_with_dataset_expressions', 'conditional_dataset_and_time_based_timetable', 'consume_1_or_both_2_and_3_with_dataset_expressions' retrieved from /home/airflow/.local/lib/python3.12/site-packages/airflow/example_dags/example_datasets.py
[2025-03-23T20:57:37.190+0000] {logging_mixin.py:190} INFO - [2025-03-23T20:57:37.190+0000] {dag.py:3239} INFO - Sync 10 DAGs
[2025-03-23T20:57:37.205+0000] {logging_mixin.py:190} INFO - [2025-03-23T20:57:37.205+0000] {dag.py:4180} INFO - Setting next_dagrun for conditional_dataset_and_time_based_timetable to 2025-03-19 01:00:00+00:00, run_after=2025-03-19 01:00:00+00:00
[2025-03-23T20:57:37.209+0000] {logging_mixin.py:190} INFO - [2025-03-23T20:57:37.209+0000] {dag.py:4180} INFO - Setting next_dagrun for consume_1_and_2_with_dataset_expressions to None, run_after=None
[2025-03-23T20:57:37.210+0000] {logging_mixin.py:190} INFO - [2025-03-23T20:57:37.210+0000] {dag.py:4180} INFO - Setting next_dagrun for consume_1_or_2_with_dataset_expressions to None, run_after=None
[2025-03-23T20:57:37.210+0000] {logging_mixin.py:190} INFO - [2025-03-23T20:57:37.210+0000] {dag.py:4180} INFO - Setting next_dagrun for consume_1_or_both_2_and_3_with_dataset_expressions to None, run_after=None
[2025-03-23T20:57:37.211+0000] {logging_mixin.py:190} INFO - [2025-03-23T20:57:37.211+0000] {dag.py:4180} INFO - Setting next_dagrun for dataset_consumes_1 to None, run_after=None
[2025-03-23T20:57:37.213+0000] {logging_mixin.py:190} INFO - [2025-03-23T20:57:37.212+0000] {dag.py:4180} INFO - Setting next_dagrun for dataset_consumes_1_and_2 to None, run_after=None
[2025-03-23T20:57:37.213+0000] {logging_mixin.py:190} INFO - [2025-03-23T20:57:37.213+0000] {dag.py:4180} INFO - Setting next_dagrun for dataset_consumes_1_never_scheduled to None, run_after=None
[2025-03-23T20:57:37.216+0000] {logging_mixin.py:190} INFO - [2025-03-23T20:57:37.216+0000] {dag.py:4180} INFO - Setting next_dagrun for dataset_consumes_unknown_never_scheduled to None, run_after=None
[2025-03-23T20:57:37.217+0000] {logging_mixin.py:190} INFO - [2025-03-23T20:57:37.217+0000] {dag.py:4180} INFO - Setting next_dagrun for dataset_produces_1 to 2025-03-22 00:00:00+00:00, run_after=2025-03-23 00:00:00+00:00
[2025-03-23T20:57:37.218+0000] {logging_mixin.py:190} INFO - [2025-03-23T20:57:37.218+0000] {dag.py:4180} INFO - Setting next_dagrun for dataset_produces_2 to None, run_after=None
[2025-03-23T20:57:37.237+0000] {processor.py:208} INFO - Processing /home/airflow/.local/lib/python3.12/site-packages/airflow/example_dags/example_datasets.py took 0.179 seconds
[2025-03-23T20:58:07.389+0000] {processor.py:186} INFO - Started process (PID=442) to work on /home/airflow/.local/lib/python3.12/site-packages/airflow/example_dags/example_datasets.py
[2025-03-23T20:58:07.390+0000] {processor.py:914} INFO - Processing file /home/airflow/.local/lib/python3.12/site-packages/airflow/example_dags/example_datasets.py for tasks to queue
[2025-03-23T20:58:07.391+0000] {logging_mixin.py:190} INFO - [2025-03-23T20:58:07.391+0000] {dagbag.py:588} INFO - Filling up the DagBag from /home/airflow/.local/lib/python3.12/site-packages/airflow/example_dags/example_datasets.py
[2025-03-23T20:58:07.497+0000] {processor.py:925} INFO - DAG(s) 'consume_1_or_2_with_dataset_expressions', 'consume_1_or_both_2_and_3_with_dataset_expressions', 'dataset_consumes_1_and_2', 'conditional_dataset_and_time_based_timetable', 'dataset_consumes_unknown_never_scheduled', 'dataset_produces_1', 'dataset_consumes_1_never_scheduled', 'consume_1_and_2_with_dataset_expressions', 'dataset_consumes_1', 'dataset_produces_2' retrieved from /home/airflow/.local/lib/python3.12/site-packages/airflow/example_dags/example_datasets.py
[2025-03-23T20:58:07.525+0000] {logging_mixin.py:190} INFO - [2025-03-23T20:58:07.524+0000] {dag.py:3239} INFO - Sync 10 DAGs
[2025-03-23T20:58:07.539+0000] {logging_mixin.py:190} INFO - [2025-03-23T20:58:07.539+0000] {dag.py:4180} INFO - Setting next_dagrun for conditional_dataset_and_time_based_timetable to 2025-03-19 01:00:00+00:00, run_after=2025-03-19 01:00:00+00:00
[2025-03-23T20:58:07.542+0000] {logging_mixin.py:190} INFO - [2025-03-23T20:58:07.542+0000] {dag.py:4180} INFO - Setting next_dagrun for consume_1_and_2_with_dataset_expressions to None, run_after=None
[2025-03-23T20:58:07.543+0000] {logging_mixin.py:190} INFO - [2025-03-23T20:58:07.543+0000] {dag.py:4180} INFO - Setting next_dagrun for consume_1_or_2_with_dataset_expressions to None, run_after=None
[2025-03-23T20:58:07.545+0000] {logging_mixin.py:190} INFO - [2025-03-23T20:58:07.545+0000] {dag.py:4180} INFO - Setting next_dagrun for consume_1_or_both_2_and_3_with_dataset_expressions to None, run_after=None
[2025-03-23T20:58:07.546+0000] {logging_mixin.py:190} INFO - [2025-03-23T20:58:07.546+0000] {dag.py:4180} INFO - Setting next_dagrun for dataset_consumes_1 to None, run_after=None
[2025-03-23T20:58:07.547+0000] {logging_mixin.py:190} INFO - [2025-03-23T20:58:07.547+0000] {dag.py:4180} INFO - Setting next_dagrun for dataset_consumes_1_and_2 to None, run_after=None
[2025-03-23T20:58:07.548+0000] {logging_mixin.py:190} INFO - [2025-03-23T20:58:07.548+0000] {dag.py:4180} INFO - Setting next_dagrun for dataset_consumes_1_never_scheduled to None, run_after=None
[2025-03-23T20:58:07.548+0000] {logging_mixin.py:190} INFO - [2025-03-23T20:58:07.548+0000] {dag.py:4180} INFO - Setting next_dagrun for dataset_consumes_unknown_never_scheduled to None, run_after=None
[2025-03-23T20:58:07.550+0000] {logging_mixin.py:190} INFO - [2025-03-23T20:58:07.550+0000] {dag.py:4180} INFO - Setting next_dagrun for dataset_produces_1 to 2025-03-22 00:00:00+00:00, run_after=2025-03-23 00:00:00+00:00
[2025-03-23T20:58:07.551+0000] {logging_mixin.py:190} INFO - [2025-03-23T20:58:07.551+0000] {dag.py:4180} INFO - Setting next_dagrun for dataset_produces_2 to None, run_after=None
[2025-03-23T20:58:07.570+0000] {processor.py:208} INFO - Processing /home/airflow/.local/lib/python3.12/site-packages/airflow/example_dags/example_datasets.py took 0.185 seconds
[2025-03-23T20:58:38.362+0000] {processor.py:186} INFO - Started process (PID=504) to work on /home/airflow/.local/lib/python3.12/site-packages/airflow/example_dags/example_datasets.py
[2025-03-23T20:58:38.364+0000] {processor.py:914} INFO - Processing file /home/airflow/.local/lib/python3.12/site-packages/airflow/example_dags/example_datasets.py for tasks to queue
[2025-03-23T20:58:38.368+0000] {logging_mixin.py:190} INFO - [2025-03-23T20:58:38.367+0000] {dagbag.py:588} INFO - Filling up the DagBag from /home/airflow/.local/lib/python3.12/site-packages/airflow/example_dags/example_datasets.py
[2025-03-23T20:58:38.533+0000] {processor.py:925} INFO - DAG(s) 'dataset_consumes_1', 'dataset_produces_2', 'conditional_dataset_and_time_based_timetable', 'dataset_consumes_1_never_scheduled', 'dataset_consumes_unknown_never_scheduled', 'dataset_produces_1', 'consume_1_or_both_2_and_3_with_dataset_expressions', 'dataset_consumes_1_and_2', 'consume_1_or_2_with_dataset_expressions', 'consume_1_and_2_with_dataset_expressions' retrieved from /home/airflow/.local/lib/python3.12/site-packages/airflow/example_dags/example_datasets.py
[2025-03-23T20:58:38.555+0000] {logging_mixin.py:190} INFO - [2025-03-23T20:58:38.555+0000] {dag.py:3239} INFO - Sync 10 DAGs
[2025-03-23T20:58:38.572+0000] {logging_mixin.py:190} INFO - [2025-03-23T20:58:38.572+0000] {dag.py:4180} INFO - Setting next_dagrun for conditional_dataset_and_time_based_timetable to 2025-03-19 01:00:00+00:00, run_after=2025-03-19 01:00:00+00:00
[2025-03-23T20:58:38.576+0000] {logging_mixin.py:190} INFO - [2025-03-23T20:58:38.576+0000] {dag.py:4180} INFO - Setting next_dagrun for consume_1_and_2_with_dataset_expressions to None, run_after=None
[2025-03-23T20:58:38.577+0000] {logging_mixin.py:190} INFO - [2025-03-23T20:58:38.576+0000] {dag.py:4180} INFO - Setting next_dagrun for consume_1_or_2_with_dataset_expressions to None, run_after=None
[2025-03-23T20:58:38.577+0000] {logging_mixin.py:190} INFO - [2025-03-23T20:58:38.577+0000] {dag.py:4180} INFO - Setting next_dagrun for consume_1_or_both_2_and_3_with_dataset_expressions to None, run_after=None
[2025-03-23T20:58:38.578+0000] {logging_mixin.py:190} INFO - [2025-03-23T20:58:38.578+0000] {dag.py:4180} INFO - Setting next_dagrun for dataset_consumes_1 to None, run_after=None
[2025-03-23T20:58:38.586+0000] {logging_mixin.py:190} INFO - [2025-03-23T20:58:38.585+0000] {dag.py:4180} INFO - Setting next_dagrun for dataset_consumes_1_and_2 to None, run_after=None
[2025-03-23T20:58:38.587+0000] {logging_mixin.py:190} INFO - [2025-03-23T20:58:38.587+0000] {dag.py:4180} INFO - Setting next_dagrun for dataset_consumes_1_never_scheduled to None, run_after=None
[2025-03-23T20:58:38.587+0000] {logging_mixin.py:190} INFO - [2025-03-23T20:58:38.587+0000] {dag.py:4180} INFO - Setting next_dagrun for dataset_consumes_unknown_never_scheduled to None, run_after=None
[2025-03-23T20:58:38.589+0000] {logging_mixin.py:190} INFO - [2025-03-23T20:58:38.589+0000] {dag.py:4180} INFO - Setting next_dagrun for dataset_produces_1 to 2025-03-22 00:00:00+00:00, run_after=2025-03-23 00:00:00+00:00
[2025-03-23T20:58:38.591+0000] {logging_mixin.py:190} INFO - [2025-03-23T20:58:38.590+0000] {dag.py:4180} INFO - Setting next_dagrun for dataset_produces_2 to None, run_after=None
[2025-03-23T20:58:38.619+0000] {processor.py:208} INFO - Processing /home/airflow/.local/lib/python3.12/site-packages/airflow/example_dags/example_datasets.py took 0.263 seconds
[2025-03-23T20:59:09.329+0000] {processor.py:186} INFO - Started process (PID=566) to work on /home/airflow/.local/lib/python3.12/site-packages/airflow/example_dags/example_datasets.py
[2025-03-23T20:59:09.330+0000] {processor.py:914} INFO - Processing file /home/airflow/.local/lib/python3.12/site-packages/airflow/example_dags/example_datasets.py for tasks to queue
[2025-03-23T20:59:09.332+0000] {logging_mixin.py:190} INFO - [2025-03-23T20:59:09.332+0000] {dagbag.py:588} INFO - Filling up the DagBag from /home/airflow/.local/lib/python3.12/site-packages/airflow/example_dags/example_datasets.py
[2025-03-23T20:59:09.416+0000] {processor.py:925} INFO - DAG(s) 'consume_1_or_2_with_dataset_expressions', 'dataset_consumes_1', 'dataset_produces_2', 'dataset_consumes_1_never_scheduled', 'dataset_consumes_1_and_2', 'dataset_consumes_unknown_never_scheduled', 'conditional_dataset_and_time_based_timetable', 'dataset_produces_1', 'consume_1_and_2_with_dataset_expressions', 'consume_1_or_both_2_and_3_with_dataset_expressions' retrieved from /home/airflow/.local/lib/python3.12/site-packages/airflow/example_dags/example_datasets.py
[2025-03-23T20:59:09.455+0000] {logging_mixin.py:190} INFO - [2025-03-23T20:59:09.454+0000] {dag.py:3239} INFO - Sync 10 DAGs
[2025-03-23T20:59:09.472+0000] {logging_mixin.py:190} INFO - [2025-03-23T20:59:09.472+0000] {dag.py:4180} INFO - Setting next_dagrun for conditional_dataset_and_time_based_timetable to 2025-03-19 01:00:00+00:00, run_after=2025-03-19 01:00:00+00:00
[2025-03-23T20:59:09.476+0000] {logging_mixin.py:190} INFO - [2025-03-23T20:59:09.476+0000] {dag.py:4180} INFO - Setting next_dagrun for consume_1_and_2_with_dataset_expressions to None, run_after=None
[2025-03-23T20:59:09.477+0000] {logging_mixin.py:190} INFO - [2025-03-23T20:59:09.477+0000] {dag.py:4180} INFO - Setting next_dagrun for consume_1_or_2_with_dataset_expressions to None, run_after=None
[2025-03-23T20:59:09.479+0000] {logging_mixin.py:190} INFO - [2025-03-23T20:59:09.478+0000] {dag.py:4180} INFO - Setting next_dagrun for consume_1_or_both_2_and_3_with_dataset_expressions to None, run_after=None
[2025-03-23T20:59:09.479+0000] {logging_mixin.py:190} INFO - [2025-03-23T20:59:09.479+0000] {dag.py:4180} INFO - Setting next_dagrun for dataset_consumes_1 to None, run_after=None
[2025-03-23T20:59:09.481+0000] {logging_mixin.py:190} INFO - [2025-03-23T20:59:09.481+0000] {dag.py:4180} INFO - Setting next_dagrun for dataset_consumes_1_and_2 to None, run_after=None
[2025-03-23T20:59:09.483+0000] {logging_mixin.py:190} INFO - [2025-03-23T20:59:09.483+0000] {dag.py:4180} INFO - Setting next_dagrun for dataset_consumes_1_never_scheduled to None, run_after=None
[2025-03-23T20:59:09.484+0000] {logging_mixin.py:190} INFO - [2025-03-23T20:59:09.484+0000] {dag.py:4180} INFO - Setting next_dagrun for dataset_consumes_unknown_never_scheduled to None, run_after=None
[2025-03-23T20:59:09.485+0000] {logging_mixin.py:190} INFO - [2025-03-23T20:59:09.485+0000] {dag.py:4180} INFO - Setting next_dagrun for dataset_produces_1 to 2025-03-22 00:00:00+00:00, run_after=2025-03-23 00:00:00+00:00
[2025-03-23T20:59:09.485+0000] {logging_mixin.py:190} INFO - [2025-03-23T20:59:09.485+0000] {dag.py:4180} INFO - Setting next_dagrun for dataset_produces_2 to None, run_after=None
[2025-03-23T20:59:09.510+0000] {processor.py:208} INFO - Processing /home/airflow/.local/lib/python3.12/site-packages/airflow/example_dags/example_datasets.py took 0.184 seconds
