[2025-03-23T20:55:02.921+0000] {processor.py:186} INFO - Started process (PID=67) to work on /home/airflow/.local/lib/python3.12/site-packages/airflow/example_dags/example_branch_labels.py
[2025-03-23T20:55:02.922+0000] {processor.py:914} INFO - Processing file /home/airflow/.local/lib/python3.12/site-packages/airflow/example_dags/example_branch_labels.py for tasks to queue
[2025-03-23T20:55:02.923+0000] {logging_mixin.py:190} INFO - [2025-03-23T20:55:02.923+0000] {dagbag.py:588} INFO - Filling up the DagBag from /home/airflow/.local/lib/python3.12/site-packages/airflow/example_dags/example_branch_labels.py
[2025-03-23T20:55:02.934+0000] {processor.py:925} INFO - DAG(s) 'example_branch_labels' retrieved from /home/airflow/.local/lib/python3.12/site-packages/airflow/example_dags/example_branch_labels.py
[2025-03-23T20:55:02.958+0000] {logging_mixin.py:190} INFO - [2025-03-23T20:55:02.958+0000] {dag.py:3239} INFO - Sync 1 DAGs
[2025-03-23T20:55:02.973+0000] {logging_mixin.py:190} INFO - [2025-03-23T20:55:02.973+0000] {dag.py:4180} INFO - Setting next_dagrun for example_branch_labels to 2025-03-22 00:00:00+00:00, run_after=2025-03-23 00:00:00+00:00
[2025-03-23T20:55:02.984+0000] {processor.py:208} INFO - Processing /home/airflow/.local/lib/python3.12/site-packages/airflow/example_dags/example_branch_labels.py took 0.067 seconds
[2025-03-23T20:55:33.965+0000] {processor.py:186} INFO - Started process (PID=129) to work on /home/airflow/.local/lib/python3.12/site-packages/airflow/example_dags/example_branch_labels.py
[2025-03-23T20:55:33.966+0000] {processor.py:914} INFO - Processing file /home/airflow/.local/lib/python3.12/site-packages/airflow/example_dags/example_branch_labels.py for tasks to queue
[2025-03-23T20:55:33.968+0000] {logging_mixin.py:190} INFO - [2025-03-23T20:55:33.968+0000] {dagbag.py:588} INFO - Filling up the DagBag from /home/airflow/.local/lib/python3.12/site-packages/airflow/example_dags/example_branch_labels.py
[2025-03-23T20:55:33.978+0000] {processor.py:925} INFO - DAG(s) 'example_branch_labels' retrieved from /home/airflow/.local/lib/python3.12/site-packages/airflow/example_dags/example_branch_labels.py
[2025-03-23T20:55:33.996+0000] {logging_mixin.py:190} INFO - [2025-03-23T20:55:33.995+0000] {dag.py:3239} INFO - Sync 1 DAGs
[2025-03-23T20:55:34.009+0000] {logging_mixin.py:190} INFO - [2025-03-23T20:55:34.009+0000] {dag.py:4180} INFO - Setting next_dagrun for example_branch_labels to 2025-03-22 00:00:00+00:00, run_after=2025-03-23 00:00:00+00:00
[2025-03-23T20:55:34.018+0000] {processor.py:208} INFO - Processing /home/airflow/.local/lib/python3.12/site-packages/airflow/example_dags/example_branch_labels.py took 0.056 seconds
[2025-03-23T20:56:04.937+0000] {processor.py:186} INFO - Started process (PID=191) to work on /home/airflow/.local/lib/python3.12/site-packages/airflow/example_dags/example_branch_labels.py
[2025-03-23T20:56:04.941+0000] {processor.py:914} INFO - Processing file /home/airflow/.local/lib/python3.12/site-packages/airflow/example_dags/example_branch_labels.py for tasks to queue
[2025-03-23T20:56:04.942+0000] {logging_mixin.py:190} INFO - [2025-03-23T20:56:04.942+0000] {dagbag.py:588} INFO - Filling up the DagBag from /home/airflow/.local/lib/python3.12/site-packages/airflow/example_dags/example_branch_labels.py
[2025-03-23T20:56:04.951+0000] {processor.py:925} INFO - DAG(s) 'example_branch_labels' retrieved from /home/airflow/.local/lib/python3.12/site-packages/airflow/example_dags/example_branch_labels.py
[2025-03-23T20:56:04.969+0000] {logging_mixin.py:190} INFO - [2025-03-23T20:56:04.969+0000] {dag.py:3239} INFO - Sync 1 DAGs
[2025-03-23T20:56:04.988+0000] {logging_mixin.py:190} INFO - [2025-03-23T20:56:04.988+0000] {dag.py:4180} INFO - Setting next_dagrun for example_branch_labels to 2025-03-22 00:00:00+00:00, run_after=2025-03-23 00:00:00+00:00
[2025-03-23T20:56:05.001+0000] {processor.py:208} INFO - Processing /home/airflow/.local/lib/python3.12/site-packages/airflow/example_dags/example_branch_labels.py took 0.070 seconds
[2025-03-23T20:56:35.076+0000] {processor.py:186} INFO - Started process (PID=253) to work on /home/airflow/.local/lib/python3.12/site-packages/airflow/example_dags/example_branch_labels.py
[2025-03-23T20:56:35.078+0000] {processor.py:914} INFO - Processing file /home/airflow/.local/lib/python3.12/site-packages/airflow/example_dags/example_branch_labels.py for tasks to queue
[2025-03-23T20:56:35.079+0000] {logging_mixin.py:190} INFO - [2025-03-23T20:56:35.079+0000] {dagbag.py:588} INFO - Filling up the DagBag from /home/airflow/.local/lib/python3.12/site-packages/airflow/example_dags/example_branch_labels.py
[2025-03-23T20:56:35.085+0000] {processor.py:925} INFO - DAG(s) 'example_branch_labels' retrieved from /home/airflow/.local/lib/python3.12/site-packages/airflow/example_dags/example_branch_labels.py
[2025-03-23T20:56:35.098+0000] {logging_mixin.py:190} INFO - [2025-03-23T20:56:35.098+0000] {dag.py:3239} INFO - Sync 1 DAGs
[2025-03-23T20:56:35.110+0000] {logging_mixin.py:190} INFO - [2025-03-23T20:56:35.110+0000] {dag.py:4180} INFO - Setting next_dagrun for example_branch_labels to 2025-03-22 00:00:00+00:00, run_after=2025-03-23 00:00:00+00:00
[2025-03-23T20:56:35.120+0000] {processor.py:208} INFO - Processing /home/airflow/.local/lib/python3.12/site-packages/airflow/example_dags/example_branch_labels.py took 0.047 seconds
[2025-03-23T20:57:05.873+0000] {processor.py:186} INFO - Started process (PID=315) to work on /home/airflow/.local/lib/python3.12/site-packages/airflow/example_dags/example_branch_labels.py
[2025-03-23T20:57:05.874+0000] {processor.py:914} INFO - Processing file /home/airflow/.local/lib/python3.12/site-packages/airflow/example_dags/example_branch_labels.py for tasks to queue
[2025-03-23T20:57:05.876+0000] {logging_mixin.py:190} INFO - [2025-03-23T20:57:05.875+0000] {dagbag.py:588} INFO - Filling up the DagBag from /home/airflow/.local/lib/python3.12/site-packages/airflow/example_dags/example_branch_labels.py
[2025-03-23T20:57:05.882+0000] {processor.py:925} INFO - DAG(s) 'example_branch_labels' retrieved from /home/airflow/.local/lib/python3.12/site-packages/airflow/example_dags/example_branch_labels.py
[2025-03-23T20:57:05.898+0000] {logging_mixin.py:190} INFO - [2025-03-23T20:57:05.898+0000] {dag.py:3239} INFO - Sync 1 DAGs
[2025-03-23T20:57:05.912+0000] {logging_mixin.py:190} INFO - [2025-03-23T20:57:05.911+0000] {dag.py:4180} INFO - Setting next_dagrun for example_branch_labels to 2025-03-22 00:00:00+00:00, run_after=2025-03-23 00:00:00+00:00
[2025-03-23T20:57:05.924+0000] {processor.py:208} INFO - Processing /home/airflow/.local/lib/python3.12/site-packages/airflow/example_dags/example_branch_labels.py took 0.055 seconds
[2025-03-23T20:57:36.846+0000] {processor.py:186} INFO - Started process (PID=377) to work on /home/airflow/.local/lib/python3.12/site-packages/airflow/example_dags/example_branch_labels.py
[2025-03-23T20:57:36.847+0000] {processor.py:914} INFO - Processing file /home/airflow/.local/lib/python3.12/site-packages/airflow/example_dags/example_branch_labels.py for tasks to queue
[2025-03-23T20:57:36.848+0000] {logging_mixin.py:190} INFO - [2025-03-23T20:57:36.848+0000] {dagbag.py:588} INFO - Filling up the DagBag from /home/airflow/.local/lib/python3.12/site-packages/airflow/example_dags/example_branch_labels.py
[2025-03-23T20:57:36.855+0000] {processor.py:925} INFO - DAG(s) 'example_branch_labels' retrieved from /home/airflow/.local/lib/python3.12/site-packages/airflow/example_dags/example_branch_labels.py
[2025-03-23T20:57:36.870+0000] {logging_mixin.py:190} INFO - [2025-03-23T20:57:36.870+0000] {dag.py:3239} INFO - Sync 1 DAGs
[2025-03-23T20:57:36.883+0000] {logging_mixin.py:190} INFO - [2025-03-23T20:57:36.883+0000] {dag.py:4180} INFO - Setting next_dagrun for example_branch_labels to 2025-03-22 00:00:00+00:00, run_after=2025-03-23 00:00:00+00:00
[2025-03-23T20:57:36.944+0000] {processor.py:208} INFO - Processing /home/airflow/.local/lib/python3.12/site-packages/airflow/example_dags/example_branch_labels.py took 0.101 seconds
[2025-03-23T20:58:07.274+0000] {processor.py:186} INFO - Started process (PID=439) to work on /home/airflow/.local/lib/python3.12/site-packages/airflow/example_dags/example_branch_labels.py
[2025-03-23T20:58:07.277+0000] {processor.py:914} INFO - Processing file /home/airflow/.local/lib/python3.12/site-packages/airflow/example_dags/example_branch_labels.py for tasks to queue
[2025-03-23T20:58:07.279+0000] {logging_mixin.py:190} INFO - [2025-03-23T20:58:07.278+0000] {dagbag.py:588} INFO - Filling up the DagBag from /home/airflow/.local/lib/python3.12/site-packages/airflow/example_dags/example_branch_labels.py
[2025-03-23T20:58:07.284+0000] {processor.py:925} INFO - DAG(s) 'example_branch_labels' retrieved from /home/airflow/.local/lib/python3.12/site-packages/airflow/example_dags/example_branch_labels.py
[2025-03-23T20:58:07.300+0000] {logging_mixin.py:190} INFO - [2025-03-23T20:58:07.300+0000] {dag.py:3239} INFO - Sync 1 DAGs
[2025-03-23T20:58:07.311+0000] {logging_mixin.py:190} INFO - [2025-03-23T20:58:07.311+0000] {dag.py:4180} INFO - Setting next_dagrun for example_branch_labels to 2025-03-22 00:00:00+00:00, run_after=2025-03-23 00:00:00+00:00
[2025-03-23T20:58:07.323+0000] {processor.py:208} INFO - Processing /home/airflow/.local/lib/python3.12/site-packages/airflow/example_dags/example_branch_labels.py took 0.052 seconds
[2025-03-23T20:58:38.290+0000] {processor.py:186} INFO - Started process (PID=501) to work on /home/airflow/.local/lib/python3.12/site-packages/airflow/example_dags/example_branch_labels.py
[2025-03-23T20:58:38.291+0000] {processor.py:914} INFO - Processing file /home/airflow/.local/lib/python3.12/site-packages/airflow/example_dags/example_branch_labels.py for tasks to queue
[2025-03-23T20:58:38.292+0000] {logging_mixin.py:190} INFO - [2025-03-23T20:58:38.292+0000] {dagbag.py:588} INFO - Filling up the DagBag from /home/airflow/.local/lib/python3.12/site-packages/airflow/example_dags/example_branch_labels.py
[2025-03-23T20:58:38.297+0000] {processor.py:925} INFO - DAG(s) 'example_branch_labels' retrieved from /home/airflow/.local/lib/python3.12/site-packages/airflow/example_dags/example_branch_labels.py
[2025-03-23T20:58:38.309+0000] {logging_mixin.py:190} INFO - [2025-03-23T20:58:38.308+0000] {dag.py:3239} INFO - Sync 1 DAGs
[2025-03-23T20:58:38.323+0000] {logging_mixin.py:190} INFO - [2025-03-23T20:58:38.323+0000] {dag.py:4180} INFO - Setting next_dagrun for example_branch_labels to 2025-03-22 00:00:00+00:00, run_after=2025-03-23 00:00:00+00:00
[2025-03-23T20:58:38.337+0000] {processor.py:208} INFO - Processing /home/airflow/.local/lib/python3.12/site-packages/airflow/example_dags/example_branch_labels.py took 0.051 seconds
[2025-03-23T20:59:09.220+0000] {processor.py:186} INFO - Started process (PID=563) to work on /home/airflow/.local/lib/python3.12/site-packages/airflow/example_dags/example_branch_labels.py
[2025-03-23T20:59:09.221+0000] {processor.py:914} INFO - Processing file /home/airflow/.local/lib/python3.12/site-packages/airflow/example_dags/example_branch_labels.py for tasks to queue
[2025-03-23T20:59:09.223+0000] {logging_mixin.py:190} INFO - [2025-03-23T20:59:09.223+0000] {dagbag.py:588} INFO - Filling up the DagBag from /home/airflow/.local/lib/python3.12/site-packages/airflow/example_dags/example_branch_labels.py
[2025-03-23T20:59:09.228+0000] {processor.py:925} INFO - DAG(s) 'example_branch_labels' retrieved from /home/airflow/.local/lib/python3.12/site-packages/airflow/example_dags/example_branch_labels.py
[2025-03-23T20:59:09.242+0000] {logging_mixin.py:190} INFO - [2025-03-23T20:59:09.242+0000] {dag.py:3239} INFO - Sync 1 DAGs
[2025-03-23T20:59:09.253+0000] {logging_mixin.py:190} INFO - [2025-03-23T20:59:09.253+0000] {dag.py:4180} INFO - Setting next_dagrun for example_branch_labels to 2025-03-22 00:00:00+00:00, run_after=2025-03-23 00:00:00+00:00
[2025-03-23T20:59:09.266+0000] {processor.py:208} INFO - Processing /home/airflow/.local/lib/python3.12/site-packages/airflow/example_dags/example_branch_labels.py took 0.051 seconds
