[2025-02-25T21:08:43.225+0000] {processor.py:186} INFO - Started process (PID=108) to work on /home/airflow/.local/lib/python3.12/site-packages/airflow/example_dags/example_bash_operator.py
[2025-02-25T21:08:43.226+0000] {processor.py:914} INFO - Processing file /home/airflow/.local/lib/python3.12/site-packages/airflow/example_dags/example_bash_operator.py for tasks to queue
[2025-02-25T21:08:43.228+0000] {logging_mixin.py:190} INFO - [2025-02-25T21:08:43.228+0000] {dagbag.py:588} INFO - Filling up the DagBag from /home/airflow/.local/lib/python3.12/site-packages/airflow/example_dags/example_bash_operator.py
[2025-02-25T21:08:43.238+0000] {processor.py:925} INFO - DAG(s) 'example_bash_operator' retrieved from /home/airflow/.local/lib/python3.12/site-packages/airflow/example_dags/example_bash_operator.py
[2025-02-25T21:08:43.256+0000] {logging_mixin.py:190} INFO - [2025-02-25T21:08:43.255+0000] {dag.py:3239} INFO - Sync 1 DAGs
[2025-02-25T21:08:43.270+0000] {logging_mixin.py:190} INFO - [2025-02-25T21:08:43.270+0000] {dag.py:4180} INFO - Setting next_dagrun for example_bash_operator to 2025-02-24 00:00:00+00:00, run_after=2025-02-25 00:00:00+00:00
[2025-02-25T21:08:43.282+0000] {processor.py:208} INFO - Processing /home/airflow/.local/lib/python3.12/site-packages/airflow/example_dags/example_bash_operator.py took 0.061 seconds
[2025-02-25T21:09:14.678+0000] {processor.py:186} INFO - Started process (PID=170) to work on /home/airflow/.local/lib/python3.12/site-packages/airflow/example_dags/example_bash_operator.py
[2025-02-25T21:09:14.679+0000] {processor.py:914} INFO - Processing file /home/airflow/.local/lib/python3.12/site-packages/airflow/example_dags/example_bash_operator.py for tasks to queue
[2025-02-25T21:09:14.681+0000] {logging_mixin.py:190} INFO - [2025-02-25T21:09:14.681+0000] {dagbag.py:588} INFO - Filling up the DagBag from /home/airflow/.local/lib/python3.12/site-packages/airflow/example_dags/example_bash_operator.py
[2025-02-25T21:09:14.690+0000] {processor.py:925} INFO - DAG(s) 'example_bash_operator' retrieved from /home/airflow/.local/lib/python3.12/site-packages/airflow/example_dags/example_bash_operator.py
[2025-02-25T21:09:14.737+0000] {logging_mixin.py:190} INFO - [2025-02-25T21:09:14.736+0000] {dag.py:3239} INFO - Sync 1 DAGs
[2025-02-25T21:09:14.784+0000] {logging_mixin.py:190} INFO - [2025-02-25T21:09:14.784+0000] {dag.py:4180} INFO - Setting next_dagrun for example_bash_operator to 2025-02-24 00:00:00+00:00, run_after=2025-02-25 00:00:00+00:00
[2025-02-25T21:09:14.799+0000] {processor.py:208} INFO - Processing /home/airflow/.local/lib/python3.12/site-packages/airflow/example_dags/example_bash_operator.py took 0.125 seconds
[2025-02-25T21:09:45.188+0000] {processor.py:186} INFO - Started process (PID=232) to work on /home/airflow/.local/lib/python3.12/site-packages/airflow/example_dags/example_bash_operator.py
[2025-02-25T21:09:45.189+0000] {processor.py:914} INFO - Processing file /home/airflow/.local/lib/python3.12/site-packages/airflow/example_dags/example_bash_operator.py for tasks to queue
[2025-02-25T21:09:45.191+0000] {logging_mixin.py:190} INFO - [2025-02-25T21:09:45.191+0000] {dagbag.py:588} INFO - Filling up the DagBag from /home/airflow/.local/lib/python3.12/site-packages/airflow/example_dags/example_bash_operator.py
[2025-02-25T21:09:45.198+0000] {processor.py:925} INFO - DAG(s) 'example_bash_operator' retrieved from /home/airflow/.local/lib/python3.12/site-packages/airflow/example_dags/example_bash_operator.py
[2025-02-25T21:09:45.211+0000] {logging_mixin.py:190} INFO - [2025-02-25T21:09:45.211+0000] {dag.py:3239} INFO - Sync 1 DAGs
[2025-02-25T21:09:45.224+0000] {logging_mixin.py:190} INFO - [2025-02-25T21:09:45.224+0000] {dag.py:4180} INFO - Setting next_dagrun for example_bash_operator to 2025-02-24 00:00:00+00:00, run_after=2025-02-25 00:00:00+00:00
[2025-02-25T21:09:45.236+0000] {processor.py:208} INFO - Processing /home/airflow/.local/lib/python3.12/site-packages/airflow/example_dags/example_bash_operator.py took 0.051 seconds
[2025-02-25T21:10:15.994+0000] {processor.py:186} INFO - Started process (PID=294) to work on /home/airflow/.local/lib/python3.12/site-packages/airflow/example_dags/example_bash_operator.py
[2025-02-25T21:10:15.995+0000] {processor.py:914} INFO - Processing file /home/airflow/.local/lib/python3.12/site-packages/airflow/example_dags/example_bash_operator.py for tasks to queue
[2025-02-25T21:10:15.997+0000] {logging_mixin.py:190} INFO - [2025-02-25T21:10:15.996+0000] {dagbag.py:588} INFO - Filling up the DagBag from /home/airflow/.local/lib/python3.12/site-packages/airflow/example_dags/example_bash_operator.py
[2025-02-25T21:10:16.003+0000] {processor.py:925} INFO - DAG(s) 'example_bash_operator' retrieved from /home/airflow/.local/lib/python3.12/site-packages/airflow/example_dags/example_bash_operator.py
[2025-02-25T21:10:16.015+0000] {logging_mixin.py:190} INFO - [2025-02-25T21:10:16.015+0000] {dag.py:3239} INFO - Sync 1 DAGs
[2025-02-25T21:10:16.026+0000] {logging_mixin.py:190} INFO - [2025-02-25T21:10:16.026+0000] {dag.py:4180} INFO - Setting next_dagrun for example_bash_operator to 2025-02-24 00:00:00+00:00, run_after=2025-02-25 00:00:00+00:00
[2025-02-25T21:10:16.033+0000] {processor.py:208} INFO - Processing /home/airflow/.local/lib/python3.12/site-packages/airflow/example_dags/example_bash_operator.py took 0.042 seconds
