[2025-02-25T21:08:39.570+0000] {processor.py:186} INFO - Started process (PID=69) to work on /home/airflow/.local/lib/python3.12/site-packages/airflow/example_dags/example_display_name.py
[2025-02-25T21:08:39.576+0000] {processor.py:914} INFO - Processing file /home/airflow/.local/lib/python3.12/site-packages/airflow/example_dags/example_display_name.py for tasks to queue
[2025-02-25T21:08:39.583+0000] {logging_mixin.py:190} INFO - [2025-02-25T21:08:39.583+0000] {dagbag.py:588} INFO - Filling up the DagBag from /home/airflow/.local/lib/python3.12/site-packages/airflow/example_dags/example_display_name.py
[2025-02-25T21:08:39.596+0000] {processor.py:925} INFO - DAG(s) 'example_display_name' retrieved from /home/airflow/.local/lib/python3.12/site-packages/airflow/example_dags/example_display_name.py
[2025-02-25T21:08:39.662+0000] {logging_mixin.py:190} INFO - [2025-02-25T21:08:39.661+0000] {dag.py:3239} INFO - Sync 1 DAGs
[2025-02-25T21:08:39.682+0000] {logging_mixin.py:190} INFO - [2025-02-25T21:08:39.681+0000] {dag.py:4180} INFO - Setting next_dagrun for example_display_name to None, run_after=None
[2025-02-25T21:08:39.706+0000] {processor.py:208} INFO - Processing /home/airflow/.local/lib/python3.12/site-packages/airflow/example_dags/example_display_name.py took 0.149 seconds
[2025-02-25T21:09:09.891+0000] {processor.py:186} INFO - Started process (PID=131) to work on /home/airflow/.local/lib/python3.12/site-packages/airflow/example_dags/example_display_name.py
[2025-02-25T21:09:09.892+0000] {processor.py:914} INFO - Processing file /home/airflow/.local/lib/python3.12/site-packages/airflow/example_dags/example_display_name.py for tasks to queue
[2025-02-25T21:09:09.895+0000] {logging_mixin.py:190} INFO - [2025-02-25T21:09:09.894+0000] {dagbag.py:588} INFO - Filling up the DagBag from /home/airflow/.local/lib/python3.12/site-packages/airflow/example_dags/example_display_name.py
[2025-02-25T21:09:09.901+0000] {processor.py:925} INFO - DAG(s) 'example_display_name' retrieved from /home/airflow/.local/lib/python3.12/site-packages/airflow/example_dags/example_display_name.py
[2025-02-25T21:09:09.917+0000] {logging_mixin.py:190} INFO - [2025-02-25T21:09:09.917+0000] {dag.py:3239} INFO - Sync 1 DAGs
[2025-02-25T21:09:09.925+0000] {logging_mixin.py:190} INFO - [2025-02-25T21:09:09.925+0000] {dag.py:4180} INFO - Setting next_dagrun for example_display_name to None, run_after=None
[2025-02-25T21:09:09.938+0000] {processor.py:208} INFO - Processing /home/airflow/.local/lib/python3.12/site-packages/airflow/example_dags/example_display_name.py took 0.056 seconds
[2025-02-25T21:09:40.543+0000] {processor.py:186} INFO - Started process (PID=193) to work on /home/airflow/.local/lib/python3.12/site-packages/airflow/example_dags/example_display_name.py
[2025-02-25T21:09:40.543+0000] {processor.py:914} INFO - Processing file /home/airflow/.local/lib/python3.12/site-packages/airflow/example_dags/example_display_name.py for tasks to queue
[2025-02-25T21:09:40.545+0000] {logging_mixin.py:190} INFO - [2025-02-25T21:09:40.545+0000] {dagbag.py:588} INFO - Filling up the DagBag from /home/airflow/.local/lib/python3.12/site-packages/airflow/example_dags/example_display_name.py
[2025-02-25T21:09:40.551+0000] {processor.py:925} INFO - DAG(s) 'example_display_name' retrieved from /home/airflow/.local/lib/python3.12/site-packages/airflow/example_dags/example_display_name.py
[2025-02-25T21:09:40.564+0000] {logging_mixin.py:190} INFO - [2025-02-25T21:09:40.564+0000] {dag.py:3239} INFO - Sync 1 DAGs
[2025-02-25T21:09:40.571+0000] {logging_mixin.py:190} INFO - [2025-02-25T21:09:40.571+0000] {dag.py:4180} INFO - Setting next_dagrun for example_display_name to None, run_after=None
[2025-02-25T21:09:40.582+0000] {processor.py:208} INFO - Processing /home/airflow/.local/lib/python3.12/site-packages/airflow/example_dags/example_display_name.py took 0.042 seconds
[2025-02-25T21:10:10.958+0000] {processor.py:186} INFO - Started process (PID=255) to work on /home/airflow/.local/lib/python3.12/site-packages/airflow/example_dags/example_display_name.py
[2025-02-25T21:10:10.959+0000] {processor.py:914} INFO - Processing file /home/airflow/.local/lib/python3.12/site-packages/airflow/example_dags/example_display_name.py for tasks to queue
[2025-02-25T21:10:10.962+0000] {logging_mixin.py:190} INFO - [2025-02-25T21:10:10.962+0000] {dagbag.py:588} INFO - Filling up the DagBag from /home/airflow/.local/lib/python3.12/site-packages/airflow/example_dags/example_display_name.py
[2025-02-25T21:10:10.967+0000] {processor.py:925} INFO - DAG(s) 'example_display_name' retrieved from /home/airflow/.local/lib/python3.12/site-packages/airflow/example_dags/example_display_name.py
[2025-02-25T21:10:10.985+0000] {logging_mixin.py:190} INFO - [2025-02-25T21:10:10.984+0000] {dag.py:3239} INFO - Sync 1 DAGs
[2025-02-25T21:10:10.993+0000] {logging_mixin.py:190} INFO - [2025-02-25T21:10:10.993+0000] {dag.py:4180} INFO - Setting next_dagrun for example_display_name to None, run_after=None
[2025-02-25T21:10:11.005+0000] {processor.py:208} INFO - Processing /home/airflow/.local/lib/python3.12/site-packages/airflow/example_dags/example_display_name.py took 0.051 seconds
