[2025-02-25T21:08:39.918+0000] {processor.py:186} INFO - Started process (PID=73) to work on /home/airflow/.local/lib/python3.12/site-packages/airflow/example_dags/tutorial.py
[2025-02-25T21:08:39.919+0000] {processor.py:914} INFO - Processing file /home/airflow/.local/lib/python3.12/site-packages/airflow/example_dags/tutorial.py for tasks to queue
[2025-02-25T21:08:39.922+0000] {logging_mixin.py:190} INFO - [2025-02-25T21:08:39.922+0000] {dagbag.py:588} INFO - Filling up the DagBag from /home/airflow/.local/lib/python3.12/site-packages/airflow/example_dags/tutorial.py
[2025-02-25T21:08:39.935+0000] {processor.py:925} INFO - DAG(s) 'tutorial' retrieved from /home/airflow/.local/lib/python3.12/site-packages/airflow/example_dags/tutorial.py
[2025-02-25T21:08:39.956+0000] {logging_mixin.py:190} INFO - [2025-02-25T21:08:39.955+0000] {dag.py:3239} INFO - Sync 1 DAGs
[2025-02-25T21:08:39.979+0000] {logging_mixin.py:190} INFO - [2025-02-25T21:08:39.978+0000] {dag.py:4180} INFO - Setting next_dagrun for tutorial to 2025-02-24 00:00:00+00:00, run_after=2025-02-25 00:00:00+00:00
[2025-02-25T21:08:40.007+0000] {processor.py:208} INFO - Processing /home/airflow/.local/lib/python3.12/site-packages/airflow/example_dags/tutorial.py took 0.097 seconds
[2025-02-25T21:09:10.052+0000] {processor.py:186} INFO - Started process (PID=134) to work on /home/airflow/.local/lib/python3.12/site-packages/airflow/example_dags/tutorial.py
[2025-02-25T21:09:10.053+0000] {processor.py:914} INFO - Processing file /home/airflow/.local/lib/python3.12/site-packages/airflow/example_dags/tutorial.py for tasks to queue
[2025-02-25T21:09:10.054+0000] {logging_mixin.py:190} INFO - [2025-02-25T21:09:10.054+0000] {dagbag.py:588} INFO - Filling up the DagBag from /home/airflow/.local/lib/python3.12/site-packages/airflow/example_dags/tutorial.py
[2025-02-25T21:09:10.060+0000] {processor.py:925} INFO - DAG(s) 'tutorial' retrieved from /home/airflow/.local/lib/python3.12/site-packages/airflow/example_dags/tutorial.py
[2025-02-25T21:09:10.078+0000] {logging_mixin.py:190} INFO - [2025-02-25T21:09:10.078+0000] {dag.py:3239} INFO - Sync 1 DAGs
[2025-02-25T21:09:10.089+0000] {logging_mixin.py:190} INFO - [2025-02-25T21:09:10.089+0000] {dag.py:4180} INFO - Setting next_dagrun for tutorial to 2025-02-24 00:00:00+00:00, run_after=2025-02-25 00:00:00+00:00
[2025-02-25T21:09:10.097+0000] {processor.py:208} INFO - Processing /home/airflow/.local/lib/python3.12/site-packages/airflow/example_dags/tutorial.py took 0.050 seconds
[2025-02-25T21:09:40.651+0000] {processor.py:186} INFO - Started process (PID=196) to work on /home/airflow/.local/lib/python3.12/site-packages/airflow/example_dags/tutorial.py
[2025-02-25T21:09:40.652+0000] {processor.py:914} INFO - Processing file /home/airflow/.local/lib/python3.12/site-packages/airflow/example_dags/tutorial.py for tasks to queue
[2025-02-25T21:09:40.653+0000] {logging_mixin.py:190} INFO - [2025-02-25T21:09:40.653+0000] {dagbag.py:588} INFO - Filling up the DagBag from /home/airflow/.local/lib/python3.12/site-packages/airflow/example_dags/tutorial.py
[2025-02-25T21:09:40.657+0000] {processor.py:925} INFO - DAG(s) 'tutorial' retrieved from /home/airflow/.local/lib/python3.12/site-packages/airflow/example_dags/tutorial.py
[2025-02-25T21:09:40.666+0000] {logging_mixin.py:190} INFO - [2025-02-25T21:09:40.666+0000] {dag.py:3239} INFO - Sync 1 DAGs
[2025-02-25T21:09:40.675+0000] {logging_mixin.py:190} INFO - [2025-02-25T21:09:40.675+0000] {dag.py:4180} INFO - Setting next_dagrun for tutorial to 2025-02-24 00:00:00+00:00, run_after=2025-02-25 00:00:00+00:00
[2025-02-25T21:09:40.683+0000] {processor.py:208} INFO - Processing /home/airflow/.local/lib/python3.12/site-packages/airflow/example_dags/tutorial.py took 0.035 seconds
[2025-02-25T21:10:11.078+0000] {processor.py:186} INFO - Started process (PID=258) to work on /home/airflow/.local/lib/python3.12/site-packages/airflow/example_dags/tutorial.py
[2025-02-25T21:10:11.079+0000] {processor.py:914} INFO - Processing file /home/airflow/.local/lib/python3.12/site-packages/airflow/example_dags/tutorial.py for tasks to queue
[2025-02-25T21:10:11.081+0000] {logging_mixin.py:190} INFO - [2025-02-25T21:10:11.081+0000] {dagbag.py:588} INFO - Filling up the DagBag from /home/airflow/.local/lib/python3.12/site-packages/airflow/example_dags/tutorial.py
[2025-02-25T21:10:11.085+0000] {processor.py:925} INFO - DAG(s) 'tutorial' retrieved from /home/airflow/.local/lib/python3.12/site-packages/airflow/example_dags/tutorial.py
[2025-02-25T21:10:11.095+0000] {logging_mixin.py:190} INFO - [2025-02-25T21:10:11.095+0000] {dag.py:3239} INFO - Sync 1 DAGs
[2025-02-25T21:10:11.106+0000] {logging_mixin.py:190} INFO - [2025-02-25T21:10:11.106+0000] {dag.py:4180} INFO - Setting next_dagrun for tutorial to 2025-02-24 00:00:00+00:00, run_after=2025-02-25 00:00:00+00:00
[2025-02-25T21:10:11.113+0000] {processor.py:208} INFO - Processing /home/airflow/.local/lib/python3.12/site-packages/airflow/example_dags/tutorial.py took 0.040 seconds
