[2025-03-24T21:05:59.838+0000] {processor.py:186} INFO - Started process (PID=51) to work on /home/airflow/.local/lib/python3.12/site-packages/airflow/example_dags/example_task_group.py
[2025-03-24T21:05:59.842+0000] {processor.py:914} INFO - Processing file /home/airflow/.local/lib/python3.12/site-packages/airflow/example_dags/example_task_group.py for tasks to queue
[2025-03-24T21:05:59.849+0000] {logging_mixin.py:190} INFO - [2025-03-24T21:05:59.849+0000] {dagbag.py:588} INFO - Filling up the DagBag from /home/airflow/.local/lib/python3.12/site-packages/airflow/example_dags/example_task_group.py
[2025-03-24T21:05:59.891+0000] {processor.py:925} INFO - DAG(s) 'example_task_group' retrieved from /home/airflow/.local/lib/python3.12/site-packages/airflow/example_dags/example_task_group.py
[2025-03-24T21:05:59.992+0000] {logging_mixin.py:190} INFO - [2025-03-24T21:05:59.992+0000] {dag.py:3239} INFO - Sync 1 DAGs
[2025-03-24T21:06:00.022+0000] {logging_mixin.py:190} INFO - [2025-03-24T21:06:00.021+0000] {dag.py:4180} INFO - Setting next_dagrun for example_task_group to None, run_after=None
[2025-03-24T21:06:00.054+0000] {processor.py:208} INFO - Processing /home/airflow/.local/lib/python3.12/site-packages/airflow/example_dags/example_task_group.py took 0.232 seconds
[2025-03-24T21:23:18.513+0000] {processor.py:186} INFO - Started process (PID=112) to work on /home/airflow/.local/lib/python3.12/site-packages/airflow/example_dags/example_task_group.py
[2025-03-24T21:23:18.513+0000] {processor.py:914} INFO - Processing file /home/airflow/.local/lib/python3.12/site-packages/airflow/example_dags/example_task_group.py for tasks to queue
[2025-03-24T21:23:18.515+0000] {logging_mixin.py:190} INFO - [2025-03-24T21:23:18.514+0000] {dagbag.py:588} INFO - Filling up the DagBag from /home/airflow/.local/lib/python3.12/site-packages/airflow/example_dags/example_task_group.py
[2025-03-24T21:23:18.520+0000] {processor.py:925} INFO - DAG(s) 'example_task_group' retrieved from /home/airflow/.local/lib/python3.12/site-packages/airflow/example_dags/example_task_group.py
[2025-03-24T21:23:18.533+0000] {logging_mixin.py:190} INFO - [2025-03-24T21:23:18.533+0000] {dag.py:3239} INFO - Sync 1 DAGs
[2025-03-24T21:23:18.541+0000] {logging_mixin.py:190} INFO - [2025-03-24T21:23:18.540+0000] {dag.py:4180} INFO - Setting next_dagrun for example_task_group to None, run_after=None
[2025-03-24T21:23:18.559+0000] {processor.py:208} INFO - Processing /home/airflow/.local/lib/python3.12/site-packages/airflow/example_dags/example_task_group.py took 0.049 seconds
[2025-03-24T21:32:47.361+0000] {processor.py:186} INFO - Started process (PID=174) to work on /home/airflow/.local/lib/python3.12/site-packages/airflow/example_dags/example_task_group.py
[2025-03-24T21:32:47.361+0000] {processor.py:914} INFO - Processing file /home/airflow/.local/lib/python3.12/site-packages/airflow/example_dags/example_task_group.py for tasks to queue
[2025-03-24T21:32:47.362+0000] {logging_mixin.py:190} INFO - [2025-03-24T21:32:47.362+0000] {dagbag.py:588} INFO - Filling up the DagBag from /home/airflow/.local/lib/python3.12/site-packages/airflow/example_dags/example_task_group.py
[2025-03-24T21:32:47.367+0000] {processor.py:925} INFO - DAG(s) 'example_task_group' retrieved from /home/airflow/.local/lib/python3.12/site-packages/airflow/example_dags/example_task_group.py
[2025-03-24T21:32:47.377+0000] {logging_mixin.py:190} INFO - [2025-03-24T21:32:47.377+0000] {dag.py:3239} INFO - Sync 1 DAGs
[2025-03-24T21:32:47.383+0000] {logging_mixin.py:190} INFO - [2025-03-24T21:32:47.383+0000] {dag.py:4180} INFO - Setting next_dagrun for example_task_group to None, run_after=None
[2025-03-24T21:32:47.391+0000] {processor.py:208} INFO - Processing /home/airflow/.local/lib/python3.12/site-packages/airflow/example_dags/example_task_group.py took 0.033 seconds
[2025-03-24T22:00:41.879+0000] {processor.py:186} INFO - Started process (PID=236) to work on /home/airflow/.local/lib/python3.12/site-packages/airflow/example_dags/example_task_group.py
[2025-03-24T22:00:41.889+0000] {processor.py:914} INFO - Processing file /home/airflow/.local/lib/python3.12/site-packages/airflow/example_dags/example_task_group.py for tasks to queue
[2025-03-24T22:00:41.891+0000] {logging_mixin.py:190} INFO - [2025-03-24T22:00:41.891+0000] {dagbag.py:588} INFO - Filling up the DagBag from /home/airflow/.local/lib/python3.12/site-packages/airflow/example_dags/example_task_group.py
[2025-03-24T22:00:41.898+0000] {processor.py:925} INFO - DAG(s) 'example_task_group' retrieved from /home/airflow/.local/lib/python3.12/site-packages/airflow/example_dags/example_task_group.py
[2025-03-24T22:00:41.915+0000] {logging_mixin.py:190} INFO - [2025-03-24T22:00:41.915+0000] {dag.py:3239} INFO - Sync 1 DAGs
[2025-03-24T22:00:41.927+0000] {logging_mixin.py:190} INFO - [2025-03-24T22:00:41.927+0000] {dag.py:4180} INFO - Setting next_dagrun for example_task_group to None, run_after=None
[2025-03-24T22:00:41.938+0000] {processor.py:208} INFO - Processing /home/airflow/.local/lib/python3.12/site-packages/airflow/example_dags/example_task_group.py took 0.069 seconds
[2025-03-24T22:16:55.483+0000] {processor.py:186} INFO - Started process (PID=298) to work on /home/airflow/.local/lib/python3.12/site-packages/airflow/example_dags/example_task_group.py
[2025-03-24T22:16:55.486+0000] {processor.py:914} INFO - Processing file /home/airflow/.local/lib/python3.12/site-packages/airflow/example_dags/example_task_group.py for tasks to queue
[2025-03-24T22:16:55.492+0000] {logging_mixin.py:190} INFO - [2025-03-24T22:16:55.491+0000] {dagbag.py:588} INFO - Filling up the DagBag from /home/airflow/.local/lib/python3.12/site-packages/airflow/example_dags/example_task_group.py
[2025-03-24T22:16:55.499+0000] {processor.py:925} INFO - DAG(s) 'example_task_group' retrieved from /home/airflow/.local/lib/python3.12/site-packages/airflow/example_dags/example_task_group.py
[2025-03-24T22:16:55.512+0000] {logging_mixin.py:190} INFO - [2025-03-24T22:16:55.512+0000] {dag.py:3239} INFO - Sync 1 DAGs
[2025-03-24T22:16:55.525+0000] {logging_mixin.py:190} INFO - [2025-03-24T22:16:55.525+0000] {dag.py:4180} INFO - Setting next_dagrun for example_task_group to None, run_after=None
[2025-03-24T22:16:55.534+0000] {processor.py:208} INFO - Processing /home/airflow/.local/lib/python3.12/site-packages/airflow/example_dags/example_task_group.py took 0.056 seconds
[2025-03-24T22:30:24.650+0000] {processor.py:186} INFO - Started process (PID=360) to work on /home/airflow/.local/lib/python3.12/site-packages/airflow/example_dags/example_task_group.py
[2025-03-24T22:30:24.651+0000] {processor.py:914} INFO - Processing file /home/airflow/.local/lib/python3.12/site-packages/airflow/example_dags/example_task_group.py for tasks to queue
[2025-03-24T22:30:24.652+0000] {logging_mixin.py:190} INFO - [2025-03-24T22:30:24.652+0000] {dagbag.py:588} INFO - Filling up the DagBag from /home/airflow/.local/lib/python3.12/site-packages/airflow/example_dags/example_task_group.py
[2025-03-24T22:30:24.658+0000] {processor.py:925} INFO - DAG(s) 'example_task_group' retrieved from /home/airflow/.local/lib/python3.12/site-packages/airflow/example_dags/example_task_group.py
[2025-03-24T22:30:24.679+0000] {logging_mixin.py:190} INFO - [2025-03-24T22:30:24.679+0000] {dag.py:3239} INFO - Sync 1 DAGs
[2025-03-24T22:30:24.686+0000] {logging_mixin.py:190} INFO - [2025-03-24T22:30:24.685+0000] {dag.py:4180} INFO - Setting next_dagrun for example_task_group to None, run_after=None
[2025-03-24T22:30:24.697+0000] {processor.py:208} INFO - Processing /home/airflow/.local/lib/python3.12/site-packages/airflow/example_dags/example_task_group.py took 0.050 seconds
[2025-03-24T22:51:40.896+0000] {processor.py:186} INFO - Started process (PID=422) to work on /home/airflow/.local/lib/python3.12/site-packages/airflow/example_dags/example_task_group.py
[2025-03-24T22:51:40.898+0000] {processor.py:914} INFO - Processing file /home/airflow/.local/lib/python3.12/site-packages/airflow/example_dags/example_task_group.py for tasks to queue
[2025-03-24T22:51:40.902+0000] {logging_mixin.py:190} INFO - [2025-03-24T22:51:40.901+0000] {dagbag.py:588} INFO - Filling up the DagBag from /home/airflow/.local/lib/python3.12/site-packages/airflow/example_dags/example_task_group.py
[2025-03-24T22:51:40.913+0000] {processor.py:925} INFO - DAG(s) 'example_task_group' retrieved from /home/airflow/.local/lib/python3.12/site-packages/airflow/example_dags/example_task_group.py
[2025-03-24T22:51:40.937+0000] {logging_mixin.py:190} INFO - [2025-03-24T22:51:40.937+0000] {dag.py:3239} INFO - Sync 1 DAGs
[2025-03-24T22:51:40.950+0000] {logging_mixin.py:190} INFO - [2025-03-24T22:51:40.950+0000] {dag.py:4180} INFO - Setting next_dagrun for example_task_group to None, run_after=None
[2025-03-24T22:51:41.014+0000] {processor.py:208} INFO - Processing /home/airflow/.local/lib/python3.12/site-packages/airflow/example_dags/example_task_group.py took 0.128 seconds
[2025-03-24T22:53:33.304+0000] {processor.py:186} INFO - Started process (PID=484) to work on /home/airflow/.local/lib/python3.12/site-packages/airflow/example_dags/example_task_group.py
[2025-03-24T22:53:33.306+0000] {processor.py:914} INFO - Processing file /home/airflow/.local/lib/python3.12/site-packages/airflow/example_dags/example_task_group.py for tasks to queue
[2025-03-24T22:53:33.308+0000] {logging_mixin.py:190} INFO - [2025-03-24T22:53:33.308+0000] {dagbag.py:588} INFO - Filling up the DagBag from /home/airflow/.local/lib/python3.12/site-packages/airflow/example_dags/example_task_group.py
[2025-03-24T22:53:33.313+0000] {processor.py:925} INFO - DAG(s) 'example_task_group' retrieved from /home/airflow/.local/lib/python3.12/site-packages/airflow/example_dags/example_task_group.py
[2025-03-24T22:53:33.326+0000] {logging_mixin.py:190} INFO - [2025-03-24T22:53:33.326+0000] {dag.py:3239} INFO - Sync 1 DAGs
[2025-03-24T22:53:33.333+0000] {logging_mixin.py:190} INFO - [2025-03-24T22:53:33.333+0000] {dag.py:4180} INFO - Setting next_dagrun for example_task_group to None, run_after=None
[2025-03-24T22:53:33.343+0000] {processor.py:208} INFO - Processing /home/airflow/.local/lib/python3.12/site-packages/airflow/example_dags/example_task_group.py took 0.046 seconds
[2025-03-24T23:10:29.465+0000] {processor.py:186} INFO - Started process (PID=546) to work on /home/airflow/.local/lib/python3.12/site-packages/airflow/example_dags/example_task_group.py
[2025-03-24T23:10:29.466+0000] {processor.py:914} INFO - Processing file /home/airflow/.local/lib/python3.12/site-packages/airflow/example_dags/example_task_group.py for tasks to queue
[2025-03-24T23:10:29.467+0000] {logging_mixin.py:190} INFO - [2025-03-24T23:10:29.467+0000] {dagbag.py:588} INFO - Filling up the DagBag from /home/airflow/.local/lib/python3.12/site-packages/airflow/example_dags/example_task_group.py
[2025-03-24T23:10:29.474+0000] {processor.py:925} INFO - DAG(s) 'example_task_group' retrieved from /home/airflow/.local/lib/python3.12/site-packages/airflow/example_dags/example_task_group.py
[2025-03-24T23:10:29.488+0000] {logging_mixin.py:190} INFO - [2025-03-24T23:10:29.488+0000] {dag.py:3239} INFO - Sync 1 DAGs
[2025-03-24T23:10:29.496+0000] {logging_mixin.py:190} INFO - [2025-03-24T23:10:29.496+0000] {dag.py:4180} INFO - Setting next_dagrun for example_task_group to None, run_after=None
[2025-03-24T23:10:29.510+0000] {processor.py:208} INFO - Processing /home/airflow/.local/lib/python3.12/site-packages/airflow/example_dags/example_task_group.py took 0.056 seconds
[2025-03-24T23:28:11.719+0000] {processor.py:186} INFO - Started process (PID=608) to work on /home/airflow/.local/lib/python3.12/site-packages/airflow/example_dags/example_task_group.py
[2025-03-24T23:28:11.721+0000] {processor.py:914} INFO - Processing file /home/airflow/.local/lib/python3.12/site-packages/airflow/example_dags/example_task_group.py for tasks to queue
[2025-03-24T23:28:11.723+0000] {logging_mixin.py:190} INFO - [2025-03-24T23:28:11.723+0000] {dagbag.py:588} INFO - Filling up the DagBag from /home/airflow/.local/lib/python3.12/site-packages/airflow/example_dags/example_task_group.py
[2025-03-24T23:28:11.734+0000] {processor.py:925} INFO - DAG(s) 'example_task_group' retrieved from /home/airflow/.local/lib/python3.12/site-packages/airflow/example_dags/example_task_group.py
[2025-03-24T23:28:11.750+0000] {logging_mixin.py:190} INFO - [2025-03-24T23:28:11.750+0000] {dag.py:3239} INFO - Sync 1 DAGs
[2025-03-24T23:28:11.760+0000] {logging_mixin.py:190} INFO - [2025-03-24T23:28:11.760+0000] {dag.py:4180} INFO - Setting next_dagrun for example_task_group to None, run_after=None
[2025-03-24T23:28:11.774+0000] {processor.py:208} INFO - Processing /home/airflow/.local/lib/python3.12/site-packages/airflow/example_dags/example_task_group.py took 0.059 seconds
[2025-03-24T23:34:47.451+0000] {processor.py:186} INFO - Started process (PID=670) to work on /home/airflow/.local/lib/python3.12/site-packages/airflow/example_dags/example_task_group.py
[2025-03-24T23:34:47.452+0000] {processor.py:914} INFO - Processing file /home/airflow/.local/lib/python3.12/site-packages/airflow/example_dags/example_task_group.py for tasks to queue
[2025-03-24T23:34:47.453+0000] {logging_mixin.py:190} INFO - [2025-03-24T23:34:47.453+0000] {dagbag.py:588} INFO - Filling up the DagBag from /home/airflow/.local/lib/python3.12/site-packages/airflow/example_dags/example_task_group.py
[2025-03-24T23:34:47.459+0000] {processor.py:925} INFO - DAG(s) 'example_task_group' retrieved from /home/airflow/.local/lib/python3.12/site-packages/airflow/example_dags/example_task_group.py
[2025-03-24T23:34:47.473+0000] {logging_mixin.py:190} INFO - [2025-03-24T23:34:47.472+0000] {dag.py:3239} INFO - Sync 1 DAGs
[2025-03-24T23:34:47.485+0000] {logging_mixin.py:190} INFO - [2025-03-24T23:34:47.485+0000] {dag.py:4180} INFO - Setting next_dagrun for example_task_group to None, run_after=None
[2025-03-24T23:34:47.495+0000] {processor.py:208} INFO - Processing /home/airflow/.local/lib/python3.12/site-packages/airflow/example_dags/example_task_group.py took 0.048 seconds
