[2025-03-24T21:06:01.514+0000] {processor.py:186} INFO - Started process (PID=70) to work on /home/airflow/.local/lib/python3.12/site-packages/airflow/example_dags/example_datasets.py
[2025-03-24T21:06:01.515+0000] {processor.py:914} INFO - Processing file /home/airflow/.local/lib/python3.12/site-packages/airflow/example_dags/example_datasets.py for tasks to queue
[2025-03-24T21:06:01.517+0000] {logging_mixin.py:190} INFO - [2025-03-24T21:06:01.517+0000] {dagbag.py:588} INFO - Filling up the DagBag from /home/airflow/.local/lib/python3.12/site-packages/airflow/example_dags/example_datasets.py
[2025-03-24T21:06:01.640+0000] {processor.py:925} INFO - DAG(s) 'consume_1_or_2_with_dataset_expressions', 'dataset_consumes_1', 'consume_1_or_both_2_and_3_with_dataset_expressions', 'consume_1_and_2_with_dataset_expressions', 'dataset_consumes_1_and_2', 'dataset_consumes_1_never_scheduled', 'conditional_dataset_and_time_based_timetable', 'dataset_produces_1', 'dataset_produces_2', 'dataset_consumes_unknown_never_scheduled' retrieved from /home/airflow/.local/lib/python3.12/site-packages/airflow/example_dags/example_datasets.py
[2025-03-24T21:06:01.681+0000] {logging_mixin.py:190} INFO - [2025-03-24T21:06:01.681+0000] {dag.py:3239} INFO - Sync 10 DAGs
[2025-03-24T21:06:01.700+0000] {logging_mixin.py:190} INFO - [2025-03-24T21:06:01.699+0000] {dag.py:4180} INFO - Setting next_dagrun for conditional_dataset_and_time_based_timetable to 2025-03-19 01:00:00+00:00, run_after=2025-03-19 01:00:00+00:00
[2025-03-24T21:06:01.703+0000] {logging_mixin.py:190} INFO - [2025-03-24T21:06:01.703+0000] {dag.py:4180} INFO - Setting next_dagrun for consume_1_and_2_with_dataset_expressions to None, run_after=None
[2025-03-24T21:06:01.704+0000] {logging_mixin.py:190} INFO - [2025-03-24T21:06:01.704+0000] {dag.py:4180} INFO - Setting next_dagrun for consume_1_or_2_with_dataset_expressions to None, run_after=None
[2025-03-24T21:06:01.705+0000] {logging_mixin.py:190} INFO - [2025-03-24T21:06:01.704+0000] {dag.py:4180} INFO - Setting next_dagrun for consume_1_or_both_2_and_3_with_dataset_expressions to None, run_after=None
[2025-03-24T21:06:01.705+0000] {logging_mixin.py:190} INFO - [2025-03-24T21:06:01.705+0000] {dag.py:4180} INFO - Setting next_dagrun for dataset_consumes_1 to None, run_after=None
[2025-03-24T21:06:01.706+0000] {logging_mixin.py:190} INFO - [2025-03-24T21:06:01.706+0000] {dag.py:4180} INFO - Setting next_dagrun for dataset_consumes_1_and_2 to None, run_after=None
[2025-03-24T21:06:01.707+0000] {logging_mixin.py:190} INFO - [2025-03-24T21:06:01.707+0000] {dag.py:4180} INFO - Setting next_dagrun for dataset_consumes_1_never_scheduled to None, run_after=None
[2025-03-24T21:06:01.708+0000] {logging_mixin.py:190} INFO - [2025-03-24T21:06:01.708+0000] {dag.py:4180} INFO - Setting next_dagrun for dataset_consumes_unknown_never_scheduled to None, run_after=None
[2025-03-24T21:06:01.713+0000] {logging_mixin.py:190} INFO - [2025-03-24T21:06:01.713+0000] {dag.py:4180} INFO - Setting next_dagrun for dataset_produces_1 to 2025-03-23 00:00:00+00:00, run_after=2025-03-24 00:00:00+00:00
[2025-03-24T21:06:01.714+0000] {logging_mixin.py:190} INFO - [2025-03-24T21:06:01.714+0000] {dag.py:4180} INFO - Setting next_dagrun for dataset_produces_2 to None, run_after=None
[2025-03-24T21:06:01.750+0000] {processor.py:208} INFO - Processing /home/airflow/.local/lib/python3.12/site-packages/airflow/example_dags/example_datasets.py took 0.240 seconds
[2025-03-24T21:23:19.050+0000] {processor.py:186} INFO - Started process (PID=126) to work on /home/airflow/.local/lib/python3.12/site-packages/airflow/example_dags/example_datasets.py
[2025-03-24T21:23:19.051+0000] {processor.py:914} INFO - Processing file /home/airflow/.local/lib/python3.12/site-packages/airflow/example_dags/example_datasets.py for tasks to queue
[2025-03-24T21:23:19.054+0000] {logging_mixin.py:190} INFO - [2025-03-24T21:23:19.054+0000] {dagbag.py:588} INFO - Filling up the DagBag from /home/airflow/.local/lib/python3.12/site-packages/airflow/example_dags/example_datasets.py
[2025-03-24T21:23:19.131+0000] {processor.py:925} INFO - DAG(s) 'conditional_dataset_and_time_based_timetable', 'dataset_consumes_1_and_2', 'consume_1_or_both_2_and_3_with_dataset_expressions', 'dataset_produces_1', 'consume_1_or_2_with_dataset_expressions', 'consume_1_and_2_with_dataset_expressions', 'dataset_consumes_1_never_scheduled', 'dataset_consumes_1', 'dataset_produces_2', 'dataset_consumes_unknown_never_scheduled' retrieved from /home/airflow/.local/lib/python3.12/site-packages/airflow/example_dags/example_datasets.py
[2025-03-24T21:23:19.161+0000] {logging_mixin.py:190} INFO - [2025-03-24T21:23:19.160+0000] {dag.py:3239} INFO - Sync 10 DAGs
[2025-03-24T21:23:19.174+0000] {logging_mixin.py:190} INFO - [2025-03-24T21:23:19.174+0000] {dag.py:4180} INFO - Setting next_dagrun for conditional_dataset_and_time_based_timetable to 2025-03-19 01:00:00+00:00, run_after=2025-03-19 01:00:00+00:00
[2025-03-24T21:23:19.177+0000] {logging_mixin.py:190} INFO - [2025-03-24T21:23:19.177+0000] {dag.py:4180} INFO - Setting next_dagrun for consume_1_and_2_with_dataset_expressions to None, run_after=None
[2025-03-24T21:23:19.178+0000] {logging_mixin.py:190} INFO - [2025-03-24T21:23:19.178+0000] {dag.py:4180} INFO - Setting next_dagrun for consume_1_or_2_with_dataset_expressions to None, run_after=None
[2025-03-24T21:23:19.178+0000] {logging_mixin.py:190} INFO - [2025-03-24T21:23:19.178+0000] {dag.py:4180} INFO - Setting next_dagrun for consume_1_or_both_2_and_3_with_dataset_expressions to None, run_after=None
[2025-03-24T21:23:19.179+0000] {logging_mixin.py:190} INFO - [2025-03-24T21:23:19.179+0000] {dag.py:4180} INFO - Setting next_dagrun for dataset_consumes_1 to None, run_after=None
[2025-03-24T21:23:19.179+0000] {logging_mixin.py:190} INFO - [2025-03-24T21:23:19.179+0000] {dag.py:4180} INFO - Setting next_dagrun for dataset_consumes_1_and_2 to None, run_after=None
[2025-03-24T21:23:19.180+0000] {logging_mixin.py:190} INFO - [2025-03-24T21:23:19.179+0000] {dag.py:4180} INFO - Setting next_dagrun for dataset_consumes_1_never_scheduled to None, run_after=None
[2025-03-24T21:23:19.180+0000] {logging_mixin.py:190} INFO - [2025-03-24T21:23:19.180+0000] {dag.py:4180} INFO - Setting next_dagrun for dataset_consumes_unknown_never_scheduled to None, run_after=None
[2025-03-24T21:23:19.181+0000] {logging_mixin.py:190} INFO - [2025-03-24T21:23:19.181+0000] {dag.py:4180} INFO - Setting next_dagrun for dataset_produces_1 to 2025-03-23 00:00:00+00:00, run_after=2025-03-24 00:00:00+00:00
[2025-03-24T21:23:19.182+0000] {logging_mixin.py:190} INFO - [2025-03-24T21:23:19.182+0000] {dag.py:4180} INFO - Setting next_dagrun for dataset_produces_2 to None, run_after=None
[2025-03-24T21:23:19.214+0000] {processor.py:208} INFO - Processing /home/airflow/.local/lib/python3.12/site-packages/airflow/example_dags/example_datasets.py took 0.167 seconds
[2025-03-24T21:32:47.957+0000] {processor.py:186} INFO - Started process (PID=188) to work on /home/airflow/.local/lib/python3.12/site-packages/airflow/example_dags/example_datasets.py
[2025-03-24T21:32:47.958+0000] {processor.py:914} INFO - Processing file /home/airflow/.local/lib/python3.12/site-packages/airflow/example_dags/example_datasets.py for tasks to queue
[2025-03-24T21:32:47.961+0000] {logging_mixin.py:190} INFO - [2025-03-24T21:32:47.960+0000] {dagbag.py:588} INFO - Filling up the DagBag from /home/airflow/.local/lib/python3.12/site-packages/airflow/example_dags/example_datasets.py
[2025-03-24T21:32:48.037+0000] {processor.py:925} INFO - DAG(s) 'consume_1_or_2_with_dataset_expressions', 'consume_1_and_2_with_dataset_expressions', 'dataset_produces_1', 'dataset_consumes_1', 'dataset_consumes_1_never_scheduled', 'dataset_produces_2', 'conditional_dataset_and_time_based_timetable', 'dataset_consumes_1_and_2', 'dataset_consumes_unknown_never_scheduled', 'consume_1_or_both_2_and_3_with_dataset_expressions' retrieved from /home/airflow/.local/lib/python3.12/site-packages/airflow/example_dags/example_datasets.py
[2025-03-24T21:32:48.063+0000] {logging_mixin.py:190} INFO - [2025-03-24T21:32:48.062+0000] {dag.py:3239} INFO - Sync 10 DAGs
[2025-03-24T21:32:48.080+0000] {logging_mixin.py:190} INFO - [2025-03-24T21:32:48.080+0000] {dag.py:4180} INFO - Setting next_dagrun for conditional_dataset_and_time_based_timetable to 2025-03-19 01:00:00+00:00, run_after=2025-03-19 01:00:00+00:00
[2025-03-24T21:32:48.084+0000] {logging_mixin.py:190} INFO - [2025-03-24T21:32:48.083+0000] {dag.py:4180} INFO - Setting next_dagrun for consume_1_and_2_with_dataset_expressions to None, run_after=None
[2025-03-24T21:32:48.085+0000] {logging_mixin.py:190} INFO - [2025-03-24T21:32:48.085+0000] {dag.py:4180} INFO - Setting next_dagrun for consume_1_or_2_with_dataset_expressions to None, run_after=None
[2025-03-24T21:32:48.085+0000] {logging_mixin.py:190} INFO - [2025-03-24T21:32:48.085+0000] {dag.py:4180} INFO - Setting next_dagrun for consume_1_or_both_2_and_3_with_dataset_expressions to None, run_after=None
[2025-03-24T21:32:48.087+0000] {logging_mixin.py:190} INFO - [2025-03-24T21:32:48.086+0000] {dag.py:4180} INFO - Setting next_dagrun for dataset_consumes_1 to None, run_after=None
[2025-03-24T21:32:48.088+0000] {logging_mixin.py:190} INFO - [2025-03-24T21:32:48.088+0000] {dag.py:4180} INFO - Setting next_dagrun for dataset_consumes_1_and_2 to None, run_after=None
[2025-03-24T21:32:48.090+0000] {logging_mixin.py:190} INFO - [2025-03-24T21:32:48.090+0000] {dag.py:4180} INFO - Setting next_dagrun for dataset_consumes_1_never_scheduled to None, run_after=None
[2025-03-24T21:32:48.092+0000] {logging_mixin.py:190} INFO - [2025-03-24T21:32:48.092+0000] {dag.py:4180} INFO - Setting next_dagrun for dataset_consumes_unknown_never_scheduled to None, run_after=None
[2025-03-24T21:32:48.093+0000] {logging_mixin.py:190} INFO - [2025-03-24T21:32:48.093+0000] {dag.py:4180} INFO - Setting next_dagrun for dataset_produces_1 to 2025-03-23 00:00:00+00:00, run_after=2025-03-24 00:00:00+00:00
[2025-03-24T21:32:48.094+0000] {logging_mixin.py:190} INFO - [2025-03-24T21:32:48.094+0000] {dag.py:4180} INFO - Setting next_dagrun for dataset_produces_2 to None, run_after=None
[2025-03-24T21:32:48.115+0000] {processor.py:208} INFO - Processing /home/airflow/.local/lib/python3.12/site-packages/airflow/example_dags/example_datasets.py took 0.162 seconds
[2025-03-24T22:00:42.776+0000] {processor.py:186} INFO - Started process (PID=250) to work on /home/airflow/.local/lib/python3.12/site-packages/airflow/example_dags/example_datasets.py
[2025-03-24T22:00:42.782+0000] {processor.py:914} INFO - Processing file /home/airflow/.local/lib/python3.12/site-packages/airflow/example_dags/example_datasets.py for tasks to queue
[2025-03-24T22:00:42.784+0000] {logging_mixin.py:190} INFO - [2025-03-24T22:00:42.783+0000] {dagbag.py:588} INFO - Filling up the DagBag from /home/airflow/.local/lib/python3.12/site-packages/airflow/example_dags/example_datasets.py
[2025-03-24T22:00:42.882+0000] {processor.py:925} INFO - DAG(s) 'dataset_produces_2', 'dataset_consumes_1', 'consume_1_and_2_with_dataset_expressions', 'dataset_consumes_1_and_2', 'consume_1_or_2_with_dataset_expressions', 'consume_1_or_both_2_and_3_with_dataset_expressions', 'dataset_produces_1', 'dataset_consumes_1_never_scheduled', 'dataset_consumes_unknown_never_scheduled', 'conditional_dataset_and_time_based_timetable' retrieved from /home/airflow/.local/lib/python3.12/site-packages/airflow/example_dags/example_datasets.py
[2025-03-24T22:00:42.911+0000] {logging_mixin.py:190} INFO - [2025-03-24T22:00:42.911+0000] {dag.py:3239} INFO - Sync 10 DAGs
[2025-03-24T22:00:42.925+0000] {logging_mixin.py:190} INFO - [2025-03-24T22:00:42.925+0000] {dag.py:4180} INFO - Setting next_dagrun for conditional_dataset_and_time_based_timetable to 2025-03-19 01:00:00+00:00, run_after=2025-03-19 01:00:00+00:00
[2025-03-24T22:00:42.928+0000] {logging_mixin.py:190} INFO - [2025-03-24T22:00:42.927+0000] {dag.py:4180} INFO - Setting next_dagrun for consume_1_and_2_with_dataset_expressions to None, run_after=None
[2025-03-24T22:00:42.929+0000] {logging_mixin.py:190} INFO - [2025-03-24T22:00:42.929+0000] {dag.py:4180} INFO - Setting next_dagrun for consume_1_or_2_with_dataset_expressions to None, run_after=None
[2025-03-24T22:00:42.930+0000] {logging_mixin.py:190} INFO - [2025-03-24T22:00:42.929+0000] {dag.py:4180} INFO - Setting next_dagrun for consume_1_or_both_2_and_3_with_dataset_expressions to None, run_after=None
[2025-03-24T22:00:42.933+0000] {logging_mixin.py:190} INFO - [2025-03-24T22:00:42.933+0000] {dag.py:4180} INFO - Setting next_dagrun for dataset_consumes_1 to None, run_after=None
[2025-03-24T22:00:42.934+0000] {logging_mixin.py:190} INFO - [2025-03-24T22:00:42.934+0000] {dag.py:4180} INFO - Setting next_dagrun for dataset_consumes_1_and_2 to None, run_after=None
[2025-03-24T22:00:42.934+0000] {logging_mixin.py:190} INFO - [2025-03-24T22:00:42.934+0000] {dag.py:4180} INFO - Setting next_dagrun for dataset_consumes_1_never_scheduled to None, run_after=None
[2025-03-24T22:00:42.935+0000] {logging_mixin.py:190} INFO - [2025-03-24T22:00:42.935+0000] {dag.py:4180} INFO - Setting next_dagrun for dataset_consumes_unknown_never_scheduled to None, run_after=None
[2025-03-24T22:00:42.936+0000] {logging_mixin.py:190} INFO - [2025-03-24T22:00:42.935+0000] {dag.py:4180} INFO - Setting next_dagrun for dataset_produces_1 to 2025-03-23 00:00:00+00:00, run_after=2025-03-24 00:00:00+00:00
[2025-03-24T22:00:42.936+0000] {logging_mixin.py:190} INFO - [2025-03-24T22:00:42.936+0000] {dag.py:4180} INFO - Setting next_dagrun for dataset_produces_2 to None, run_after=None
[2025-03-24T22:00:42.956+0000] {processor.py:208} INFO - Processing /home/airflow/.local/lib/python3.12/site-packages/airflow/example_dags/example_datasets.py took 0.185 seconds
[2025-03-24T22:16:56.040+0000] {processor.py:186} INFO - Started process (PID=312) to work on /home/airflow/.local/lib/python3.12/site-packages/airflow/example_dags/example_datasets.py
[2025-03-24T22:16:56.040+0000] {processor.py:914} INFO - Processing file /home/airflow/.local/lib/python3.12/site-packages/airflow/example_dags/example_datasets.py for tasks to queue
[2025-03-24T22:16:56.042+0000] {logging_mixin.py:190} INFO - [2025-03-24T22:16:56.041+0000] {dagbag.py:588} INFO - Filling up the DagBag from /home/airflow/.local/lib/python3.12/site-packages/airflow/example_dags/example_datasets.py
[2025-03-24T22:16:56.130+0000] {processor.py:925} INFO - DAG(s) 'dataset_produces_2', 'dataset_consumes_1_and_2', 'dataset_consumes_1', 'consume_1_or_2_with_dataset_expressions', 'consume_1_or_both_2_and_3_with_dataset_expressions', 'dataset_consumes_1_never_scheduled', 'dataset_consumes_unknown_never_scheduled', 'dataset_produces_1', 'conditional_dataset_and_time_based_timetable', 'consume_1_and_2_with_dataset_expressions' retrieved from /home/airflow/.local/lib/python3.12/site-packages/airflow/example_dags/example_datasets.py
[2025-03-24T22:16:56.155+0000] {logging_mixin.py:190} INFO - [2025-03-24T22:16:56.155+0000] {dag.py:3239} INFO - Sync 10 DAGs
[2025-03-24T22:16:56.170+0000] {logging_mixin.py:190} INFO - [2025-03-24T22:16:56.170+0000] {dag.py:4180} INFO - Setting next_dagrun for conditional_dataset_and_time_based_timetable to 2025-03-19 01:00:00+00:00, run_after=2025-03-19 01:00:00+00:00
[2025-03-24T22:16:56.173+0000] {logging_mixin.py:190} INFO - [2025-03-24T22:16:56.173+0000] {dag.py:4180} INFO - Setting next_dagrun for consume_1_and_2_with_dataset_expressions to None, run_after=None
[2025-03-24T22:16:56.174+0000] {logging_mixin.py:190} INFO - [2025-03-24T22:16:56.174+0000] {dag.py:4180} INFO - Setting next_dagrun for consume_1_or_2_with_dataset_expressions to None, run_after=None
[2025-03-24T22:16:56.174+0000] {logging_mixin.py:190} INFO - [2025-03-24T22:16:56.174+0000] {dag.py:4180} INFO - Setting next_dagrun for consume_1_or_both_2_and_3_with_dataset_expressions to None, run_after=None
[2025-03-24T22:16:56.175+0000] {logging_mixin.py:190} INFO - [2025-03-24T22:16:56.175+0000] {dag.py:4180} INFO - Setting next_dagrun for dataset_consumes_1 to None, run_after=None
[2025-03-24T22:16:56.175+0000] {logging_mixin.py:190} INFO - [2025-03-24T22:16:56.175+0000] {dag.py:4180} INFO - Setting next_dagrun for dataset_consumes_1_and_2 to None, run_after=None
[2025-03-24T22:16:56.176+0000] {logging_mixin.py:190} INFO - [2025-03-24T22:16:56.176+0000] {dag.py:4180} INFO - Setting next_dagrun for dataset_consumes_1_never_scheduled to None, run_after=None
[2025-03-24T22:16:56.177+0000] {logging_mixin.py:190} INFO - [2025-03-24T22:16:56.177+0000] {dag.py:4180} INFO - Setting next_dagrun for dataset_consumes_unknown_never_scheduled to None, run_after=None
[2025-03-24T22:16:56.178+0000] {logging_mixin.py:190} INFO - [2025-03-24T22:16:56.178+0000] {dag.py:4180} INFO - Setting next_dagrun for dataset_produces_1 to 2025-03-23 00:00:00+00:00, run_after=2025-03-24 00:00:00+00:00
[2025-03-24T22:16:56.178+0000] {logging_mixin.py:190} INFO - [2025-03-24T22:16:56.178+0000] {dag.py:4180} INFO - Setting next_dagrun for dataset_produces_2 to None, run_after=None
[2025-03-24T22:16:56.194+0000] {processor.py:208} INFO - Processing /home/airflow/.local/lib/python3.12/site-packages/airflow/example_dags/example_datasets.py took 0.158 seconds
[2025-03-24T22:30:25.215+0000] {processor.py:186} INFO - Started process (PID=374) to work on /home/airflow/.local/lib/python3.12/site-packages/airflow/example_dags/example_datasets.py
[2025-03-24T22:30:25.216+0000] {processor.py:914} INFO - Processing file /home/airflow/.local/lib/python3.12/site-packages/airflow/example_dags/example_datasets.py for tasks to queue
[2025-03-24T22:30:25.217+0000] {logging_mixin.py:190} INFO - [2025-03-24T22:30:25.217+0000] {dagbag.py:588} INFO - Filling up the DagBag from /home/airflow/.local/lib/python3.12/site-packages/airflow/example_dags/example_datasets.py
[2025-03-24T22:30:25.296+0000] {processor.py:925} INFO - DAG(s) 'dataset_produces_2', 'consume_1_and_2_with_dataset_expressions', 'dataset_produces_1', 'consume_1_or_both_2_and_3_with_dataset_expressions', 'dataset_consumes_1_never_scheduled', 'dataset_consumes_1_and_2', 'dataset_consumes_1', 'dataset_consumes_unknown_never_scheduled', 'consume_1_or_2_with_dataset_expressions', 'conditional_dataset_and_time_based_timetable' retrieved from /home/airflow/.local/lib/python3.12/site-packages/airflow/example_dags/example_datasets.py
[2025-03-24T22:30:25.327+0000] {logging_mixin.py:190} INFO - [2025-03-24T22:30:25.327+0000] {dag.py:3239} INFO - Sync 10 DAGs
[2025-03-24T22:30:25.340+0000] {logging_mixin.py:190} INFO - [2025-03-24T22:30:25.340+0000] {dag.py:4180} INFO - Setting next_dagrun for conditional_dataset_and_time_based_timetable to 2025-03-19 01:00:00+00:00, run_after=2025-03-19 01:00:00+00:00
[2025-03-24T22:30:25.344+0000] {logging_mixin.py:190} INFO - [2025-03-24T22:30:25.344+0000] {dag.py:4180} INFO - Setting next_dagrun for consume_1_and_2_with_dataset_expressions to None, run_after=None
[2025-03-24T22:30:25.345+0000] {logging_mixin.py:190} INFO - [2025-03-24T22:30:25.345+0000] {dag.py:4180} INFO - Setting next_dagrun for consume_1_or_2_with_dataset_expressions to None, run_after=None
[2025-03-24T22:30:25.346+0000] {logging_mixin.py:190} INFO - [2025-03-24T22:30:25.346+0000] {dag.py:4180} INFO - Setting next_dagrun for consume_1_or_both_2_and_3_with_dataset_expressions to None, run_after=None
[2025-03-24T22:30:25.346+0000] {logging_mixin.py:190} INFO - [2025-03-24T22:30:25.346+0000] {dag.py:4180} INFO - Setting next_dagrun for dataset_consumes_1 to None, run_after=None
[2025-03-24T22:30:25.347+0000] {logging_mixin.py:190} INFO - [2025-03-24T22:30:25.347+0000] {dag.py:4180} INFO - Setting next_dagrun for dataset_consumes_1_and_2 to None, run_after=None
[2025-03-24T22:30:25.347+0000] {logging_mixin.py:190} INFO - [2025-03-24T22:30:25.347+0000] {dag.py:4180} INFO - Setting next_dagrun for dataset_consumes_1_never_scheduled to None, run_after=None
[2025-03-24T22:30:25.348+0000] {logging_mixin.py:190} INFO - [2025-03-24T22:30:25.348+0000] {dag.py:4180} INFO - Setting next_dagrun for dataset_consumes_unknown_never_scheduled to None, run_after=None
[2025-03-24T22:30:25.349+0000] {logging_mixin.py:190} INFO - [2025-03-24T22:30:25.349+0000] {dag.py:4180} INFO - Setting next_dagrun for dataset_produces_1 to 2025-03-23 00:00:00+00:00, run_after=2025-03-24 00:00:00+00:00
[2025-03-24T22:30:25.350+0000] {logging_mixin.py:190} INFO - [2025-03-24T22:30:25.350+0000] {dag.py:4180} INFO - Setting next_dagrun for dataset_produces_2 to None, run_after=None
[2025-03-24T22:30:25.367+0000] {processor.py:208} INFO - Processing /home/airflow/.local/lib/python3.12/site-packages/airflow/example_dags/example_datasets.py took 0.155 seconds
[2025-03-24T22:51:43.115+0000] {processor.py:186} INFO - Started process (PID=436) to work on /home/airflow/.local/lib/python3.12/site-packages/airflow/example_dags/example_datasets.py
[2025-03-24T22:51:43.116+0000] {processor.py:914} INFO - Processing file /home/airflow/.local/lib/python3.12/site-packages/airflow/example_dags/example_datasets.py for tasks to queue
[2025-03-24T22:51:43.118+0000] {logging_mixin.py:190} INFO - [2025-03-24T22:51:43.117+0000] {dagbag.py:588} INFO - Filling up the DagBag from /home/airflow/.local/lib/python3.12/site-packages/airflow/example_dags/example_datasets.py
[2025-03-24T22:51:43.366+0000] {processor.py:925} INFO - DAG(s) 'dataset_produces_1', 'dataset_produces_2', 'consume_1_or_2_with_dataset_expressions', 'dataset_consumes_1_never_scheduled', 'dataset_consumes_unknown_never_scheduled', 'dataset_consumes_1_and_2', 'consume_1_or_both_2_and_3_with_dataset_expressions', 'conditional_dataset_and_time_based_timetable', 'consume_1_and_2_with_dataset_expressions', 'dataset_consumes_1' retrieved from /home/airflow/.local/lib/python3.12/site-packages/airflow/example_dags/example_datasets.py
[2025-03-24T22:51:43.420+0000] {logging_mixin.py:190} INFO - [2025-03-24T22:51:43.420+0000] {dag.py:3239} INFO - Sync 10 DAGs
[2025-03-24T22:51:43.439+0000] {logging_mixin.py:190} INFO - [2025-03-24T22:51:43.439+0000] {dag.py:4180} INFO - Setting next_dagrun for conditional_dataset_and_time_based_timetable to 2025-03-19 01:00:00+00:00, run_after=2025-03-19 01:00:00+00:00
[2025-03-24T22:51:43.443+0000] {logging_mixin.py:190} INFO - [2025-03-24T22:51:43.443+0000] {dag.py:4180} INFO - Setting next_dagrun for consume_1_and_2_with_dataset_expressions to None, run_after=None
[2025-03-24T22:51:43.444+0000] {logging_mixin.py:190} INFO - [2025-03-24T22:51:43.444+0000] {dag.py:4180} INFO - Setting next_dagrun for consume_1_or_2_with_dataset_expressions to None, run_after=None
[2025-03-24T22:51:43.444+0000] {logging_mixin.py:190} INFO - [2025-03-24T22:51:43.444+0000] {dag.py:4180} INFO - Setting next_dagrun for consume_1_or_both_2_and_3_with_dataset_expressions to None, run_after=None
[2025-03-24T22:51:43.445+0000] {logging_mixin.py:190} INFO - [2025-03-24T22:51:43.445+0000] {dag.py:4180} INFO - Setting next_dagrun for dataset_consumes_1 to None, run_after=None
[2025-03-24T22:51:43.446+0000] {logging_mixin.py:190} INFO - [2025-03-24T22:51:43.446+0000] {dag.py:4180} INFO - Setting next_dagrun for dataset_consumes_1_and_2 to None, run_after=None
[2025-03-24T22:51:43.446+0000] {logging_mixin.py:190} INFO - [2025-03-24T22:51:43.446+0000] {dag.py:4180} INFO - Setting next_dagrun for dataset_consumes_1_never_scheduled to None, run_after=None
[2025-03-24T22:51:43.447+0000] {logging_mixin.py:190} INFO - [2025-03-24T22:51:43.447+0000] {dag.py:4180} INFO - Setting next_dagrun for dataset_consumes_unknown_never_scheduled to None, run_after=None
[2025-03-24T22:51:43.448+0000] {logging_mixin.py:190} INFO - [2025-03-24T22:51:43.448+0000] {dag.py:4180} INFO - Setting next_dagrun for dataset_produces_1 to 2025-03-23 00:00:00+00:00, run_after=2025-03-24 00:00:00+00:00
[2025-03-24T22:51:43.449+0000] {logging_mixin.py:190} INFO - [2025-03-24T22:51:43.448+0000] {dag.py:4180} INFO - Setting next_dagrun for dataset_produces_2 to None, run_after=None
[2025-03-24T22:51:43.469+0000] {processor.py:208} INFO - Processing /home/airflow/.local/lib/python3.12/site-packages/airflow/example_dags/example_datasets.py took 0.361 seconds
[2025-03-24T22:53:34.254+0000] {processor.py:186} INFO - Started process (PID=498) to work on /home/airflow/.local/lib/python3.12/site-packages/airflow/example_dags/example_datasets.py
[2025-03-24T22:53:34.300+0000] {processor.py:914} INFO - Processing file /home/airflow/.local/lib/python3.12/site-packages/airflow/example_dags/example_datasets.py for tasks to queue
[2025-03-24T22:53:34.305+0000] {logging_mixin.py:190} INFO - [2025-03-24T22:53:34.305+0000] {dagbag.py:588} INFO - Filling up the DagBag from /home/airflow/.local/lib/python3.12/site-packages/airflow/example_dags/example_datasets.py
[2025-03-24T22:53:34.556+0000] {processor.py:925} INFO - DAG(s) 'dataset_consumes_1_and_2', 'conditional_dataset_and_time_based_timetable', 'dataset_consumes_1_never_scheduled', 'consume_1_or_2_with_dataset_expressions', 'dataset_produces_1', 'dataset_consumes_1', 'consume_1_and_2_with_dataset_expressions', 'dataset_consumes_unknown_never_scheduled', 'consume_1_or_both_2_and_3_with_dataset_expressions', 'dataset_produces_2' retrieved from /home/airflow/.local/lib/python3.12/site-packages/airflow/example_dags/example_datasets.py
[2025-03-24T22:53:34.589+0000] {logging_mixin.py:190} INFO - [2025-03-24T22:53:34.589+0000] {dag.py:3239} INFO - Sync 10 DAGs
[2025-03-24T22:53:34.607+0000] {logging_mixin.py:190} INFO - [2025-03-24T22:53:34.607+0000] {dag.py:4180} INFO - Setting next_dagrun for conditional_dataset_and_time_based_timetable to 2025-03-19 01:00:00+00:00, run_after=2025-03-19 01:00:00+00:00
[2025-03-24T22:53:34.615+0000] {logging_mixin.py:190} INFO - [2025-03-24T22:53:34.615+0000] {dag.py:4180} INFO - Setting next_dagrun for consume_1_and_2_with_dataset_expressions to None, run_after=None
[2025-03-24T22:53:34.622+0000] {logging_mixin.py:190} INFO - [2025-03-24T22:53:34.621+0000] {dag.py:4180} INFO - Setting next_dagrun for consume_1_or_2_with_dataset_expressions to None, run_after=None
[2025-03-24T22:53:34.625+0000] {logging_mixin.py:190} INFO - [2025-03-24T22:53:34.625+0000] {dag.py:4180} INFO - Setting next_dagrun for consume_1_or_both_2_and_3_with_dataset_expressions to None, run_after=None
[2025-03-24T22:53:34.628+0000] {logging_mixin.py:190} INFO - [2025-03-24T22:53:34.628+0000] {dag.py:4180} INFO - Setting next_dagrun for dataset_consumes_1 to None, run_after=None
[2025-03-24T22:53:34.629+0000] {logging_mixin.py:190} INFO - [2025-03-24T22:53:34.629+0000] {dag.py:4180} INFO - Setting next_dagrun for dataset_consumes_1_and_2 to None, run_after=None
[2025-03-24T22:53:34.630+0000] {logging_mixin.py:190} INFO - [2025-03-24T22:53:34.630+0000] {dag.py:4180} INFO - Setting next_dagrun for dataset_consumes_1_never_scheduled to None, run_after=None
[2025-03-24T22:53:34.630+0000] {logging_mixin.py:190} INFO - [2025-03-24T22:53:34.630+0000] {dag.py:4180} INFO - Setting next_dagrun for dataset_consumes_unknown_never_scheduled to None, run_after=None
[2025-03-24T22:53:34.632+0000] {logging_mixin.py:190} INFO - [2025-03-24T22:53:34.632+0000] {dag.py:4180} INFO - Setting next_dagrun for dataset_produces_1 to 2025-03-23 00:00:00+00:00, run_after=2025-03-24 00:00:00+00:00
[2025-03-24T22:53:34.633+0000] {logging_mixin.py:190} INFO - [2025-03-24T22:53:34.633+0000] {dag.py:4180} INFO - Setting next_dagrun for dataset_produces_2 to None, run_after=None
[2025-03-24T22:53:34.659+0000] {processor.py:208} INFO - Processing /home/airflow/.local/lib/python3.12/site-packages/airflow/example_dags/example_datasets.py took 0.410 seconds
[2025-03-24T23:10:30.473+0000] {processor.py:186} INFO - Started process (PID=560) to work on /home/airflow/.local/lib/python3.12/site-packages/airflow/example_dags/example_datasets.py
[2025-03-24T23:10:30.474+0000] {processor.py:914} INFO - Processing file /home/airflow/.local/lib/python3.12/site-packages/airflow/example_dags/example_datasets.py for tasks to queue
[2025-03-24T23:10:30.476+0000] {logging_mixin.py:190} INFO - [2025-03-24T23:10:30.475+0000] {dagbag.py:588} INFO - Filling up the DagBag from /home/airflow/.local/lib/python3.12/site-packages/airflow/example_dags/example_datasets.py
[2025-03-24T23:10:30.570+0000] {processor.py:925} INFO - DAG(s) 'consume_1_or_2_with_dataset_expressions', 'dataset_consumes_unknown_never_scheduled', 'consume_1_or_both_2_and_3_with_dataset_expressions', 'dataset_consumes_1_never_scheduled', 'conditional_dataset_and_time_based_timetable', 'dataset_produces_1', 'dataset_consumes_1', 'dataset_consumes_1_and_2', 'consume_1_and_2_with_dataset_expressions', 'dataset_produces_2' retrieved from /home/airflow/.local/lib/python3.12/site-packages/airflow/example_dags/example_datasets.py
[2025-03-24T23:10:30.594+0000] {logging_mixin.py:190} INFO - [2025-03-24T23:10:30.594+0000] {dag.py:3239} INFO - Sync 10 DAGs
[2025-03-24T23:10:30.610+0000] {logging_mixin.py:190} INFO - [2025-03-24T23:10:30.610+0000] {dag.py:4180} INFO - Setting next_dagrun for conditional_dataset_and_time_based_timetable to 2025-03-19 01:00:00+00:00, run_after=2025-03-19 01:00:00+00:00
[2025-03-24T23:10:30.613+0000] {logging_mixin.py:190} INFO - [2025-03-24T23:10:30.613+0000] {dag.py:4180} INFO - Setting next_dagrun for consume_1_and_2_with_dataset_expressions to None, run_after=None
[2025-03-24T23:10:30.614+0000] {logging_mixin.py:190} INFO - [2025-03-24T23:10:30.614+0000] {dag.py:4180} INFO - Setting next_dagrun for consume_1_or_2_with_dataset_expressions to None, run_after=None
[2025-03-24T23:10:30.614+0000] {logging_mixin.py:190} INFO - [2025-03-24T23:10:30.614+0000] {dag.py:4180} INFO - Setting next_dagrun for consume_1_or_both_2_and_3_with_dataset_expressions to None, run_after=None
[2025-03-24T23:10:30.615+0000] {logging_mixin.py:190} INFO - [2025-03-24T23:10:30.615+0000] {dag.py:4180} INFO - Setting next_dagrun for dataset_consumes_1 to None, run_after=None
[2025-03-24T23:10:30.615+0000] {logging_mixin.py:190} INFO - [2025-03-24T23:10:30.615+0000] {dag.py:4180} INFO - Setting next_dagrun for dataset_consumes_1_and_2 to None, run_after=None
[2025-03-24T23:10:30.616+0000] {logging_mixin.py:190} INFO - [2025-03-24T23:10:30.616+0000] {dag.py:4180} INFO - Setting next_dagrun for dataset_consumes_1_never_scheduled to None, run_after=None
[2025-03-24T23:10:30.616+0000] {logging_mixin.py:190} INFO - [2025-03-24T23:10:30.616+0000] {dag.py:4180} INFO - Setting next_dagrun for dataset_consumes_unknown_never_scheduled to None, run_after=None
[2025-03-24T23:10:30.618+0000] {logging_mixin.py:190} INFO - [2025-03-24T23:10:30.617+0000] {dag.py:4180} INFO - Setting next_dagrun for dataset_produces_1 to 2025-03-23 00:00:00+00:00, run_after=2025-03-24 00:00:00+00:00
[2025-03-24T23:10:30.618+0000] {logging_mixin.py:190} INFO - [2025-03-24T23:10:30.618+0000] {dag.py:4180} INFO - Setting next_dagrun for dataset_produces_2 to None, run_after=None
[2025-03-24T23:10:30.634+0000] {processor.py:208} INFO - Processing /home/airflow/.local/lib/python3.12/site-packages/airflow/example_dags/example_datasets.py took 0.165 seconds
[2025-03-24T23:28:12.554+0000] {processor.py:186} INFO - Started process (PID=622) to work on /home/airflow/.local/lib/python3.12/site-packages/airflow/example_dags/example_datasets.py
[2025-03-24T23:28:12.556+0000] {processor.py:914} INFO - Processing file /home/airflow/.local/lib/python3.12/site-packages/airflow/example_dags/example_datasets.py for tasks to queue
[2025-03-24T23:28:12.557+0000] {logging_mixin.py:190} INFO - [2025-03-24T23:28:12.557+0000] {dagbag.py:588} INFO - Filling up the DagBag from /home/airflow/.local/lib/python3.12/site-packages/airflow/example_dags/example_datasets.py
[2025-03-24T23:28:12.650+0000] {processor.py:925} INFO - DAG(s) 'dataset_consumes_1', 'dataset_produces_2', 'conditional_dataset_and_time_based_timetable', 'dataset_consumes_unknown_never_scheduled', 'dataset_produces_1', 'dataset_consumes_1_never_scheduled', 'consume_1_or_2_with_dataset_expressions', 'consume_1_and_2_with_dataset_expressions', 'consume_1_or_both_2_and_3_with_dataset_expressions', 'dataset_consumes_1_and_2' retrieved from /home/airflow/.local/lib/python3.12/site-packages/airflow/example_dags/example_datasets.py
[2025-03-24T23:28:12.685+0000] {logging_mixin.py:190} INFO - [2025-03-24T23:28:12.685+0000] {dag.py:3239} INFO - Sync 10 DAGs
[2025-03-24T23:28:12.700+0000] {logging_mixin.py:190} INFO - [2025-03-24T23:28:12.700+0000] {dag.py:4180} INFO - Setting next_dagrun for conditional_dataset_and_time_based_timetable to 2025-03-19 01:00:00+00:00, run_after=2025-03-19 01:00:00+00:00
[2025-03-24T23:28:12.703+0000] {logging_mixin.py:190} INFO - [2025-03-24T23:28:12.703+0000] {dag.py:4180} INFO - Setting next_dagrun for consume_1_and_2_with_dataset_expressions to None, run_after=None
[2025-03-24T23:28:12.705+0000] {logging_mixin.py:190} INFO - [2025-03-24T23:28:12.705+0000] {dag.py:4180} INFO - Setting next_dagrun for consume_1_or_2_with_dataset_expressions to None, run_after=None
[2025-03-24T23:28:12.706+0000] {logging_mixin.py:190} INFO - [2025-03-24T23:28:12.705+0000] {dag.py:4180} INFO - Setting next_dagrun for consume_1_or_both_2_and_3_with_dataset_expressions to None, run_after=None
[2025-03-24T23:28:12.709+0000] {logging_mixin.py:190} INFO - [2025-03-24T23:28:12.709+0000] {dag.py:4180} INFO - Setting next_dagrun for dataset_consumes_1 to None, run_after=None
[2025-03-24T23:28:12.710+0000] {logging_mixin.py:190} INFO - [2025-03-24T23:28:12.710+0000] {dag.py:4180} INFO - Setting next_dagrun for dataset_consumes_1_and_2 to None, run_after=None
[2025-03-24T23:28:12.710+0000] {logging_mixin.py:190} INFO - [2025-03-24T23:28:12.710+0000] {dag.py:4180} INFO - Setting next_dagrun for dataset_consumes_1_never_scheduled to None, run_after=None
[2025-03-24T23:28:12.711+0000] {logging_mixin.py:190} INFO - [2025-03-24T23:28:12.711+0000] {dag.py:4180} INFO - Setting next_dagrun for dataset_consumes_unknown_never_scheduled to None, run_after=None
[2025-03-24T23:28:12.712+0000] {logging_mixin.py:190} INFO - [2025-03-24T23:28:12.712+0000] {dag.py:4180} INFO - Setting next_dagrun for dataset_produces_1 to 2025-03-23 00:00:00+00:00, run_after=2025-03-24 00:00:00+00:00
[2025-03-24T23:28:12.713+0000] {logging_mixin.py:190} INFO - [2025-03-24T23:28:12.713+0000] {dag.py:4180} INFO - Setting next_dagrun for dataset_produces_2 to None, run_after=None
[2025-03-24T23:28:12.736+0000] {processor.py:208} INFO - Processing /home/airflow/.local/lib/python3.12/site-packages/airflow/example_dags/example_datasets.py took 0.185 seconds
[2025-03-24T23:34:48.061+0000] {processor.py:186} INFO - Started process (PID=684) to work on /home/airflow/.local/lib/python3.12/site-packages/airflow/example_dags/example_datasets.py
[2025-03-24T23:34:48.062+0000] {processor.py:914} INFO - Processing file /home/airflow/.local/lib/python3.12/site-packages/airflow/example_dags/example_datasets.py for tasks to queue
[2025-03-24T23:34:48.065+0000] {logging_mixin.py:190} INFO - [2025-03-24T23:34:48.064+0000] {dagbag.py:588} INFO - Filling up the DagBag from /home/airflow/.local/lib/python3.12/site-packages/airflow/example_dags/example_datasets.py
[2025-03-24T23:34:48.169+0000] {processor.py:925} INFO - DAG(s) 'conditional_dataset_and_time_based_timetable', 'dataset_produces_1', 'consume_1_and_2_with_dataset_expressions', 'dataset_produces_2', 'dataset_consumes_unknown_never_scheduled', 'dataset_consumes_1_and_2', 'consume_1_or_both_2_and_3_with_dataset_expressions', 'dataset_consumes_1_never_scheduled', 'consume_1_or_2_with_dataset_expressions', 'dataset_consumes_1' retrieved from /home/airflow/.local/lib/python3.12/site-packages/airflow/example_dags/example_datasets.py
[2025-03-24T23:34:48.204+0000] {logging_mixin.py:190} INFO - [2025-03-24T23:34:48.204+0000] {dag.py:3239} INFO - Sync 10 DAGs
[2025-03-24T23:34:48.219+0000] {logging_mixin.py:190} INFO - [2025-03-24T23:34:48.218+0000] {dag.py:4180} INFO - Setting next_dagrun for conditional_dataset_and_time_based_timetable to 2025-03-19 01:00:00+00:00, run_after=2025-03-19 01:00:00+00:00
[2025-03-24T23:34:48.221+0000] {logging_mixin.py:190} INFO - [2025-03-24T23:34:48.221+0000] {dag.py:4180} INFO - Setting next_dagrun for consume_1_and_2_with_dataset_expressions to None, run_after=None
[2025-03-24T23:34:48.222+0000] {logging_mixin.py:190} INFO - [2025-03-24T23:34:48.222+0000] {dag.py:4180} INFO - Setting next_dagrun for consume_1_or_2_with_dataset_expressions to None, run_after=None
[2025-03-24T23:34:48.223+0000] {logging_mixin.py:190} INFO - [2025-03-24T23:34:48.222+0000] {dag.py:4180} INFO - Setting next_dagrun for consume_1_or_both_2_and_3_with_dataset_expressions to None, run_after=None
[2025-03-24T23:34:48.224+0000] {logging_mixin.py:190} INFO - [2025-03-24T23:34:48.224+0000] {dag.py:4180} INFO - Setting next_dagrun for dataset_consumes_1 to None, run_after=None
[2025-03-24T23:34:48.225+0000] {logging_mixin.py:190} INFO - [2025-03-24T23:34:48.225+0000] {dag.py:4180} INFO - Setting next_dagrun for dataset_consumes_1_and_2 to None, run_after=None
[2025-03-24T23:34:48.226+0000] {logging_mixin.py:190} INFO - [2025-03-24T23:34:48.226+0000] {dag.py:4180} INFO - Setting next_dagrun for dataset_consumes_1_never_scheduled to None, run_after=None
[2025-03-24T23:34:48.227+0000] {logging_mixin.py:190} INFO - [2025-03-24T23:34:48.227+0000] {dag.py:4180} INFO - Setting next_dagrun for dataset_consumes_unknown_never_scheduled to None, run_after=None
[2025-03-24T23:34:48.229+0000] {logging_mixin.py:190} INFO - [2025-03-24T23:34:48.229+0000] {dag.py:4180} INFO - Setting next_dagrun for dataset_produces_1 to 2025-03-23 00:00:00+00:00, run_after=2025-03-24 00:00:00+00:00
[2025-03-24T23:34:48.230+0000] {logging_mixin.py:190} INFO - [2025-03-24T23:34:48.230+0000] {dag.py:4180} INFO - Setting next_dagrun for dataset_produces_2 to None, run_after=None
[2025-03-24T23:34:48.261+0000] {processor.py:208} INFO - Processing /home/airflow/.local/lib/python3.12/site-packages/airflow/example_dags/example_datasets.py took 0.205 seconds
