[2025-07-04T15:02:45.492+0000] {processor.py:186} INFO - Started process (PID=51) to work on /home/airflow/.local/lib/python3.12/site-packages/airflow/example_dags/example_display_name.py
[2025-07-04T15:02:45.494+0000] {processor.py:914} INFO - Processing file /home/airflow/.local/lib/python3.12/site-packages/airflow/example_dags/example_display_name.py for tasks to queue
[2025-07-04T15:02:45.497+0000] {logging_mixin.py:190} INFO - [2025-07-04T15:02:45.496+0000] {dagbag.py:588} INFO - Filling up the DagBag from /home/airflow/.local/lib/python3.12/site-packages/airflow/example_dags/example_display_name.py
[2025-07-04T15:02:45.508+0000] {processor.py:925} INFO - DAG(s) 'example_display_name' retrieved from /home/airflow/.local/lib/python3.12/site-packages/airflow/example_dags/example_display_name.py
[2025-07-04T15:02:45.554+0000] {logging_mixin.py:190} INFO - [2025-07-04T15:02:45.554+0000] {dag.py:3239} INFO - Sync 1 DAGs
[2025-07-04T15:02:45.585+0000] {logging_mixin.py:190} INFO - [2025-07-04T15:02:45.585+0000] {dag.py:4180} INFO - Setting next_dagrun for example_display_name to None, run_after=None
[2025-07-04T15:02:45.625+0000] {processor.py:208} INFO - Processing /home/airflow/.local/lib/python3.12/site-packages/airflow/example_dags/example_display_name.py took 0.145 seconds
[2025-07-04T15:03:16.278+0000] {processor.py:186} INFO - Started process (PID=112) to work on /home/airflow/.local/lib/python3.12/site-packages/airflow/example_dags/example_display_name.py
[2025-07-04T15:03:16.279+0000] {processor.py:914} INFO - Processing file /home/airflow/.local/lib/python3.12/site-packages/airflow/example_dags/example_display_name.py for tasks to queue
[2025-07-04T15:03:16.280+0000] {logging_mixin.py:190} INFO - [2025-07-04T15:03:16.280+0000] {dagbag.py:588} INFO - Filling up the DagBag from /home/airflow/.local/lib/python3.12/site-packages/airflow/example_dags/example_display_name.py
[2025-07-04T15:03:16.285+0000] {processor.py:925} INFO - DAG(s) 'example_display_name' retrieved from /home/airflow/.local/lib/python3.12/site-packages/airflow/example_dags/example_display_name.py
[2025-07-04T15:03:16.304+0000] {logging_mixin.py:190} INFO - [2025-07-04T15:03:16.304+0000] {dag.py:3239} INFO - Sync 1 DAGs
[2025-07-04T15:03:16.346+0000] {logging_mixin.py:190} INFO - [2025-07-04T15:03:16.346+0000] {dag.py:4180} INFO - Setting next_dagrun for example_display_name to None, run_after=None
[2025-07-04T15:03:16.364+0000] {processor.py:208} INFO - Processing /home/airflow/.local/lib/python3.12/site-packages/airflow/example_dags/example_display_name.py took 0.091 seconds
[2025-07-04T15:03:46.962+0000] {processor.py:186} INFO - Started process (PID=174) to work on /home/airflow/.local/lib/python3.12/site-packages/airflow/example_dags/example_display_name.py
[2025-07-04T15:03:46.968+0000] {processor.py:914} INFO - Processing file /home/airflow/.local/lib/python3.12/site-packages/airflow/example_dags/example_display_name.py for tasks to queue
[2025-07-04T15:03:46.970+0000] {logging_mixin.py:190} INFO - [2025-07-04T15:03:46.969+0000] {dagbag.py:588} INFO - Filling up the DagBag from /home/airflow/.local/lib/python3.12/site-packages/airflow/example_dags/example_display_name.py
[2025-07-04T15:03:46.975+0000] {processor.py:925} INFO - DAG(s) 'example_display_name' retrieved from /home/airflow/.local/lib/python3.12/site-packages/airflow/example_dags/example_display_name.py
[2025-07-04T15:03:46.996+0000] {logging_mixin.py:190} INFO - [2025-07-04T15:03:46.996+0000] {dag.py:3239} INFO - Sync 1 DAGs
[2025-07-04T15:03:47.006+0000] {logging_mixin.py:190} INFO - [2025-07-04T15:03:47.006+0000] {dag.py:4180} INFO - Setting next_dagrun for example_display_name to None, run_after=None
[2025-07-04T15:03:47.026+0000] {processor.py:208} INFO - Processing /home/airflow/.local/lib/python3.12/site-packages/airflow/example_dags/example_display_name.py took 0.076 seconds
[2025-07-04T15:04:18.046+0000] {processor.py:186} INFO - Started process (PID=236) to work on /home/airflow/.local/lib/python3.12/site-packages/airflow/example_dags/example_display_name.py
[2025-07-04T15:04:18.052+0000] {processor.py:914} INFO - Processing file /home/airflow/.local/lib/python3.12/site-packages/airflow/example_dags/example_display_name.py for tasks to queue
[2025-07-04T15:04:18.058+0000] {logging_mixin.py:190} INFO - [2025-07-04T15:04:18.056+0000] {dagbag.py:588} INFO - Filling up the DagBag from /home/airflow/.local/lib/python3.12/site-packages/airflow/example_dags/example_display_name.py
[2025-07-04T15:04:18.073+0000] {processor.py:925} INFO - DAG(s) 'example_display_name' retrieved from /home/airflow/.local/lib/python3.12/site-packages/airflow/example_dags/example_display_name.py
[2025-07-04T15:04:18.139+0000] {logging_mixin.py:190} INFO - [2025-07-04T15:04:18.139+0000] {dag.py:3239} INFO - Sync 1 DAGs
[2025-07-04T15:04:18.155+0000] {logging_mixin.py:190} INFO - [2025-07-04T15:04:18.154+0000] {dag.py:4180} INFO - Setting next_dagrun for example_display_name to None, run_after=None
[2025-07-04T15:04:18.186+0000] {processor.py:208} INFO - Processing /home/airflow/.local/lib/python3.12/site-packages/airflow/example_dags/example_display_name.py took 0.148 seconds
