[2025-07-04T15:02:49.213+0000] {processor.py:186} INFO - Started process (PID=82) to work on /home/airflow/.local/lib/python3.12/site-packages/airflow/example_dags/example_branch_python_dop_operator_3.py
[2025-07-04T15:02:49.215+0000] {processor.py:914} INFO - Processing file /home/airflow/.local/lib/python3.12/site-packages/airflow/example_dags/example_branch_python_dop_operator_3.py for tasks to queue
[2025-07-04T15:02:49.221+0000] {logging_mixin.py:190} INFO - [2025-07-04T15:02:49.221+0000] {dagbag.py:588} INFO - Filling up the DagBag from /home/airflow/.local/lib/python3.12/site-packages/airflow/example_dags/example_branch_python_dop_operator_3.py
[2025-07-04T15:02:49.234+0000] {processor.py:925} INFO - DAG(s) 'example_branch_dop_operator_v3' retrieved from /home/airflow/.local/lib/python3.12/site-packages/airflow/example_dags/example_branch_python_dop_operator_3.py
[2025-07-04T15:02:49.256+0000] {logging_mixin.py:190} INFO - [2025-07-04T15:02:49.256+0000] {dag.py:3239} INFO - Sync 1 DAGs
[2025-07-04T15:02:49.272+0000] {logging_mixin.py:190} INFO - [2025-07-04T15:02:49.272+0000] {dag.py:4180} INFO - Setting next_dagrun for example_branch_dop_operator_v3 to 2025-07-04 15:01:00+00:00, run_after=2025-07-04 15:02:00+00:00
[2025-07-04T15:02:49.285+0000] {processor.py:208} INFO - Processing /home/airflow/.local/lib/python3.12/site-packages/airflow/example_dags/example_branch_python_dop_operator_3.py took 0.075 seconds
[2025-07-04T15:03:20.599+0000] {processor.py:186} INFO - Started process (PID=144) to work on /home/airflow/.local/lib/python3.12/site-packages/airflow/example_dags/example_branch_python_dop_operator_3.py
[2025-07-04T15:03:20.601+0000] {processor.py:914} INFO - Processing file /home/airflow/.local/lib/python3.12/site-packages/airflow/example_dags/example_branch_python_dop_operator_3.py for tasks to queue
[2025-07-04T15:03:20.605+0000] {logging_mixin.py:190} INFO - [2025-07-04T15:03:20.604+0000] {dagbag.py:588} INFO - Filling up the DagBag from /home/airflow/.local/lib/python3.12/site-packages/airflow/example_dags/example_branch_python_dop_operator_3.py
[2025-07-04T15:03:20.617+0000] {processor.py:925} INFO - DAG(s) 'example_branch_dop_operator_v3' retrieved from /home/airflow/.local/lib/python3.12/site-packages/airflow/example_dags/example_branch_python_dop_operator_3.py
[2025-07-04T15:03:20.638+0000] {logging_mixin.py:190} INFO - [2025-07-04T15:03:20.638+0000] {dag.py:3239} INFO - Sync 1 DAGs
[2025-07-04T15:03:20.655+0000] {logging_mixin.py:190} INFO - [2025-07-04T15:03:20.655+0000] {dag.py:4180} INFO - Setting next_dagrun for example_branch_dop_operator_v3 to 2025-07-04 15:02:00+00:00, run_after=2025-07-04 15:03:00+00:00
[2025-07-04T15:03:20.673+0000] {processor.py:208} INFO - Processing /home/airflow/.local/lib/python3.12/site-packages/airflow/example_dags/example_branch_python_dop_operator_3.py took 0.079 seconds
[2025-07-04T15:03:52.023+0000] {processor.py:186} INFO - Started process (PID=205) to work on /home/airflow/.local/lib/python3.12/site-packages/airflow/example_dags/example_branch_python_dop_operator_3.py
[2025-07-04T15:03:52.026+0000] {processor.py:914} INFO - Processing file /home/airflow/.local/lib/python3.12/site-packages/airflow/example_dags/example_branch_python_dop_operator_3.py for tasks to queue
[2025-07-04T15:03:52.030+0000] {logging_mixin.py:190} INFO - [2025-07-04T15:03:52.030+0000] {dagbag.py:588} INFO - Filling up the DagBag from /home/airflow/.local/lib/python3.12/site-packages/airflow/example_dags/example_branch_python_dop_operator_3.py
[2025-07-04T15:03:52.039+0000] {processor.py:925} INFO - DAG(s) 'example_branch_dop_operator_v3' retrieved from /home/airflow/.local/lib/python3.12/site-packages/airflow/example_dags/example_branch_python_dop_operator_3.py
[2025-07-04T15:03:52.060+0000] {logging_mixin.py:190} INFO - [2025-07-04T15:03:52.059+0000] {dag.py:3239} INFO - Sync 1 DAGs
[2025-07-04T15:03:52.096+0000] {logging_mixin.py:190} INFO - [2025-07-04T15:03:52.095+0000] {dag.py:4180} INFO - Setting next_dagrun for example_branch_dop_operator_v3 to 2025-07-04 15:02:00+00:00, run_after=2025-07-04 15:03:00+00:00
[2025-07-04T15:03:52.160+0000] {processor.py:208} INFO - Processing /home/airflow/.local/lib/python3.12/site-packages/airflow/example_dags/example_branch_python_dop_operator_3.py took 0.148 seconds
