[2025-07-04T15:02:45.467+0000] {processor.py:186} INFO - Started process (PID=50) to work on /home/airflow/.local/lib/python3.12/site-packages/airflow/example_dags/example_nested_branch_dag.py
[2025-07-04T15:02:45.468+0000] {processor.py:914} INFO - Processing file /home/airflow/.local/lib/python3.12/site-packages/airflow/example_dags/example_nested_branch_dag.py for tasks to queue
[2025-07-04T15:02:45.472+0000] {logging_mixin.py:190} INFO - [2025-07-04T15:02:45.471+0000] {dagbag.py:588} INFO - Filling up the DagBag from /home/airflow/.local/lib/python3.12/site-packages/airflow/example_dags/example_nested_branch_dag.py
[2025-07-04T15:02:45.486+0000] {processor.py:925} INFO - DAG(s) 'example_nested_branch_dag' retrieved from /home/airflow/.local/lib/python3.12/site-packages/airflow/example_dags/example_nested_branch_dag.py
[2025-07-04T15:02:45.537+0000] {logging_mixin.py:190} INFO - [2025-07-04T15:02:45.537+0000] {dag.py:3239} INFO - Sync 1 DAGs
[2025-07-04T15:02:45.586+0000] {logging_mixin.py:190} INFO - [2025-07-04T15:02:45.585+0000] {dag.py:4180} INFO - Setting next_dagrun for example_nested_branch_dag to 2025-07-03 00:00:00+00:00, run_after=2025-07-04 00:00:00+00:00
[2025-07-04T15:02:45.619+0000] {processor.py:208} INFO - Processing /home/airflow/.local/lib/python3.12/site-packages/airflow/example_dags/example_nested_branch_dag.py took 0.165 seconds
[2025-07-04T15:03:16.262+0000] {processor.py:186} INFO - Started process (PID=111) to work on /home/airflow/.local/lib/python3.12/site-packages/airflow/example_dags/example_nested_branch_dag.py
[2025-07-04T15:03:16.263+0000] {processor.py:914} INFO - Processing file /home/airflow/.local/lib/python3.12/site-packages/airflow/example_dags/example_nested_branch_dag.py for tasks to queue
[2025-07-04T15:03:16.264+0000] {logging_mixin.py:190} INFO - [2025-07-04T15:03:16.264+0000] {dagbag.py:588} INFO - Filling up the DagBag from /home/airflow/.local/lib/python3.12/site-packages/airflow/example_dags/example_nested_branch_dag.py
[2025-07-04T15:03:16.274+0000] {processor.py:925} INFO - DAG(s) 'example_nested_branch_dag' retrieved from /home/airflow/.local/lib/python3.12/site-packages/airflow/example_dags/example_nested_branch_dag.py
[2025-07-04T15:03:16.292+0000] {logging_mixin.py:190} INFO - [2025-07-04T15:03:16.292+0000] {dag.py:3239} INFO - Sync 1 DAGs
[2025-07-04T15:03:16.342+0000] {logging_mixin.py:190} INFO - [2025-07-04T15:03:16.341+0000] {dag.py:4180} INFO - Setting next_dagrun for example_nested_branch_dag to 2025-07-03 00:00:00+00:00, run_after=2025-07-04 00:00:00+00:00
[2025-07-04T15:03:16.362+0000] {processor.py:208} INFO - Processing /home/airflow/.local/lib/python3.12/site-packages/airflow/example_dags/example_nested_branch_dag.py took 0.106 seconds
[2025-07-04T15:03:46.940+0000] {processor.py:186} INFO - Started process (PID=173) to work on /home/airflow/.local/lib/python3.12/site-packages/airflow/example_dags/example_nested_branch_dag.py
[2025-07-04T15:03:46.940+0000] {processor.py:914} INFO - Processing file /home/airflow/.local/lib/python3.12/site-packages/airflow/example_dags/example_nested_branch_dag.py for tasks to queue
[2025-07-04T15:03:46.942+0000] {logging_mixin.py:190} INFO - [2025-07-04T15:03:46.942+0000] {dagbag.py:588} INFO - Filling up the DagBag from /home/airflow/.local/lib/python3.12/site-packages/airflow/example_dags/example_nested_branch_dag.py
[2025-07-04T15:03:46.949+0000] {processor.py:925} INFO - DAG(s) 'example_nested_branch_dag' retrieved from /home/airflow/.local/lib/python3.12/site-packages/airflow/example_dags/example_nested_branch_dag.py
[2025-07-04T15:03:46.970+0000] {logging_mixin.py:190} INFO - [2025-07-04T15:03:46.970+0000] {dag.py:3239} INFO - Sync 1 DAGs
[2025-07-04T15:03:46.998+0000] {logging_mixin.py:190} INFO - [2025-07-04T15:03:46.998+0000] {dag.py:4180} INFO - Setting next_dagrun for example_nested_branch_dag to 2025-07-03 00:00:00+00:00, run_after=2025-07-04 00:00:00+00:00
[2025-07-04T15:03:47.013+0000] {processor.py:208} INFO - Processing /home/airflow/.local/lib/python3.12/site-packages/airflow/example_dags/example_nested_branch_dag.py took 0.079 seconds
[2025-07-04T15:04:18.033+0000] {processor.py:186} INFO - Started process (PID=235) to work on /home/airflow/.local/lib/python3.12/site-packages/airflow/example_dags/example_nested_branch_dag.py
[2025-07-04T15:04:18.036+0000] {processor.py:914} INFO - Processing file /home/airflow/.local/lib/python3.12/site-packages/airflow/example_dags/example_nested_branch_dag.py for tasks to queue
[2025-07-04T15:04:18.039+0000] {logging_mixin.py:190} INFO - [2025-07-04T15:04:18.038+0000] {dagbag.py:588} INFO - Filling up the DagBag from /home/airflow/.local/lib/python3.12/site-packages/airflow/example_dags/example_nested_branch_dag.py
[2025-07-04T15:04:18.049+0000] {processor.py:925} INFO - DAG(s) 'example_nested_branch_dag' retrieved from /home/airflow/.local/lib/python3.12/site-packages/airflow/example_dags/example_nested_branch_dag.py
[2025-07-04T15:04:18.121+0000] {logging_mixin.py:190} INFO - [2025-07-04T15:04:18.120+0000] {dag.py:3239} INFO - Sync 1 DAGs
[2025-07-04T15:04:18.178+0000] {logging_mixin.py:190} INFO - [2025-07-04T15:04:18.177+0000] {dag.py:4180} INFO - Setting next_dagrun for example_nested_branch_dag to 2025-07-03 00:00:00+00:00, run_after=2025-07-04 00:00:00+00:00
[2025-07-04T15:04:18.211+0000] {processor.py:208} INFO - Processing /home/airflow/.local/lib/python3.12/site-packages/airflow/example_dags/example_nested_branch_dag.py took 0.206 seconds
