[2025-07-04T15:02:49.763+0000] {processor.py:186} INFO - Started process (PID=90) to work on /home/airflow/.local/lib/python3.12/site-packages/airflow/example_dags/example_inlet_event_extra.py
[2025-07-04T15:02:49.764+0000] {processor.py:914} INFO - Processing file /home/airflow/.local/lib/python3.12/site-packages/airflow/example_dags/example_inlet_event_extra.py for tasks to queue
[2025-07-04T15:02:49.766+0000] {logging_mixin.py:190} INFO - [2025-07-04T15:02:49.765+0000] {dagbag.py:588} INFO - Filling up the DagBag from /home/airflow/.local/lib/python3.12/site-packages/airflow/example_dags/example_inlet_event_extra.py
[2025-07-04T15:02:49.893+0000] {processor.py:925} INFO - DAG(s) 'read_dataset_event_from_classic', 'read_dataset_event' retrieved from /home/airflow/.local/lib/python3.12/site-packages/airflow/example_dags/example_inlet_event_extra.py
[2025-07-04T15:02:49.909+0000] {logging_mixin.py:190} INFO - [2025-07-04T15:02:49.909+0000] {dag.py:3239} INFO - Sync 2 DAGs
[2025-07-04T15:02:49.930+0000] {logging_mixin.py:190} INFO - [2025-07-04T15:02:49.930+0000] {dag.py:4180} INFO - Setting next_dagrun for read_dataset_event to 2025-07-03 00:00:00+00:00, run_after=2025-07-04 00:00:00+00:00
[2025-07-04T15:02:49.933+0000] {logging_mixin.py:190} INFO - [2025-07-04T15:02:49.933+0000] {dag.py:4180} INFO - Setting next_dagrun for read_dataset_event_from_classic to 2025-07-03 00:00:00+00:00, run_after=2025-07-04 00:00:00+00:00
[2025-07-04T15:02:49.945+0000] {processor.py:208} INFO - Processing /home/airflow/.local/lib/python3.12/site-packages/airflow/example_dags/example_inlet_event_extra.py took 0.186 seconds
[2025-07-04T15:03:21.011+0000] {processor.py:186} INFO - Started process (PID=152) to work on /home/airflow/.local/lib/python3.12/site-packages/airflow/example_dags/example_inlet_event_extra.py
[2025-07-04T15:03:21.011+0000] {processor.py:914} INFO - Processing file /home/airflow/.local/lib/python3.12/site-packages/airflow/example_dags/example_inlet_event_extra.py for tasks to queue
[2025-07-04T15:03:21.012+0000] {logging_mixin.py:190} INFO - [2025-07-04T15:03:21.012+0000] {dagbag.py:588} INFO - Filling up the DagBag from /home/airflow/.local/lib/python3.12/site-packages/airflow/example_dags/example_inlet_event_extra.py
[2025-07-04T15:03:21.151+0000] {processor.py:925} INFO - DAG(s) 'read_dataset_event_from_classic', 'read_dataset_event' retrieved from /home/airflow/.local/lib/python3.12/site-packages/airflow/example_dags/example_inlet_event_extra.py
[2025-07-04T15:03:21.167+0000] {logging_mixin.py:190} INFO - [2025-07-04T15:03:21.167+0000] {dag.py:3239} INFO - Sync 2 DAGs
[2025-07-04T15:03:21.186+0000] {logging_mixin.py:190} INFO - [2025-07-04T15:03:21.185+0000] {dag.py:4180} INFO - Setting next_dagrun for read_dataset_event to 2025-07-03 00:00:00+00:00, run_after=2025-07-04 00:00:00+00:00
[2025-07-04T15:03:21.191+0000] {logging_mixin.py:190} INFO - [2025-07-04T15:03:21.191+0000] {dag.py:4180} INFO - Setting next_dagrun for read_dataset_event_from_classic to 2025-07-03 00:00:00+00:00, run_after=2025-07-04 00:00:00+00:00
[2025-07-04T15:03:21.211+0000] {processor.py:208} INFO - Processing /home/airflow/.local/lib/python3.12/site-packages/airflow/example_dags/example_inlet_event_extra.py took 0.204 seconds
[2025-07-04T15:03:52.997+0000] {processor.py:186} INFO - Started process (PID=214) to work on /home/airflow/.local/lib/python3.12/site-packages/airflow/example_dags/example_inlet_event_extra.py
[2025-07-04T15:03:53.000+0000] {processor.py:914} INFO - Processing file /home/airflow/.local/lib/python3.12/site-packages/airflow/example_dags/example_inlet_event_extra.py for tasks to queue
[2025-07-04T15:03:53.012+0000] {logging_mixin.py:190} INFO - [2025-07-04T15:03:53.010+0000] {dagbag.py:588} INFO - Filling up the DagBag from /home/airflow/.local/lib/python3.12/site-packages/airflow/example_dags/example_inlet_event_extra.py
[2025-07-04T15:03:53.312+0000] {processor.py:925} INFO - DAG(s) 'read_dataset_event', 'read_dataset_event_from_classic' retrieved from /home/airflow/.local/lib/python3.12/site-packages/airflow/example_dags/example_inlet_event_extra.py
[2025-07-04T15:03:53.408+0000] {logging_mixin.py:190} INFO - [2025-07-04T15:03:53.408+0000] {dag.py:3239} INFO - Sync 2 DAGs
[2025-07-04T15:03:53.449+0000] {logging_mixin.py:190} INFO - [2025-07-04T15:03:53.449+0000] {dag.py:4180} INFO - Setting next_dagrun for read_dataset_event to 2025-07-03 00:00:00+00:00, run_after=2025-07-04 00:00:00+00:00
[2025-07-04T15:03:53.457+0000] {logging_mixin.py:190} INFO - [2025-07-04T15:03:53.456+0000] {dag.py:4180} INFO - Setting next_dagrun for read_dataset_event_from_classic to 2025-07-03 00:00:00+00:00, run_after=2025-07-04 00:00:00+00:00
[2025-07-04T15:03:53.478+0000] {processor.py:208} INFO - Processing /home/airflow/.local/lib/python3.12/site-packages/airflow/example_dags/example_inlet_event_extra.py took 0.493 seconds
