[2025-07-04T15:02:48.815+0000] {processor.py:186} INFO - Started process (PID=76) to work on /home/airflow/.local/lib/python3.12/site-packages/airflow/example_dags/example_sla_dag.py
[2025-07-04T15:02:48.817+0000] {processor.py:914} INFO - Processing file /home/airflow/.local/lib/python3.12/site-packages/airflow/example_dags/example_sla_dag.py for tasks to queue
[2025-07-04T15:02:48.819+0000] {logging_mixin.py:190} INFO - [2025-07-04T15:02:48.819+0000] {dagbag.py:588} INFO - Filling up the DagBag from /home/airflow/.local/lib/python3.12/site-packages/airflow/example_dags/example_sla_dag.py
[2025-07-04T15:02:48.830+0000] {processor.py:925} INFO - DAG(s) 'example_sla_dag' retrieved from /home/airflow/.local/lib/python3.12/site-packages/airflow/example_dags/example_sla_dag.py
[2025-07-04T15:02:48.848+0000] {logging_mixin.py:190} INFO - [2025-07-04T15:02:48.848+0000] {dag.py:3239} INFO - Sync 1 DAGs
[2025-07-04T15:02:48.873+0000] {logging_mixin.py:190} INFO - [2025-07-04T15:02:48.872+0000] {dag.py:4180} INFO - Setting next_dagrun for example_sla_dag to 2025-07-04 15:00:00+00:00, run_after=2025-07-04 15:02:00+00:00
[2025-07-04T15:02:48.892+0000] {processor.py:208} INFO - Processing /home/airflow/.local/lib/python3.12/site-packages/airflow/example_dags/example_sla_dag.py took 0.085 seconds
[2025-07-04T15:03:20.130+0000] {processor.py:186} INFO - Started process (PID=138) to work on /home/airflow/.local/lib/python3.12/site-packages/airflow/example_dags/example_sla_dag.py
[2025-07-04T15:03:20.131+0000] {processor.py:914} INFO - Processing file /home/airflow/.local/lib/python3.12/site-packages/airflow/example_dags/example_sla_dag.py for tasks to queue
[2025-07-04T15:03:20.132+0000] {logging_mixin.py:190} INFO - [2025-07-04T15:03:20.132+0000] {dagbag.py:588} INFO - Filling up the DagBag from /home/airflow/.local/lib/python3.12/site-packages/airflow/example_dags/example_sla_dag.py
[2025-07-04T15:03:20.142+0000] {processor.py:925} INFO - DAG(s) 'example_sla_dag' retrieved from /home/airflow/.local/lib/python3.12/site-packages/airflow/example_dags/example_sla_dag.py
[2025-07-04T15:03:20.156+0000] {logging_mixin.py:190} INFO - [2025-07-04T15:03:20.156+0000] {dag.py:3239} INFO - Sync 1 DAGs
[2025-07-04T15:03:20.183+0000] {logging_mixin.py:190} INFO - [2025-07-04T15:03:20.183+0000] {dag.py:4180} INFO - Setting next_dagrun for example_sla_dag to 2025-07-04 15:00:00+00:00, run_after=2025-07-04 15:02:00+00:00
[2025-07-04T15:03:20.211+0000] {processor.py:208} INFO - Processing /home/airflow/.local/lib/python3.12/site-packages/airflow/example_dags/example_sla_dag.py took 0.085 seconds
[2025-07-04T15:03:51.119+0000] {processor.py:186} INFO - Started process (PID=200) to work on /home/airflow/.local/lib/python3.12/site-packages/airflow/example_dags/example_sla_dag.py
[2025-07-04T15:03:51.120+0000] {processor.py:914} INFO - Processing file /home/airflow/.local/lib/python3.12/site-packages/airflow/example_dags/example_sla_dag.py for tasks to queue
[2025-07-04T15:03:51.121+0000] {logging_mixin.py:190} INFO - [2025-07-04T15:03:51.121+0000] {dagbag.py:588} INFO - Filling up the DagBag from /home/airflow/.local/lib/python3.12/site-packages/airflow/example_dags/example_sla_dag.py
[2025-07-04T15:03:51.128+0000] {processor.py:925} INFO - DAG(s) 'example_sla_dag' retrieved from /home/airflow/.local/lib/python3.12/site-packages/airflow/example_dags/example_sla_dag.py
[2025-07-04T15:03:51.139+0000] {logging_mixin.py:190} INFO - [2025-07-04T15:03:51.139+0000] {dag.py:3239} INFO - Sync 1 DAGs
[2025-07-04T15:03:51.151+0000] {logging_mixin.py:190} INFO - [2025-07-04T15:03:51.151+0000] {dag.py:4180} INFO - Setting next_dagrun for example_sla_dag to 2025-07-04 15:00:00+00:00, run_after=2025-07-04 15:02:00+00:00
[2025-07-04T15:03:51.160+0000] {processor.py:208} INFO - Processing /home/airflow/.local/lib/python3.12/site-packages/airflow/example_dags/example_sla_dag.py took 0.046 seconds
