[2025-07-16T09:06:10.982+0000] {processor.py:186} INFO - Started process (PID=84) to work on /home/airflow/.local/lib/python3.12/site-packages/airflow/example_dags/example_branch_python_dop_operator_3.py
[2025-07-16T09:06:10.984+0000] {processor.py:914} INFO - Processing file /home/airflow/.local/lib/python3.12/site-packages/airflow/example_dags/example_branch_python_dop_operator_3.py for tasks to queue
[2025-07-16T09:06:10.987+0000] {logging_mixin.py:190} INFO - [2025-07-16T09:06:10.986+0000] {dagbag.py:588} INFO - Filling up the DagBag from /home/airflow/.local/lib/python3.12/site-packages/airflow/example_dags/example_branch_python_dop_operator_3.py
[2025-07-16T09:06:11.008+0000] {processor.py:925} INFO - DAG(s) 'example_branch_dop_operator_v3' retrieved from /home/airflow/.local/lib/python3.12/site-packages/airflow/example_dags/example_branch_python_dop_operator_3.py
[2025-07-16T09:06:11.083+0000] {logging_mixin.py:190} INFO - [2025-07-16T09:06:11.081+0000] {dag.py:3239} INFO - Sync 1 DAGs
[2025-07-16T09:06:11.176+0000] {logging_mixin.py:190} INFO - [2025-07-16T09:06:11.176+0000] {dag.py:4180} INFO - Setting next_dagrun for example_branch_dop_operator_v3 to 2025-07-16 09:05:00+00:00, run_after=2025-07-16 09:06:00+00:00
[2025-07-16T09:06:11.258+0000] {processor.py:208} INFO - Processing /home/airflow/.local/lib/python3.12/site-packages/airflow/example_dags/example_branch_python_dop_operator_3.py took 0.283 seconds
[2025-07-16T09:06:42.058+0000] {processor.py:186} INFO - Started process (PID=146) to work on /home/airflow/.local/lib/python3.12/site-packages/airflow/example_dags/example_branch_python_dop_operator_3.py
[2025-07-16T09:06:42.066+0000] {processor.py:914} INFO - Processing file /home/airflow/.local/lib/python3.12/site-packages/airflow/example_dags/example_branch_python_dop_operator_3.py for tasks to queue
[2025-07-16T09:06:42.067+0000] {logging_mixin.py:190} INFO - [2025-07-16T09:06:42.067+0000] {dagbag.py:588} INFO - Filling up the DagBag from /home/airflow/.local/lib/python3.12/site-packages/airflow/example_dags/example_branch_python_dop_operator_3.py
[2025-07-16T09:06:42.073+0000] {processor.py:925} INFO - DAG(s) 'example_branch_dop_operator_v3' retrieved from /home/airflow/.local/lib/python3.12/site-packages/airflow/example_dags/example_branch_python_dop_operator_3.py
[2025-07-16T09:06:42.087+0000] {logging_mixin.py:190} INFO - [2025-07-16T09:06:42.087+0000] {dag.py:3239} INFO - Sync 1 DAGs
[2025-07-16T09:06:42.102+0000] {logging_mixin.py:190} INFO - [2025-07-16T09:06:42.102+0000] {dag.py:4180} INFO - Setting next_dagrun for example_branch_dop_operator_v3 to 2025-07-16 09:05:00+00:00, run_after=2025-07-16 09:06:00+00:00
[2025-07-16T09:06:42.111+0000] {processor.py:208} INFO - Processing /home/airflow/.local/lib/python3.12/site-packages/airflow/example_dags/example_branch_python_dop_operator_3.py took 0.056 seconds
[2025-07-16T09:07:12.786+0000] {processor.py:186} INFO - Started process (PID=208) to work on /home/airflow/.local/lib/python3.12/site-packages/airflow/example_dags/example_branch_python_dop_operator_3.py
[2025-07-16T09:07:12.794+0000] {processor.py:914} INFO - Processing file /home/airflow/.local/lib/python3.12/site-packages/airflow/example_dags/example_branch_python_dop_operator_3.py for tasks to queue
[2025-07-16T09:07:12.797+0000] {logging_mixin.py:190} INFO - [2025-07-16T09:07:12.797+0000] {dagbag.py:588} INFO - Filling up the DagBag from /home/airflow/.local/lib/python3.12/site-packages/airflow/example_dags/example_branch_python_dop_operator_3.py
[2025-07-16T09:07:12.806+0000] {processor.py:925} INFO - DAG(s) 'example_branch_dop_operator_v3' retrieved from /home/airflow/.local/lib/python3.12/site-packages/airflow/example_dags/example_branch_python_dop_operator_3.py
[2025-07-16T09:07:12.824+0000] {logging_mixin.py:190} INFO - [2025-07-16T09:07:12.824+0000] {dag.py:3239} INFO - Sync 1 DAGs
[2025-07-16T09:07:12.841+0000] {logging_mixin.py:190} INFO - [2025-07-16T09:07:12.841+0000] {dag.py:4180} INFO - Setting next_dagrun for example_branch_dop_operator_v3 to 2025-07-16 09:06:00+00:00, run_after=2025-07-16 09:07:00+00:00
[2025-07-16T09:07:12.849+0000] {processor.py:208} INFO - Processing /home/airflow/.local/lib/python3.12/site-packages/airflow/example_dags/example_branch_python_dop_operator_3.py took 0.070 seconds
[2025-07-16T09:07:43.762+0000] {processor.py:186} INFO - Started process (PID=270) to work on /home/airflow/.local/lib/python3.12/site-packages/airflow/example_dags/example_branch_python_dop_operator_3.py
[2025-07-16T09:07:43.764+0000] {processor.py:914} INFO - Processing file /home/airflow/.local/lib/python3.12/site-packages/airflow/example_dags/example_branch_python_dop_operator_3.py for tasks to queue
[2025-07-16T09:07:43.768+0000] {logging_mixin.py:190} INFO - [2025-07-16T09:07:43.767+0000] {dagbag.py:588} INFO - Filling up the DagBag from /home/airflow/.local/lib/python3.12/site-packages/airflow/example_dags/example_branch_python_dop_operator_3.py
[2025-07-16T09:07:43.784+0000] {processor.py:925} INFO - DAG(s) 'example_branch_dop_operator_v3' retrieved from /home/airflow/.local/lib/python3.12/site-packages/airflow/example_dags/example_branch_python_dop_operator_3.py
[2025-07-16T09:07:43.820+0000] {logging_mixin.py:190} INFO - [2025-07-16T09:07:43.820+0000] {dag.py:3239} INFO - Sync 1 DAGs
[2025-07-16T09:07:43.860+0000] {logging_mixin.py:190} INFO - [2025-07-16T09:07:43.860+0000] {dag.py:4180} INFO - Setting next_dagrun for example_branch_dop_operator_v3 to 2025-07-16 09:06:00+00:00, run_after=2025-07-16 09:07:00+00:00
[2025-07-16T09:07:43.874+0000] {processor.py:208} INFO - Processing /home/airflow/.local/lib/python3.12/site-packages/airflow/example_dags/example_branch_python_dop_operator_3.py took 0.122 seconds
[2025-07-16T09:08:14.658+0000] {processor.py:186} INFO - Started process (PID=332) to work on /home/airflow/.local/lib/python3.12/site-packages/airflow/example_dags/example_branch_python_dop_operator_3.py
[2025-07-16T09:08:14.661+0000] {processor.py:914} INFO - Processing file /home/airflow/.local/lib/python3.12/site-packages/airflow/example_dags/example_branch_python_dop_operator_3.py for tasks to queue
[2025-07-16T09:08:14.665+0000] {logging_mixin.py:190} INFO - [2025-07-16T09:08:14.664+0000] {dagbag.py:588} INFO - Filling up the DagBag from /home/airflow/.local/lib/python3.12/site-packages/airflow/example_dags/example_branch_python_dop_operator_3.py
[2025-07-16T09:08:14.684+0000] {processor.py:925} INFO - DAG(s) 'example_branch_dop_operator_v3' retrieved from /home/airflow/.local/lib/python3.12/site-packages/airflow/example_dags/example_branch_python_dop_operator_3.py
[2025-07-16T09:08:14.702+0000] {logging_mixin.py:190} INFO - [2025-07-16T09:08:14.702+0000] {dag.py:3239} INFO - Sync 1 DAGs
[2025-07-16T09:08:14.723+0000] {logging_mixin.py:190} INFO - [2025-07-16T09:08:14.723+0000] {dag.py:4180} INFO - Setting next_dagrun for example_branch_dop_operator_v3 to 2025-07-16 09:07:00+00:00, run_after=2025-07-16 09:08:00+00:00
[2025-07-16T09:08:14.733+0000] {processor.py:208} INFO - Processing /home/airflow/.local/lib/python3.12/site-packages/airflow/example_dags/example_branch_python_dop_operator_3.py took 0.083 seconds
[2025-07-16T09:08:45.267+0000] {processor.py:186} INFO - Started process (PID=394) to work on /home/airflow/.local/lib/python3.12/site-packages/airflow/example_dags/example_branch_python_dop_operator_3.py
[2025-07-16T09:08:45.273+0000] {processor.py:914} INFO - Processing file /home/airflow/.local/lib/python3.12/site-packages/airflow/example_dags/example_branch_python_dop_operator_3.py for tasks to queue
[2025-07-16T09:08:45.276+0000] {logging_mixin.py:190} INFO - [2025-07-16T09:08:45.276+0000] {dagbag.py:588} INFO - Filling up the DagBag from /home/airflow/.local/lib/python3.12/site-packages/airflow/example_dags/example_branch_python_dop_operator_3.py
[2025-07-16T09:08:45.283+0000] {processor.py:925} INFO - DAG(s) 'example_branch_dop_operator_v3' retrieved from /home/airflow/.local/lib/python3.12/site-packages/airflow/example_dags/example_branch_python_dop_operator_3.py
[2025-07-16T09:08:45.303+0000] {logging_mixin.py:190} INFO - [2025-07-16T09:08:45.303+0000] {dag.py:3239} INFO - Sync 1 DAGs
[2025-07-16T09:08:45.325+0000] {logging_mixin.py:190} INFO - [2025-07-16T09:08:45.325+0000] {dag.py:4180} INFO - Setting next_dagrun for example_branch_dop_operator_v3 to 2025-07-16 09:07:00+00:00, run_after=2025-07-16 09:08:00+00:00
[2025-07-16T09:08:45.339+0000] {processor.py:208} INFO - Processing /home/airflow/.local/lib/python3.12/site-packages/airflow/example_dags/example_branch_python_dop_operator_3.py took 0.078 seconds
[2025-07-16T09:09:15.849+0000] {processor.py:186} INFO - Started process (PID=456) to work on /home/airflow/.local/lib/python3.12/site-packages/airflow/example_dags/example_branch_python_dop_operator_3.py
[2025-07-16T09:09:15.851+0000] {processor.py:914} INFO - Processing file /home/airflow/.local/lib/python3.12/site-packages/airflow/example_dags/example_branch_python_dop_operator_3.py for tasks to queue
[2025-07-16T09:09:15.853+0000] {logging_mixin.py:190} INFO - [2025-07-16T09:09:15.852+0000] {dagbag.py:588} INFO - Filling up the DagBag from /home/airflow/.local/lib/python3.12/site-packages/airflow/example_dags/example_branch_python_dop_operator_3.py
[2025-07-16T09:09:15.861+0000] {processor.py:925} INFO - DAG(s) 'example_branch_dop_operator_v3' retrieved from /home/airflow/.local/lib/python3.12/site-packages/airflow/example_dags/example_branch_python_dop_operator_3.py
[2025-07-16T09:09:15.873+0000] {logging_mixin.py:190} INFO - [2025-07-16T09:09:15.873+0000] {dag.py:3239} INFO - Sync 1 DAGs
[2025-07-16T09:09:15.892+0000] {logging_mixin.py:190} INFO - [2025-07-16T09:09:15.892+0000] {dag.py:4180} INFO - Setting next_dagrun for example_branch_dop_operator_v3 to 2025-07-16 09:08:00+00:00, run_after=2025-07-16 09:09:00+00:00
[2025-07-16T09:09:15.903+0000] {processor.py:208} INFO - Processing /home/airflow/.local/lib/python3.12/site-packages/airflow/example_dags/example_branch_python_dop_operator_3.py took 0.059 seconds
[2025-07-16T09:09:46.407+0000] {processor.py:186} INFO - Started process (PID=518) to work on /home/airflow/.local/lib/python3.12/site-packages/airflow/example_dags/example_branch_python_dop_operator_3.py
[2025-07-16T09:09:46.409+0000] {processor.py:914} INFO - Processing file /home/airflow/.local/lib/python3.12/site-packages/airflow/example_dags/example_branch_python_dop_operator_3.py for tasks to queue
[2025-07-16T09:09:46.411+0000] {logging_mixin.py:190} INFO - [2025-07-16T09:09:46.411+0000] {dagbag.py:588} INFO - Filling up the DagBag from /home/airflow/.local/lib/python3.12/site-packages/airflow/example_dags/example_branch_python_dop_operator_3.py
[2025-07-16T09:09:46.426+0000] {processor.py:925} INFO - DAG(s) 'example_branch_dop_operator_v3' retrieved from /home/airflow/.local/lib/python3.12/site-packages/airflow/example_dags/example_branch_python_dop_operator_3.py
[2025-07-16T09:09:46.444+0000] {logging_mixin.py:190} INFO - [2025-07-16T09:09:46.444+0000] {dag.py:3239} INFO - Sync 1 DAGs
[2025-07-16T09:09:46.458+0000] {logging_mixin.py:190} INFO - [2025-07-16T09:09:46.458+0000] {dag.py:4180} INFO - Setting next_dagrun for example_branch_dop_operator_v3 to 2025-07-16 09:08:00+00:00, run_after=2025-07-16 09:09:00+00:00
[2025-07-16T09:09:46.467+0000] {processor.py:208} INFO - Processing /home/airflow/.local/lib/python3.12/site-packages/airflow/example_dags/example_branch_python_dop_operator_3.py took 0.064 seconds
[2025-07-16T09:10:16.999+0000] {processor.py:186} INFO - Started process (PID=580) to work on /home/airflow/.local/lib/python3.12/site-packages/airflow/example_dags/example_branch_python_dop_operator_3.py
[2025-07-16T09:10:17.001+0000] {processor.py:914} INFO - Processing file /home/airflow/.local/lib/python3.12/site-packages/airflow/example_dags/example_branch_python_dop_operator_3.py for tasks to queue
[2025-07-16T09:10:17.003+0000] {logging_mixin.py:190} INFO - [2025-07-16T09:10:17.003+0000] {dagbag.py:588} INFO - Filling up the DagBag from /home/airflow/.local/lib/python3.12/site-packages/airflow/example_dags/example_branch_python_dop_operator_3.py
[2025-07-16T09:10:17.016+0000] {processor.py:925} INFO - DAG(s) 'example_branch_dop_operator_v3' retrieved from /home/airflow/.local/lib/python3.12/site-packages/airflow/example_dags/example_branch_python_dop_operator_3.py
[2025-07-16T09:10:17.033+0000] {logging_mixin.py:190} INFO - [2025-07-16T09:10:17.033+0000] {dag.py:3239} INFO - Sync 1 DAGs
[2025-07-16T09:10:17.056+0000] {logging_mixin.py:190} INFO - [2025-07-16T09:10:17.055+0000] {dag.py:4180} INFO - Setting next_dagrun for example_branch_dop_operator_v3 to 2025-07-16 09:09:00+00:00, run_after=2025-07-16 09:10:00+00:00
[2025-07-16T09:10:17.066+0000] {processor.py:208} INFO - Processing /home/airflow/.local/lib/python3.12/site-packages/airflow/example_dags/example_branch_python_dop_operator_3.py took 0.077 seconds
[2025-07-16T09:10:47.683+0000] {processor.py:186} INFO - Started process (PID=642) to work on /home/airflow/.local/lib/python3.12/site-packages/airflow/example_dags/example_branch_python_dop_operator_3.py
[2025-07-16T09:10:47.686+0000] {processor.py:914} INFO - Processing file /home/airflow/.local/lib/python3.12/site-packages/airflow/example_dags/example_branch_python_dop_operator_3.py for tasks to queue
[2025-07-16T09:10:47.691+0000] {logging_mixin.py:190} INFO - [2025-07-16T09:10:47.690+0000] {dagbag.py:588} INFO - Filling up the DagBag from /home/airflow/.local/lib/python3.12/site-packages/airflow/example_dags/example_branch_python_dop_operator_3.py
[2025-07-16T09:10:47.702+0000] {processor.py:925} INFO - DAG(s) 'example_branch_dop_operator_v3' retrieved from /home/airflow/.local/lib/python3.12/site-packages/airflow/example_dags/example_branch_python_dop_operator_3.py
[2025-07-16T09:10:47.719+0000] {logging_mixin.py:190} INFO - [2025-07-16T09:10:47.719+0000] {dag.py:3239} INFO - Sync 1 DAGs
[2025-07-16T09:10:47.738+0000] {logging_mixin.py:190} INFO - [2025-07-16T09:10:47.738+0000] {dag.py:4180} INFO - Setting next_dagrun for example_branch_dop_operator_v3 to 2025-07-16 09:09:00+00:00, run_after=2025-07-16 09:10:00+00:00
[2025-07-16T09:10:47.748+0000] {processor.py:208} INFO - Processing /home/airflow/.local/lib/python3.12/site-packages/airflow/example_dags/example_branch_python_dop_operator_3.py took 0.072 seconds
[2025-07-16T09:11:18.469+0000] {processor.py:186} INFO - Started process (PID=704) to work on /home/airflow/.local/lib/python3.12/site-packages/airflow/example_dags/example_branch_python_dop_operator_3.py
[2025-07-16T09:11:18.474+0000] {processor.py:914} INFO - Processing file /home/airflow/.local/lib/python3.12/site-packages/airflow/example_dags/example_branch_python_dop_operator_3.py for tasks to queue
[2025-07-16T09:11:18.475+0000] {logging_mixin.py:190} INFO - [2025-07-16T09:11:18.475+0000] {dagbag.py:588} INFO - Filling up the DagBag from /home/airflow/.local/lib/python3.12/site-packages/airflow/example_dags/example_branch_python_dop_operator_3.py
[2025-07-16T09:11:18.486+0000] {processor.py:925} INFO - DAG(s) 'example_branch_dop_operator_v3' retrieved from /home/airflow/.local/lib/python3.12/site-packages/airflow/example_dags/example_branch_python_dop_operator_3.py
[2025-07-16T09:11:18.504+0000] {logging_mixin.py:190} INFO - [2025-07-16T09:11:18.504+0000] {dag.py:3239} INFO - Sync 1 DAGs
[2025-07-16T09:11:18.519+0000] {logging_mixin.py:190} INFO - [2025-07-16T09:11:18.519+0000] {dag.py:4180} INFO - Setting next_dagrun for example_branch_dop_operator_v3 to 2025-07-16 09:10:00+00:00, run_after=2025-07-16 09:11:00+00:00
[2025-07-16T09:11:18.528+0000] {processor.py:208} INFO - Processing /home/airflow/.local/lib/python3.12/site-packages/airflow/example_dags/example_branch_python_dop_operator_3.py took 0.064 seconds
[2025-07-16T09:11:49.118+0000] {processor.py:186} INFO - Started process (PID=766) to work on /home/airflow/.local/lib/python3.12/site-packages/airflow/example_dags/example_branch_python_dop_operator_3.py
[2025-07-16T09:11:49.122+0000] {processor.py:914} INFO - Processing file /home/airflow/.local/lib/python3.12/site-packages/airflow/example_dags/example_branch_python_dop_operator_3.py for tasks to queue
[2025-07-16T09:11:49.127+0000] {logging_mixin.py:190} INFO - [2025-07-16T09:11:49.126+0000] {dagbag.py:588} INFO - Filling up the DagBag from /home/airflow/.local/lib/python3.12/site-packages/airflow/example_dags/example_branch_python_dop_operator_3.py
[2025-07-16T09:11:49.139+0000] {processor.py:925} INFO - DAG(s) 'example_branch_dop_operator_v3' retrieved from /home/airflow/.local/lib/python3.12/site-packages/airflow/example_dags/example_branch_python_dop_operator_3.py
[2025-07-16T09:11:49.161+0000] {logging_mixin.py:190} INFO - [2025-07-16T09:11:49.160+0000] {dag.py:3239} INFO - Sync 1 DAGs
[2025-07-16T09:11:49.179+0000] {logging_mixin.py:190} INFO - [2025-07-16T09:11:49.179+0000] {dag.py:4180} INFO - Setting next_dagrun for example_branch_dop_operator_v3 to 2025-07-16 09:10:00+00:00, run_after=2025-07-16 09:11:00+00:00
[2025-07-16T09:11:49.191+0000] {processor.py:208} INFO - Processing /home/airflow/.local/lib/python3.12/site-packages/airflow/example_dags/example_branch_python_dop_operator_3.py took 0.081 seconds
[2025-07-16T09:12:19.709+0000] {processor.py:186} INFO - Started process (PID=828) to work on /home/airflow/.local/lib/python3.12/site-packages/airflow/example_dags/example_branch_python_dop_operator_3.py
[2025-07-16T09:12:19.710+0000] {processor.py:914} INFO - Processing file /home/airflow/.local/lib/python3.12/site-packages/airflow/example_dags/example_branch_python_dop_operator_3.py for tasks to queue
[2025-07-16T09:12:19.713+0000] {logging_mixin.py:190} INFO - [2025-07-16T09:12:19.713+0000] {dagbag.py:588} INFO - Filling up the DagBag from /home/airflow/.local/lib/python3.12/site-packages/airflow/example_dags/example_branch_python_dop_operator_3.py
[2025-07-16T09:12:19.727+0000] {processor.py:925} INFO - DAG(s) 'example_branch_dop_operator_v3' retrieved from /home/airflow/.local/lib/python3.12/site-packages/airflow/example_dags/example_branch_python_dop_operator_3.py
[2025-07-16T09:12:19.747+0000] {logging_mixin.py:190} INFO - [2025-07-16T09:12:19.747+0000] {dag.py:3239} INFO - Sync 1 DAGs
[2025-07-16T09:12:19.763+0000] {logging_mixin.py:190} INFO - [2025-07-16T09:12:19.763+0000] {dag.py:4180} INFO - Setting next_dagrun for example_branch_dop_operator_v3 to 2025-07-16 09:11:00+00:00, run_after=2025-07-16 09:12:00+00:00
[2025-07-16T09:12:19.776+0000] {processor.py:208} INFO - Processing /home/airflow/.local/lib/python3.12/site-packages/airflow/example_dags/example_branch_python_dop_operator_3.py took 0.076 seconds
[2025-07-16T09:12:50.185+0000] {processor.py:186} INFO - Started process (PID=890) to work on /home/airflow/.local/lib/python3.12/site-packages/airflow/example_dags/example_branch_python_dop_operator_3.py
[2025-07-16T09:12:50.188+0000] {processor.py:914} INFO - Processing file /home/airflow/.local/lib/python3.12/site-packages/airflow/example_dags/example_branch_python_dop_operator_3.py for tasks to queue
[2025-07-16T09:12:50.192+0000] {logging_mixin.py:190} INFO - [2025-07-16T09:12:50.191+0000] {dagbag.py:588} INFO - Filling up the DagBag from /home/airflow/.local/lib/python3.12/site-packages/airflow/example_dags/example_branch_python_dop_operator_3.py
[2025-07-16T09:12:50.208+0000] {processor.py:925} INFO - DAG(s) 'example_branch_dop_operator_v3' retrieved from /home/airflow/.local/lib/python3.12/site-packages/airflow/example_dags/example_branch_python_dop_operator_3.py
[2025-07-16T09:12:50.232+0000] {logging_mixin.py:190} INFO - [2025-07-16T09:12:50.232+0000] {dag.py:3239} INFO - Sync 1 DAGs
[2025-07-16T09:12:50.264+0000] {logging_mixin.py:190} INFO - [2025-07-16T09:12:50.263+0000] {dag.py:4180} INFO - Setting next_dagrun for example_branch_dop_operator_v3 to 2025-07-16 09:11:00+00:00, run_after=2025-07-16 09:12:00+00:00
[2025-07-16T09:12:50.298+0000] {processor.py:208} INFO - Processing /home/airflow/.local/lib/python3.12/site-packages/airflow/example_dags/example_branch_python_dop_operator_3.py took 0.122 seconds
[2025-07-16T09:13:21.301+0000] {processor.py:186} INFO - Started process (PID=952) to work on /home/airflow/.local/lib/python3.12/site-packages/airflow/example_dags/example_branch_python_dop_operator_3.py
[2025-07-16T09:13:21.302+0000] {processor.py:914} INFO - Processing file /home/airflow/.local/lib/python3.12/site-packages/airflow/example_dags/example_branch_python_dop_operator_3.py for tasks to queue
[2025-07-16T09:13:21.308+0000] {logging_mixin.py:190} INFO - [2025-07-16T09:13:21.308+0000] {dagbag.py:588} INFO - Filling up the DagBag from /home/airflow/.local/lib/python3.12/site-packages/airflow/example_dags/example_branch_python_dop_operator_3.py
[2025-07-16T09:13:21.317+0000] {processor.py:925} INFO - DAG(s) 'example_branch_dop_operator_v3' retrieved from /home/airflow/.local/lib/python3.12/site-packages/airflow/example_dags/example_branch_python_dop_operator_3.py
[2025-07-16T09:13:21.334+0000] {logging_mixin.py:190} INFO - [2025-07-16T09:13:21.333+0000] {dag.py:3239} INFO - Sync 1 DAGs
[2025-07-16T09:13:21.350+0000] {logging_mixin.py:190} INFO - [2025-07-16T09:13:21.350+0000] {dag.py:4180} INFO - Setting next_dagrun for example_branch_dop_operator_v3 to 2025-07-16 09:12:00+00:00, run_after=2025-07-16 09:13:00+00:00
[2025-07-16T09:13:21.364+0000] {processor.py:208} INFO - Processing /home/airflow/.local/lib/python3.12/site-packages/airflow/example_dags/example_branch_python_dop_operator_3.py took 0.070 seconds
[2025-07-16T09:13:51.962+0000] {processor.py:186} INFO - Started process (PID=1014) to work on /home/airflow/.local/lib/python3.12/site-packages/airflow/example_dags/example_branch_python_dop_operator_3.py
[2025-07-16T09:13:51.967+0000] {processor.py:914} INFO - Processing file /home/airflow/.local/lib/python3.12/site-packages/airflow/example_dags/example_branch_python_dop_operator_3.py for tasks to queue
[2025-07-16T09:13:51.972+0000] {logging_mixin.py:190} INFO - [2025-07-16T09:13:51.971+0000] {dagbag.py:588} INFO - Filling up the DagBag from /home/airflow/.local/lib/python3.12/site-packages/airflow/example_dags/example_branch_python_dop_operator_3.py
[2025-07-16T09:13:51.986+0000] {processor.py:925} INFO - DAG(s) 'example_branch_dop_operator_v3' retrieved from /home/airflow/.local/lib/python3.12/site-packages/airflow/example_dags/example_branch_python_dop_operator_3.py
[2025-07-16T09:13:52.003+0000] {logging_mixin.py:190} INFO - [2025-07-16T09:13:52.003+0000] {dag.py:3239} INFO - Sync 1 DAGs
[2025-07-16T09:13:52.021+0000] {logging_mixin.py:190} INFO - [2025-07-16T09:13:52.021+0000] {dag.py:4180} INFO - Setting next_dagrun for example_branch_dop_operator_v3 to 2025-07-16 09:12:00+00:00, run_after=2025-07-16 09:13:00+00:00
[2025-07-16T09:13:52.041+0000] {processor.py:208} INFO - Processing /home/airflow/.local/lib/python3.12/site-packages/airflow/example_dags/example_branch_python_dop_operator_3.py took 0.083 seconds
[2025-07-16T09:14:22.265+0000] {processor.py:186} INFO - Started process (PID=1076) to work on /home/airflow/.local/lib/python3.12/site-packages/airflow/example_dags/example_branch_python_dop_operator_3.py
[2025-07-16T09:14:22.271+0000] {processor.py:914} INFO - Processing file /home/airflow/.local/lib/python3.12/site-packages/airflow/example_dags/example_branch_python_dop_operator_3.py for tasks to queue
[2025-07-16T09:14:22.273+0000] {logging_mixin.py:190} INFO - [2025-07-16T09:14:22.273+0000] {dagbag.py:588} INFO - Filling up the DagBag from /home/airflow/.local/lib/python3.12/site-packages/airflow/example_dags/example_branch_python_dop_operator_3.py
[2025-07-16T09:14:22.294+0000] {processor.py:925} INFO - DAG(s) 'example_branch_dop_operator_v3' retrieved from /home/airflow/.local/lib/python3.12/site-packages/airflow/example_dags/example_branch_python_dop_operator_3.py
[2025-07-16T09:14:22.309+0000] {logging_mixin.py:190} INFO - [2025-07-16T09:14:22.309+0000] {dag.py:3239} INFO - Sync 1 DAGs
[2025-07-16T09:14:22.322+0000] {logging_mixin.py:190} INFO - [2025-07-16T09:14:22.322+0000] {dag.py:4180} INFO - Setting next_dagrun for example_branch_dop_operator_v3 to 2025-07-16 09:13:00+00:00, run_after=2025-07-16 09:14:00+00:00
[2025-07-16T09:14:22.332+0000] {processor.py:208} INFO - Processing /home/airflow/.local/lib/python3.12/site-packages/airflow/example_dags/example_branch_python_dop_operator_3.py took 0.073 seconds
[2025-07-16T09:14:52.801+0000] {processor.py:186} INFO - Started process (PID=1138) to work on /home/airflow/.local/lib/python3.12/site-packages/airflow/example_dags/example_branch_python_dop_operator_3.py
[2025-07-16T09:14:52.803+0000] {processor.py:914} INFO - Processing file /home/airflow/.local/lib/python3.12/site-packages/airflow/example_dags/example_branch_python_dop_operator_3.py for tasks to queue
[2025-07-16T09:14:52.806+0000] {logging_mixin.py:190} INFO - [2025-07-16T09:14:52.806+0000] {dagbag.py:588} INFO - Filling up the DagBag from /home/airflow/.local/lib/python3.12/site-packages/airflow/example_dags/example_branch_python_dop_operator_3.py
[2025-07-16T09:14:52.815+0000] {processor.py:925} INFO - DAG(s) 'example_branch_dop_operator_v3' retrieved from /home/airflow/.local/lib/python3.12/site-packages/airflow/example_dags/example_branch_python_dop_operator_3.py
[2025-07-16T09:14:52.832+0000] {logging_mixin.py:190} INFO - [2025-07-16T09:14:52.832+0000] {dag.py:3239} INFO - Sync 1 DAGs
[2025-07-16T09:14:52.847+0000] {logging_mixin.py:190} INFO - [2025-07-16T09:14:52.847+0000] {dag.py:4180} INFO - Setting next_dagrun for example_branch_dop_operator_v3 to 2025-07-16 09:13:00+00:00, run_after=2025-07-16 09:14:00+00:00
[2025-07-16T09:14:52.859+0000] {processor.py:208} INFO - Processing /home/airflow/.local/lib/python3.12/site-packages/airflow/example_dags/example_branch_python_dop_operator_3.py took 0.065 seconds
[2025-07-16T09:15:22.982+0000] {processor.py:186} INFO - Started process (PID=1200) to work on /home/airflow/.local/lib/python3.12/site-packages/airflow/example_dags/example_branch_python_dop_operator_3.py
[2025-07-16T09:15:22.984+0000] {processor.py:914} INFO - Processing file /home/airflow/.local/lib/python3.12/site-packages/airflow/example_dags/example_branch_python_dop_operator_3.py for tasks to queue
[2025-07-16T09:15:22.986+0000] {logging_mixin.py:190} INFO - [2025-07-16T09:15:22.986+0000] {dagbag.py:588} INFO - Filling up the DagBag from /home/airflow/.local/lib/python3.12/site-packages/airflow/example_dags/example_branch_python_dop_operator_3.py
[2025-07-16T09:15:22.994+0000] {processor.py:925} INFO - DAG(s) 'example_branch_dop_operator_v3' retrieved from /home/airflow/.local/lib/python3.12/site-packages/airflow/example_dags/example_branch_python_dop_operator_3.py
[2025-07-16T09:15:23.010+0000] {logging_mixin.py:190} INFO - [2025-07-16T09:15:23.009+0000] {dag.py:3239} INFO - Sync 1 DAGs
[2025-07-16T09:15:23.030+0000] {logging_mixin.py:190} INFO - [2025-07-16T09:15:23.029+0000] {dag.py:4180} INFO - Setting next_dagrun for example_branch_dop_operator_v3 to 2025-07-16 09:14:00+00:00, run_after=2025-07-16 09:15:00+00:00
[2025-07-16T09:15:23.043+0000] {processor.py:208} INFO - Processing /home/airflow/.local/lib/python3.12/site-packages/airflow/example_dags/example_branch_python_dop_operator_3.py took 0.068 seconds
[2025-07-16T09:15:53.864+0000] {processor.py:186} INFO - Started process (PID=1262) to work on /home/airflow/.local/lib/python3.12/site-packages/airflow/example_dags/example_branch_python_dop_operator_3.py
[2025-07-16T09:15:53.865+0000] {processor.py:914} INFO - Processing file /home/airflow/.local/lib/python3.12/site-packages/airflow/example_dags/example_branch_python_dop_operator_3.py for tasks to queue
[2025-07-16T09:15:53.866+0000] {logging_mixin.py:190} INFO - [2025-07-16T09:15:53.866+0000] {dagbag.py:588} INFO - Filling up the DagBag from /home/airflow/.local/lib/python3.12/site-packages/airflow/example_dags/example_branch_python_dop_operator_3.py
[2025-07-16T09:15:53.871+0000] {processor.py:925} INFO - DAG(s) 'example_branch_dop_operator_v3' retrieved from /home/airflow/.local/lib/python3.12/site-packages/airflow/example_dags/example_branch_python_dop_operator_3.py
[2025-07-16T09:15:53.882+0000] {logging_mixin.py:190} INFO - [2025-07-16T09:15:53.881+0000] {dag.py:3239} INFO - Sync 1 DAGs
[2025-07-16T09:15:53.893+0000] {logging_mixin.py:190} INFO - [2025-07-16T09:15:53.893+0000] {dag.py:4180} INFO - Setting next_dagrun for example_branch_dop_operator_v3 to 2025-07-16 09:14:00+00:00, run_after=2025-07-16 09:15:00+00:00
[2025-07-16T09:15:53.902+0000] {processor.py:208} INFO - Processing /home/airflow/.local/lib/python3.12/site-packages/airflow/example_dags/example_branch_python_dop_operator_3.py took 0.041 seconds
[2025-07-16T09:16:24.998+0000] {processor.py:186} INFO - Started process (PID=1324) to work on /home/airflow/.local/lib/python3.12/site-packages/airflow/example_dags/example_branch_python_dop_operator_3.py
[2025-07-16T09:16:25.003+0000] {processor.py:914} INFO - Processing file /home/airflow/.local/lib/python3.12/site-packages/airflow/example_dags/example_branch_python_dop_operator_3.py for tasks to queue
[2025-07-16T09:16:25.005+0000] {logging_mixin.py:190} INFO - [2025-07-16T09:16:25.005+0000] {dagbag.py:588} INFO - Filling up the DagBag from /home/airflow/.local/lib/python3.12/site-packages/airflow/example_dags/example_branch_python_dop_operator_3.py
[2025-07-16T09:16:25.010+0000] {processor.py:925} INFO - DAG(s) 'example_branch_dop_operator_v3' retrieved from /home/airflow/.local/lib/python3.12/site-packages/airflow/example_dags/example_branch_python_dop_operator_3.py
[2025-07-16T09:16:25.020+0000] {logging_mixin.py:190} INFO - [2025-07-16T09:16:25.020+0000] {dag.py:3239} INFO - Sync 1 DAGs
[2025-07-16T09:16:25.035+0000] {logging_mixin.py:190} INFO - [2025-07-16T09:16:25.035+0000] {dag.py:4180} INFO - Setting next_dagrun for example_branch_dop_operator_v3 to 2025-07-16 09:15:00+00:00, run_after=2025-07-16 09:16:00+00:00
[2025-07-16T09:16:25.047+0000] {processor.py:208} INFO - Processing /home/airflow/.local/lib/python3.12/site-packages/airflow/example_dags/example_branch_python_dop_operator_3.py took 0.052 seconds
[2025-07-16T09:16:55.279+0000] {processor.py:186} INFO - Started process (PID=1386) to work on /home/airflow/.local/lib/python3.12/site-packages/airflow/example_dags/example_branch_python_dop_operator_3.py
[2025-07-16T09:16:55.281+0000] {processor.py:914} INFO - Processing file /home/airflow/.local/lib/python3.12/site-packages/airflow/example_dags/example_branch_python_dop_operator_3.py for tasks to queue
[2025-07-16T09:16:55.283+0000] {logging_mixin.py:190} INFO - [2025-07-16T09:16:55.283+0000] {dagbag.py:588} INFO - Filling up the DagBag from /home/airflow/.local/lib/python3.12/site-packages/airflow/example_dags/example_branch_python_dop_operator_3.py
[2025-07-16T09:16:55.302+0000] {processor.py:925} INFO - DAG(s) 'example_branch_dop_operator_v3' retrieved from /home/airflow/.local/lib/python3.12/site-packages/airflow/example_dags/example_branch_python_dop_operator_3.py
[2025-07-16T09:16:55.316+0000] {logging_mixin.py:190} INFO - [2025-07-16T09:16:55.315+0000] {dag.py:3239} INFO - Sync 1 DAGs
[2025-07-16T09:16:55.329+0000] {logging_mixin.py:190} INFO - [2025-07-16T09:16:55.328+0000] {dag.py:4180} INFO - Setting next_dagrun for example_branch_dop_operator_v3 to 2025-07-16 09:15:00+00:00, run_after=2025-07-16 09:16:00+00:00
[2025-07-16T09:16:55.337+0000] {processor.py:208} INFO - Processing /home/airflow/.local/lib/python3.12/site-packages/airflow/example_dags/example_branch_python_dop_operator_3.py took 0.123 seconds
[2025-07-16T09:17:25.376+0000] {processor.py:186} INFO - Started process (PID=1448) to work on /home/airflow/.local/lib/python3.12/site-packages/airflow/example_dags/example_branch_python_dop_operator_3.py
[2025-07-16T09:17:25.377+0000] {processor.py:914} INFO - Processing file /home/airflow/.local/lib/python3.12/site-packages/airflow/example_dags/example_branch_python_dop_operator_3.py for tasks to queue
[2025-07-16T09:17:25.380+0000] {logging_mixin.py:190} INFO - [2025-07-16T09:17:25.380+0000] {dagbag.py:588} INFO - Filling up the DagBag from /home/airflow/.local/lib/python3.12/site-packages/airflow/example_dags/example_branch_python_dop_operator_3.py
[2025-07-16T09:17:25.386+0000] {processor.py:925} INFO - DAG(s) 'example_branch_dop_operator_v3' retrieved from /home/airflow/.local/lib/python3.12/site-packages/airflow/example_dags/example_branch_python_dop_operator_3.py
[2025-07-16T09:17:25.398+0000] {logging_mixin.py:190} INFO - [2025-07-16T09:17:25.397+0000] {dag.py:3239} INFO - Sync 1 DAGs
[2025-07-16T09:17:25.410+0000] {logging_mixin.py:190} INFO - [2025-07-16T09:17:25.410+0000] {dag.py:4180} INFO - Setting next_dagrun for example_branch_dop_operator_v3 to 2025-07-16 09:16:00+00:00, run_after=2025-07-16 09:17:00+00:00
[2025-07-16T09:17:25.419+0000] {processor.py:208} INFO - Processing /home/airflow/.local/lib/python3.12/site-packages/airflow/example_dags/example_branch_python_dop_operator_3.py took 0.046 seconds
[2025-07-16T09:17:55.969+0000] {processor.py:186} INFO - Started process (PID=1510) to work on /home/airflow/.local/lib/python3.12/site-packages/airflow/example_dags/example_branch_python_dop_operator_3.py
[2025-07-16T09:17:55.970+0000] {processor.py:914} INFO - Processing file /home/airflow/.local/lib/python3.12/site-packages/airflow/example_dags/example_branch_python_dop_operator_3.py for tasks to queue
[2025-07-16T09:17:55.973+0000] {logging_mixin.py:190} INFO - [2025-07-16T09:17:55.973+0000] {dagbag.py:588} INFO - Filling up the DagBag from /home/airflow/.local/lib/python3.12/site-packages/airflow/example_dags/example_branch_python_dop_operator_3.py
[2025-07-16T09:17:55.979+0000] {processor.py:925} INFO - DAG(s) 'example_branch_dop_operator_v3' retrieved from /home/airflow/.local/lib/python3.12/site-packages/airflow/example_dags/example_branch_python_dop_operator_3.py
[2025-07-16T09:17:55.997+0000] {logging_mixin.py:190} INFO - [2025-07-16T09:17:55.997+0000] {dag.py:3239} INFO - Sync 1 DAGs
[2025-07-16T09:17:56.011+0000] {logging_mixin.py:190} INFO - [2025-07-16T09:17:56.011+0000] {dag.py:4180} INFO - Setting next_dagrun for example_branch_dop_operator_v3 to 2025-07-16 09:16:00+00:00, run_after=2025-07-16 09:17:00+00:00
[2025-07-16T09:17:56.023+0000] {processor.py:208} INFO - Processing /home/airflow/.local/lib/python3.12/site-packages/airflow/example_dags/example_branch_python_dop_operator_3.py took 0.057 seconds
[2025-07-16T09:18:26.735+0000] {processor.py:186} INFO - Started process (PID=1572) to work on /home/airflow/.local/lib/python3.12/site-packages/airflow/example_dags/example_branch_python_dop_operator_3.py
[2025-07-16T09:18:26.736+0000] {processor.py:914} INFO - Processing file /home/airflow/.local/lib/python3.12/site-packages/airflow/example_dags/example_branch_python_dop_operator_3.py for tasks to queue
[2025-07-16T09:18:26.738+0000] {logging_mixin.py:190} INFO - [2025-07-16T09:18:26.737+0000] {dagbag.py:588} INFO - Filling up the DagBag from /home/airflow/.local/lib/python3.12/site-packages/airflow/example_dags/example_branch_python_dop_operator_3.py
[2025-07-16T09:18:26.744+0000] {processor.py:925} INFO - DAG(s) 'example_branch_dop_operator_v3' retrieved from /home/airflow/.local/lib/python3.12/site-packages/airflow/example_dags/example_branch_python_dop_operator_3.py
[2025-07-16T09:18:26.754+0000] {logging_mixin.py:190} INFO - [2025-07-16T09:18:26.754+0000] {dag.py:3239} INFO - Sync 1 DAGs
[2025-07-16T09:18:26.767+0000] {logging_mixin.py:190} INFO - [2025-07-16T09:18:26.767+0000] {dag.py:4180} INFO - Setting next_dagrun for example_branch_dop_operator_v3 to 2025-07-16 09:17:00+00:00, run_after=2025-07-16 09:18:00+00:00
[2025-07-16T09:18:26.776+0000] {processor.py:208} INFO - Processing /home/airflow/.local/lib/python3.12/site-packages/airflow/example_dags/example_branch_python_dop_operator_3.py took 0.044 seconds
[2025-07-16T09:18:57.325+0000] {processor.py:186} INFO - Started process (PID=1634) to work on /home/airflow/.local/lib/python3.12/site-packages/airflow/example_dags/example_branch_python_dop_operator_3.py
[2025-07-16T09:18:57.327+0000] {processor.py:914} INFO - Processing file /home/airflow/.local/lib/python3.12/site-packages/airflow/example_dags/example_branch_python_dop_operator_3.py for tasks to queue
[2025-07-16T09:18:57.328+0000] {logging_mixin.py:190} INFO - [2025-07-16T09:18:57.328+0000] {dagbag.py:588} INFO - Filling up the DagBag from /home/airflow/.local/lib/python3.12/site-packages/airflow/example_dags/example_branch_python_dop_operator_3.py
[2025-07-16T09:18:57.333+0000] {processor.py:925} INFO - DAG(s) 'example_branch_dop_operator_v3' retrieved from /home/airflow/.local/lib/python3.12/site-packages/airflow/example_dags/example_branch_python_dop_operator_3.py
[2025-07-16T09:18:57.346+0000] {logging_mixin.py:190} INFO - [2025-07-16T09:18:57.346+0000] {dag.py:3239} INFO - Sync 1 DAGs
[2025-07-16T09:18:57.359+0000] {logging_mixin.py:190} INFO - [2025-07-16T09:18:57.359+0000] {dag.py:4180} INFO - Setting next_dagrun for example_branch_dop_operator_v3 to 2025-07-16 09:17:00+00:00, run_after=2025-07-16 09:18:00+00:00
[2025-07-16T09:18:57.368+0000] {processor.py:208} INFO - Processing /home/airflow/.local/lib/python3.12/site-packages/airflow/example_dags/example_branch_python_dop_operator_3.py took 0.046 seconds
[2025-07-16T09:19:28.120+0000] {processor.py:186} INFO - Started process (PID=1696) to work on /home/airflow/.local/lib/python3.12/site-packages/airflow/example_dags/example_branch_python_dop_operator_3.py
[2025-07-16T09:19:28.121+0000] {processor.py:914} INFO - Processing file /home/airflow/.local/lib/python3.12/site-packages/airflow/example_dags/example_branch_python_dop_operator_3.py for tasks to queue
[2025-07-16T09:19:28.124+0000] {logging_mixin.py:190} INFO - [2025-07-16T09:19:28.124+0000] {dagbag.py:588} INFO - Filling up the DagBag from /home/airflow/.local/lib/python3.12/site-packages/airflow/example_dags/example_branch_python_dop_operator_3.py
[2025-07-16T09:19:28.132+0000] {processor.py:925} INFO - DAG(s) 'example_branch_dop_operator_v3' retrieved from /home/airflow/.local/lib/python3.12/site-packages/airflow/example_dags/example_branch_python_dop_operator_3.py
[2025-07-16T09:19:28.144+0000] {logging_mixin.py:190} INFO - [2025-07-16T09:19:28.144+0000] {dag.py:3239} INFO - Sync 1 DAGs
[2025-07-16T09:19:28.164+0000] {logging_mixin.py:190} INFO - [2025-07-16T09:19:28.164+0000] {dag.py:4180} INFO - Setting next_dagrun for example_branch_dop_operator_v3 to 2025-07-16 09:18:00+00:00, run_after=2025-07-16 09:19:00+00:00
[2025-07-16T09:19:28.175+0000] {processor.py:208} INFO - Processing /home/airflow/.local/lib/python3.12/site-packages/airflow/example_dags/example_branch_python_dop_operator_3.py took 0.058 seconds
[2025-07-16T09:19:59.115+0000] {processor.py:186} INFO - Started process (PID=1758) to work on /home/airflow/.local/lib/python3.12/site-packages/airflow/example_dags/example_branch_python_dop_operator_3.py
[2025-07-16T09:19:59.117+0000] {processor.py:914} INFO - Processing file /home/airflow/.local/lib/python3.12/site-packages/airflow/example_dags/example_branch_python_dop_operator_3.py for tasks to queue
[2025-07-16T09:19:59.119+0000] {logging_mixin.py:190} INFO - [2025-07-16T09:19:59.118+0000] {dagbag.py:588} INFO - Filling up the DagBag from /home/airflow/.local/lib/python3.12/site-packages/airflow/example_dags/example_branch_python_dop_operator_3.py
[2025-07-16T09:19:59.126+0000] {processor.py:925} INFO - DAG(s) 'example_branch_dop_operator_v3' retrieved from /home/airflow/.local/lib/python3.12/site-packages/airflow/example_dags/example_branch_python_dop_operator_3.py
[2025-07-16T09:19:59.138+0000] {logging_mixin.py:190} INFO - [2025-07-16T09:19:59.137+0000] {dag.py:3239} INFO - Sync 1 DAGs
[2025-07-16T09:19:59.151+0000] {logging_mixin.py:190} INFO - [2025-07-16T09:19:59.151+0000] {dag.py:4180} INFO - Setting next_dagrun for example_branch_dop_operator_v3 to 2025-07-16 09:18:00+00:00, run_after=2025-07-16 09:19:00+00:00
[2025-07-16T09:19:59.161+0000] {processor.py:208} INFO - Processing /home/airflow/.local/lib/python3.12/site-packages/airflow/example_dags/example_branch_python_dop_operator_3.py took 0.050 seconds
[2025-07-16T09:20:29.301+0000] {processor.py:186} INFO - Started process (PID=1820) to work on /home/airflow/.local/lib/python3.12/site-packages/airflow/example_dags/example_branch_python_dop_operator_3.py
[2025-07-16T09:20:29.302+0000] {processor.py:914} INFO - Processing file /home/airflow/.local/lib/python3.12/site-packages/airflow/example_dags/example_branch_python_dop_operator_3.py for tasks to queue
[2025-07-16T09:20:29.304+0000] {logging_mixin.py:190} INFO - [2025-07-16T09:20:29.304+0000] {dagbag.py:588} INFO - Filling up the DagBag from /home/airflow/.local/lib/python3.12/site-packages/airflow/example_dags/example_branch_python_dop_operator_3.py
[2025-07-16T09:20:29.310+0000] {processor.py:925} INFO - DAG(s) 'example_branch_dop_operator_v3' retrieved from /home/airflow/.local/lib/python3.12/site-packages/airflow/example_dags/example_branch_python_dop_operator_3.py
[2025-07-16T09:20:29.321+0000] {logging_mixin.py:190} INFO - [2025-07-16T09:20:29.321+0000] {dag.py:3239} INFO - Sync 1 DAGs
[2025-07-16T09:20:29.333+0000] {logging_mixin.py:190} INFO - [2025-07-16T09:20:29.333+0000] {dag.py:4180} INFO - Setting next_dagrun for example_branch_dop_operator_v3 to 2025-07-16 09:19:00+00:00, run_after=2025-07-16 09:20:00+00:00
[2025-07-16T09:20:29.344+0000] {processor.py:208} INFO - Processing /home/airflow/.local/lib/python3.12/site-packages/airflow/example_dags/example_branch_python_dop_operator_3.py took 0.046 seconds
[2025-07-16T09:20:59.741+0000] {processor.py:186} INFO - Started process (PID=1882) to work on /home/airflow/.local/lib/python3.12/site-packages/airflow/example_dags/example_branch_python_dop_operator_3.py
[2025-07-16T09:20:59.742+0000] {processor.py:914} INFO - Processing file /home/airflow/.local/lib/python3.12/site-packages/airflow/example_dags/example_branch_python_dop_operator_3.py for tasks to queue
[2025-07-16T09:20:59.743+0000] {logging_mixin.py:190} INFO - [2025-07-16T09:20:59.743+0000] {dagbag.py:588} INFO - Filling up the DagBag from /home/airflow/.local/lib/python3.12/site-packages/airflow/example_dags/example_branch_python_dop_operator_3.py
[2025-07-16T09:20:59.751+0000] {processor.py:925} INFO - DAG(s) 'example_branch_dop_operator_v3' retrieved from /home/airflow/.local/lib/python3.12/site-packages/airflow/example_dags/example_branch_python_dop_operator_3.py
[2025-07-16T09:20:59.764+0000] {logging_mixin.py:190} INFO - [2025-07-16T09:20:59.764+0000] {dag.py:3239} INFO - Sync 1 DAGs
[2025-07-16T09:20:59.782+0000] {logging_mixin.py:190} INFO - [2025-07-16T09:20:59.781+0000] {dag.py:4180} INFO - Setting next_dagrun for example_branch_dop_operator_v3 to 2025-07-16 09:19:00+00:00, run_after=2025-07-16 09:20:00+00:00
[2025-07-16T09:20:59.791+0000] {processor.py:208} INFO - Processing /home/airflow/.local/lib/python3.12/site-packages/airflow/example_dags/example_branch_python_dop_operator_3.py took 0.055 seconds
[2025-07-16T09:21:30.869+0000] {processor.py:186} INFO - Started process (PID=1943) to work on /home/airflow/.local/lib/python3.12/site-packages/airflow/example_dags/example_branch_python_dop_operator_3.py
[2025-07-16T09:21:30.869+0000] {processor.py:914} INFO - Processing file /home/airflow/.local/lib/python3.12/site-packages/airflow/example_dags/example_branch_python_dop_operator_3.py for tasks to queue
[2025-07-16T09:21:30.871+0000] {logging_mixin.py:190} INFO - [2025-07-16T09:21:30.871+0000] {dagbag.py:588} INFO - Filling up the DagBag from /home/airflow/.local/lib/python3.12/site-packages/airflow/example_dags/example_branch_python_dop_operator_3.py
[2025-07-16T09:21:30.877+0000] {processor.py:925} INFO - DAG(s) 'example_branch_dop_operator_v3' retrieved from /home/airflow/.local/lib/python3.12/site-packages/airflow/example_dags/example_branch_python_dop_operator_3.py
[2025-07-16T09:21:30.893+0000] {logging_mixin.py:190} INFO - [2025-07-16T09:21:30.893+0000] {dag.py:3239} INFO - Sync 1 DAGs
[2025-07-16T09:21:30.910+0000] {logging_mixin.py:190} INFO - [2025-07-16T09:21:30.910+0000] {dag.py:4180} INFO - Setting next_dagrun for example_branch_dop_operator_v3 to 2025-07-16 09:20:00+00:00, run_after=2025-07-16 09:21:00+00:00
[2025-07-16T09:21:30.925+0000] {processor.py:208} INFO - Processing /home/airflow/.local/lib/python3.12/site-packages/airflow/example_dags/example_branch_python_dop_operator_3.py took 0.061 seconds
[2025-07-16T09:22:02.071+0000] {processor.py:186} INFO - Started process (PID=2006) to work on /home/airflow/.local/lib/python3.12/site-packages/airflow/example_dags/example_branch_python_dop_operator_3.py
[2025-07-16T09:22:02.072+0000] {processor.py:914} INFO - Processing file /home/airflow/.local/lib/python3.12/site-packages/airflow/example_dags/example_branch_python_dop_operator_3.py for tasks to queue
[2025-07-16T09:22:02.074+0000] {logging_mixin.py:190} INFO - [2025-07-16T09:22:02.074+0000] {dagbag.py:588} INFO - Filling up the DagBag from /home/airflow/.local/lib/python3.12/site-packages/airflow/example_dags/example_branch_python_dop_operator_3.py
[2025-07-16T09:22:02.081+0000] {processor.py:925} INFO - DAG(s) 'example_branch_dop_operator_v3' retrieved from /home/airflow/.local/lib/python3.12/site-packages/airflow/example_dags/example_branch_python_dop_operator_3.py
[2025-07-16T09:22:02.091+0000] {logging_mixin.py:190} INFO - [2025-07-16T09:22:02.091+0000] {dag.py:3239} INFO - Sync 1 DAGs
[2025-07-16T09:22:02.104+0000] {logging_mixin.py:190} INFO - [2025-07-16T09:22:02.104+0000] {dag.py:4180} INFO - Setting next_dagrun for example_branch_dop_operator_v3 to 2025-07-16 09:21:00+00:00, run_after=2025-07-16 09:22:00+00:00
[2025-07-16T09:22:02.116+0000] {processor.py:208} INFO - Processing /home/airflow/.local/lib/python3.12/site-packages/airflow/example_dags/example_branch_python_dop_operator_3.py took 0.050 seconds
[2025-07-16T09:22:32.306+0000] {processor.py:186} INFO - Started process (PID=2068) to work on /home/airflow/.local/lib/python3.12/site-packages/airflow/example_dags/example_branch_python_dop_operator_3.py
[2025-07-16T09:22:32.307+0000] {processor.py:914} INFO - Processing file /home/airflow/.local/lib/python3.12/site-packages/airflow/example_dags/example_branch_python_dop_operator_3.py for tasks to queue
[2025-07-16T09:22:32.308+0000] {logging_mixin.py:190} INFO - [2025-07-16T09:22:32.308+0000] {dagbag.py:588} INFO - Filling up the DagBag from /home/airflow/.local/lib/python3.12/site-packages/airflow/example_dags/example_branch_python_dop_operator_3.py
[2025-07-16T09:22:32.314+0000] {processor.py:925} INFO - DAG(s) 'example_branch_dop_operator_v3' retrieved from /home/airflow/.local/lib/python3.12/site-packages/airflow/example_dags/example_branch_python_dop_operator_3.py
[2025-07-16T09:22:32.328+0000] {logging_mixin.py:190} INFO - [2025-07-16T09:22:32.328+0000] {dag.py:3239} INFO - Sync 1 DAGs
[2025-07-16T09:22:32.341+0000] {logging_mixin.py:190} INFO - [2025-07-16T09:22:32.341+0000] {dag.py:4180} INFO - Setting next_dagrun for example_branch_dop_operator_v3 to 2025-07-16 09:21:00+00:00, run_after=2025-07-16 09:22:00+00:00
[2025-07-16T09:22:32.350+0000] {processor.py:208} INFO - Processing /home/airflow/.local/lib/python3.12/site-packages/airflow/example_dags/example_branch_python_dop_operator_3.py took 0.046 seconds
[2025-07-16T09:23:03.276+0000] {processor.py:186} INFO - Started process (PID=2129) to work on /home/airflow/.local/lib/python3.12/site-packages/airflow/example_dags/example_branch_python_dop_operator_3.py
[2025-07-16T09:23:03.277+0000] {processor.py:914} INFO - Processing file /home/airflow/.local/lib/python3.12/site-packages/airflow/example_dags/example_branch_python_dop_operator_3.py for tasks to queue
[2025-07-16T09:23:03.278+0000] {logging_mixin.py:190} INFO - [2025-07-16T09:23:03.278+0000] {dagbag.py:588} INFO - Filling up the DagBag from /home/airflow/.local/lib/python3.12/site-packages/airflow/example_dags/example_branch_python_dop_operator_3.py
[2025-07-16T09:23:03.288+0000] {processor.py:925} INFO - DAG(s) 'example_branch_dop_operator_v3' retrieved from /home/airflow/.local/lib/python3.12/site-packages/airflow/example_dags/example_branch_python_dop_operator_3.py
[2025-07-16T09:23:03.307+0000] {logging_mixin.py:190} INFO - [2025-07-16T09:23:03.307+0000] {dag.py:3239} INFO - Sync 1 DAGs
[2025-07-16T09:23:03.319+0000] {logging_mixin.py:190} INFO - [2025-07-16T09:23:03.319+0000] {dag.py:4180} INFO - Setting next_dagrun for example_branch_dop_operator_v3 to 2025-07-16 09:22:00+00:00, run_after=2025-07-16 09:23:00+00:00
[2025-07-16T09:23:03.331+0000] {processor.py:208} INFO - Processing /home/airflow/.local/lib/python3.12/site-packages/airflow/example_dags/example_branch_python_dop_operator_3.py took 0.058 seconds
[2025-07-16T09:23:34.710+0000] {processor.py:186} INFO - Started process (PID=2191) to work on /home/airflow/.local/lib/python3.12/site-packages/airflow/example_dags/example_branch_python_dop_operator_3.py
[2025-07-16T09:23:34.714+0000] {processor.py:914} INFO - Processing file /home/airflow/.local/lib/python3.12/site-packages/airflow/example_dags/example_branch_python_dop_operator_3.py for tasks to queue
[2025-07-16T09:23:34.717+0000] {logging_mixin.py:190} INFO - [2025-07-16T09:23:34.717+0000] {dagbag.py:588} INFO - Filling up the DagBag from /home/airflow/.local/lib/python3.12/site-packages/airflow/example_dags/example_branch_python_dop_operator_3.py
[2025-07-16T09:23:34.735+0000] {processor.py:925} INFO - DAG(s) 'example_branch_dop_operator_v3' retrieved from /home/airflow/.local/lib/python3.12/site-packages/airflow/example_dags/example_branch_python_dop_operator_3.py
[2025-07-16T09:23:34.825+0000] {logging_mixin.py:190} INFO - [2025-07-16T09:23:34.823+0000] {dag.py:3239} INFO - Sync 1 DAGs
[2025-07-16T09:23:35.048+0000] {logging_mixin.py:190} INFO - [2025-07-16T09:23:35.047+0000] {dag.py:4180} INFO - Setting next_dagrun for example_branch_dop_operator_v3 to 2025-07-16 09:22:00+00:00, run_after=2025-07-16 09:23:00+00:00
[2025-07-16T09:23:35.085+0000] {processor.py:208} INFO - Processing /home/airflow/.local/lib/python3.12/site-packages/airflow/example_dags/example_branch_python_dop_operator_3.py took 0.382 seconds
[2025-07-16T09:24:05.571+0000] {processor.py:186} INFO - Started process (PID=2253) to work on /home/airflow/.local/lib/python3.12/site-packages/airflow/example_dags/example_branch_python_dop_operator_3.py
[2025-07-16T09:24:05.574+0000] {processor.py:914} INFO - Processing file /home/airflow/.local/lib/python3.12/site-packages/airflow/example_dags/example_branch_python_dop_operator_3.py for tasks to queue
[2025-07-16T09:24:05.581+0000] {logging_mixin.py:190} INFO - [2025-07-16T09:24:05.581+0000] {dagbag.py:588} INFO - Filling up the DagBag from /home/airflow/.local/lib/python3.12/site-packages/airflow/example_dags/example_branch_python_dop_operator_3.py
[2025-07-16T09:24:05.589+0000] {processor.py:925} INFO - DAG(s) 'example_branch_dop_operator_v3' retrieved from /home/airflow/.local/lib/python3.12/site-packages/airflow/example_dags/example_branch_python_dop_operator_3.py
[2025-07-16T09:24:05.605+0000] {logging_mixin.py:190} INFO - [2025-07-16T09:24:05.604+0000] {dag.py:3239} INFO - Sync 1 DAGs
[2025-07-16T09:24:05.624+0000] {logging_mixin.py:190} INFO - [2025-07-16T09:24:05.624+0000] {dag.py:4180} INFO - Setting next_dagrun for example_branch_dop_operator_v3 to 2025-07-16 09:23:00+00:00, run_after=2025-07-16 09:24:00+00:00
[2025-07-16T09:24:05.639+0000] {processor.py:208} INFO - Processing /home/airflow/.local/lib/python3.12/site-packages/airflow/example_dags/example_branch_python_dop_operator_3.py took 0.074 seconds
[2025-07-16T09:24:35.677+0000] {processor.py:186} INFO - Started process (PID=2314) to work on /home/airflow/.local/lib/python3.12/site-packages/airflow/example_dags/example_branch_python_dop_operator_3.py
[2025-07-16T09:24:35.678+0000] {processor.py:914} INFO - Processing file /home/airflow/.local/lib/python3.12/site-packages/airflow/example_dags/example_branch_python_dop_operator_3.py for tasks to queue
[2025-07-16T09:24:35.681+0000] {logging_mixin.py:190} INFO - [2025-07-16T09:24:35.681+0000] {dagbag.py:588} INFO - Filling up the DagBag from /home/airflow/.local/lib/python3.12/site-packages/airflow/example_dags/example_branch_python_dop_operator_3.py
[2025-07-16T09:24:35.692+0000] {processor.py:925} INFO - DAG(s) 'example_branch_dop_operator_v3' retrieved from /home/airflow/.local/lib/python3.12/site-packages/airflow/example_dags/example_branch_python_dop_operator_3.py
[2025-07-16T09:24:35.714+0000] {logging_mixin.py:190} INFO - [2025-07-16T09:24:35.714+0000] {dag.py:3239} INFO - Sync 1 DAGs
[2025-07-16T09:24:35.740+0000] {logging_mixin.py:190} INFO - [2025-07-16T09:24:35.740+0000] {dag.py:4180} INFO - Setting next_dagrun for example_branch_dop_operator_v3 to 2025-07-16 09:23:00+00:00, run_after=2025-07-16 09:24:00+00:00
[2025-07-16T09:24:35.755+0000] {processor.py:208} INFO - Processing /home/airflow/.local/lib/python3.12/site-packages/airflow/example_dags/example_branch_python_dop_operator_3.py took 0.087 seconds
[2025-07-16T09:25:05.862+0000] {processor.py:186} INFO - Started process (PID=2376) to work on /home/airflow/.local/lib/python3.12/site-packages/airflow/example_dags/example_branch_python_dop_operator_3.py
[2025-07-16T09:25:05.863+0000] {processor.py:914} INFO - Processing file /home/airflow/.local/lib/python3.12/site-packages/airflow/example_dags/example_branch_python_dop_operator_3.py for tasks to queue
[2025-07-16T09:25:05.865+0000] {logging_mixin.py:190} INFO - [2025-07-16T09:25:05.865+0000] {dagbag.py:588} INFO - Filling up the DagBag from /home/airflow/.local/lib/python3.12/site-packages/airflow/example_dags/example_branch_python_dop_operator_3.py
[2025-07-16T09:25:05.872+0000] {processor.py:925} INFO - DAG(s) 'example_branch_dop_operator_v3' retrieved from /home/airflow/.local/lib/python3.12/site-packages/airflow/example_dags/example_branch_python_dop_operator_3.py
[2025-07-16T09:25:05.884+0000] {logging_mixin.py:190} INFO - [2025-07-16T09:25:05.884+0000] {dag.py:3239} INFO - Sync 1 DAGs
[2025-07-16T09:25:05.896+0000] {logging_mixin.py:190} INFO - [2025-07-16T09:25:05.896+0000] {dag.py:4180} INFO - Setting next_dagrun for example_branch_dop_operator_v3 to 2025-07-16 09:24:00+00:00, run_after=2025-07-16 09:25:00+00:00
[2025-07-16T09:25:05.904+0000] {processor.py:208} INFO - Processing /home/airflow/.local/lib/python3.12/site-packages/airflow/example_dags/example_branch_python_dop_operator_3.py took 0.046 seconds
[2025-07-16T09:25:37.160+0000] {processor.py:186} INFO - Started process (PID=2438) to work on /home/airflow/.local/lib/python3.12/site-packages/airflow/example_dags/example_branch_python_dop_operator_3.py
[2025-07-16T09:25:37.161+0000] {processor.py:914} INFO - Processing file /home/airflow/.local/lib/python3.12/site-packages/airflow/example_dags/example_branch_python_dop_operator_3.py for tasks to queue
[2025-07-16T09:25:37.162+0000] {logging_mixin.py:190} INFO - [2025-07-16T09:25:37.162+0000] {dagbag.py:588} INFO - Filling up the DagBag from /home/airflow/.local/lib/python3.12/site-packages/airflow/example_dags/example_branch_python_dop_operator_3.py
[2025-07-16T09:25:37.167+0000] {processor.py:925} INFO - DAG(s) 'example_branch_dop_operator_v3' retrieved from /home/airflow/.local/lib/python3.12/site-packages/airflow/example_dags/example_branch_python_dop_operator_3.py
[2025-07-16T09:25:37.178+0000] {logging_mixin.py:190} INFO - [2025-07-16T09:25:37.177+0000] {dag.py:3239} INFO - Sync 1 DAGs
[2025-07-16T09:25:37.191+0000] {logging_mixin.py:190} INFO - [2025-07-16T09:25:37.191+0000] {dag.py:4180} INFO - Setting next_dagrun for example_branch_dop_operator_v3 to 2025-07-16 09:24:00+00:00, run_after=2025-07-16 09:25:00+00:00
[2025-07-16T09:25:37.199+0000] {processor.py:208} INFO - Processing /home/airflow/.local/lib/python3.12/site-packages/airflow/example_dags/example_branch_python_dop_operator_3.py took 0.043 seconds
[2025-07-16T09:26:07.752+0000] {processor.py:186} INFO - Started process (PID=2500) to work on /home/airflow/.local/lib/python3.12/site-packages/airflow/example_dags/example_branch_python_dop_operator_3.py
[2025-07-16T09:26:07.754+0000] {processor.py:914} INFO - Processing file /home/airflow/.local/lib/python3.12/site-packages/airflow/example_dags/example_branch_python_dop_operator_3.py for tasks to queue
[2025-07-16T09:26:07.755+0000] {logging_mixin.py:190} INFO - [2025-07-16T09:26:07.755+0000] {dagbag.py:588} INFO - Filling up the DagBag from /home/airflow/.local/lib/python3.12/site-packages/airflow/example_dags/example_branch_python_dop_operator_3.py
[2025-07-16T09:26:07.763+0000] {processor.py:925} INFO - DAG(s) 'example_branch_dop_operator_v3' retrieved from /home/airflow/.local/lib/python3.12/site-packages/airflow/example_dags/example_branch_python_dop_operator_3.py
[2025-07-16T09:26:07.778+0000] {logging_mixin.py:190} INFO - [2025-07-16T09:26:07.777+0000] {dag.py:3239} INFO - Sync 1 DAGs
[2025-07-16T09:26:07.793+0000] {logging_mixin.py:190} INFO - [2025-07-16T09:26:07.793+0000] {dag.py:4180} INFO - Setting next_dagrun for example_branch_dop_operator_v3 to 2025-07-16 09:25:00+00:00, run_after=2025-07-16 09:26:00+00:00
[2025-07-16T09:26:07.807+0000] {processor.py:208} INFO - Processing /home/airflow/.local/lib/python3.12/site-packages/airflow/example_dags/example_branch_python_dop_operator_3.py took 0.059 seconds
[2025-07-16T09:26:39.301+0000] {processor.py:186} INFO - Started process (PID=2563) to work on /home/airflow/.local/lib/python3.12/site-packages/airflow/example_dags/example_branch_python_dop_operator_3.py
[2025-07-16T09:26:39.302+0000] {processor.py:914} INFO - Processing file /home/airflow/.local/lib/python3.12/site-packages/airflow/example_dags/example_branch_python_dop_operator_3.py for tasks to queue
[2025-07-16T09:26:39.303+0000] {logging_mixin.py:190} INFO - [2025-07-16T09:26:39.303+0000] {dagbag.py:588} INFO - Filling up the DagBag from /home/airflow/.local/lib/python3.12/site-packages/airflow/example_dags/example_branch_python_dop_operator_3.py
[2025-07-16T09:26:39.310+0000] {processor.py:925} INFO - DAG(s) 'example_branch_dop_operator_v3' retrieved from /home/airflow/.local/lib/python3.12/site-packages/airflow/example_dags/example_branch_python_dop_operator_3.py
[2025-07-16T09:26:39.325+0000] {logging_mixin.py:190} INFO - [2025-07-16T09:26:39.325+0000] {dag.py:3239} INFO - Sync 1 DAGs
[2025-07-16T09:26:39.342+0000] {logging_mixin.py:190} INFO - [2025-07-16T09:26:39.342+0000] {dag.py:4180} INFO - Setting next_dagrun for example_branch_dop_operator_v3 to 2025-07-16 09:25:00+00:00, run_after=2025-07-16 09:26:00+00:00
[2025-07-16T09:26:39.353+0000] {processor.py:208} INFO - Processing /home/airflow/.local/lib/python3.12/site-packages/airflow/example_dags/example_branch_python_dop_operator_3.py took 0.056 seconds
[2025-07-16T09:27:10.536+0000] {processor.py:186} INFO - Started process (PID=2625) to work on /home/airflow/.local/lib/python3.12/site-packages/airflow/example_dags/example_branch_python_dop_operator_3.py
[2025-07-16T09:27:10.537+0000] {processor.py:914} INFO - Processing file /home/airflow/.local/lib/python3.12/site-packages/airflow/example_dags/example_branch_python_dop_operator_3.py for tasks to queue
[2025-07-16T09:27:10.539+0000] {logging_mixin.py:190} INFO - [2025-07-16T09:27:10.538+0000] {dagbag.py:588} INFO - Filling up the DagBag from /home/airflow/.local/lib/python3.12/site-packages/airflow/example_dags/example_branch_python_dop_operator_3.py
[2025-07-16T09:27:10.545+0000] {processor.py:925} INFO - DAG(s) 'example_branch_dop_operator_v3' retrieved from /home/airflow/.local/lib/python3.12/site-packages/airflow/example_dags/example_branch_python_dop_operator_3.py
[2025-07-16T09:27:10.562+0000] {logging_mixin.py:190} INFO - [2025-07-16T09:27:10.561+0000] {dag.py:3239} INFO - Sync 1 DAGs
[2025-07-16T09:27:10.577+0000] {logging_mixin.py:190} INFO - [2025-07-16T09:27:10.577+0000] {dag.py:4180} INFO - Setting next_dagrun for example_branch_dop_operator_v3 to 2025-07-16 09:26:00+00:00, run_after=2025-07-16 09:27:00+00:00
[2025-07-16T09:27:10.588+0000] {processor.py:208} INFO - Processing /home/airflow/.local/lib/python3.12/site-packages/airflow/example_dags/example_branch_python_dop_operator_3.py took 0.055 seconds
[2025-07-16T09:27:41.763+0000] {processor.py:186} INFO - Started process (PID=2692) to work on /home/airflow/.local/lib/python3.12/site-packages/airflow/example_dags/example_branch_python_dop_operator_3.py
[2025-07-16T09:27:41.766+0000] {processor.py:914} INFO - Processing file /home/airflow/.local/lib/python3.12/site-packages/airflow/example_dags/example_branch_python_dop_operator_3.py for tasks to queue
[2025-07-16T09:27:41.767+0000] {logging_mixin.py:190} INFO - [2025-07-16T09:27:41.767+0000] {dagbag.py:588} INFO - Filling up the DagBag from /home/airflow/.local/lib/python3.12/site-packages/airflow/example_dags/example_branch_python_dop_operator_3.py
[2025-07-16T09:27:41.774+0000] {processor.py:925} INFO - DAG(s) 'example_branch_dop_operator_v3' retrieved from /home/airflow/.local/lib/python3.12/site-packages/airflow/example_dags/example_branch_python_dop_operator_3.py
[2025-07-16T09:27:41.786+0000] {logging_mixin.py:190} INFO - [2025-07-16T09:27:41.786+0000] {dag.py:3239} INFO - Sync 1 DAGs
[2025-07-16T09:27:41.799+0000] {logging_mixin.py:190} INFO - [2025-07-16T09:27:41.799+0000] {dag.py:4180} INFO - Setting next_dagrun for example_branch_dop_operator_v3 to 2025-07-16 09:26:00+00:00, run_after=2025-07-16 09:27:00+00:00
[2025-07-16T09:27:41.808+0000] {processor.py:208} INFO - Processing /home/airflow/.local/lib/python3.12/site-packages/airflow/example_dags/example_branch_python_dop_operator_3.py took 0.048 seconds
[2025-07-16T09:28:12.563+0000] {processor.py:186} INFO - Started process (PID=2754) to work on /home/airflow/.local/lib/python3.12/site-packages/airflow/example_dags/example_branch_python_dop_operator_3.py
[2025-07-16T09:28:12.564+0000] {processor.py:914} INFO - Processing file /home/airflow/.local/lib/python3.12/site-packages/airflow/example_dags/example_branch_python_dop_operator_3.py for tasks to queue
[2025-07-16T09:28:12.566+0000] {logging_mixin.py:190} INFO - [2025-07-16T09:28:12.565+0000] {dagbag.py:588} INFO - Filling up the DagBag from /home/airflow/.local/lib/python3.12/site-packages/airflow/example_dags/example_branch_python_dop_operator_3.py
[2025-07-16T09:28:12.572+0000] {processor.py:925} INFO - DAG(s) 'example_branch_dop_operator_v3' retrieved from /home/airflow/.local/lib/python3.12/site-packages/airflow/example_dags/example_branch_python_dop_operator_3.py
[2025-07-16T09:28:12.591+0000] {logging_mixin.py:190} INFO - [2025-07-16T09:28:12.591+0000] {dag.py:3239} INFO - Sync 1 DAGs
[2025-07-16T09:28:12.633+0000] {logging_mixin.py:190} INFO - [2025-07-16T09:28:12.632+0000] {dag.py:4180} INFO - Setting next_dagrun for example_branch_dop_operator_v3 to 2025-07-16 09:27:00+00:00, run_after=2025-07-16 09:28:00+00:00
[2025-07-16T09:28:12.647+0000] {processor.py:208} INFO - Processing /home/airflow/.local/lib/python3.12/site-packages/airflow/example_dags/example_branch_python_dop_operator_3.py took 0.090 seconds
[2025-07-16T09:28:43.292+0000] {processor.py:186} INFO - Started process (PID=2815) to work on /home/airflow/.local/lib/python3.12/site-packages/airflow/example_dags/example_branch_python_dop_operator_3.py
[2025-07-16T09:28:43.293+0000] {processor.py:914} INFO - Processing file /home/airflow/.local/lib/python3.12/site-packages/airflow/example_dags/example_branch_python_dop_operator_3.py for tasks to queue
[2025-07-16T09:28:43.295+0000] {logging_mixin.py:190} INFO - [2025-07-16T09:28:43.295+0000] {dagbag.py:588} INFO - Filling up the DagBag from /home/airflow/.local/lib/python3.12/site-packages/airflow/example_dags/example_branch_python_dop_operator_3.py
[2025-07-16T09:28:43.303+0000] {processor.py:925} INFO - DAG(s) 'example_branch_dop_operator_v3' retrieved from /home/airflow/.local/lib/python3.12/site-packages/airflow/example_dags/example_branch_python_dop_operator_3.py
[2025-07-16T09:28:43.317+0000] {logging_mixin.py:190} INFO - [2025-07-16T09:28:43.317+0000] {dag.py:3239} INFO - Sync 1 DAGs
[2025-07-16T09:28:43.332+0000] {logging_mixin.py:190} INFO - [2025-07-16T09:28:43.332+0000] {dag.py:4180} INFO - Setting next_dagrun for example_branch_dop_operator_v3 to 2025-07-16 09:27:00+00:00, run_after=2025-07-16 09:28:00+00:00
[2025-07-16T09:28:43.343+0000] {processor.py:208} INFO - Processing /home/airflow/.local/lib/python3.12/site-packages/airflow/example_dags/example_branch_python_dop_operator_3.py took 0.055 seconds
[2025-07-16T09:29:15.668+0000] {processor.py:186} INFO - Started process (PID=2877) to work on /home/airflow/.local/lib/python3.12/site-packages/airflow/example_dags/example_branch_python_dop_operator_3.py
[2025-07-16T09:29:15.672+0000] {processor.py:914} INFO - Processing file /home/airflow/.local/lib/python3.12/site-packages/airflow/example_dags/example_branch_python_dop_operator_3.py for tasks to queue
[2025-07-16T09:29:15.674+0000] {logging_mixin.py:190} INFO - [2025-07-16T09:29:15.673+0000] {dagbag.py:588} INFO - Filling up the DagBag from /home/airflow/.local/lib/python3.12/site-packages/airflow/example_dags/example_branch_python_dop_operator_3.py
[2025-07-16T09:29:15.681+0000] {processor.py:925} INFO - DAG(s) 'example_branch_dop_operator_v3' retrieved from /home/airflow/.local/lib/python3.12/site-packages/airflow/example_dags/example_branch_python_dop_operator_3.py
[2025-07-16T09:29:15.693+0000] {logging_mixin.py:190} INFO - [2025-07-16T09:29:15.693+0000] {dag.py:3239} INFO - Sync 1 DAGs
[2025-07-16T09:29:15.710+0000] {logging_mixin.py:190} INFO - [2025-07-16T09:29:15.710+0000] {dag.py:4180} INFO - Setting next_dagrun for example_branch_dop_operator_v3 to 2025-07-16 09:28:00+00:00, run_after=2025-07-16 09:29:00+00:00
[2025-07-16T09:29:15.728+0000] {processor.py:208} INFO - Processing /home/airflow/.local/lib/python3.12/site-packages/airflow/example_dags/example_branch_python_dop_operator_3.py took 0.073 seconds
[2025-07-16T09:29:47.113+0000] {processor.py:186} INFO - Started process (PID=2940) to work on /home/airflow/.local/lib/python3.12/site-packages/airflow/example_dags/example_branch_python_dop_operator_3.py
[2025-07-16T09:29:47.114+0000] {processor.py:914} INFO - Processing file /home/airflow/.local/lib/python3.12/site-packages/airflow/example_dags/example_branch_python_dop_operator_3.py for tasks to queue
[2025-07-16T09:29:47.116+0000] {logging_mixin.py:190} INFO - [2025-07-16T09:29:47.116+0000] {dagbag.py:588} INFO - Filling up the DagBag from /home/airflow/.local/lib/python3.12/site-packages/airflow/example_dags/example_branch_python_dop_operator_3.py
[2025-07-16T09:29:47.122+0000] {processor.py:925} INFO - DAG(s) 'example_branch_dop_operator_v3' retrieved from /home/airflow/.local/lib/python3.12/site-packages/airflow/example_dags/example_branch_python_dop_operator_3.py
[2025-07-16T09:29:47.138+0000] {logging_mixin.py:190} INFO - [2025-07-16T09:29:47.138+0000] {dag.py:3239} INFO - Sync 1 DAGs
[2025-07-16T09:29:47.155+0000] {logging_mixin.py:190} INFO - [2025-07-16T09:29:47.155+0000] {dag.py:4180} INFO - Setting next_dagrun for example_branch_dop_operator_v3 to 2025-07-16 09:28:00+00:00, run_after=2025-07-16 09:29:00+00:00
[2025-07-16T09:29:47.178+0000] {processor.py:208} INFO - Processing /home/airflow/.local/lib/python3.12/site-packages/airflow/example_dags/example_branch_python_dop_operator_3.py took 0.068 seconds
[2025-07-16T09:30:17.970+0000] {processor.py:186} INFO - Started process (PID=3002) to work on /home/airflow/.local/lib/python3.12/site-packages/airflow/example_dags/example_branch_python_dop_operator_3.py
[2025-07-16T09:30:17.971+0000] {processor.py:914} INFO - Processing file /home/airflow/.local/lib/python3.12/site-packages/airflow/example_dags/example_branch_python_dop_operator_3.py for tasks to queue
[2025-07-16T09:30:17.972+0000] {logging_mixin.py:190} INFO - [2025-07-16T09:30:17.972+0000] {dagbag.py:588} INFO - Filling up the DagBag from /home/airflow/.local/lib/python3.12/site-packages/airflow/example_dags/example_branch_python_dop_operator_3.py
[2025-07-16T09:30:17.977+0000] {processor.py:925} INFO - DAG(s) 'example_branch_dop_operator_v3' retrieved from /home/airflow/.local/lib/python3.12/site-packages/airflow/example_dags/example_branch_python_dop_operator_3.py
[2025-07-16T09:30:17.988+0000] {logging_mixin.py:190} INFO - [2025-07-16T09:30:17.988+0000] {dag.py:3239} INFO - Sync 1 DAGs
[2025-07-16T09:30:18.000+0000] {logging_mixin.py:190} INFO - [2025-07-16T09:30:18.000+0000] {dag.py:4180} INFO - Setting next_dagrun for example_branch_dop_operator_v3 to 2025-07-16 09:29:00+00:00, run_after=2025-07-16 09:30:00+00:00
[2025-07-16T09:30:18.007+0000] {processor.py:208} INFO - Processing /home/airflow/.local/lib/python3.12/site-packages/airflow/example_dags/example_branch_python_dop_operator_3.py took 0.040 seconds
[2025-07-16T09:30:48.264+0000] {processor.py:186} INFO - Started process (PID=3064) to work on /home/airflow/.local/lib/python3.12/site-packages/airflow/example_dags/example_branch_python_dop_operator_3.py
[2025-07-16T09:30:48.266+0000] {processor.py:914} INFO - Processing file /home/airflow/.local/lib/python3.12/site-packages/airflow/example_dags/example_branch_python_dop_operator_3.py for tasks to queue
[2025-07-16T09:30:48.267+0000] {logging_mixin.py:190} INFO - [2025-07-16T09:30:48.267+0000] {dagbag.py:588} INFO - Filling up the DagBag from /home/airflow/.local/lib/python3.12/site-packages/airflow/example_dags/example_branch_python_dop_operator_3.py
[2025-07-16T09:30:48.273+0000] {processor.py:925} INFO - DAG(s) 'example_branch_dop_operator_v3' retrieved from /home/airflow/.local/lib/python3.12/site-packages/airflow/example_dags/example_branch_python_dop_operator_3.py
[2025-07-16T09:30:48.285+0000] {logging_mixin.py:190} INFO - [2025-07-16T09:30:48.285+0000] {dag.py:3239} INFO - Sync 1 DAGs
[2025-07-16T09:30:48.298+0000] {logging_mixin.py:190} INFO - [2025-07-16T09:30:48.297+0000] {dag.py:4180} INFO - Setting next_dagrun for example_branch_dop_operator_v3 to 2025-07-16 09:29:00+00:00, run_after=2025-07-16 09:30:00+00:00
[2025-07-16T09:30:48.311+0000] {processor.py:208} INFO - Processing /home/airflow/.local/lib/python3.12/site-packages/airflow/example_dags/example_branch_python_dop_operator_3.py took 0.050 seconds
[2025-07-16T09:31:22.406+0000] {processor.py:186} INFO - Started process (PID=3124) to work on /home/airflow/.local/lib/python3.12/site-packages/airflow/example_dags/example_branch_python_dop_operator_3.py
[2025-07-16T09:31:22.407+0000] {processor.py:914} INFO - Processing file /home/airflow/.local/lib/python3.12/site-packages/airflow/example_dags/example_branch_python_dop_operator_3.py for tasks to queue
[2025-07-16T09:31:22.408+0000] {logging_mixin.py:190} INFO - [2025-07-16T09:31:22.408+0000] {dagbag.py:588} INFO - Filling up the DagBag from /home/airflow/.local/lib/python3.12/site-packages/airflow/example_dags/example_branch_python_dop_operator_3.py
[2025-07-16T09:31:22.417+0000] {processor.py:925} INFO - DAG(s) 'example_branch_dop_operator_v3' retrieved from /home/airflow/.local/lib/python3.12/site-packages/airflow/example_dags/example_branch_python_dop_operator_3.py
[2025-07-16T09:31:22.440+0000] {logging_mixin.py:190} INFO - [2025-07-16T09:31:22.440+0000] {dag.py:3239} INFO - Sync 1 DAGs
[2025-07-16T09:31:22.463+0000] {logging_mixin.py:190} INFO - [2025-07-16T09:31:22.463+0000] {dag.py:4180} INFO - Setting next_dagrun for example_branch_dop_operator_v3 to 2025-07-16 09:30:00+00:00, run_after=2025-07-16 09:31:00+00:00
[2025-07-16T09:31:22.478+0000] {processor.py:208} INFO - Processing /home/airflow/.local/lib/python3.12/site-packages/airflow/example_dags/example_branch_python_dop_operator_3.py took 0.077 seconds
[2025-07-16T09:31:53.550+0000] {processor.py:186} INFO - Started process (PID=3186) to work on /home/airflow/.local/lib/python3.12/site-packages/airflow/example_dags/example_branch_python_dop_operator_3.py
[2025-07-16T09:31:53.552+0000] {processor.py:914} INFO - Processing file /home/airflow/.local/lib/python3.12/site-packages/airflow/example_dags/example_branch_python_dop_operator_3.py for tasks to queue
[2025-07-16T09:31:53.554+0000] {logging_mixin.py:190} INFO - [2025-07-16T09:31:53.554+0000] {dagbag.py:588} INFO - Filling up the DagBag from /home/airflow/.local/lib/python3.12/site-packages/airflow/example_dags/example_branch_python_dop_operator_3.py
[2025-07-16T09:31:53.560+0000] {processor.py:925} INFO - DAG(s) 'example_branch_dop_operator_v3' retrieved from /home/airflow/.local/lib/python3.12/site-packages/airflow/example_dags/example_branch_python_dop_operator_3.py
[2025-07-16T09:31:53.583+0000] {logging_mixin.py:190} INFO - [2025-07-16T09:31:53.583+0000] {dag.py:3239} INFO - Sync 1 DAGs
[2025-07-16T09:31:53.600+0000] {logging_mixin.py:190} INFO - [2025-07-16T09:31:53.600+0000] {dag.py:4180} INFO - Setting next_dagrun for example_branch_dop_operator_v3 to 2025-07-16 09:30:00+00:00, run_after=2025-07-16 09:31:00+00:00
[2025-07-16T09:31:53.611+0000] {processor.py:208} INFO - Processing /home/airflow/.local/lib/python3.12/site-packages/airflow/example_dags/example_branch_python_dop_operator_3.py took 0.068 seconds
[2025-07-16T09:32:23.897+0000] {processor.py:186} INFO - Started process (PID=3248) to work on /home/airflow/.local/lib/python3.12/site-packages/airflow/example_dags/example_branch_python_dop_operator_3.py
[2025-07-16T09:32:23.899+0000] {processor.py:914} INFO - Processing file /home/airflow/.local/lib/python3.12/site-packages/airflow/example_dags/example_branch_python_dop_operator_3.py for tasks to queue
[2025-07-16T09:32:23.901+0000] {logging_mixin.py:190} INFO - [2025-07-16T09:32:23.901+0000] {dagbag.py:588} INFO - Filling up the DagBag from /home/airflow/.local/lib/python3.12/site-packages/airflow/example_dags/example_branch_python_dop_operator_3.py
[2025-07-16T09:32:23.915+0000] {processor.py:925} INFO - DAG(s) 'example_branch_dop_operator_v3' retrieved from /home/airflow/.local/lib/python3.12/site-packages/airflow/example_dags/example_branch_python_dop_operator_3.py
[2025-07-16T09:32:23.935+0000] {logging_mixin.py:190} INFO - [2025-07-16T09:32:23.935+0000] {dag.py:3239} INFO - Sync 1 DAGs
[2025-07-16T09:32:23.958+0000] {logging_mixin.py:190} INFO - [2025-07-16T09:32:23.958+0000] {dag.py:4180} INFO - Setting next_dagrun for example_branch_dop_operator_v3 to 2025-07-16 09:31:00+00:00, run_after=2025-07-16 09:32:00+00:00
[2025-07-16T09:32:23.974+0000] {processor.py:208} INFO - Processing /home/airflow/.local/lib/python3.12/site-packages/airflow/example_dags/example_branch_python_dop_operator_3.py took 0.086 seconds
[2025-07-16T09:32:54.945+0000] {processor.py:186} INFO - Started process (PID=3309) to work on /home/airflow/.local/lib/python3.12/site-packages/airflow/example_dags/example_branch_python_dop_operator_3.py
[2025-07-16T09:32:54.948+0000] {processor.py:914} INFO - Processing file /home/airflow/.local/lib/python3.12/site-packages/airflow/example_dags/example_branch_python_dop_operator_3.py for tasks to queue
[2025-07-16T09:32:54.952+0000] {logging_mixin.py:190} INFO - [2025-07-16T09:32:54.951+0000] {dagbag.py:588} INFO - Filling up the DagBag from /home/airflow/.local/lib/python3.12/site-packages/airflow/example_dags/example_branch_python_dop_operator_3.py
[2025-07-16T09:32:54.971+0000] {processor.py:925} INFO - DAG(s) 'example_branch_dop_operator_v3' retrieved from /home/airflow/.local/lib/python3.12/site-packages/airflow/example_dags/example_branch_python_dop_operator_3.py
[2025-07-16T09:32:55.021+0000] {logging_mixin.py:190} INFO - [2025-07-16T09:32:55.020+0000] {dag.py:3239} INFO - Sync 1 DAGs
[2025-07-16T09:32:55.419+0000] {logging_mixin.py:190} INFO - [2025-07-16T09:32:55.419+0000] {dag.py:4180} INFO - Setting next_dagrun for example_branch_dop_operator_v3 to 2025-07-16 09:31:00+00:00, run_after=2025-07-16 09:32:00+00:00
[2025-07-16T09:32:55.451+0000] {processor.py:208} INFO - Processing /home/airflow/.local/lib/python3.12/site-packages/airflow/example_dags/example_branch_python_dop_operator_3.py took 0.523 seconds
