[2025-07-16T09:06:10.546+0000] {processor.py:186} INFO - Started process (PID=78) to work on /home/airflow/.local/lib/python3.12/site-packages/airflow/example_dags/example_sla_dag.py
[2025-07-16T09:06:10.549+0000] {processor.py:914} INFO - Processing file /home/airflow/.local/lib/python3.12/site-packages/airflow/example_dags/example_sla_dag.py for tasks to queue
[2025-07-16T09:06:10.555+0000] {logging_mixin.py:190} INFO - [2025-07-16T09:06:10.554+0000] {dagbag.py:588} INFO - Filling up the DagBag from /home/airflow/.local/lib/python3.12/site-packages/airflow/example_dags/example_sla_dag.py
[2025-07-16T09:06:10.587+0000] {processor.py:925} INFO - DAG(s) 'example_sla_dag' retrieved from /home/airflow/.local/lib/python3.12/site-packages/airflow/example_dags/example_sla_dag.py
[2025-07-16T09:06:10.623+0000] {logging_mixin.py:190} INFO - [2025-07-16T09:06:10.623+0000] {dag.py:3239} INFO - Sync 1 DAGs
[2025-07-16T09:06:10.646+0000] {logging_mixin.py:190} INFO - [2025-07-16T09:06:10.645+0000] {dag.py:4180} INFO - Setting next_dagrun for example_sla_dag to 2025-07-16 09:04:00+00:00, run_after=2025-07-16 09:06:00+00:00
[2025-07-16T09:06:10.672+0000] {processor.py:208} INFO - Processing /home/airflow/.local/lib/python3.12/site-packages/airflow/example_dags/example_sla_dag.py took 0.144 seconds
[2025-07-16T09:06:40.818+0000] {processor.py:186} INFO - Started process (PID=139) to work on /home/airflow/.local/lib/python3.12/site-packages/airflow/example_dags/example_sla_dag.py
[2025-07-16T09:06:40.818+0000] {processor.py:914} INFO - Processing file /home/airflow/.local/lib/python3.12/site-packages/airflow/example_dags/example_sla_dag.py for tasks to queue
[2025-07-16T09:06:40.820+0000] {logging_mixin.py:190} INFO - [2025-07-16T09:06:40.820+0000] {dagbag.py:588} INFO - Filling up the DagBag from /home/airflow/.local/lib/python3.12/site-packages/airflow/example_dags/example_sla_dag.py
[2025-07-16T09:06:40.825+0000] {processor.py:925} INFO - DAG(s) 'example_sla_dag' retrieved from /home/airflow/.local/lib/python3.12/site-packages/airflow/example_dags/example_sla_dag.py
[2025-07-16T09:06:40.841+0000] {logging_mixin.py:190} INFO - [2025-07-16T09:06:40.841+0000] {dag.py:3239} INFO - Sync 1 DAGs
[2025-07-16T09:06:40.852+0000] {logging_mixin.py:190} INFO - [2025-07-16T09:06:40.852+0000] {dag.py:4180} INFO - Setting next_dagrun for example_sla_dag to 2025-07-16 09:04:00+00:00, run_after=2025-07-16 09:06:00+00:00
[2025-07-16T09:06:40.860+0000] {processor.py:208} INFO - Processing /home/airflow/.local/lib/python3.12/site-packages/airflow/example_dags/example_sla_dag.py took 0.046 seconds
[2025-07-16T09:07:11.511+0000] {processor.py:186} INFO - Started process (PID=202) to work on /home/airflow/.local/lib/python3.12/site-packages/airflow/example_dags/example_sla_dag.py
[2025-07-16T09:07:11.517+0000] {processor.py:914} INFO - Processing file /home/airflow/.local/lib/python3.12/site-packages/airflow/example_dags/example_sla_dag.py for tasks to queue
[2025-07-16T09:07:11.520+0000] {logging_mixin.py:190} INFO - [2025-07-16T09:07:11.520+0000] {dagbag.py:588} INFO - Filling up the DagBag from /home/airflow/.local/lib/python3.12/site-packages/airflow/example_dags/example_sla_dag.py
[2025-07-16T09:07:11.526+0000] {processor.py:925} INFO - DAG(s) 'example_sla_dag' retrieved from /home/airflow/.local/lib/python3.12/site-packages/airflow/example_dags/example_sla_dag.py
[2025-07-16T09:07:11.544+0000] {logging_mixin.py:190} INFO - [2025-07-16T09:07:11.544+0000] {dag.py:3239} INFO - Sync 1 DAGs
[2025-07-16T09:07:11.556+0000] {logging_mixin.py:190} INFO - [2025-07-16T09:07:11.555+0000] {dag.py:4180} INFO - Setting next_dagrun for example_sla_dag to 2025-07-16 09:04:00+00:00, run_after=2025-07-16 09:06:00+00:00
[2025-07-16T09:07:11.563+0000] {processor.py:208} INFO - Processing /home/airflow/.local/lib/python3.12/site-packages/airflow/example_dags/example_sla_dag.py took 0.056 seconds
[2025-07-16T09:07:42.420+0000] {processor.py:186} INFO - Started process (PID=264) to work on /home/airflow/.local/lib/python3.12/site-packages/airflow/example_dags/example_sla_dag.py
[2025-07-16T09:07:42.421+0000] {processor.py:914} INFO - Processing file /home/airflow/.local/lib/python3.12/site-packages/airflow/example_dags/example_sla_dag.py for tasks to queue
[2025-07-16T09:07:42.422+0000] {logging_mixin.py:190} INFO - [2025-07-16T09:07:42.422+0000] {dagbag.py:588} INFO - Filling up the DagBag from /home/airflow/.local/lib/python3.12/site-packages/airflow/example_dags/example_sla_dag.py
[2025-07-16T09:07:42.428+0000] {processor.py:925} INFO - DAG(s) 'example_sla_dag' retrieved from /home/airflow/.local/lib/python3.12/site-packages/airflow/example_dags/example_sla_dag.py
[2025-07-16T09:07:42.439+0000] {logging_mixin.py:190} INFO - [2025-07-16T09:07:42.439+0000] {dag.py:3239} INFO - Sync 1 DAGs
[2025-07-16T09:07:42.454+0000] {logging_mixin.py:190} INFO - [2025-07-16T09:07:42.453+0000] {dag.py:4180} INFO - Setting next_dagrun for example_sla_dag to 2025-07-16 09:04:00+00:00, run_after=2025-07-16 09:06:00+00:00
[2025-07-16T09:07:42.463+0000] {processor.py:208} INFO - Processing /home/airflow/.local/lib/python3.12/site-packages/airflow/example_dags/example_sla_dag.py took 0.047 seconds
[2025-07-16T09:08:13.343+0000] {processor.py:186} INFO - Started process (PID=326) to work on /home/airflow/.local/lib/python3.12/site-packages/airflow/example_dags/example_sla_dag.py
[2025-07-16T09:08:13.345+0000] {processor.py:914} INFO - Processing file /home/airflow/.local/lib/python3.12/site-packages/airflow/example_dags/example_sla_dag.py for tasks to queue
[2025-07-16T09:08:13.347+0000] {logging_mixin.py:190} INFO - [2025-07-16T09:08:13.347+0000] {dagbag.py:588} INFO - Filling up the DagBag from /home/airflow/.local/lib/python3.12/site-packages/airflow/example_dags/example_sla_dag.py
[2025-07-16T09:08:13.353+0000] {processor.py:925} INFO - DAG(s) 'example_sla_dag' retrieved from /home/airflow/.local/lib/python3.12/site-packages/airflow/example_dags/example_sla_dag.py
[2025-07-16T09:08:13.371+0000] {logging_mixin.py:190} INFO - [2025-07-16T09:08:13.370+0000] {dag.py:3239} INFO - Sync 1 DAGs
[2025-07-16T09:08:13.383+0000] {logging_mixin.py:190} INFO - [2025-07-16T09:08:13.383+0000] {dag.py:4180} INFO - Setting next_dagrun for example_sla_dag to 2025-07-16 09:06:00+00:00, run_after=2025-07-16 09:08:00+00:00
[2025-07-16T09:08:13.392+0000] {processor.py:208} INFO - Processing /home/airflow/.local/lib/python3.12/site-packages/airflow/example_dags/example_sla_dag.py took 0.053 seconds
[2025-07-16T09:08:43.976+0000] {processor.py:186} INFO - Started process (PID=387) to work on /home/airflow/.local/lib/python3.12/site-packages/airflow/example_dags/example_sla_dag.py
[2025-07-16T09:08:43.977+0000] {processor.py:914} INFO - Processing file /home/airflow/.local/lib/python3.12/site-packages/airflow/example_dags/example_sla_dag.py for tasks to queue
[2025-07-16T09:08:43.978+0000] {logging_mixin.py:190} INFO - [2025-07-16T09:08:43.978+0000] {dagbag.py:588} INFO - Filling up the DagBag from /home/airflow/.local/lib/python3.12/site-packages/airflow/example_dags/example_sla_dag.py
[2025-07-16T09:08:43.983+0000] {processor.py:925} INFO - DAG(s) 'example_sla_dag' retrieved from /home/airflow/.local/lib/python3.12/site-packages/airflow/example_dags/example_sla_dag.py
[2025-07-16T09:08:43.993+0000] {logging_mixin.py:190} INFO - [2025-07-16T09:08:43.992+0000] {dag.py:3239} INFO - Sync 1 DAGs
[2025-07-16T09:08:44.005+0000] {logging_mixin.py:190} INFO - [2025-07-16T09:08:44.005+0000] {dag.py:4180} INFO - Setting next_dagrun for example_sla_dag to 2025-07-16 09:06:00+00:00, run_after=2025-07-16 09:08:00+00:00
[2025-07-16T09:08:44.013+0000] {processor.py:208} INFO - Processing /home/airflow/.local/lib/python3.12/site-packages/airflow/example_dags/example_sla_dag.py took 0.040 seconds
[2025-07-16T09:09:14.590+0000] {processor.py:186} INFO - Started process (PID=449) to work on /home/airflow/.local/lib/python3.12/site-packages/airflow/example_dags/example_sla_dag.py
[2025-07-16T09:09:14.591+0000] {processor.py:914} INFO - Processing file /home/airflow/.local/lib/python3.12/site-packages/airflow/example_dags/example_sla_dag.py for tasks to queue
[2025-07-16T09:09:14.593+0000] {logging_mixin.py:190} INFO - [2025-07-16T09:09:14.593+0000] {dagbag.py:588} INFO - Filling up the DagBag from /home/airflow/.local/lib/python3.12/site-packages/airflow/example_dags/example_sla_dag.py
[2025-07-16T09:09:14.598+0000] {processor.py:925} INFO - DAG(s) 'example_sla_dag' retrieved from /home/airflow/.local/lib/python3.12/site-packages/airflow/example_dags/example_sla_dag.py
[2025-07-16T09:09:14.609+0000] {logging_mixin.py:190} INFO - [2025-07-16T09:09:14.609+0000] {dag.py:3239} INFO - Sync 1 DAGs
[2025-07-16T09:09:14.622+0000] {logging_mixin.py:190} INFO - [2025-07-16T09:09:14.622+0000] {dag.py:4180} INFO - Setting next_dagrun for example_sla_dag to 2025-07-16 09:06:00+00:00, run_after=2025-07-16 09:08:00+00:00
[2025-07-16T09:09:14.635+0000] {processor.py:208} INFO - Processing /home/airflow/.local/lib/python3.12/site-packages/airflow/example_dags/example_sla_dag.py took 0.048 seconds
[2025-07-16T09:09:45.152+0000] {processor.py:186} INFO - Started process (PID=511) to work on /home/airflow/.local/lib/python3.12/site-packages/airflow/example_dags/example_sla_dag.py
[2025-07-16T09:09:45.153+0000] {processor.py:914} INFO - Processing file /home/airflow/.local/lib/python3.12/site-packages/airflow/example_dags/example_sla_dag.py for tasks to queue
[2025-07-16T09:09:45.155+0000] {logging_mixin.py:190} INFO - [2025-07-16T09:09:45.155+0000] {dagbag.py:588} INFO - Filling up the DagBag from /home/airflow/.local/lib/python3.12/site-packages/airflow/example_dags/example_sla_dag.py
[2025-07-16T09:09:45.163+0000] {processor.py:925} INFO - DAG(s) 'example_sla_dag' retrieved from /home/airflow/.local/lib/python3.12/site-packages/airflow/example_dags/example_sla_dag.py
[2025-07-16T09:09:45.173+0000] {logging_mixin.py:190} INFO - [2025-07-16T09:09:45.172+0000] {dag.py:3239} INFO - Sync 1 DAGs
[2025-07-16T09:09:45.187+0000] {logging_mixin.py:190} INFO - [2025-07-16T09:09:45.187+0000] {dag.py:4180} INFO - Setting next_dagrun for example_sla_dag to 2025-07-16 09:06:00+00:00, run_after=2025-07-16 09:08:00+00:00
[2025-07-16T09:09:45.195+0000] {processor.py:208} INFO - Processing /home/airflow/.local/lib/python3.12/site-packages/airflow/example_dags/example_sla_dag.py took 0.045 seconds
[2025-07-16T09:10:15.700+0000] {processor.py:186} INFO - Started process (PID=573) to work on /home/airflow/.local/lib/python3.12/site-packages/airflow/example_dags/example_sla_dag.py
[2025-07-16T09:10:15.701+0000] {processor.py:914} INFO - Processing file /home/airflow/.local/lib/python3.12/site-packages/airflow/example_dags/example_sla_dag.py for tasks to queue
[2025-07-16T09:10:15.703+0000] {logging_mixin.py:190} INFO - [2025-07-16T09:10:15.703+0000] {dagbag.py:588} INFO - Filling up the DagBag from /home/airflow/.local/lib/python3.12/site-packages/airflow/example_dags/example_sla_dag.py
[2025-07-16T09:10:15.709+0000] {processor.py:925} INFO - DAG(s) 'example_sla_dag' retrieved from /home/airflow/.local/lib/python3.12/site-packages/airflow/example_dags/example_sla_dag.py
[2025-07-16T09:10:15.728+0000] {logging_mixin.py:190} INFO - [2025-07-16T09:10:15.728+0000] {dag.py:3239} INFO - Sync 1 DAGs
[2025-07-16T09:10:15.742+0000] {logging_mixin.py:190} INFO - [2025-07-16T09:10:15.741+0000] {dag.py:4180} INFO - Setting next_dagrun for example_sla_dag to 2025-07-16 09:08:00+00:00, run_after=2025-07-16 09:10:00+00:00
[2025-07-16T09:10:15.757+0000] {processor.py:208} INFO - Processing /home/airflow/.local/lib/python3.12/site-packages/airflow/example_dags/example_sla_dag.py took 0.060 seconds
[2025-07-16T09:10:46.454+0000] {processor.py:186} INFO - Started process (PID=636) to work on /home/airflow/.local/lib/python3.12/site-packages/airflow/example_dags/example_sla_dag.py
[2025-07-16T09:10:46.455+0000] {processor.py:914} INFO - Processing file /home/airflow/.local/lib/python3.12/site-packages/airflow/example_dags/example_sla_dag.py for tasks to queue
[2025-07-16T09:10:46.457+0000] {logging_mixin.py:190} INFO - [2025-07-16T09:10:46.457+0000] {dagbag.py:588} INFO - Filling up the DagBag from /home/airflow/.local/lib/python3.12/site-packages/airflow/example_dags/example_sla_dag.py
[2025-07-16T09:10:46.462+0000] {processor.py:925} INFO - DAG(s) 'example_sla_dag' retrieved from /home/airflow/.local/lib/python3.12/site-packages/airflow/example_dags/example_sla_dag.py
[2025-07-16T09:10:46.472+0000] {logging_mixin.py:190} INFO - [2025-07-16T09:10:46.472+0000] {dag.py:3239} INFO - Sync 1 DAGs
[2025-07-16T09:10:46.484+0000] {logging_mixin.py:190} INFO - [2025-07-16T09:10:46.484+0000] {dag.py:4180} INFO - Setting next_dagrun for example_sla_dag to 2025-07-16 09:08:00+00:00, run_after=2025-07-16 09:10:00+00:00
[2025-07-16T09:10:46.492+0000] {processor.py:208} INFO - Processing /home/airflow/.local/lib/python3.12/site-packages/airflow/example_dags/example_sla_dag.py took 0.041 seconds
[2025-07-16T09:11:17.207+0000] {processor.py:186} INFO - Started process (PID=698) to work on /home/airflow/.local/lib/python3.12/site-packages/airflow/example_dags/example_sla_dag.py
[2025-07-16T09:11:17.208+0000] {processor.py:914} INFO - Processing file /home/airflow/.local/lib/python3.12/site-packages/airflow/example_dags/example_sla_dag.py for tasks to queue
[2025-07-16T09:11:17.210+0000] {logging_mixin.py:190} INFO - [2025-07-16T09:11:17.210+0000] {dagbag.py:588} INFO - Filling up the DagBag from /home/airflow/.local/lib/python3.12/site-packages/airflow/example_dags/example_sla_dag.py
[2025-07-16T09:11:17.221+0000] {processor.py:925} INFO - DAG(s) 'example_sla_dag' retrieved from /home/airflow/.local/lib/python3.12/site-packages/airflow/example_dags/example_sla_dag.py
[2025-07-16T09:11:17.239+0000] {logging_mixin.py:190} INFO - [2025-07-16T09:11:17.239+0000] {dag.py:3239} INFO - Sync 1 DAGs
[2025-07-16T09:11:17.251+0000] {logging_mixin.py:190} INFO - [2025-07-16T09:11:17.251+0000] {dag.py:4180} INFO - Setting next_dagrun for example_sla_dag to 2025-07-16 09:08:00+00:00, run_after=2025-07-16 09:10:00+00:00
[2025-07-16T09:11:17.260+0000] {processor.py:208} INFO - Processing /home/airflow/.local/lib/python3.12/site-packages/airflow/example_dags/example_sla_dag.py took 0.056 seconds
[2025-07-16T09:11:47.828+0000] {processor.py:186} INFO - Started process (PID=759) to work on /home/airflow/.local/lib/python3.12/site-packages/airflow/example_dags/example_sla_dag.py
[2025-07-16T09:11:47.831+0000] {processor.py:914} INFO - Processing file /home/airflow/.local/lib/python3.12/site-packages/airflow/example_dags/example_sla_dag.py for tasks to queue
[2025-07-16T09:11:47.834+0000] {logging_mixin.py:190} INFO - [2025-07-16T09:11:47.834+0000] {dagbag.py:588} INFO - Filling up the DagBag from /home/airflow/.local/lib/python3.12/site-packages/airflow/example_dags/example_sla_dag.py
[2025-07-16T09:11:47.840+0000] {processor.py:925} INFO - DAG(s) 'example_sla_dag' retrieved from /home/airflow/.local/lib/python3.12/site-packages/airflow/example_dags/example_sla_dag.py
[2025-07-16T09:11:47.859+0000] {logging_mixin.py:190} INFO - [2025-07-16T09:11:47.859+0000] {dag.py:3239} INFO - Sync 1 DAGs
[2025-07-16T09:11:47.875+0000] {logging_mixin.py:190} INFO - [2025-07-16T09:11:47.874+0000] {dag.py:4180} INFO - Setting next_dagrun for example_sla_dag to 2025-07-16 09:08:00+00:00, run_after=2025-07-16 09:10:00+00:00
[2025-07-16T09:11:47.886+0000] {processor.py:208} INFO - Processing /home/airflow/.local/lib/python3.12/site-packages/airflow/example_dags/example_sla_dag.py took 0.061 seconds
[2025-07-16T09:12:18.428+0000] {processor.py:186} INFO - Started process (PID=821) to work on /home/airflow/.local/lib/python3.12/site-packages/airflow/example_dags/example_sla_dag.py
[2025-07-16T09:12:18.432+0000] {processor.py:914} INFO - Processing file /home/airflow/.local/lib/python3.12/site-packages/airflow/example_dags/example_sla_dag.py for tasks to queue
[2025-07-16T09:12:18.435+0000] {logging_mixin.py:190} INFO - [2025-07-16T09:12:18.434+0000] {dagbag.py:588} INFO - Filling up the DagBag from /home/airflow/.local/lib/python3.12/site-packages/airflow/example_dags/example_sla_dag.py
[2025-07-16T09:12:18.440+0000] {processor.py:925} INFO - DAG(s) 'example_sla_dag' retrieved from /home/airflow/.local/lib/python3.12/site-packages/airflow/example_dags/example_sla_dag.py
[2025-07-16T09:12:18.456+0000] {logging_mixin.py:190} INFO - [2025-07-16T09:12:18.456+0000] {dag.py:3239} INFO - Sync 1 DAGs
[2025-07-16T09:12:18.469+0000] {logging_mixin.py:190} INFO - [2025-07-16T09:12:18.469+0000] {dag.py:4180} INFO - Setting next_dagrun for example_sla_dag to 2025-07-16 09:10:00+00:00, run_after=2025-07-16 09:12:00+00:00
[2025-07-16T09:12:18.480+0000] {processor.py:208} INFO - Processing /home/airflow/.local/lib/python3.12/site-packages/airflow/example_dags/example_sla_dag.py took 0.055 seconds
[2025-07-16T09:12:48.915+0000] {processor.py:186} INFO - Started process (PID=883) to work on /home/airflow/.local/lib/python3.12/site-packages/airflow/example_dags/example_sla_dag.py
[2025-07-16T09:12:48.918+0000] {processor.py:914} INFO - Processing file /home/airflow/.local/lib/python3.12/site-packages/airflow/example_dags/example_sla_dag.py for tasks to queue
[2025-07-16T09:12:48.919+0000] {logging_mixin.py:190} INFO - [2025-07-16T09:12:48.919+0000] {dagbag.py:588} INFO - Filling up the DagBag from /home/airflow/.local/lib/python3.12/site-packages/airflow/example_dags/example_sla_dag.py
[2025-07-16T09:12:48.926+0000] {processor.py:925} INFO - DAG(s) 'example_sla_dag' retrieved from /home/airflow/.local/lib/python3.12/site-packages/airflow/example_dags/example_sla_dag.py
[2025-07-16T09:12:48.937+0000] {logging_mixin.py:190} INFO - [2025-07-16T09:12:48.937+0000] {dag.py:3239} INFO - Sync 1 DAGs
[2025-07-16T09:12:48.957+0000] {logging_mixin.py:190} INFO - [2025-07-16T09:12:48.957+0000] {dag.py:4180} INFO - Setting next_dagrun for example_sla_dag to 2025-07-16 09:10:00+00:00, run_after=2025-07-16 09:12:00+00:00
[2025-07-16T09:12:48.974+0000] {processor.py:208} INFO - Processing /home/airflow/.local/lib/python3.12/site-packages/airflow/example_dags/example_sla_dag.py took 0.062 seconds
[2025-07-16T09:13:20.043+0000] {processor.py:186} INFO - Started process (PID=946) to work on /home/airflow/.local/lib/python3.12/site-packages/airflow/example_dags/example_sla_dag.py
[2025-07-16T09:13:20.044+0000] {processor.py:914} INFO - Processing file /home/airflow/.local/lib/python3.12/site-packages/airflow/example_dags/example_sla_dag.py for tasks to queue
[2025-07-16T09:13:20.045+0000] {logging_mixin.py:190} INFO - [2025-07-16T09:13:20.045+0000] {dagbag.py:588} INFO - Filling up the DagBag from /home/airflow/.local/lib/python3.12/site-packages/airflow/example_dags/example_sla_dag.py
[2025-07-16T09:13:20.051+0000] {processor.py:925} INFO - DAG(s) 'example_sla_dag' retrieved from /home/airflow/.local/lib/python3.12/site-packages/airflow/example_dags/example_sla_dag.py
[2025-07-16T09:13:20.063+0000] {logging_mixin.py:190} INFO - [2025-07-16T09:13:20.063+0000] {dag.py:3239} INFO - Sync 1 DAGs
[2025-07-16T09:13:20.077+0000] {logging_mixin.py:190} INFO - [2025-07-16T09:13:20.077+0000] {dag.py:4180} INFO - Setting next_dagrun for example_sla_dag to 2025-07-16 09:10:00+00:00, run_after=2025-07-16 09:12:00+00:00
[2025-07-16T09:13:20.087+0000] {processor.py:208} INFO - Processing /home/airflow/.local/lib/python3.12/site-packages/airflow/example_dags/example_sla_dag.py took 0.049 seconds
[2025-07-16T09:13:50.744+0000] {processor.py:186} INFO - Started process (PID=1008) to work on /home/airflow/.local/lib/python3.12/site-packages/airflow/example_dags/example_sla_dag.py
[2025-07-16T09:13:50.746+0000] {processor.py:914} INFO - Processing file /home/airflow/.local/lib/python3.12/site-packages/airflow/example_dags/example_sla_dag.py for tasks to queue
[2025-07-16T09:13:50.749+0000] {logging_mixin.py:190} INFO - [2025-07-16T09:13:50.748+0000] {dagbag.py:588} INFO - Filling up the DagBag from /home/airflow/.local/lib/python3.12/site-packages/airflow/example_dags/example_sla_dag.py
[2025-07-16T09:13:50.754+0000] {processor.py:925} INFO - DAG(s) 'example_sla_dag' retrieved from /home/airflow/.local/lib/python3.12/site-packages/airflow/example_dags/example_sla_dag.py
[2025-07-16T09:13:50.767+0000] {logging_mixin.py:190} INFO - [2025-07-16T09:13:50.767+0000] {dag.py:3239} INFO - Sync 1 DAGs
[2025-07-16T09:13:50.783+0000] {logging_mixin.py:190} INFO - [2025-07-16T09:13:50.783+0000] {dag.py:4180} INFO - Setting next_dagrun for example_sla_dag to 2025-07-16 09:10:00+00:00, run_after=2025-07-16 09:12:00+00:00
[2025-07-16T09:13:50.792+0000] {processor.py:208} INFO - Processing /home/airflow/.local/lib/python3.12/site-packages/airflow/example_dags/example_sla_dag.py took 0.051 seconds
[2025-07-16T09:14:21.030+0000] {processor.py:186} INFO - Started process (PID=1070) to work on /home/airflow/.local/lib/python3.12/site-packages/airflow/example_dags/example_sla_dag.py
[2025-07-16T09:14:21.030+0000] {processor.py:914} INFO - Processing file /home/airflow/.local/lib/python3.12/site-packages/airflow/example_dags/example_sla_dag.py for tasks to queue
[2025-07-16T09:14:21.032+0000] {logging_mixin.py:190} INFO - [2025-07-16T09:14:21.031+0000] {dagbag.py:588} INFO - Filling up the DagBag from /home/airflow/.local/lib/python3.12/site-packages/airflow/example_dags/example_sla_dag.py
[2025-07-16T09:14:21.037+0000] {processor.py:925} INFO - DAG(s) 'example_sla_dag' retrieved from /home/airflow/.local/lib/python3.12/site-packages/airflow/example_dags/example_sla_dag.py
[2025-07-16T09:14:21.050+0000] {logging_mixin.py:190} INFO - [2025-07-16T09:14:21.049+0000] {dag.py:3239} INFO - Sync 1 DAGs
[2025-07-16T09:14:21.061+0000] {logging_mixin.py:190} INFO - [2025-07-16T09:14:21.061+0000] {dag.py:4180} INFO - Setting next_dagrun for example_sla_dag to 2025-07-16 09:12:00+00:00, run_after=2025-07-16 09:14:00+00:00
[2025-07-16T09:14:21.069+0000] {processor.py:208} INFO - Processing /home/airflow/.local/lib/python3.12/site-packages/airflow/example_dags/example_sla_dag.py took 0.042 seconds
[2025-07-16T09:14:51.529+0000] {processor.py:186} INFO - Started process (PID=1131) to work on /home/airflow/.local/lib/python3.12/site-packages/airflow/example_dags/example_sla_dag.py
[2025-07-16T09:14:51.530+0000] {processor.py:914} INFO - Processing file /home/airflow/.local/lib/python3.12/site-packages/airflow/example_dags/example_sla_dag.py for tasks to queue
[2025-07-16T09:14:51.531+0000] {logging_mixin.py:190} INFO - [2025-07-16T09:14:51.531+0000] {dagbag.py:588} INFO - Filling up the DagBag from /home/airflow/.local/lib/python3.12/site-packages/airflow/example_dags/example_sla_dag.py
[2025-07-16T09:14:51.536+0000] {processor.py:925} INFO - DAG(s) 'example_sla_dag' retrieved from /home/airflow/.local/lib/python3.12/site-packages/airflow/example_dags/example_sla_dag.py
[2025-07-16T09:14:51.545+0000] {logging_mixin.py:190} INFO - [2025-07-16T09:14:51.545+0000] {dag.py:3239} INFO - Sync 1 DAGs
[2025-07-16T09:14:51.556+0000] {logging_mixin.py:190} INFO - [2025-07-16T09:14:51.556+0000] {dag.py:4180} INFO - Setting next_dagrun for example_sla_dag to 2025-07-16 09:12:00+00:00, run_after=2025-07-16 09:14:00+00:00
[2025-07-16T09:14:51.565+0000] {processor.py:208} INFO - Processing /home/airflow/.local/lib/python3.12/site-packages/airflow/example_dags/example_sla_dag.py took 0.038 seconds
[2025-07-16T09:15:22.650+0000] {processor.py:186} INFO - Started process (PID=1194) to work on /home/airflow/.local/lib/python3.12/site-packages/airflow/example_dags/example_sla_dag.py
[2025-07-16T09:15:22.652+0000] {processor.py:914} INFO - Processing file /home/airflow/.local/lib/python3.12/site-packages/airflow/example_dags/example_sla_dag.py for tasks to queue
[2025-07-16T09:15:22.654+0000] {logging_mixin.py:190} INFO - [2025-07-16T09:15:22.654+0000] {dagbag.py:588} INFO - Filling up the DagBag from /home/airflow/.local/lib/python3.12/site-packages/airflow/example_dags/example_sla_dag.py
[2025-07-16T09:15:22.660+0000] {processor.py:925} INFO - DAG(s) 'example_sla_dag' retrieved from /home/airflow/.local/lib/python3.12/site-packages/airflow/example_dags/example_sla_dag.py
[2025-07-16T09:15:22.679+0000] {logging_mixin.py:190} INFO - [2025-07-16T09:15:22.679+0000] {dag.py:3239} INFO - Sync 1 DAGs
[2025-07-16T09:15:22.691+0000] {logging_mixin.py:190} INFO - [2025-07-16T09:15:22.690+0000] {dag.py:4180} INFO - Setting next_dagrun for example_sla_dag to 2025-07-16 09:12:00+00:00, run_after=2025-07-16 09:14:00+00:00
[2025-07-16T09:15:22.699+0000] {processor.py:208} INFO - Processing /home/airflow/.local/lib/python3.12/site-packages/airflow/example_dags/example_sla_dag.py took 0.051 seconds
[2025-07-16T09:15:53.599+0000] {processor.py:186} INFO - Started process (PID=1256) to work on /home/airflow/.local/lib/python3.12/site-packages/airflow/example_dags/example_sla_dag.py
[2025-07-16T09:15:53.601+0000] {processor.py:914} INFO - Processing file /home/airflow/.local/lib/python3.12/site-packages/airflow/example_dags/example_sla_dag.py for tasks to queue
[2025-07-16T09:15:53.602+0000] {logging_mixin.py:190} INFO - [2025-07-16T09:15:53.602+0000] {dagbag.py:588} INFO - Filling up the DagBag from /home/airflow/.local/lib/python3.12/site-packages/airflow/example_dags/example_sla_dag.py
[2025-07-16T09:15:53.614+0000] {processor.py:925} INFO - DAG(s) 'example_sla_dag' retrieved from /home/airflow/.local/lib/python3.12/site-packages/airflow/example_dags/example_sla_dag.py
[2025-07-16T09:15:53.628+0000] {logging_mixin.py:190} INFO - [2025-07-16T09:15:53.628+0000] {dag.py:3239} INFO - Sync 1 DAGs
[2025-07-16T09:15:53.642+0000] {logging_mixin.py:190} INFO - [2025-07-16T09:15:53.642+0000] {dag.py:4180} INFO - Setting next_dagrun for example_sla_dag to 2025-07-16 09:12:00+00:00, run_after=2025-07-16 09:14:00+00:00
[2025-07-16T09:15:53.651+0000] {processor.py:208} INFO - Processing /home/airflow/.local/lib/python3.12/site-packages/airflow/example_dags/example_sla_dag.py took 0.056 seconds
[2025-07-16T09:16:24.657+0000] {processor.py:186} INFO - Started process (PID=1318) to work on /home/airflow/.local/lib/python3.12/site-packages/airflow/example_dags/example_sla_dag.py
[2025-07-16T09:16:24.661+0000] {processor.py:914} INFO - Processing file /home/airflow/.local/lib/python3.12/site-packages/airflow/example_dags/example_sla_dag.py for tasks to queue
[2025-07-16T09:16:24.663+0000] {logging_mixin.py:190} INFO - [2025-07-16T09:16:24.663+0000] {dagbag.py:588} INFO - Filling up the DagBag from /home/airflow/.local/lib/python3.12/site-packages/airflow/example_dags/example_sla_dag.py
[2025-07-16T09:16:24.672+0000] {processor.py:925} INFO - DAG(s) 'example_sla_dag' retrieved from /home/airflow/.local/lib/python3.12/site-packages/airflow/example_dags/example_sla_dag.py
[2025-07-16T09:16:24.748+0000] {logging_mixin.py:190} INFO - [2025-07-16T09:16:24.748+0000] {dag.py:3239} INFO - Sync 1 DAGs
[2025-07-16T09:16:24.770+0000] {logging_mixin.py:190} INFO - [2025-07-16T09:16:24.770+0000] {dag.py:4180} INFO - Setting next_dagrun for example_sla_dag to 2025-07-16 09:14:00+00:00, run_after=2025-07-16 09:16:00+00:00
[2025-07-16T09:16:24.784+0000] {processor.py:208} INFO - Processing /home/airflow/.local/lib/python3.12/site-packages/airflow/example_dags/example_sla_dag.py took 0.131 seconds
[2025-07-16T09:16:54.851+0000] {processor.py:186} INFO - Started process (PID=1379) to work on /home/airflow/.local/lib/python3.12/site-packages/airflow/example_dags/example_sla_dag.py
[2025-07-16T09:16:54.851+0000] {processor.py:914} INFO - Processing file /home/airflow/.local/lib/python3.12/site-packages/airflow/example_dags/example_sla_dag.py for tasks to queue
[2025-07-16T09:16:54.852+0000] {logging_mixin.py:190} INFO - [2025-07-16T09:16:54.852+0000] {dagbag.py:588} INFO - Filling up the DagBag from /home/airflow/.local/lib/python3.12/site-packages/airflow/example_dags/example_sla_dag.py
[2025-07-16T09:16:54.857+0000] {processor.py:925} INFO - DAG(s) 'example_sla_dag' retrieved from /home/airflow/.local/lib/python3.12/site-packages/airflow/example_dags/example_sla_dag.py
[2025-07-16T09:16:54.866+0000] {logging_mixin.py:190} INFO - [2025-07-16T09:16:54.865+0000] {dag.py:3239} INFO - Sync 1 DAGs
[2025-07-16T09:16:54.876+0000] {logging_mixin.py:190} INFO - [2025-07-16T09:16:54.876+0000] {dag.py:4180} INFO - Setting next_dagrun for example_sla_dag to 2025-07-16 09:14:00+00:00, run_after=2025-07-16 09:16:00+00:00
[2025-07-16T09:16:54.883+0000] {processor.py:208} INFO - Processing /home/airflow/.local/lib/python3.12/site-packages/airflow/example_dags/example_sla_dag.py took 0.035 seconds
[2025-07-16T09:17:25.129+0000] {processor.py:186} INFO - Started process (PID=1441) to work on /home/airflow/.local/lib/python3.12/site-packages/airflow/example_dags/example_sla_dag.py
[2025-07-16T09:17:25.131+0000] {processor.py:914} INFO - Processing file /home/airflow/.local/lib/python3.12/site-packages/airflow/example_dags/example_sla_dag.py for tasks to queue
[2025-07-16T09:17:25.132+0000] {logging_mixin.py:190} INFO - [2025-07-16T09:17:25.132+0000] {dagbag.py:588} INFO - Filling up the DagBag from /home/airflow/.local/lib/python3.12/site-packages/airflow/example_dags/example_sla_dag.py
[2025-07-16T09:17:25.137+0000] {processor.py:925} INFO - DAG(s) 'example_sla_dag' retrieved from /home/airflow/.local/lib/python3.12/site-packages/airflow/example_dags/example_sla_dag.py
[2025-07-16T09:17:25.149+0000] {logging_mixin.py:190} INFO - [2025-07-16T09:17:25.148+0000] {dag.py:3239} INFO - Sync 1 DAGs
[2025-07-16T09:17:25.164+0000] {logging_mixin.py:190} INFO - [2025-07-16T09:17:25.164+0000] {dag.py:4180} INFO - Setting next_dagrun for example_sla_dag to 2025-07-16 09:14:00+00:00, run_after=2025-07-16 09:16:00+00:00
[2025-07-16T09:17:25.175+0000] {processor.py:208} INFO - Processing /home/airflow/.local/lib/python3.12/site-packages/airflow/example_dags/example_sla_dag.py took 0.049 seconds
[2025-07-16T09:17:55.628+0000] {processor.py:186} INFO - Started process (PID=1503) to work on /home/airflow/.local/lib/python3.12/site-packages/airflow/example_dags/example_sla_dag.py
[2025-07-16T09:17:55.629+0000] {processor.py:914} INFO - Processing file /home/airflow/.local/lib/python3.12/site-packages/airflow/example_dags/example_sla_dag.py for tasks to queue
[2025-07-16T09:17:55.631+0000] {logging_mixin.py:190} INFO - [2025-07-16T09:17:55.631+0000] {dagbag.py:588} INFO - Filling up the DagBag from /home/airflow/.local/lib/python3.12/site-packages/airflow/example_dags/example_sla_dag.py
[2025-07-16T09:17:55.637+0000] {processor.py:925} INFO - DAG(s) 'example_sla_dag' retrieved from /home/airflow/.local/lib/python3.12/site-packages/airflow/example_dags/example_sla_dag.py
[2025-07-16T09:17:55.650+0000] {logging_mixin.py:190} INFO - [2025-07-16T09:17:55.650+0000] {dag.py:3239} INFO - Sync 1 DAGs
[2025-07-16T09:17:55.665+0000] {logging_mixin.py:190} INFO - [2025-07-16T09:17:55.664+0000] {dag.py:4180} INFO - Setting next_dagrun for example_sla_dag to 2025-07-16 09:14:00+00:00, run_after=2025-07-16 09:16:00+00:00
[2025-07-16T09:17:55.681+0000] {processor.py:208} INFO - Processing /home/airflow/.local/lib/python3.12/site-packages/airflow/example_dags/example_sla_dag.py took 0.057 seconds
[2025-07-16T09:18:26.452+0000] {processor.py:186} INFO - Started process (PID=1566) to work on /home/airflow/.local/lib/python3.12/site-packages/airflow/example_dags/example_sla_dag.py
[2025-07-16T09:18:26.453+0000] {processor.py:914} INFO - Processing file /home/airflow/.local/lib/python3.12/site-packages/airflow/example_dags/example_sla_dag.py for tasks to queue
[2025-07-16T09:18:26.455+0000] {logging_mixin.py:190} INFO - [2025-07-16T09:18:26.454+0000] {dagbag.py:588} INFO - Filling up the DagBag from /home/airflow/.local/lib/python3.12/site-packages/airflow/example_dags/example_sla_dag.py
[2025-07-16T09:18:26.461+0000] {processor.py:925} INFO - DAG(s) 'example_sla_dag' retrieved from /home/airflow/.local/lib/python3.12/site-packages/airflow/example_dags/example_sla_dag.py
[2025-07-16T09:18:26.475+0000] {logging_mixin.py:190} INFO - [2025-07-16T09:18:26.475+0000] {dag.py:3239} INFO - Sync 1 DAGs
[2025-07-16T09:18:26.487+0000] {logging_mixin.py:190} INFO - [2025-07-16T09:18:26.487+0000] {dag.py:4180} INFO - Setting next_dagrun for example_sla_dag to 2025-07-16 09:16:00+00:00, run_after=2025-07-16 09:18:00+00:00
[2025-07-16T09:18:26.495+0000] {processor.py:208} INFO - Processing /home/airflow/.local/lib/python3.12/site-packages/airflow/example_dags/example_sla_dag.py took 0.046 seconds
[2025-07-16T09:18:57.113+0000] {processor.py:186} INFO - Started process (PID=1628) to work on /home/airflow/.local/lib/python3.12/site-packages/airflow/example_dags/example_sla_dag.py
[2025-07-16T09:18:57.115+0000] {processor.py:914} INFO - Processing file /home/airflow/.local/lib/python3.12/site-packages/airflow/example_dags/example_sla_dag.py for tasks to queue
[2025-07-16T09:18:57.117+0000] {logging_mixin.py:190} INFO - [2025-07-16T09:18:57.117+0000] {dagbag.py:588} INFO - Filling up the DagBag from /home/airflow/.local/lib/python3.12/site-packages/airflow/example_dags/example_sla_dag.py
[2025-07-16T09:18:57.123+0000] {processor.py:925} INFO - DAG(s) 'example_sla_dag' retrieved from /home/airflow/.local/lib/python3.12/site-packages/airflow/example_dags/example_sla_dag.py
[2025-07-16T09:18:57.134+0000] {logging_mixin.py:190} INFO - [2025-07-16T09:18:57.133+0000] {dag.py:3239} INFO - Sync 1 DAGs
[2025-07-16T09:18:57.146+0000] {logging_mixin.py:190} INFO - [2025-07-16T09:18:57.146+0000] {dag.py:4180} INFO - Setting next_dagrun for example_sla_dag to 2025-07-16 09:16:00+00:00, run_after=2025-07-16 09:18:00+00:00
[2025-07-16T09:18:57.154+0000] {processor.py:208} INFO - Processing /home/airflow/.local/lib/python3.12/site-packages/airflow/example_dags/example_sla_dag.py took 0.044 seconds
[2025-07-16T09:19:27.862+0000] {processor.py:186} INFO - Started process (PID=1690) to work on /home/airflow/.local/lib/python3.12/site-packages/airflow/example_dags/example_sla_dag.py
[2025-07-16T09:19:27.863+0000] {processor.py:914} INFO - Processing file /home/airflow/.local/lib/python3.12/site-packages/airflow/example_dags/example_sla_dag.py for tasks to queue
[2025-07-16T09:19:27.865+0000] {logging_mixin.py:190} INFO - [2025-07-16T09:19:27.864+0000] {dagbag.py:588} INFO - Filling up the DagBag from /home/airflow/.local/lib/python3.12/site-packages/airflow/example_dags/example_sla_dag.py
[2025-07-16T09:19:27.870+0000] {processor.py:925} INFO - DAG(s) 'example_sla_dag' retrieved from /home/airflow/.local/lib/python3.12/site-packages/airflow/example_dags/example_sla_dag.py
[2025-07-16T09:19:27.882+0000] {logging_mixin.py:190} INFO - [2025-07-16T09:19:27.882+0000] {dag.py:3239} INFO - Sync 1 DAGs
[2025-07-16T09:19:27.896+0000] {logging_mixin.py:190} INFO - [2025-07-16T09:19:27.896+0000] {dag.py:4180} INFO - Setting next_dagrun for example_sla_dag to 2025-07-16 09:16:00+00:00, run_after=2025-07-16 09:18:00+00:00
[2025-07-16T09:19:27.906+0000] {processor.py:208} INFO - Processing /home/airflow/.local/lib/python3.12/site-packages/airflow/example_dags/example_sla_dag.py took 0.047 seconds
[2025-07-16T09:19:58.823+0000] {processor.py:186} INFO - Started process (PID=1752) to work on /home/airflow/.local/lib/python3.12/site-packages/airflow/example_dags/example_sla_dag.py
[2025-07-16T09:19:58.824+0000] {processor.py:914} INFO - Processing file /home/airflow/.local/lib/python3.12/site-packages/airflow/example_dags/example_sla_dag.py for tasks to queue
[2025-07-16T09:19:58.826+0000] {logging_mixin.py:190} INFO - [2025-07-16T09:19:58.825+0000] {dagbag.py:588} INFO - Filling up the DagBag from /home/airflow/.local/lib/python3.12/site-packages/airflow/example_dags/example_sla_dag.py
[2025-07-16T09:19:58.832+0000] {processor.py:925} INFO - DAG(s) 'example_sla_dag' retrieved from /home/airflow/.local/lib/python3.12/site-packages/airflow/example_dags/example_sla_dag.py
[2025-07-16T09:19:58.844+0000] {logging_mixin.py:190} INFO - [2025-07-16T09:19:58.844+0000] {dag.py:3239} INFO - Sync 1 DAGs
[2025-07-16T09:19:58.860+0000] {logging_mixin.py:190} INFO - [2025-07-16T09:19:58.860+0000] {dag.py:4180} INFO - Setting next_dagrun for example_sla_dag to 2025-07-16 09:16:00+00:00, run_after=2025-07-16 09:18:00+00:00
[2025-07-16T09:19:58.869+0000] {processor.py:208} INFO - Processing /home/airflow/.local/lib/python3.12/site-packages/airflow/example_dags/example_sla_dag.py took 0.050 seconds
[2025-07-16T09:20:29.040+0000] {processor.py:186} INFO - Started process (PID=1814) to work on /home/airflow/.local/lib/python3.12/site-packages/airflow/example_dags/example_sla_dag.py
[2025-07-16T09:20:29.041+0000] {processor.py:914} INFO - Processing file /home/airflow/.local/lib/python3.12/site-packages/airflow/example_dags/example_sla_dag.py for tasks to queue
[2025-07-16T09:20:29.045+0000] {logging_mixin.py:190} INFO - [2025-07-16T09:20:29.044+0000] {dagbag.py:588} INFO - Filling up the DagBag from /home/airflow/.local/lib/python3.12/site-packages/airflow/example_dags/example_sla_dag.py
[2025-07-16T09:20:29.050+0000] {processor.py:925} INFO - DAG(s) 'example_sla_dag' retrieved from /home/airflow/.local/lib/python3.12/site-packages/airflow/example_dags/example_sla_dag.py
[2025-07-16T09:20:29.062+0000] {logging_mixin.py:190} INFO - [2025-07-16T09:20:29.062+0000] {dag.py:3239} INFO - Sync 1 DAGs
[2025-07-16T09:20:29.083+0000] {logging_mixin.py:190} INFO - [2025-07-16T09:20:29.083+0000] {dag.py:4180} INFO - Setting next_dagrun for example_sla_dag to 2025-07-16 09:18:00+00:00, run_after=2025-07-16 09:20:00+00:00
[2025-07-16T09:20:29.094+0000] {processor.py:208} INFO - Processing /home/airflow/.local/lib/python3.12/site-packages/airflow/example_dags/example_sla_dag.py took 0.057 seconds
[2025-07-16T09:20:59.335+0000] {processor.py:186} INFO - Started process (PID=1875) to work on /home/airflow/.local/lib/python3.12/site-packages/airflow/example_dags/example_sla_dag.py
[2025-07-16T09:20:59.336+0000] {processor.py:914} INFO - Processing file /home/airflow/.local/lib/python3.12/site-packages/airflow/example_dags/example_sla_dag.py for tasks to queue
[2025-07-16T09:20:59.337+0000] {logging_mixin.py:190} INFO - [2025-07-16T09:20:59.337+0000] {dagbag.py:588} INFO - Filling up the DagBag from /home/airflow/.local/lib/python3.12/site-packages/airflow/example_dags/example_sla_dag.py
[2025-07-16T09:20:59.343+0000] {processor.py:925} INFO - DAG(s) 'example_sla_dag' retrieved from /home/airflow/.local/lib/python3.12/site-packages/airflow/example_dags/example_sla_dag.py
[2025-07-16T09:20:59.356+0000] {logging_mixin.py:190} INFO - [2025-07-16T09:20:59.356+0000] {dag.py:3239} INFO - Sync 1 DAGs
[2025-07-16T09:20:59.370+0000] {logging_mixin.py:190} INFO - [2025-07-16T09:20:59.370+0000] {dag.py:4180} INFO - Setting next_dagrun for example_sla_dag to 2025-07-16 09:18:00+00:00, run_after=2025-07-16 09:20:00+00:00
[2025-07-16T09:20:59.384+0000] {processor.py:208} INFO - Processing /home/airflow/.local/lib/python3.12/site-packages/airflow/example_dags/example_sla_dag.py took 0.053 seconds
[2025-07-16T09:21:30.605+0000] {processor.py:186} INFO - Started process (PID=1937) to work on /home/airflow/.local/lib/python3.12/site-packages/airflow/example_dags/example_sla_dag.py
[2025-07-16T09:21:30.608+0000] {processor.py:914} INFO - Processing file /home/airflow/.local/lib/python3.12/site-packages/airflow/example_dags/example_sla_dag.py for tasks to queue
[2025-07-16T09:21:30.610+0000] {logging_mixin.py:190} INFO - [2025-07-16T09:21:30.610+0000] {dagbag.py:588} INFO - Filling up the DagBag from /home/airflow/.local/lib/python3.12/site-packages/airflow/example_dags/example_sla_dag.py
[2025-07-16T09:21:30.618+0000] {processor.py:925} INFO - DAG(s) 'example_sla_dag' retrieved from /home/airflow/.local/lib/python3.12/site-packages/airflow/example_dags/example_sla_dag.py
[2025-07-16T09:21:30.656+0000] {logging_mixin.py:190} INFO - [2025-07-16T09:21:30.655+0000] {dag.py:3239} INFO - Sync 1 DAGs
[2025-07-16T09:21:30.688+0000] {logging_mixin.py:190} INFO - [2025-07-16T09:21:30.688+0000] {dag.py:4180} INFO - Setting next_dagrun for example_sla_dag to 2025-07-16 09:18:00+00:00, run_after=2025-07-16 09:20:00+00:00
[2025-07-16T09:21:30.702+0000] {processor.py:208} INFO - Processing /home/airflow/.local/lib/python3.12/site-packages/airflow/example_dags/example_sla_dag.py took 0.109 seconds
[2025-07-16T09:22:01.661+0000] {processor.py:186} INFO - Started process (PID=2000) to work on /home/airflow/.local/lib/python3.12/site-packages/airflow/example_dags/example_sla_dag.py
[2025-07-16T09:22:01.663+0000] {processor.py:914} INFO - Processing file /home/airflow/.local/lib/python3.12/site-packages/airflow/example_dags/example_sla_dag.py for tasks to queue
[2025-07-16T09:22:01.665+0000] {logging_mixin.py:190} INFO - [2025-07-16T09:22:01.665+0000] {dagbag.py:588} INFO - Filling up the DagBag from /home/airflow/.local/lib/python3.12/site-packages/airflow/example_dags/example_sla_dag.py
[2025-07-16T09:22:01.674+0000] {processor.py:925} INFO - DAG(s) 'example_sla_dag' retrieved from /home/airflow/.local/lib/python3.12/site-packages/airflow/example_dags/example_sla_dag.py
[2025-07-16T09:22:01.691+0000] {logging_mixin.py:190} INFO - [2025-07-16T09:22:01.691+0000] {dag.py:3239} INFO - Sync 1 DAGs
[2025-07-16T09:22:01.705+0000] {logging_mixin.py:190} INFO - [2025-07-16T09:22:01.705+0000] {dag.py:4180} INFO - Setting next_dagrun for example_sla_dag to 2025-07-16 09:20:00+00:00, run_after=2025-07-16 09:22:00+00:00
[2025-07-16T09:22:01.718+0000] {processor.py:208} INFO - Processing /home/airflow/.local/lib/python3.12/site-packages/airflow/example_dags/example_sla_dag.py took 0.060 seconds
[2025-07-16T09:22:32.021+0000] {processor.py:186} INFO - Started process (PID=2061) to work on /home/airflow/.local/lib/python3.12/site-packages/airflow/example_dags/example_sla_dag.py
[2025-07-16T09:22:32.022+0000] {processor.py:914} INFO - Processing file /home/airflow/.local/lib/python3.12/site-packages/airflow/example_dags/example_sla_dag.py for tasks to queue
[2025-07-16T09:22:32.026+0000] {logging_mixin.py:190} INFO - [2025-07-16T09:22:32.026+0000] {dagbag.py:588} INFO - Filling up the DagBag from /home/airflow/.local/lib/python3.12/site-packages/airflow/example_dags/example_sla_dag.py
[2025-07-16T09:22:32.032+0000] {processor.py:925} INFO - DAG(s) 'example_sla_dag' retrieved from /home/airflow/.local/lib/python3.12/site-packages/airflow/example_dags/example_sla_dag.py
[2025-07-16T09:22:32.043+0000] {logging_mixin.py:190} INFO - [2025-07-16T09:22:32.042+0000] {dag.py:3239} INFO - Sync 1 DAGs
[2025-07-16T09:22:32.059+0000] {logging_mixin.py:190} INFO - [2025-07-16T09:22:32.058+0000] {dag.py:4180} INFO - Setting next_dagrun for example_sla_dag to 2025-07-16 09:20:00+00:00, run_after=2025-07-16 09:22:00+00:00
[2025-07-16T09:22:32.076+0000] {processor.py:208} INFO - Processing /home/airflow/.local/lib/python3.12/site-packages/airflow/example_dags/example_sla_dag.py took 0.059 seconds
[2025-07-16T09:23:03.036+0000] {processor.py:186} INFO - Started process (PID=2123) to work on /home/airflow/.local/lib/python3.12/site-packages/airflow/example_dags/example_sla_dag.py
[2025-07-16T09:23:03.037+0000] {processor.py:914} INFO - Processing file /home/airflow/.local/lib/python3.12/site-packages/airflow/example_dags/example_sla_dag.py for tasks to queue
[2025-07-16T09:23:03.039+0000] {logging_mixin.py:190} INFO - [2025-07-16T09:23:03.039+0000] {dagbag.py:588} INFO - Filling up the DagBag from /home/airflow/.local/lib/python3.12/site-packages/airflow/example_dags/example_sla_dag.py
[2025-07-16T09:23:03.044+0000] {processor.py:925} INFO - DAG(s) 'example_sla_dag' retrieved from /home/airflow/.local/lib/python3.12/site-packages/airflow/example_dags/example_sla_dag.py
[2025-07-16T09:23:03.054+0000] {logging_mixin.py:190} INFO - [2025-07-16T09:23:03.054+0000] {dag.py:3239} INFO - Sync 1 DAGs
[2025-07-16T09:23:03.066+0000] {logging_mixin.py:190} INFO - [2025-07-16T09:23:03.065+0000] {dag.py:4180} INFO - Setting next_dagrun for example_sla_dag to 2025-07-16 09:20:00+00:00, run_after=2025-07-16 09:22:00+00:00
[2025-07-16T09:23:03.074+0000] {processor.py:208} INFO - Processing /home/airflow/.local/lib/python3.12/site-packages/airflow/example_dags/example_sla_dag.py took 0.042 seconds
[2025-07-16T09:23:34.001+0000] {processor.py:186} INFO - Started process (PID=2185) to work on /home/airflow/.local/lib/python3.12/site-packages/airflow/example_dags/example_sla_dag.py
[2025-07-16T09:23:34.002+0000] {processor.py:914} INFO - Processing file /home/airflow/.local/lib/python3.12/site-packages/airflow/example_dags/example_sla_dag.py for tasks to queue
[2025-07-16T09:23:34.004+0000] {logging_mixin.py:190} INFO - [2025-07-16T09:23:34.004+0000] {dagbag.py:588} INFO - Filling up the DagBag from /home/airflow/.local/lib/python3.12/site-packages/airflow/example_dags/example_sla_dag.py
[2025-07-16T09:23:34.014+0000] {processor.py:925} INFO - DAG(s) 'example_sla_dag' retrieved from /home/airflow/.local/lib/python3.12/site-packages/airflow/example_dags/example_sla_dag.py
[2025-07-16T09:23:34.034+0000] {logging_mixin.py:190} INFO - [2025-07-16T09:23:34.034+0000] {dag.py:3239} INFO - Sync 1 DAGs
[2025-07-16T09:23:34.052+0000] {logging_mixin.py:190} INFO - [2025-07-16T09:23:34.052+0000] {dag.py:4180} INFO - Setting next_dagrun for example_sla_dag to 2025-07-16 09:20:00+00:00, run_after=2025-07-16 09:22:00+00:00
[2025-07-16T09:23:34.062+0000] {processor.py:208} INFO - Processing /home/airflow/.local/lib/python3.12/site-packages/airflow/example_dags/example_sla_dag.py took 0.064 seconds
[2025-07-16T09:24:04.210+0000] {processor.py:186} INFO - Started process (PID=2246) to work on /home/airflow/.local/lib/python3.12/site-packages/airflow/example_dags/example_sla_dag.py
[2025-07-16T09:24:04.211+0000] {processor.py:914} INFO - Processing file /home/airflow/.local/lib/python3.12/site-packages/airflow/example_dags/example_sla_dag.py for tasks to queue
[2025-07-16T09:24:04.212+0000] {logging_mixin.py:190} INFO - [2025-07-16T09:24:04.212+0000] {dagbag.py:588} INFO - Filling up the DagBag from /home/airflow/.local/lib/python3.12/site-packages/airflow/example_dags/example_sla_dag.py
[2025-07-16T09:24:04.220+0000] {processor.py:925} INFO - DAG(s) 'example_sla_dag' retrieved from /home/airflow/.local/lib/python3.12/site-packages/airflow/example_dags/example_sla_dag.py
[2025-07-16T09:24:04.233+0000] {logging_mixin.py:190} INFO - [2025-07-16T09:24:04.233+0000] {dag.py:3239} INFO - Sync 1 DAGs
[2025-07-16T09:24:04.250+0000] {logging_mixin.py:190} INFO - [2025-07-16T09:24:04.250+0000] {dag.py:4180} INFO - Setting next_dagrun for example_sla_dag to 2025-07-16 09:22:00+00:00, run_after=2025-07-16 09:24:00+00:00
[2025-07-16T09:24:04.273+0000] {processor.py:208} INFO - Processing /home/airflow/.local/lib/python3.12/site-packages/airflow/example_dags/example_sla_dag.py took 0.067 seconds
[2025-07-16T09:24:34.490+0000] {processor.py:186} INFO - Started process (PID=2308) to work on /home/airflow/.local/lib/python3.12/site-packages/airflow/example_dags/example_sla_dag.py
[2025-07-16T09:24:34.491+0000] {processor.py:914} INFO - Processing file /home/airflow/.local/lib/python3.12/site-packages/airflow/example_dags/example_sla_dag.py for tasks to queue
[2025-07-16T09:24:34.493+0000] {logging_mixin.py:190} INFO - [2025-07-16T09:24:34.492+0000] {dagbag.py:588} INFO - Filling up the DagBag from /home/airflow/.local/lib/python3.12/site-packages/airflow/example_dags/example_sla_dag.py
[2025-07-16T09:24:34.498+0000] {processor.py:925} INFO - DAG(s) 'example_sla_dag' retrieved from /home/airflow/.local/lib/python3.12/site-packages/airflow/example_dags/example_sla_dag.py
[2025-07-16T09:24:34.508+0000] {logging_mixin.py:190} INFO - [2025-07-16T09:24:34.508+0000] {dag.py:3239} INFO - Sync 1 DAGs
[2025-07-16T09:24:34.521+0000] {logging_mixin.py:190} INFO - [2025-07-16T09:24:34.521+0000] {dag.py:4180} INFO - Setting next_dagrun for example_sla_dag to 2025-07-16 09:22:00+00:00, run_after=2025-07-16 09:24:00+00:00
[2025-07-16T09:24:34.531+0000] {processor.py:208} INFO - Processing /home/airflow/.local/lib/python3.12/site-packages/airflow/example_dags/example_sla_dag.py took 0.044 seconds
[2025-07-16T09:25:05.672+0000] {processor.py:186} INFO - Started process (PID=2370) to work on /home/airflow/.local/lib/python3.12/site-packages/airflow/example_dags/example_sla_dag.py
[2025-07-16T09:25:05.673+0000] {processor.py:914} INFO - Processing file /home/airflow/.local/lib/python3.12/site-packages/airflow/example_dags/example_sla_dag.py for tasks to queue
[2025-07-16T09:25:05.676+0000] {logging_mixin.py:190} INFO - [2025-07-16T09:25:05.675+0000] {dagbag.py:588} INFO - Filling up the DagBag from /home/airflow/.local/lib/python3.12/site-packages/airflow/example_dags/example_sla_dag.py
[2025-07-16T09:25:05.683+0000] {processor.py:925} INFO - DAG(s) 'example_sla_dag' retrieved from /home/airflow/.local/lib/python3.12/site-packages/airflow/example_dags/example_sla_dag.py
[2025-07-16T09:25:05.697+0000] {logging_mixin.py:190} INFO - [2025-07-16T09:25:05.697+0000] {dag.py:3239} INFO - Sync 1 DAGs
[2025-07-16T09:25:05.713+0000] {logging_mixin.py:190} INFO - [2025-07-16T09:25:05.713+0000] {dag.py:4180} INFO - Setting next_dagrun for example_sla_dag to 2025-07-16 09:22:00+00:00, run_after=2025-07-16 09:24:00+00:00
[2025-07-16T09:25:05.723+0000] {processor.py:208} INFO - Processing /home/airflow/.local/lib/python3.12/site-packages/airflow/example_dags/example_sla_dag.py took 0.055 seconds
[2025-07-16T09:25:36.977+0000] {processor.py:186} INFO - Started process (PID=2432) to work on /home/airflow/.local/lib/python3.12/site-packages/airflow/example_dags/example_sla_dag.py
[2025-07-16T09:25:36.977+0000] {processor.py:914} INFO - Processing file /home/airflow/.local/lib/python3.12/site-packages/airflow/example_dags/example_sla_dag.py for tasks to queue
[2025-07-16T09:25:36.979+0000] {logging_mixin.py:190} INFO - [2025-07-16T09:25:36.979+0000] {dagbag.py:588} INFO - Filling up the DagBag from /home/airflow/.local/lib/python3.12/site-packages/airflow/example_dags/example_sla_dag.py
[2025-07-16T09:25:36.984+0000] {processor.py:925} INFO - DAG(s) 'example_sla_dag' retrieved from /home/airflow/.local/lib/python3.12/site-packages/airflow/example_dags/example_sla_dag.py
[2025-07-16T09:25:36.997+0000] {logging_mixin.py:190} INFO - [2025-07-16T09:25:36.997+0000] {dag.py:3239} INFO - Sync 1 DAGs
[2025-07-16T09:25:37.009+0000] {logging_mixin.py:190} INFO - [2025-07-16T09:25:37.009+0000] {dag.py:4180} INFO - Setting next_dagrun for example_sla_dag to 2025-07-16 09:22:00+00:00, run_after=2025-07-16 09:24:00+00:00
[2025-07-16T09:25:37.019+0000] {processor.py:208} INFO - Processing /home/airflow/.local/lib/python3.12/site-packages/airflow/example_dags/example_sla_dag.py took 0.046 seconds
[2025-07-16T09:26:07.539+0000] {processor.py:186} INFO - Started process (PID=2494) to work on /home/airflow/.local/lib/python3.12/site-packages/airflow/example_dags/example_sla_dag.py
[2025-07-16T09:26:07.541+0000] {processor.py:914} INFO - Processing file /home/airflow/.local/lib/python3.12/site-packages/airflow/example_dags/example_sla_dag.py for tasks to queue
[2025-07-16T09:26:07.543+0000] {logging_mixin.py:190} INFO - [2025-07-16T09:26:07.543+0000] {dagbag.py:588} INFO - Filling up the DagBag from /home/airflow/.local/lib/python3.12/site-packages/airflow/example_dags/example_sla_dag.py
[2025-07-16T09:26:07.551+0000] {processor.py:925} INFO - DAG(s) 'example_sla_dag' retrieved from /home/airflow/.local/lib/python3.12/site-packages/airflow/example_dags/example_sla_dag.py
[2025-07-16T09:26:07.567+0000] {logging_mixin.py:190} INFO - [2025-07-16T09:26:07.567+0000] {dag.py:3239} INFO - Sync 1 DAGs
[2025-07-16T09:26:07.586+0000] {logging_mixin.py:190} INFO - [2025-07-16T09:26:07.586+0000] {dag.py:4180} INFO - Setting next_dagrun for example_sla_dag to 2025-07-16 09:24:00+00:00, run_after=2025-07-16 09:26:00+00:00
[2025-07-16T09:26:07.599+0000] {processor.py:208} INFO - Processing /home/airflow/.local/lib/python3.12/site-packages/airflow/example_dags/example_sla_dag.py took 0.064 seconds
[2025-07-16T09:26:38.953+0000] {processor.py:186} INFO - Started process (PID=2556) to work on /home/airflow/.local/lib/python3.12/site-packages/airflow/example_dags/example_sla_dag.py
[2025-07-16T09:26:38.956+0000] {processor.py:914} INFO - Processing file /home/airflow/.local/lib/python3.12/site-packages/airflow/example_dags/example_sla_dag.py for tasks to queue
[2025-07-16T09:26:38.959+0000] {logging_mixin.py:190} INFO - [2025-07-16T09:26:38.959+0000] {dagbag.py:588} INFO - Filling up the DagBag from /home/airflow/.local/lib/python3.12/site-packages/airflow/example_dags/example_sla_dag.py
[2025-07-16T09:26:38.966+0000] {processor.py:925} INFO - DAG(s) 'example_sla_dag' retrieved from /home/airflow/.local/lib/python3.12/site-packages/airflow/example_dags/example_sla_dag.py
[2025-07-16T09:26:38.979+0000] {logging_mixin.py:190} INFO - [2025-07-16T09:26:38.979+0000] {dag.py:3239} INFO - Sync 1 DAGs
[2025-07-16T09:26:38.992+0000] {logging_mixin.py:190} INFO - [2025-07-16T09:26:38.992+0000] {dag.py:4180} INFO - Setting next_dagrun for example_sla_dag to 2025-07-16 09:24:00+00:00, run_after=2025-07-16 09:26:00+00:00
[2025-07-16T09:26:39.006+0000] {processor.py:208} INFO - Processing /home/airflow/.local/lib/python3.12/site-packages/airflow/example_dags/example_sla_dag.py took 0.058 seconds
[2025-07-16T09:27:10.090+0000] {processor.py:186} INFO - Started process (PID=2618) to work on /home/airflow/.local/lib/python3.12/site-packages/airflow/example_dags/example_sla_dag.py
[2025-07-16T09:27:10.091+0000] {processor.py:914} INFO - Processing file /home/airflow/.local/lib/python3.12/site-packages/airflow/example_dags/example_sla_dag.py for tasks to queue
[2025-07-16T09:27:10.092+0000] {logging_mixin.py:190} INFO - [2025-07-16T09:27:10.092+0000] {dagbag.py:588} INFO - Filling up the DagBag from /home/airflow/.local/lib/python3.12/site-packages/airflow/example_dags/example_sla_dag.py
[2025-07-16T09:27:10.100+0000] {processor.py:925} INFO - DAG(s) 'example_sla_dag' retrieved from /home/airflow/.local/lib/python3.12/site-packages/airflow/example_dags/example_sla_dag.py
[2025-07-16T09:27:10.114+0000] {logging_mixin.py:190} INFO - [2025-07-16T09:27:10.114+0000] {dag.py:3239} INFO - Sync 1 DAGs
[2025-07-16T09:27:10.128+0000] {logging_mixin.py:190} INFO - [2025-07-16T09:27:10.128+0000] {dag.py:4180} INFO - Setting next_dagrun for example_sla_dag to 2025-07-16 09:24:00+00:00, run_after=2025-07-16 09:26:00+00:00
[2025-07-16T09:27:10.139+0000] {processor.py:208} INFO - Processing /home/airflow/.local/lib/python3.12/site-packages/airflow/example_dags/example_sla_dag.py took 0.053 seconds
[2025-07-16T09:27:41.092+0000] {processor.py:186} INFO - Started process (PID=2680) to work on /home/airflow/.local/lib/python3.12/site-packages/airflow/example_dags/example_sla_dag.py
[2025-07-16T09:27:41.098+0000] {processor.py:914} INFO - Processing file /home/airflow/.local/lib/python3.12/site-packages/airflow/example_dags/example_sla_dag.py for tasks to queue
[2025-07-16T09:27:41.099+0000] {logging_mixin.py:190} INFO - [2025-07-16T09:27:41.099+0000] {dagbag.py:588} INFO - Filling up the DagBag from /home/airflow/.local/lib/python3.12/site-packages/airflow/example_dags/example_sla_dag.py
[2025-07-16T09:27:41.104+0000] {processor.py:925} INFO - DAG(s) 'example_sla_dag' retrieved from /home/airflow/.local/lib/python3.12/site-packages/airflow/example_dags/example_sla_dag.py
[2025-07-16T09:27:41.115+0000] {logging_mixin.py:190} INFO - [2025-07-16T09:27:41.115+0000] {dag.py:3239} INFO - Sync 1 DAGs
[2025-07-16T09:27:41.129+0000] {logging_mixin.py:190} INFO - [2025-07-16T09:27:41.129+0000] {dag.py:4180} INFO - Setting next_dagrun for example_sla_dag to 2025-07-16 09:24:00+00:00, run_after=2025-07-16 09:26:00+00:00
[2025-07-16T09:27:41.142+0000] {processor.py:208} INFO - Processing /home/airflow/.local/lib/python3.12/site-packages/airflow/example_dags/example_sla_dag.py took 0.053 seconds
[2025-07-16T09:28:11.847+0000] {processor.py:186} INFO - Started process (PID=2747) to work on /home/airflow/.local/lib/python3.12/site-packages/airflow/example_dags/example_sla_dag.py
[2025-07-16T09:28:11.848+0000] {processor.py:914} INFO - Processing file /home/airflow/.local/lib/python3.12/site-packages/airflow/example_dags/example_sla_dag.py for tasks to queue
[2025-07-16T09:28:11.850+0000] {logging_mixin.py:190} INFO - [2025-07-16T09:28:11.850+0000] {dagbag.py:588} INFO - Filling up the DagBag from /home/airflow/.local/lib/python3.12/site-packages/airflow/example_dags/example_sla_dag.py
[2025-07-16T09:28:11.856+0000] {processor.py:925} INFO - DAG(s) 'example_sla_dag' retrieved from /home/airflow/.local/lib/python3.12/site-packages/airflow/example_dags/example_sla_dag.py
[2025-07-16T09:28:11.869+0000] {logging_mixin.py:190} INFO - [2025-07-16T09:28:11.869+0000] {dag.py:3239} INFO - Sync 1 DAGs
[2025-07-16T09:28:11.886+0000] {logging_mixin.py:190} INFO - [2025-07-16T09:28:11.886+0000] {dag.py:4180} INFO - Setting next_dagrun for example_sla_dag to 2025-07-16 09:26:00+00:00, run_after=2025-07-16 09:28:00+00:00
[2025-07-16T09:28:11.900+0000] {processor.py:208} INFO - Processing /home/airflow/.local/lib/python3.12/site-packages/airflow/example_dags/example_sla_dag.py took 0.057 seconds
[2025-07-16T09:28:42.984+0000] {processor.py:186} INFO - Started process (PID=2809) to work on /home/airflow/.local/lib/python3.12/site-packages/airflow/example_dags/example_sla_dag.py
[2025-07-16T09:28:42.985+0000] {processor.py:914} INFO - Processing file /home/airflow/.local/lib/python3.12/site-packages/airflow/example_dags/example_sla_dag.py for tasks to queue
[2025-07-16T09:28:42.986+0000] {logging_mixin.py:190} INFO - [2025-07-16T09:28:42.986+0000] {dagbag.py:588} INFO - Filling up the DagBag from /home/airflow/.local/lib/python3.12/site-packages/airflow/example_dags/example_sla_dag.py
[2025-07-16T09:28:42.991+0000] {processor.py:925} INFO - DAG(s) 'example_sla_dag' retrieved from /home/airflow/.local/lib/python3.12/site-packages/airflow/example_dags/example_sla_dag.py
[2025-07-16T09:28:43.004+0000] {logging_mixin.py:190} INFO - [2025-07-16T09:28:43.004+0000] {dag.py:3239} INFO - Sync 1 DAGs
[2025-07-16T09:28:43.017+0000] {logging_mixin.py:190} INFO - [2025-07-16T09:28:43.017+0000] {dag.py:4180} INFO - Setting next_dagrun for example_sla_dag to 2025-07-16 09:26:00+00:00, run_after=2025-07-16 09:28:00+00:00
[2025-07-16T09:28:43.027+0000] {processor.py:208} INFO - Processing /home/airflow/.local/lib/python3.12/site-packages/airflow/example_dags/example_sla_dag.py took 0.046 seconds
[2025-07-16T09:29:14.954+0000] {processor.py:186} INFO - Started process (PID=2872) to work on /home/airflow/.local/lib/python3.12/site-packages/airflow/example_dags/example_sla_dag.py
[2025-07-16T09:29:14.955+0000] {processor.py:914} INFO - Processing file /home/airflow/.local/lib/python3.12/site-packages/airflow/example_dags/example_sla_dag.py for tasks to queue
[2025-07-16T09:29:14.958+0000] {logging_mixin.py:190} INFO - [2025-07-16T09:29:14.958+0000] {dagbag.py:588} INFO - Filling up the DagBag from /home/airflow/.local/lib/python3.12/site-packages/airflow/example_dags/example_sla_dag.py
[2025-07-16T09:29:14.970+0000] {processor.py:925} INFO - DAG(s) 'example_sla_dag' retrieved from /home/airflow/.local/lib/python3.12/site-packages/airflow/example_dags/example_sla_dag.py
[2025-07-16T09:29:14.989+0000] {logging_mixin.py:190} INFO - [2025-07-16T09:29:14.989+0000] {dag.py:3239} INFO - Sync 1 DAGs
[2025-07-16T09:29:15.015+0000] {logging_mixin.py:190} INFO - [2025-07-16T09:29:15.015+0000] {dag.py:4180} INFO - Setting next_dagrun for example_sla_dag to 2025-07-16 09:26:00+00:00, run_after=2025-07-16 09:28:00+00:00
[2025-07-16T09:29:15.029+0000] {processor.py:208} INFO - Processing /home/airflow/.local/lib/python3.12/site-packages/airflow/example_dags/example_sla_dag.py took 0.077 seconds
[2025-07-16T09:29:46.683+0000] {processor.py:186} INFO - Started process (PID=2934) to work on /home/airflow/.local/lib/python3.12/site-packages/airflow/example_dags/example_sla_dag.py
[2025-07-16T09:29:46.684+0000] {processor.py:914} INFO - Processing file /home/airflow/.local/lib/python3.12/site-packages/airflow/example_dags/example_sla_dag.py for tasks to queue
[2025-07-16T09:29:46.686+0000] {logging_mixin.py:190} INFO - [2025-07-16T09:29:46.686+0000] {dagbag.py:588} INFO - Filling up the DagBag from /home/airflow/.local/lib/python3.12/site-packages/airflow/example_dags/example_sla_dag.py
[2025-07-16T09:29:46.693+0000] {processor.py:925} INFO - DAG(s) 'example_sla_dag' retrieved from /home/airflow/.local/lib/python3.12/site-packages/airflow/example_dags/example_sla_dag.py
[2025-07-16T09:29:46.705+0000] {logging_mixin.py:190} INFO - [2025-07-16T09:29:46.704+0000] {dag.py:3239} INFO - Sync 1 DAGs
[2025-07-16T09:29:46.722+0000] {logging_mixin.py:190} INFO - [2025-07-16T09:29:46.722+0000] {dag.py:4180} INFO - Setting next_dagrun for example_sla_dag to 2025-07-16 09:26:00+00:00, run_after=2025-07-16 09:28:00+00:00
[2025-07-16T09:29:46.734+0000] {processor.py:208} INFO - Processing /home/airflow/.local/lib/python3.12/site-packages/airflow/example_dags/example_sla_dag.py took 0.055 seconds
[2025-07-16T09:30:17.420+0000] {processor.py:186} INFO - Started process (PID=2996) to work on /home/airflow/.local/lib/python3.12/site-packages/airflow/example_dags/example_sla_dag.py
[2025-07-16T09:30:17.424+0000] {processor.py:914} INFO - Processing file /home/airflow/.local/lib/python3.12/site-packages/airflow/example_dags/example_sla_dag.py for tasks to queue
[2025-07-16T09:30:17.428+0000] {logging_mixin.py:190} INFO - [2025-07-16T09:30:17.428+0000] {dagbag.py:588} INFO - Filling up the DagBag from /home/airflow/.local/lib/python3.12/site-packages/airflow/example_dags/example_sla_dag.py
[2025-07-16T09:30:17.446+0000] {processor.py:925} INFO - DAG(s) 'example_sla_dag' retrieved from /home/airflow/.local/lib/python3.12/site-packages/airflow/example_dags/example_sla_dag.py
[2025-07-16T09:30:17.460+0000] {logging_mixin.py:190} INFO - [2025-07-16T09:30:17.460+0000] {dag.py:3239} INFO - Sync 1 DAGs
[2025-07-16T09:30:17.475+0000] {logging_mixin.py:190} INFO - [2025-07-16T09:30:17.474+0000] {dag.py:4180} INFO - Setting next_dagrun for example_sla_dag to 2025-07-16 09:28:00+00:00, run_after=2025-07-16 09:30:00+00:00
[2025-07-16T09:30:17.486+0000] {processor.py:208} INFO - Processing /home/airflow/.local/lib/python3.12/site-packages/airflow/example_dags/example_sla_dag.py took 0.071 seconds
[2025-07-16T09:30:47.981+0000] {processor.py:186} INFO - Started process (PID=3058) to work on /home/airflow/.local/lib/python3.12/site-packages/airflow/example_dags/example_sla_dag.py
[2025-07-16T09:30:47.984+0000] {processor.py:914} INFO - Processing file /home/airflow/.local/lib/python3.12/site-packages/airflow/example_dags/example_sla_dag.py for tasks to queue
[2025-07-16T09:30:47.985+0000] {logging_mixin.py:190} INFO - [2025-07-16T09:30:47.985+0000] {dagbag.py:588} INFO - Filling up the DagBag from /home/airflow/.local/lib/python3.12/site-packages/airflow/example_dags/example_sla_dag.py
[2025-07-16T09:30:47.991+0000] {processor.py:925} INFO - DAG(s) 'example_sla_dag' retrieved from /home/airflow/.local/lib/python3.12/site-packages/airflow/example_dags/example_sla_dag.py
[2025-07-16T09:30:48.007+0000] {logging_mixin.py:190} INFO - [2025-07-16T09:30:48.006+0000] {dag.py:3239} INFO - Sync 1 DAGs
[2025-07-16T09:30:48.019+0000] {logging_mixin.py:190} INFO - [2025-07-16T09:30:48.019+0000] {dag.py:4180} INFO - Setting next_dagrun for example_sla_dag to 2025-07-16 09:28:00+00:00, run_after=2025-07-16 09:30:00+00:00
[2025-07-16T09:30:48.029+0000] {processor.py:208} INFO - Processing /home/airflow/.local/lib/python3.12/site-packages/airflow/example_dags/example_sla_dag.py took 0.052 seconds
[2025-07-16T09:31:21.670+0000] {processor.py:186} INFO - Started process (PID=3119) to work on /home/airflow/.local/lib/python3.12/site-packages/airflow/example_dags/example_sla_dag.py
[2025-07-16T09:31:21.675+0000] {processor.py:914} INFO - Processing file /home/airflow/.local/lib/python3.12/site-packages/airflow/example_dags/example_sla_dag.py for tasks to queue
[2025-07-16T09:31:21.684+0000] {logging_mixin.py:190} INFO - [2025-07-16T09:31:21.682+0000] {dagbag.py:588} INFO - Filling up the DagBag from /home/airflow/.local/lib/python3.12/site-packages/airflow/example_dags/example_sla_dag.py
[2025-07-16T09:31:21.719+0000] {processor.py:925} INFO - DAG(s) 'example_sla_dag' retrieved from /home/airflow/.local/lib/python3.12/site-packages/airflow/example_dags/example_sla_dag.py
[2025-07-16T09:31:21.796+0000] {logging_mixin.py:190} INFO - [2025-07-16T09:31:21.795+0000] {dag.py:3239} INFO - Sync 1 DAGs
[2025-07-16T09:31:21.886+0000] {logging_mixin.py:190} INFO - [2025-07-16T09:31:21.885+0000] {dag.py:4180} INFO - Setting next_dagrun for example_sla_dag to 2025-07-16 09:28:00+00:00, run_after=2025-07-16 09:30:00+00:00
[2025-07-16T09:31:21.909+0000] {processor.py:208} INFO - Processing /home/airflow/.local/lib/python3.12/site-packages/airflow/example_dags/example_sla_dag.py took 0.295 seconds
[2025-07-16T09:31:52.898+0000] {processor.py:186} INFO - Started process (PID=3181) to work on /home/airflow/.local/lib/python3.12/site-packages/airflow/example_dags/example_sla_dag.py
[2025-07-16T09:31:52.907+0000] {processor.py:914} INFO - Processing file /home/airflow/.local/lib/python3.12/site-packages/airflow/example_dags/example_sla_dag.py for tasks to queue
[2025-07-16T09:31:52.915+0000] {logging_mixin.py:190} INFO - [2025-07-16T09:31:52.913+0000] {dagbag.py:588} INFO - Filling up the DagBag from /home/airflow/.local/lib/python3.12/site-packages/airflow/example_dags/example_sla_dag.py
[2025-07-16T09:31:52.943+0000] {processor.py:925} INFO - DAG(s) 'example_sla_dag' retrieved from /home/airflow/.local/lib/python3.12/site-packages/airflow/example_dags/example_sla_dag.py
[2025-07-16T09:31:53.021+0000] {logging_mixin.py:190} INFO - [2025-07-16T09:31:53.021+0000] {dag.py:3239} INFO - Sync 1 DAGs
[2025-07-16T09:31:53.061+0000] {logging_mixin.py:190} INFO - [2025-07-16T09:31:53.061+0000] {dag.py:4180} INFO - Setting next_dagrun for example_sla_dag to 2025-07-16 09:28:00+00:00, run_after=2025-07-16 09:30:00+00:00
[2025-07-16T09:31:53.077+0000] {processor.py:208} INFO - Processing /home/airflow/.local/lib/python3.12/site-packages/airflow/example_dags/example_sla_dag.py took 0.225 seconds
[2025-07-16T09:32:23.555+0000] {processor.py:186} INFO - Started process (PID=3242) to work on /home/airflow/.local/lib/python3.12/site-packages/airflow/example_dags/example_sla_dag.py
[2025-07-16T09:32:23.556+0000] {processor.py:914} INFO - Processing file /home/airflow/.local/lib/python3.12/site-packages/airflow/example_dags/example_sla_dag.py for tasks to queue
[2025-07-16T09:32:23.561+0000] {logging_mixin.py:190} INFO - [2025-07-16T09:32:23.560+0000] {dagbag.py:588} INFO - Filling up the DagBag from /home/airflow/.local/lib/python3.12/site-packages/airflow/example_dags/example_sla_dag.py
[2025-07-16T09:32:23.583+0000] {processor.py:925} INFO - DAG(s) 'example_sla_dag' retrieved from /home/airflow/.local/lib/python3.12/site-packages/airflow/example_dags/example_sla_dag.py
[2025-07-16T09:32:23.604+0000] {logging_mixin.py:190} INFO - [2025-07-16T09:32:23.604+0000] {dag.py:3239} INFO - Sync 1 DAGs
[2025-07-16T09:32:23.631+0000] {logging_mixin.py:190} INFO - [2025-07-16T09:32:23.631+0000] {dag.py:4180} INFO - Setting next_dagrun for example_sla_dag to 2025-07-16 09:30:00+00:00, run_after=2025-07-16 09:32:00+00:00
[2025-07-16T09:32:23.648+0000] {processor.py:208} INFO - Processing /home/airflow/.local/lib/python3.12/site-packages/airflow/example_dags/example_sla_dag.py took 0.104 seconds
[2025-07-16T09:32:53.986+0000] {processor.py:186} INFO - Started process (PID=3304) to work on /home/airflow/.local/lib/python3.12/site-packages/airflow/example_dags/example_sla_dag.py
[2025-07-16T09:32:53.987+0000] {processor.py:914} INFO - Processing file /home/airflow/.local/lib/python3.12/site-packages/airflow/example_dags/example_sla_dag.py for tasks to queue
[2025-07-16T09:32:53.988+0000] {logging_mixin.py:190} INFO - [2025-07-16T09:32:53.988+0000] {dagbag.py:588} INFO - Filling up the DagBag from /home/airflow/.local/lib/python3.12/site-packages/airflow/example_dags/example_sla_dag.py
[2025-07-16T09:32:53.997+0000] {processor.py:925} INFO - DAG(s) 'example_sla_dag' retrieved from /home/airflow/.local/lib/python3.12/site-packages/airflow/example_dags/example_sla_dag.py
[2025-07-16T09:32:54.180+0000] {logging_mixin.py:190} INFO - [2025-07-16T09:32:54.180+0000] {dag.py:3239} INFO - Sync 1 DAGs
[2025-07-16T09:32:54.200+0000] {logging_mixin.py:190} INFO - [2025-07-16T09:32:54.200+0000] {dag.py:4180} INFO - Setting next_dagrun for example_sla_dag to 2025-07-16 09:30:00+00:00, run_after=2025-07-16 09:32:00+00:00
[2025-07-16T09:32:54.218+0000] {processor.py:208} INFO - Processing /home/airflow/.local/lib/python3.12/site-packages/airflow/example_dags/example_sla_dag.py took 0.236 seconds
