[2025-04-04T10:12:46.817+0000] {processor.py:186} INFO - Started process (PID=92) to work on /home/airflow/.local/lib/python3.12/site-packages/airflow/example_dags/example_inlet_event_extra.py
[2025-04-04T10:12:46.818+0000] {processor.py:914} INFO - Processing file /home/airflow/.local/lib/python3.12/site-packages/airflow/example_dags/example_inlet_event_extra.py for tasks to queue
[2025-04-04T10:12:46.822+0000] {logging_mixin.py:190} INFO - [2025-04-04T10:12:46.822+0000] {dagbag.py:588} INFO - Filling up the DagBag from /home/airflow/.local/lib/python3.12/site-packages/airflow/example_dags/example_inlet_event_extra.py
[2025-04-04T10:12:47.016+0000] {processor.py:925} INFO - DAG(s) 'read_dataset_event', 'read_dataset_event_from_classic' retrieved from /home/airflow/.local/lib/python3.12/site-packages/airflow/example_dags/example_inlet_event_extra.py
[2025-04-04T10:12:47.041+0000] {logging_mixin.py:190} INFO - [2025-04-04T10:12:47.040+0000] {dag.py:3239} INFO - Sync 2 DAGs
[2025-04-04T10:12:47.064+0000] {logging_mixin.py:190} INFO - [2025-04-04T10:12:47.063+0000] {dag.py:4180} INFO - Setting next_dagrun for read_dataset_event to 2025-04-03 00:00:00+00:00, run_after=2025-04-04 00:00:00+00:00
[2025-04-04T10:12:47.067+0000] {logging_mixin.py:190} INFO - [2025-04-04T10:12:47.067+0000] {dag.py:4180} INFO - Setting next_dagrun for read_dataset_event_from_classic to 2025-04-03 00:00:00+00:00, run_after=2025-04-04 00:00:00+00:00
[2025-04-04T10:12:47.076+0000] {processor.py:208} INFO - Processing /home/airflow/.local/lib/python3.12/site-packages/airflow/example_dags/example_inlet_event_extra.py took 0.267 seconds
[2025-04-04T10:13:17.121+0000] {processor.py:186} INFO - Started process (PID=154) to work on /home/airflow/.local/lib/python3.12/site-packages/airflow/example_dags/example_inlet_event_extra.py
[2025-04-04T10:13:17.122+0000] {processor.py:914} INFO - Processing file /home/airflow/.local/lib/python3.12/site-packages/airflow/example_dags/example_inlet_event_extra.py for tasks to queue
[2025-04-04T10:13:17.123+0000] {logging_mixin.py:190} INFO - [2025-04-04T10:13:17.123+0000] {dagbag.py:588} INFO - Filling up the DagBag from /home/airflow/.local/lib/python3.12/site-packages/airflow/example_dags/example_inlet_event_extra.py
[2025-04-04T10:13:17.291+0000] {processor.py:925} INFO - DAG(s) 'read_dataset_event_from_classic', 'read_dataset_event' retrieved from /home/airflow/.local/lib/python3.12/site-packages/airflow/example_dags/example_inlet_event_extra.py
[2025-04-04T10:13:17.311+0000] {logging_mixin.py:190} INFO - [2025-04-04T10:13:17.311+0000] {dag.py:3239} INFO - Sync 2 DAGs
[2025-04-04T10:13:17.324+0000] {logging_mixin.py:190} INFO - [2025-04-04T10:13:17.323+0000] {dag.py:4180} INFO - Setting next_dagrun for read_dataset_event to 2025-04-03 00:00:00+00:00, run_after=2025-04-04 00:00:00+00:00
[2025-04-04T10:13:17.326+0000] {logging_mixin.py:190} INFO - [2025-04-04T10:13:17.326+0000] {dag.py:4180} INFO - Setting next_dagrun for read_dataset_event_from_classic to 2025-04-03 00:00:00+00:00, run_after=2025-04-04 00:00:00+00:00
[2025-04-04T10:13:17.334+0000] {processor.py:208} INFO - Processing /home/airflow/.local/lib/python3.12/site-packages/airflow/example_dags/example_inlet_event_extra.py took 0.218 seconds
[2025-04-04T10:41:05.430+0000] {processor.py:186} INFO - Started process (PID=96) to work on /home/airflow/.local/lib/python3.12/site-packages/airflow/example_dags/example_inlet_event_extra.py
[2025-04-04T10:41:05.439+0000] {processor.py:914} INFO - Processing file /home/airflow/.local/lib/python3.12/site-packages/airflow/example_dags/example_inlet_event_extra.py for tasks to queue
[2025-04-04T10:41:05.447+0000] {logging_mixin.py:190} INFO - [2025-04-04T10:41:05.446+0000] {dagbag.py:588} INFO - Filling up the DagBag from /home/airflow/.local/lib/python3.12/site-packages/airflow/example_dags/example_inlet_event_extra.py
[2025-04-04T10:41:06.588+0000] {processor.py:925} INFO - DAG(s) 'read_dataset_event_from_classic', 'read_dataset_event' retrieved from /home/airflow/.local/lib/python3.12/site-packages/airflow/example_dags/example_inlet_event_extra.py
[2025-04-04T10:41:06.775+0000] {logging_mixin.py:190} INFO - [2025-04-04T10:41:06.772+0000] {dag.py:3239} INFO - Sync 2 DAGs
[2025-04-04T10:41:07.227+0000] {logging_mixin.py:190} INFO - [2025-04-04T10:41:07.210+0000] {dag.py:4180} INFO - Setting next_dagrun for read_dataset_event to 2025-04-03 00:00:00+00:00, run_after=2025-04-04 00:00:00+00:00
[2025-04-04T10:41:07.680+0000] {logging_mixin.py:190} INFO - [2025-04-04T10:41:07.678+0000] {dag.py:4180} INFO - Setting next_dagrun for read_dataset_event_from_classic to 2025-04-03 00:00:00+00:00, run_after=2025-04-04 00:00:00+00:00
[2025-04-04T10:41:07.946+0000] {processor.py:208} INFO - Processing /home/airflow/.local/lib/python3.12/site-packages/airflow/example_dags/example_inlet_event_extra.py took 2.533 seconds
[2025-04-04T10:41:38.816+0000] {processor.py:186} INFO - Started process (PID=158) to work on /home/airflow/.local/lib/python3.12/site-packages/airflow/example_dags/example_inlet_event_extra.py
[2025-04-04T10:41:38.819+0000] {processor.py:914} INFO - Processing file /home/airflow/.local/lib/python3.12/site-packages/airflow/example_dags/example_inlet_event_extra.py for tasks to queue
[2025-04-04T10:41:38.826+0000] {logging_mixin.py:190} INFO - [2025-04-04T10:41:38.825+0000] {dagbag.py:588} INFO - Filling up the DagBag from /home/airflow/.local/lib/python3.12/site-packages/airflow/example_dags/example_inlet_event_extra.py
[2025-04-04T10:41:39.014+0000] {processor.py:925} INFO - DAG(s) 'read_dataset_event', 'read_dataset_event_from_classic' retrieved from /home/airflow/.local/lib/python3.12/site-packages/airflow/example_dags/example_inlet_event_extra.py
[2025-04-04T10:41:39.025+0000] {logging_mixin.py:190} INFO - [2025-04-04T10:41:39.025+0000] {dag.py:3239} INFO - Sync 2 DAGs
[2025-04-04T10:41:39.038+0000] {logging_mixin.py:190} INFO - [2025-04-04T10:41:39.038+0000] {dag.py:4180} INFO - Setting next_dagrun for read_dataset_event to 2025-04-03 00:00:00+00:00, run_after=2025-04-04 00:00:00+00:00
[2025-04-04T10:41:39.042+0000] {logging_mixin.py:190} INFO - [2025-04-04T10:41:39.042+0000] {dag.py:4180} INFO - Setting next_dagrun for read_dataset_event_from_classic to 2025-04-03 00:00:00+00:00, run_after=2025-04-04 00:00:00+00:00
[2025-04-04T10:41:39.051+0000] {processor.py:208} INFO - Processing /home/airflow/.local/lib/python3.12/site-packages/airflow/example_dags/example_inlet_event_extra.py took 0.261 seconds
[2025-04-04T10:42:09.284+0000] {processor.py:186} INFO - Started process (PID=220) to work on /home/airflow/.local/lib/python3.12/site-packages/airflow/example_dags/example_inlet_event_extra.py
[2025-04-04T10:42:09.286+0000] {processor.py:914} INFO - Processing file /home/airflow/.local/lib/python3.12/site-packages/airflow/example_dags/example_inlet_event_extra.py for tasks to queue
[2025-04-04T10:42:09.290+0000] {logging_mixin.py:190} INFO - [2025-04-04T10:42:09.290+0000] {dagbag.py:588} INFO - Filling up the DagBag from /home/airflow/.local/lib/python3.12/site-packages/airflow/example_dags/example_inlet_event_extra.py
[2025-04-04T10:42:09.436+0000] {processor.py:925} INFO - DAG(s) 'read_dataset_event_from_classic', 'read_dataset_event' retrieved from /home/airflow/.local/lib/python3.12/site-packages/airflow/example_dags/example_inlet_event_extra.py
[2025-04-04T10:42:09.448+0000] {logging_mixin.py:190} INFO - [2025-04-04T10:42:09.448+0000] {dag.py:3239} INFO - Sync 2 DAGs
[2025-04-04T10:42:09.459+0000] {logging_mixin.py:190} INFO - [2025-04-04T10:42:09.459+0000] {dag.py:4180} INFO - Setting next_dagrun for read_dataset_event to 2025-04-03 00:00:00+00:00, run_after=2025-04-04 00:00:00+00:00
[2025-04-04T10:42:09.461+0000] {logging_mixin.py:190} INFO - [2025-04-04T10:42:09.461+0000] {dag.py:4180} INFO - Setting next_dagrun for read_dataset_event_from_classic to 2025-04-03 00:00:00+00:00, run_after=2025-04-04 00:00:00+00:00
[2025-04-04T10:42:09.467+0000] {processor.py:208} INFO - Processing /home/airflow/.local/lib/python3.12/site-packages/airflow/example_dags/example_inlet_event_extra.py took 0.194 seconds
[2025-04-04T10:42:39.687+0000] {processor.py:186} INFO - Started process (PID=282) to work on /home/airflow/.local/lib/python3.12/site-packages/airflow/example_dags/example_inlet_event_extra.py
[2025-04-04T10:42:39.691+0000] {processor.py:914} INFO - Processing file /home/airflow/.local/lib/python3.12/site-packages/airflow/example_dags/example_inlet_event_extra.py for tasks to queue
[2025-04-04T10:42:39.696+0000] {logging_mixin.py:190} INFO - [2025-04-04T10:42:39.695+0000] {dagbag.py:588} INFO - Filling up the DagBag from /home/airflow/.local/lib/python3.12/site-packages/airflow/example_dags/example_inlet_event_extra.py
[2025-04-04T10:42:39.826+0000] {processor.py:925} INFO - DAG(s) 'read_dataset_event', 'read_dataset_event_from_classic' retrieved from /home/airflow/.local/lib/python3.12/site-packages/airflow/example_dags/example_inlet_event_extra.py
[2025-04-04T10:42:39.837+0000] {logging_mixin.py:190} INFO - [2025-04-04T10:42:39.837+0000] {dag.py:3239} INFO - Sync 2 DAGs
[2025-04-04T10:42:39.856+0000] {logging_mixin.py:190} INFO - [2025-04-04T10:42:39.856+0000] {dag.py:4180} INFO - Setting next_dagrun for read_dataset_event to 2025-04-03 00:00:00+00:00, run_after=2025-04-04 00:00:00+00:00
[2025-04-04T10:42:39.859+0000] {logging_mixin.py:190} INFO - [2025-04-04T10:42:39.859+0000] {dag.py:4180} INFO - Setting next_dagrun for read_dataset_event_from_classic to 2025-04-03 00:00:00+00:00, run_after=2025-04-04 00:00:00+00:00
[2025-04-04T10:42:39.866+0000] {processor.py:208} INFO - Processing /home/airflow/.local/lib/python3.12/site-packages/airflow/example_dags/example_inlet_event_extra.py took 0.194 seconds
[2025-04-04T10:43:10.146+0000] {processor.py:186} INFO - Started process (PID=344) to work on /home/airflow/.local/lib/python3.12/site-packages/airflow/example_dags/example_inlet_event_extra.py
[2025-04-04T10:43:10.146+0000] {processor.py:914} INFO - Processing file /home/airflow/.local/lib/python3.12/site-packages/airflow/example_dags/example_inlet_event_extra.py for tasks to queue
[2025-04-04T10:43:10.149+0000] {logging_mixin.py:190} INFO - [2025-04-04T10:43:10.149+0000] {dagbag.py:588} INFO - Filling up the DagBag from /home/airflow/.local/lib/python3.12/site-packages/airflow/example_dags/example_inlet_event_extra.py
[2025-04-04T10:43:10.335+0000] {processor.py:925} INFO - DAG(s) 'read_dataset_event', 'read_dataset_event_from_classic' retrieved from /home/airflow/.local/lib/python3.12/site-packages/airflow/example_dags/example_inlet_event_extra.py
[2025-04-04T10:43:10.359+0000] {logging_mixin.py:190} INFO - [2025-04-04T10:43:10.357+0000] {dag.py:3239} INFO - Sync 2 DAGs
[2025-04-04T10:43:10.388+0000] {logging_mixin.py:190} INFO - [2025-04-04T10:43:10.388+0000] {dag.py:4180} INFO - Setting next_dagrun for read_dataset_event to 2025-04-03 00:00:00+00:00, run_after=2025-04-04 00:00:00+00:00
[2025-04-04T10:43:10.394+0000] {logging_mixin.py:190} INFO - [2025-04-04T10:43:10.394+0000] {dag.py:4180} INFO - Setting next_dagrun for read_dataset_event_from_classic to 2025-04-03 00:00:00+00:00, run_after=2025-04-04 00:00:00+00:00
[2025-04-04T10:43:10.410+0000] {processor.py:208} INFO - Processing /home/airflow/.local/lib/python3.12/site-packages/airflow/example_dags/example_inlet_event_extra.py took 0.269 seconds
[2025-04-04T10:43:40.454+0000] {processor.py:186} INFO - Started process (PID=407) to work on /home/airflow/.local/lib/python3.12/site-packages/airflow/example_dags/example_inlet_event_extra.py
[2025-04-04T10:43:40.454+0000] {processor.py:914} INFO - Processing file /home/airflow/.local/lib/python3.12/site-packages/airflow/example_dags/example_inlet_event_extra.py for tasks to queue
[2025-04-04T10:43:40.456+0000] {logging_mixin.py:190} INFO - [2025-04-04T10:43:40.455+0000] {dagbag.py:588} INFO - Filling up the DagBag from /home/airflow/.local/lib/python3.12/site-packages/airflow/example_dags/example_inlet_event_extra.py
[2025-04-04T10:43:40.678+0000] {processor.py:925} INFO - DAG(s) 'read_dataset_event', 'read_dataset_event_from_classic' retrieved from /home/airflow/.local/lib/python3.12/site-packages/airflow/example_dags/example_inlet_event_extra.py
[2025-04-04T10:43:40.694+0000] {logging_mixin.py:190} INFO - [2025-04-04T10:43:40.694+0000] {dag.py:3239} INFO - Sync 2 DAGs
[2025-04-04T10:43:40.712+0000] {logging_mixin.py:190} INFO - [2025-04-04T10:43:40.712+0000] {dag.py:4180} INFO - Setting next_dagrun for read_dataset_event to 2025-04-03 00:00:00+00:00, run_after=2025-04-04 00:00:00+00:00
[2025-04-04T10:43:40.715+0000] {logging_mixin.py:190} INFO - [2025-04-04T10:43:40.715+0000] {dag.py:4180} INFO - Setting next_dagrun for read_dataset_event_from_classic to 2025-04-03 00:00:00+00:00, run_after=2025-04-04 00:00:00+00:00
[2025-04-04T10:43:40.725+0000] {processor.py:208} INFO - Processing /home/airflow/.local/lib/python3.12/site-packages/airflow/example_dags/example_inlet_event_extra.py took 0.274 seconds
[2025-04-04T10:44:11.204+0000] {processor.py:186} INFO - Started process (PID=469) to work on /home/airflow/.local/lib/python3.12/site-packages/airflow/example_dags/example_inlet_event_extra.py
[2025-04-04T10:44:11.214+0000] {processor.py:914} INFO - Processing file /home/airflow/.local/lib/python3.12/site-packages/airflow/example_dags/example_inlet_event_extra.py for tasks to queue
[2025-04-04T10:44:11.219+0000] {logging_mixin.py:190} INFO - [2025-04-04T10:44:11.218+0000] {dagbag.py:588} INFO - Filling up the DagBag from /home/airflow/.local/lib/python3.12/site-packages/airflow/example_dags/example_inlet_event_extra.py
[2025-04-04T10:44:11.350+0000] {processor.py:925} INFO - DAG(s) 'read_dataset_event_from_classic', 'read_dataset_event' retrieved from /home/airflow/.local/lib/python3.12/site-packages/airflow/example_dags/example_inlet_event_extra.py
[2025-04-04T10:44:11.368+0000] {logging_mixin.py:190} INFO - [2025-04-04T10:44:11.367+0000] {dag.py:3239} INFO - Sync 2 DAGs
[2025-04-04T10:44:11.386+0000] {logging_mixin.py:190} INFO - [2025-04-04T10:44:11.386+0000] {dag.py:4180} INFO - Setting next_dagrun for read_dataset_event to 2025-04-03 00:00:00+00:00, run_after=2025-04-04 00:00:00+00:00
[2025-04-04T10:44:11.388+0000] {logging_mixin.py:190} INFO - [2025-04-04T10:44:11.388+0000] {dag.py:4180} INFO - Setting next_dagrun for read_dataset_event_from_classic to 2025-04-03 00:00:00+00:00, run_after=2025-04-04 00:00:00+00:00
[2025-04-04T10:44:11.397+0000] {processor.py:208} INFO - Processing /home/airflow/.local/lib/python3.12/site-packages/airflow/example_dags/example_inlet_event_extra.py took 0.200 seconds
[2025-04-04T10:44:42.149+0000] {processor.py:186} INFO - Started process (PID=530) to work on /home/airflow/.local/lib/python3.12/site-packages/airflow/example_dags/example_inlet_event_extra.py
[2025-04-04T10:44:42.152+0000] {processor.py:914} INFO - Processing file /home/airflow/.local/lib/python3.12/site-packages/airflow/example_dags/example_inlet_event_extra.py for tasks to queue
[2025-04-04T10:44:42.169+0000] {logging_mixin.py:190} INFO - [2025-04-04T10:44:42.169+0000] {dagbag.py:588} INFO - Filling up the DagBag from /home/airflow/.local/lib/python3.12/site-packages/airflow/example_dags/example_inlet_event_extra.py
[2025-04-04T10:44:42.513+0000] {processor.py:925} INFO - DAG(s) 'read_dataset_event', 'read_dataset_event_from_classic' retrieved from /home/airflow/.local/lib/python3.12/site-packages/airflow/example_dags/example_inlet_event_extra.py
[2025-04-04T10:44:42.586+0000] {logging_mixin.py:190} INFO - [2025-04-04T10:44:42.586+0000] {dag.py:3239} INFO - Sync 2 DAGs
[2025-04-04T10:44:42.619+0000] {logging_mixin.py:190} INFO - [2025-04-04T10:44:42.618+0000] {dag.py:4180} INFO - Setting next_dagrun for read_dataset_event to 2025-04-03 00:00:00+00:00, run_after=2025-04-04 00:00:00+00:00
[2025-04-04T10:44:42.626+0000] {logging_mixin.py:190} INFO - [2025-04-04T10:44:42.625+0000] {dag.py:4180} INFO - Setting next_dagrun for read_dataset_event_from_classic to 2025-04-03 00:00:00+00:00, run_after=2025-04-04 00:00:00+00:00
[2025-04-04T10:44:42.658+0000] {processor.py:208} INFO - Processing /home/airflow/.local/lib/python3.12/site-packages/airflow/example_dags/example_inlet_event_extra.py took 0.536 seconds
[2025-04-04T10:45:13.171+0000] {processor.py:186} INFO - Started process (PID=592) to work on /home/airflow/.local/lib/python3.12/site-packages/airflow/example_dags/example_inlet_event_extra.py
[2025-04-04T10:45:13.174+0000] {processor.py:914} INFO - Processing file /home/airflow/.local/lib/python3.12/site-packages/airflow/example_dags/example_inlet_event_extra.py for tasks to queue
[2025-04-04T10:45:13.184+0000] {logging_mixin.py:190} INFO - [2025-04-04T10:45:13.183+0000] {dagbag.py:588} INFO - Filling up the DagBag from /home/airflow/.local/lib/python3.12/site-packages/airflow/example_dags/example_inlet_event_extra.py
[2025-04-04T10:45:13.327+0000] {processor.py:925} INFO - DAG(s) 'read_dataset_event_from_classic', 'read_dataset_event' retrieved from /home/airflow/.local/lib/python3.12/site-packages/airflow/example_dags/example_inlet_event_extra.py
[2025-04-04T10:45:13.351+0000] {logging_mixin.py:190} INFO - [2025-04-04T10:45:13.351+0000] {dag.py:3239} INFO - Sync 2 DAGs
[2025-04-04T10:45:13.368+0000] {logging_mixin.py:190} INFO - [2025-04-04T10:45:13.367+0000] {dag.py:4180} INFO - Setting next_dagrun for read_dataset_event to 2025-04-03 00:00:00+00:00, run_after=2025-04-04 00:00:00+00:00
[2025-04-04T10:45:13.370+0000] {logging_mixin.py:190} INFO - [2025-04-04T10:45:13.370+0000] {dag.py:4180} INFO - Setting next_dagrun for read_dataset_event_from_classic to 2025-04-03 00:00:00+00:00, run_after=2025-04-04 00:00:00+00:00
[2025-04-04T10:45:13.386+0000] {processor.py:208} INFO - Processing /home/airflow/.local/lib/python3.12/site-packages/airflow/example_dags/example_inlet_event_extra.py took 0.229 seconds
[2025-04-04T10:45:43.684+0000] {processor.py:186} INFO - Started process (PID=654) to work on /home/airflow/.local/lib/python3.12/site-packages/airflow/example_dags/example_inlet_event_extra.py
[2025-04-04T10:45:43.688+0000] {processor.py:914} INFO - Processing file /home/airflow/.local/lib/python3.12/site-packages/airflow/example_dags/example_inlet_event_extra.py for tasks to queue
[2025-04-04T10:45:43.694+0000] {logging_mixin.py:190} INFO - [2025-04-04T10:45:43.693+0000] {dagbag.py:588} INFO - Filling up the DagBag from /home/airflow/.local/lib/python3.12/site-packages/airflow/example_dags/example_inlet_event_extra.py
[2025-04-04T10:45:43.886+0000] {processor.py:925} INFO - DAG(s) 'read_dataset_event', 'read_dataset_event_from_classic' retrieved from /home/airflow/.local/lib/python3.12/site-packages/airflow/example_dags/example_inlet_event_extra.py
[2025-04-04T10:45:43.904+0000] {logging_mixin.py:190} INFO - [2025-04-04T10:45:43.903+0000] {dag.py:3239} INFO - Sync 2 DAGs
[2025-04-04T10:45:43.930+0000] {logging_mixin.py:190} INFO - [2025-04-04T10:45:43.930+0000] {dag.py:4180} INFO - Setting next_dagrun for read_dataset_event to 2025-04-03 00:00:00+00:00, run_after=2025-04-04 00:00:00+00:00
[2025-04-04T10:45:43.937+0000] {logging_mixin.py:190} INFO - [2025-04-04T10:45:43.937+0000] {dag.py:4180} INFO - Setting next_dagrun for read_dataset_event_from_classic to 2025-04-03 00:00:00+00:00, run_after=2025-04-04 00:00:00+00:00
[2025-04-04T10:45:44.023+0000] {processor.py:208} INFO - Processing /home/airflow/.local/lib/python3.12/site-packages/airflow/example_dags/example_inlet_event_extra.py took 0.350 seconds
[2025-04-04T10:46:14.396+0000] {processor.py:186} INFO - Started process (PID=715) to work on /home/airflow/.local/lib/python3.12/site-packages/airflow/example_dags/example_inlet_event_extra.py
[2025-04-04T10:46:14.397+0000] {processor.py:914} INFO - Processing file /home/airflow/.local/lib/python3.12/site-packages/airflow/example_dags/example_inlet_event_extra.py for tasks to queue
[2025-04-04T10:46:14.408+0000] {logging_mixin.py:190} INFO - [2025-04-04T10:46:14.407+0000] {dagbag.py:588} INFO - Filling up the DagBag from /home/airflow/.local/lib/python3.12/site-packages/airflow/example_dags/example_inlet_event_extra.py
[2025-04-04T10:46:14.594+0000] {processor.py:925} INFO - DAG(s) 'read_dataset_event', 'read_dataset_event_from_classic' retrieved from /home/airflow/.local/lib/python3.12/site-packages/airflow/example_dags/example_inlet_event_extra.py
[2025-04-04T10:46:14.620+0000] {logging_mixin.py:190} INFO - [2025-04-04T10:46:14.619+0000] {dag.py:3239} INFO - Sync 2 DAGs
[2025-04-04T10:46:14.641+0000] {logging_mixin.py:190} INFO - [2025-04-04T10:46:14.641+0000] {dag.py:4180} INFO - Setting next_dagrun for read_dataset_event to 2025-04-03 00:00:00+00:00, run_after=2025-04-04 00:00:00+00:00
[2025-04-04T10:46:14.648+0000] {logging_mixin.py:190} INFO - [2025-04-04T10:46:14.648+0000] {dag.py:4180} INFO - Setting next_dagrun for read_dataset_event_from_classic to 2025-04-03 00:00:00+00:00, run_after=2025-04-04 00:00:00+00:00
[2025-04-04T10:46:14.661+0000] {processor.py:208} INFO - Processing /home/airflow/.local/lib/python3.12/site-packages/airflow/example_dags/example_inlet_event_extra.py took 0.281 seconds
[2025-04-04T10:46:44.808+0000] {processor.py:186} INFO - Started process (PID=779) to work on /home/airflow/.local/lib/python3.12/site-packages/airflow/example_dags/example_inlet_event_extra.py
[2025-04-04T10:46:44.809+0000] {processor.py:914} INFO - Processing file /home/airflow/.local/lib/python3.12/site-packages/airflow/example_dags/example_inlet_event_extra.py for tasks to queue
[2025-04-04T10:46:44.811+0000] {logging_mixin.py:190} INFO - [2025-04-04T10:46:44.811+0000] {dagbag.py:588} INFO - Filling up the DagBag from /home/airflow/.local/lib/python3.12/site-packages/airflow/example_dags/example_inlet_event_extra.py
[2025-04-04T10:46:44.930+0000] {processor.py:925} INFO - DAG(s) 'read_dataset_event', 'read_dataset_event_from_classic' retrieved from /home/airflow/.local/lib/python3.12/site-packages/airflow/example_dags/example_inlet_event_extra.py
[2025-04-04T10:46:44.943+0000] {logging_mixin.py:190} INFO - [2025-04-04T10:46:44.943+0000] {dag.py:3239} INFO - Sync 2 DAGs
[2025-04-04T10:46:44.958+0000] {logging_mixin.py:190} INFO - [2025-04-04T10:46:44.958+0000] {dag.py:4180} INFO - Setting next_dagrun for read_dataset_event to 2025-04-03 00:00:00+00:00, run_after=2025-04-04 00:00:00+00:00
[2025-04-04T10:46:44.960+0000] {logging_mixin.py:190} INFO - [2025-04-04T10:46:44.960+0000] {dag.py:4180} INFO - Setting next_dagrun for read_dataset_event_from_classic to 2025-04-03 00:00:00+00:00, run_after=2025-04-04 00:00:00+00:00
[2025-04-04T10:46:44.967+0000] {processor.py:208} INFO - Processing /home/airflow/.local/lib/python3.12/site-packages/airflow/example_dags/example_inlet_event_extra.py took 0.162 seconds
[2025-04-04T10:47:15.852+0000] {processor.py:186} INFO - Started process (PID=839) to work on /home/airflow/.local/lib/python3.12/site-packages/airflow/example_dags/example_inlet_event_extra.py
[2025-04-04T10:47:15.854+0000] {processor.py:914} INFO - Processing file /home/airflow/.local/lib/python3.12/site-packages/airflow/example_dags/example_inlet_event_extra.py for tasks to queue
[2025-04-04T10:47:15.862+0000] {logging_mixin.py:190} INFO - [2025-04-04T10:47:15.862+0000] {dagbag.py:588} INFO - Filling up the DagBag from /home/airflow/.local/lib/python3.12/site-packages/airflow/example_dags/example_inlet_event_extra.py
[2025-04-04T10:47:16.115+0000] {processor.py:925} INFO - DAG(s) 'read_dataset_event', 'read_dataset_event_from_classic' retrieved from /home/airflow/.local/lib/python3.12/site-packages/airflow/example_dags/example_inlet_event_extra.py
[2025-04-04T10:47:16.141+0000] {logging_mixin.py:190} INFO - [2025-04-04T10:47:16.141+0000] {dag.py:3239} INFO - Sync 2 DAGs
[2025-04-04T10:47:16.168+0000] {logging_mixin.py:190} INFO - [2025-04-04T10:47:16.167+0000] {dag.py:4180} INFO - Setting next_dagrun for read_dataset_event to 2025-04-03 00:00:00+00:00, run_after=2025-04-04 00:00:00+00:00
[2025-04-04T10:47:16.171+0000] {logging_mixin.py:190} INFO - [2025-04-04T10:47:16.171+0000] {dag.py:4180} INFO - Setting next_dagrun for read_dataset_event_from_classic to 2025-04-03 00:00:00+00:00, run_after=2025-04-04 00:00:00+00:00
[2025-04-04T10:47:16.190+0000] {processor.py:208} INFO - Processing /home/airflow/.local/lib/python3.12/site-packages/airflow/example_dags/example_inlet_event_extra.py took 0.358 seconds
