[2025-04-04T10:12:42.516+0000] {processor.py:186} INFO - Started process (PID=52) to work on /home/airflow/.local/lib/python3.12/site-packages/airflow/example_dags/example_nested_branch_dag.py
[2025-04-04T10:12:42.518+0000] {processor.py:914} INFO - Processing file /home/airflow/.local/lib/python3.12/site-packages/airflow/example_dags/example_nested_branch_dag.py for tasks to queue
[2025-04-04T10:12:42.524+0000] {logging_mixin.py:190} INFO - [2025-04-04T10:12:42.522+0000] {dagbag.py:588} INFO - Filling up the DagBag from /home/airflow/.local/lib/python3.12/site-packages/airflow/example_dags/example_nested_branch_dag.py
[2025-04-04T10:12:42.551+0000] {processor.py:925} INFO - DAG(s) 'example_nested_branch_dag' retrieved from /home/airflow/.local/lib/python3.12/site-packages/airflow/example_dags/example_nested_branch_dag.py
[2025-04-04T10:12:42.609+0000] {logging_mixin.py:190} INFO - [2025-04-04T10:12:42.608+0000] {dag.py:3239} INFO - Sync 1 DAGs
[2025-04-04T10:12:42.649+0000] {logging_mixin.py:190} INFO - [2025-04-04T10:12:42.648+0000] {dag.py:4180} INFO - Setting next_dagrun for example_nested_branch_dag to 2025-04-03 00:00:00+00:00, run_after=2025-04-04 00:00:00+00:00
[2025-04-04T10:12:42.668+0000] {processor.py:208} INFO - Processing /home/airflow/.local/lib/python3.12/site-packages/airflow/example_dags/example_nested_branch_dag.py took 0.167 seconds
[2025-04-04T10:13:13.383+0000] {processor.py:186} INFO - Started process (PID=113) to work on /home/airflow/.local/lib/python3.12/site-packages/airflow/example_dags/example_nested_branch_dag.py
[2025-04-04T10:13:13.386+0000] {processor.py:914} INFO - Processing file /home/airflow/.local/lib/python3.12/site-packages/airflow/example_dags/example_nested_branch_dag.py for tasks to queue
[2025-04-04T10:13:13.390+0000] {logging_mixin.py:190} INFO - [2025-04-04T10:13:13.389+0000] {dagbag.py:588} INFO - Filling up the DagBag from /home/airflow/.local/lib/python3.12/site-packages/airflow/example_dags/example_nested_branch_dag.py
[2025-04-04T10:13:13.398+0000] {processor.py:925} INFO - DAG(s) 'example_nested_branch_dag' retrieved from /home/airflow/.local/lib/python3.12/site-packages/airflow/example_dags/example_nested_branch_dag.py
[2025-04-04T10:13:13.413+0000] {logging_mixin.py:190} INFO - [2025-04-04T10:13:13.413+0000] {dag.py:3239} INFO - Sync 1 DAGs
[2025-04-04T10:13:13.425+0000] {logging_mixin.py:190} INFO - [2025-04-04T10:13:13.425+0000] {dag.py:4180} INFO - Setting next_dagrun for example_nested_branch_dag to 2025-04-03 00:00:00+00:00, run_after=2025-04-04 00:00:00+00:00
[2025-04-04T10:13:13.438+0000] {processor.py:208} INFO - Processing /home/airflow/.local/lib/python3.12/site-packages/airflow/example_dags/example_nested_branch_dag.py took 0.058 seconds
[2025-04-04T10:40:47.162+0000] {processor.py:186} INFO - Started process (PID=55) to work on /home/airflow/.local/lib/python3.12/site-packages/airflow/example_dags/example_nested_branch_dag.py
[2025-04-04T10:40:47.166+0000] {processor.py:914} INFO - Processing file /home/airflow/.local/lib/python3.12/site-packages/airflow/example_dags/example_nested_branch_dag.py for tasks to queue
[2025-04-04T10:40:47.204+0000] {logging_mixin.py:190} INFO - [2025-04-04T10:40:47.200+0000] {dagbag.py:588} INFO - Filling up the DagBag from /home/airflow/.local/lib/python3.12/site-packages/airflow/example_dags/example_nested_branch_dag.py
[2025-04-04T10:40:47.489+0000] {processor.py:925} INFO - DAG(s) 'example_nested_branch_dag' retrieved from /home/airflow/.local/lib/python3.12/site-packages/airflow/example_dags/example_nested_branch_dag.py
[2025-04-04T10:40:47.687+0000] {logging_mixin.py:190} INFO - [2025-04-04T10:40:47.686+0000] {dag.py:3239} INFO - Sync 1 DAGs
[2025-04-04T10:40:47.788+0000] {logging_mixin.py:190} INFO - [2025-04-04T10:40:47.787+0000] {dag.py:4180} INFO - Setting next_dagrun for example_nested_branch_dag to 2025-04-03 00:00:00+00:00, run_after=2025-04-04 00:00:00+00:00
[2025-04-04T10:40:47.811+0000] {processor.py:208} INFO - Processing /home/airflow/.local/lib/python3.12/site-packages/airflow/example_dags/example_nested_branch_dag.py took 0.692 seconds
[2025-04-04T10:41:18.387+0000] {processor.py:186} INFO - Started process (PID=123) to work on /home/airflow/.local/lib/python3.12/site-packages/airflow/example_dags/example_nested_branch_dag.py
[2025-04-04T10:41:18.391+0000] {processor.py:914} INFO - Processing file /home/airflow/.local/lib/python3.12/site-packages/airflow/example_dags/example_nested_branch_dag.py for tasks to queue
[2025-04-04T10:41:18.394+0000] {logging_mixin.py:190} INFO - [2025-04-04T10:41:18.394+0000] {dagbag.py:588} INFO - Filling up the DagBag from /home/airflow/.local/lib/python3.12/site-packages/airflow/example_dags/example_nested_branch_dag.py
[2025-04-04T10:41:18.405+0000] {processor.py:925} INFO - DAG(s) 'example_nested_branch_dag' retrieved from /home/airflow/.local/lib/python3.12/site-packages/airflow/example_dags/example_nested_branch_dag.py
[2025-04-04T10:41:18.429+0000] {logging_mixin.py:190} INFO - [2025-04-04T10:41:18.429+0000] {dag.py:3239} INFO - Sync 1 DAGs
[2025-04-04T10:41:18.451+0000] {logging_mixin.py:190} INFO - [2025-04-04T10:41:18.451+0000] {dag.py:4180} INFO - Setting next_dagrun for example_nested_branch_dag to 2025-04-03 00:00:00+00:00, run_after=2025-04-04 00:00:00+00:00
[2025-04-04T10:41:18.463+0000] {processor.py:208} INFO - Processing /home/airflow/.local/lib/python3.12/site-packages/airflow/example_dags/example_nested_branch_dag.py took 0.088 seconds
[2025-04-04T10:41:49.372+0000] {processor.py:186} INFO - Started process (PID=185) to work on /home/airflow/.local/lib/python3.12/site-packages/airflow/example_dags/example_nested_branch_dag.py
[2025-04-04T10:41:49.376+0000] {processor.py:914} INFO - Processing file /home/airflow/.local/lib/python3.12/site-packages/airflow/example_dags/example_nested_branch_dag.py for tasks to queue
[2025-04-04T10:41:49.379+0000] {logging_mixin.py:190} INFO - [2025-04-04T10:41:49.379+0000] {dagbag.py:588} INFO - Filling up the DagBag from /home/airflow/.local/lib/python3.12/site-packages/airflow/example_dags/example_nested_branch_dag.py
[2025-04-04T10:41:49.401+0000] {processor.py:925} INFO - DAG(s) 'example_nested_branch_dag' retrieved from /home/airflow/.local/lib/python3.12/site-packages/airflow/example_dags/example_nested_branch_dag.py
[2025-04-04T10:41:49.417+0000] {logging_mixin.py:190} INFO - [2025-04-04T10:41:49.417+0000] {dag.py:3239} INFO - Sync 1 DAGs
[2025-04-04T10:41:49.431+0000] {logging_mixin.py:190} INFO - [2025-04-04T10:41:49.431+0000] {dag.py:4180} INFO - Setting next_dagrun for example_nested_branch_dag to 2025-04-03 00:00:00+00:00, run_after=2025-04-04 00:00:00+00:00
[2025-04-04T10:41:49.443+0000] {processor.py:208} INFO - Processing /home/airflow/.local/lib/python3.12/site-packages/airflow/example_dags/example_nested_branch_dag.py took 0.083 seconds
[2025-04-04T10:42:20.295+0000] {processor.py:186} INFO - Started process (PID=247) to work on /home/airflow/.local/lib/python3.12/site-packages/airflow/example_dags/example_nested_branch_dag.py
[2025-04-04T10:42:20.297+0000] {processor.py:914} INFO - Processing file /home/airflow/.local/lib/python3.12/site-packages/airflow/example_dags/example_nested_branch_dag.py for tasks to queue
[2025-04-04T10:42:20.300+0000] {logging_mixin.py:190} INFO - [2025-04-04T10:42:20.299+0000] {dagbag.py:588} INFO - Filling up the DagBag from /home/airflow/.local/lib/python3.12/site-packages/airflow/example_dags/example_nested_branch_dag.py
[2025-04-04T10:42:20.310+0000] {processor.py:925} INFO - DAG(s) 'example_nested_branch_dag' retrieved from /home/airflow/.local/lib/python3.12/site-packages/airflow/example_dags/example_nested_branch_dag.py
[2025-04-04T10:42:20.326+0000] {logging_mixin.py:190} INFO - [2025-04-04T10:42:20.326+0000] {dag.py:3239} INFO - Sync 1 DAGs
[2025-04-04T10:42:20.341+0000] {logging_mixin.py:190} INFO - [2025-04-04T10:42:20.341+0000] {dag.py:4180} INFO - Setting next_dagrun for example_nested_branch_dag to 2025-04-03 00:00:00+00:00, run_after=2025-04-04 00:00:00+00:00
[2025-04-04T10:42:20.353+0000] {processor.py:208} INFO - Processing /home/airflow/.local/lib/python3.12/site-packages/airflow/example_dags/example_nested_branch_dag.py took 0.070 seconds
[2025-04-04T10:42:50.824+0000] {processor.py:186} INFO - Started process (PID=309) to work on /home/airflow/.local/lib/python3.12/site-packages/airflow/example_dags/example_nested_branch_dag.py
[2025-04-04T10:42:50.828+0000] {processor.py:914} INFO - Processing file /home/airflow/.local/lib/python3.12/site-packages/airflow/example_dags/example_nested_branch_dag.py for tasks to queue
[2025-04-04T10:42:50.832+0000] {logging_mixin.py:190} INFO - [2025-04-04T10:42:50.832+0000] {dagbag.py:588} INFO - Filling up the DagBag from /home/airflow/.local/lib/python3.12/site-packages/airflow/example_dags/example_nested_branch_dag.py
[2025-04-04T10:42:50.842+0000] {processor.py:925} INFO - DAG(s) 'example_nested_branch_dag' retrieved from /home/airflow/.local/lib/python3.12/site-packages/airflow/example_dags/example_nested_branch_dag.py
[2025-04-04T10:42:50.860+0000] {logging_mixin.py:190} INFO - [2025-04-04T10:42:50.859+0000] {dag.py:3239} INFO - Sync 1 DAGs
[2025-04-04T10:42:50.877+0000] {logging_mixin.py:190} INFO - [2025-04-04T10:42:50.877+0000] {dag.py:4180} INFO - Setting next_dagrun for example_nested_branch_dag to 2025-04-03 00:00:00+00:00, run_after=2025-04-04 00:00:00+00:00
[2025-04-04T10:42:50.892+0000] {processor.py:208} INFO - Processing /home/airflow/.local/lib/python3.12/site-packages/airflow/example_dags/example_nested_branch_dag.py took 0.081 seconds
[2025-04-04T10:43:21.224+0000] {processor.py:186} INFO - Started process (PID=371) to work on /home/airflow/.local/lib/python3.12/site-packages/airflow/example_dags/example_nested_branch_dag.py
[2025-04-04T10:43:21.226+0000] {processor.py:914} INFO - Processing file /home/airflow/.local/lib/python3.12/site-packages/airflow/example_dags/example_nested_branch_dag.py for tasks to queue
[2025-04-04T10:43:21.228+0000] {logging_mixin.py:190} INFO - [2025-04-04T10:43:21.228+0000] {dagbag.py:588} INFO - Filling up the DagBag from /home/airflow/.local/lib/python3.12/site-packages/airflow/example_dags/example_nested_branch_dag.py
[2025-04-04T10:43:21.236+0000] {processor.py:925} INFO - DAG(s) 'example_nested_branch_dag' retrieved from /home/airflow/.local/lib/python3.12/site-packages/airflow/example_dags/example_nested_branch_dag.py
[2025-04-04T10:43:21.259+0000] {logging_mixin.py:190} INFO - [2025-04-04T10:43:21.258+0000] {dag.py:3239} INFO - Sync 1 DAGs
[2025-04-04T10:43:21.292+0000] {logging_mixin.py:190} INFO - [2025-04-04T10:43:21.292+0000] {dag.py:4180} INFO - Setting next_dagrun for example_nested_branch_dag to 2025-04-03 00:00:00+00:00, run_after=2025-04-04 00:00:00+00:00
[2025-04-04T10:43:21.309+0000] {processor.py:208} INFO - Processing /home/airflow/.local/lib/python3.12/site-packages/airflow/example_dags/example_nested_branch_dag.py took 0.090 seconds
[2025-04-04T10:43:51.408+0000] {processor.py:186} INFO - Started process (PID=433) to work on /home/airflow/.local/lib/python3.12/site-packages/airflow/example_dags/example_nested_branch_dag.py
[2025-04-04T10:43:51.415+0000] {processor.py:914} INFO - Processing file /home/airflow/.local/lib/python3.12/site-packages/airflow/example_dags/example_nested_branch_dag.py for tasks to queue
[2025-04-04T10:43:51.420+0000] {logging_mixin.py:190} INFO - [2025-04-04T10:43:51.419+0000] {dagbag.py:588} INFO - Filling up the DagBag from /home/airflow/.local/lib/python3.12/site-packages/airflow/example_dags/example_nested_branch_dag.py
[2025-04-04T10:43:51.436+0000] {processor.py:925} INFO - DAG(s) 'example_nested_branch_dag' retrieved from /home/airflow/.local/lib/python3.12/site-packages/airflow/example_dags/example_nested_branch_dag.py
[2025-04-04T10:43:51.456+0000] {logging_mixin.py:190} INFO - [2025-04-04T10:43:51.456+0000] {dag.py:3239} INFO - Sync 1 DAGs
[2025-04-04T10:43:51.477+0000] {logging_mixin.py:190} INFO - [2025-04-04T10:43:51.476+0000] {dag.py:4180} INFO - Setting next_dagrun for example_nested_branch_dag to 2025-04-03 00:00:00+00:00, run_after=2025-04-04 00:00:00+00:00
[2025-04-04T10:43:51.491+0000] {processor.py:208} INFO - Processing /home/airflow/.local/lib/python3.12/site-packages/airflow/example_dags/example_nested_branch_dag.py took 0.097 seconds
[2025-04-04T10:44:22.190+0000] {processor.py:186} INFO - Started process (PID=495) to work on /home/airflow/.local/lib/python3.12/site-packages/airflow/example_dags/example_nested_branch_dag.py
[2025-04-04T10:44:22.193+0000] {processor.py:914} INFO - Processing file /home/airflow/.local/lib/python3.12/site-packages/airflow/example_dags/example_nested_branch_dag.py for tasks to queue
[2025-04-04T10:44:22.198+0000] {logging_mixin.py:190} INFO - [2025-04-04T10:44:22.197+0000] {dagbag.py:588} INFO - Filling up the DagBag from /home/airflow/.local/lib/python3.12/site-packages/airflow/example_dags/example_nested_branch_dag.py
[2025-04-04T10:44:22.212+0000] {processor.py:925} INFO - DAG(s) 'example_nested_branch_dag' retrieved from /home/airflow/.local/lib/python3.12/site-packages/airflow/example_dags/example_nested_branch_dag.py
[2025-04-04T10:44:22.231+0000] {logging_mixin.py:190} INFO - [2025-04-04T10:44:22.231+0000] {dag.py:3239} INFO - Sync 1 DAGs
[2025-04-04T10:44:22.259+0000] {logging_mixin.py:190} INFO - [2025-04-04T10:44:22.259+0000] {dag.py:4180} INFO - Setting next_dagrun for example_nested_branch_dag to 2025-04-03 00:00:00+00:00, run_after=2025-04-04 00:00:00+00:00
[2025-04-04T10:44:22.282+0000] {processor.py:208} INFO - Processing /home/airflow/.local/lib/python3.12/site-packages/airflow/example_dags/example_nested_branch_dag.py took 0.120 seconds
[2025-04-04T10:44:52.735+0000] {processor.py:186} INFO - Started process (PID=557) to work on /home/airflow/.local/lib/python3.12/site-packages/airflow/example_dags/example_nested_branch_dag.py
[2025-04-04T10:44:52.737+0000] {processor.py:914} INFO - Processing file /home/airflow/.local/lib/python3.12/site-packages/airflow/example_dags/example_nested_branch_dag.py for tasks to queue
[2025-04-04T10:44:52.741+0000] {logging_mixin.py:190} INFO - [2025-04-04T10:44:52.741+0000] {dagbag.py:588} INFO - Filling up the DagBag from /home/airflow/.local/lib/python3.12/site-packages/airflow/example_dags/example_nested_branch_dag.py
[2025-04-04T10:44:52.757+0000] {processor.py:925} INFO - DAG(s) 'example_nested_branch_dag' retrieved from /home/airflow/.local/lib/python3.12/site-packages/airflow/example_dags/example_nested_branch_dag.py
[2025-04-04T10:44:52.803+0000] {logging_mixin.py:190} INFO - [2025-04-04T10:44:52.803+0000] {dag.py:3239} INFO - Sync 1 DAGs
[2025-04-04T10:44:52.826+0000] {logging_mixin.py:190} INFO - [2025-04-04T10:44:52.826+0000] {dag.py:4180} INFO - Setting next_dagrun for example_nested_branch_dag to 2025-04-03 00:00:00+00:00, run_after=2025-04-04 00:00:00+00:00
[2025-04-04T10:44:52.841+0000] {processor.py:208} INFO - Processing /home/airflow/.local/lib/python3.12/site-packages/airflow/example_dags/example_nested_branch_dag.py took 0.117 seconds
[2025-04-04T10:45:23.472+0000] {processor.py:186} INFO - Started process (PID=619) to work on /home/airflow/.local/lib/python3.12/site-packages/airflow/example_dags/example_nested_branch_dag.py
[2025-04-04T10:45:23.474+0000] {processor.py:914} INFO - Processing file /home/airflow/.local/lib/python3.12/site-packages/airflow/example_dags/example_nested_branch_dag.py for tasks to queue
[2025-04-04T10:45:23.476+0000] {logging_mixin.py:190} INFO - [2025-04-04T10:45:23.476+0000] {dagbag.py:588} INFO - Filling up the DagBag from /home/airflow/.local/lib/python3.12/site-packages/airflow/example_dags/example_nested_branch_dag.py
[2025-04-04T10:45:23.485+0000] {processor.py:925} INFO - DAG(s) 'example_nested_branch_dag' retrieved from /home/airflow/.local/lib/python3.12/site-packages/airflow/example_dags/example_nested_branch_dag.py
[2025-04-04T10:45:23.503+0000] {logging_mixin.py:190} INFO - [2025-04-04T10:45:23.502+0000] {dag.py:3239} INFO - Sync 1 DAGs
[2025-04-04T10:45:23.519+0000] {logging_mixin.py:190} INFO - [2025-04-04T10:45:23.519+0000] {dag.py:4180} INFO - Setting next_dagrun for example_nested_branch_dag to 2025-04-03 00:00:00+00:00, run_after=2025-04-04 00:00:00+00:00
[2025-04-04T10:45:23.533+0000] {processor.py:208} INFO - Processing /home/airflow/.local/lib/python3.12/site-packages/airflow/example_dags/example_nested_branch_dag.py took 0.074 seconds
[2025-04-04T10:45:54.174+0000] {processor.py:186} INFO - Started process (PID=680) to work on /home/airflow/.local/lib/python3.12/site-packages/airflow/example_dags/example_nested_branch_dag.py
[2025-04-04T10:45:54.175+0000] {processor.py:914} INFO - Processing file /home/airflow/.local/lib/python3.12/site-packages/airflow/example_dags/example_nested_branch_dag.py for tasks to queue
[2025-04-04T10:45:54.178+0000] {logging_mixin.py:190} INFO - [2025-04-04T10:45:54.178+0000] {dagbag.py:588} INFO - Filling up the DagBag from /home/airflow/.local/lib/python3.12/site-packages/airflow/example_dags/example_nested_branch_dag.py
[2025-04-04T10:45:54.193+0000] {processor.py:925} INFO - DAG(s) 'example_nested_branch_dag' retrieved from /home/airflow/.local/lib/python3.12/site-packages/airflow/example_dags/example_nested_branch_dag.py
[2025-04-04T10:45:54.217+0000] {logging_mixin.py:190} INFO - [2025-04-04T10:45:54.217+0000] {dag.py:3239} INFO - Sync 1 DAGs
[2025-04-04T10:45:54.240+0000] {logging_mixin.py:190} INFO - [2025-04-04T10:45:54.239+0000] {dag.py:4180} INFO - Setting next_dagrun for example_nested_branch_dag to 2025-04-03 00:00:00+00:00, run_after=2025-04-04 00:00:00+00:00
[2025-04-04T10:45:54.255+0000] {processor.py:208} INFO - Processing /home/airflow/.local/lib/python3.12/site-packages/airflow/example_dags/example_nested_branch_dag.py took 0.089 seconds
[2025-04-04T10:46:24.667+0000] {processor.py:186} INFO - Started process (PID=742) to work on /home/airflow/.local/lib/python3.12/site-packages/airflow/example_dags/example_nested_branch_dag.py
[2025-04-04T10:46:24.669+0000] {processor.py:914} INFO - Processing file /home/airflow/.local/lib/python3.12/site-packages/airflow/example_dags/example_nested_branch_dag.py for tasks to queue
[2025-04-04T10:46:24.673+0000] {logging_mixin.py:190} INFO - [2025-04-04T10:46:24.673+0000] {dagbag.py:588} INFO - Filling up the DagBag from /home/airflow/.local/lib/python3.12/site-packages/airflow/example_dags/example_nested_branch_dag.py
[2025-04-04T10:46:24.685+0000] {processor.py:925} INFO - DAG(s) 'example_nested_branch_dag' retrieved from /home/airflow/.local/lib/python3.12/site-packages/airflow/example_dags/example_nested_branch_dag.py
[2025-04-04T10:46:24.708+0000] {logging_mixin.py:190} INFO - [2025-04-04T10:46:24.708+0000] {dag.py:3239} INFO - Sync 1 DAGs
[2025-04-04T10:46:24.725+0000] {logging_mixin.py:190} INFO - [2025-04-04T10:46:24.725+0000] {dag.py:4180} INFO - Setting next_dagrun for example_nested_branch_dag to 2025-04-03 00:00:00+00:00, run_after=2025-04-04 00:00:00+00:00
[2025-04-04T10:46:24.736+0000] {processor.py:208} INFO - Processing /home/airflow/.local/lib/python3.12/site-packages/airflow/example_dags/example_nested_branch_dag.py took 0.078 seconds
[2025-04-04T10:46:55.531+0000] {processor.py:186} INFO - Started process (PID=804) to work on /home/airflow/.local/lib/python3.12/site-packages/airflow/example_dags/example_nested_branch_dag.py
[2025-04-04T10:46:55.534+0000] {processor.py:914} INFO - Processing file /home/airflow/.local/lib/python3.12/site-packages/airflow/example_dags/example_nested_branch_dag.py for tasks to queue
[2025-04-04T10:46:55.541+0000] {logging_mixin.py:190} INFO - [2025-04-04T10:46:55.540+0000] {dagbag.py:588} INFO - Filling up the DagBag from /home/airflow/.local/lib/python3.12/site-packages/airflow/example_dags/example_nested_branch_dag.py
[2025-04-04T10:46:55.567+0000] {processor.py:925} INFO - DAG(s) 'example_nested_branch_dag' retrieved from /home/airflow/.local/lib/python3.12/site-packages/airflow/example_dags/example_nested_branch_dag.py
[2025-04-04T10:46:55.611+0000] {logging_mixin.py:190} INFO - [2025-04-04T10:46:55.611+0000] {dag.py:3239} INFO - Sync 1 DAGs
[2025-04-04T10:46:55.683+0000] {logging_mixin.py:190} INFO - [2025-04-04T10:46:55.683+0000] {dag.py:4180} INFO - Setting next_dagrun for example_nested_branch_dag to 2025-04-03 00:00:00+00:00, run_after=2025-04-04 00:00:00+00:00
[2025-04-04T10:46:55.715+0000] {processor.py:208} INFO - Processing /home/airflow/.local/lib/python3.12/site-packages/airflow/example_dags/example_nested_branch_dag.py took 0.201 seconds
[2025-04-04T10:47:26.190+0000] {processor.py:186} INFO - Started process (PID=866) to work on /home/airflow/.local/lib/python3.12/site-packages/airflow/example_dags/example_nested_branch_dag.py
[2025-04-04T10:47:26.193+0000] {processor.py:914} INFO - Processing file /home/airflow/.local/lib/python3.12/site-packages/airflow/example_dags/example_nested_branch_dag.py for tasks to queue
[2025-04-04T10:47:26.236+0000] {logging_mixin.py:190} INFO - [2025-04-04T10:47:26.235+0000] {dagbag.py:588} INFO - Filling up the DagBag from /home/airflow/.local/lib/python3.12/site-packages/airflow/example_dags/example_nested_branch_dag.py
[2025-04-04T10:47:26.264+0000] {processor.py:925} INFO - DAG(s) 'example_nested_branch_dag' retrieved from /home/airflow/.local/lib/python3.12/site-packages/airflow/example_dags/example_nested_branch_dag.py
[2025-04-04T10:47:26.320+0000] {logging_mixin.py:190} INFO - [2025-04-04T10:47:26.319+0000] {dag.py:3239} INFO - Sync 1 DAGs
[2025-04-04T10:47:26.345+0000] {logging_mixin.py:190} INFO - [2025-04-04T10:47:26.345+0000] {dag.py:4180} INFO - Setting next_dagrun for example_nested_branch_dag to 2025-04-03 00:00:00+00:00, run_after=2025-04-04 00:00:00+00:00
[2025-04-04T10:47:26.372+0000] {processor.py:208} INFO - Processing /home/airflow/.local/lib/python3.12/site-packages/airflow/example_dags/example_nested_branch_dag.py took 0.221 seconds
