[2025-02-20T00:02:04.888+0000] {processor.py:186} INFO - Started process (PID=8292) to work on /home/airflow/.local/lib/python3.12/site-packages/airflow/example_dags/example_inlet_event_extra.py
[2025-02-20T00:02:04.890+0000] {processor.py:914} INFO - Processing file /home/airflow/.local/lib/python3.12/site-packages/airflow/example_dags/example_inlet_event_extra.py for tasks to queue
[2025-02-20T00:02:04.891+0000] {logging_mixin.py:190} INFO - [2025-02-20T00:02:04.891+0000] {dagbag.py:588} INFO - Filling up the DagBag from /home/airflow/.local/lib/python3.12/site-packages/airflow/example_dags/example_inlet_event_extra.py
[2025-02-20T00:02:04.977+0000] {processor.py:925} INFO - DAG(s) 'read_dataset_event', 'read_dataset_event_from_classic' retrieved from /home/airflow/.local/lib/python3.12/site-packages/airflow/example_dags/example_inlet_event_extra.py
[2025-02-20T00:02:04.990+0000] {logging_mixin.py:190} INFO - [2025-02-20T00:02:04.990+0000] {dag.py:3239} INFO - Sync 2 DAGs
[2025-02-20T00:02:05.126+0000] {logging_mixin.py:190} INFO - [2025-02-20T00:02:05.126+0000] {dag.py:4180} INFO - Setting next_dagrun for read_dataset_event to 2025-02-19 00:00:00+00:00, run_after=2025-02-20 00:00:00+00:00
[2025-02-20T00:02:05.128+0000] {logging_mixin.py:190} INFO - [2025-02-20T00:02:05.128+0000] {dag.py:4180} INFO - Setting next_dagrun for read_dataset_event_from_classic to 2025-02-19 00:00:00+00:00, run_after=2025-02-20 00:00:00+00:00
[2025-02-20T00:02:05.136+0000] {processor.py:208} INFO - Processing /home/airflow/.local/lib/python3.12/site-packages/airflow/example_dags/example_inlet_event_extra.py took 0.251 seconds
[2025-02-20T01:13:19.014+0000] {processor.py:186} INFO - Started process (PID=8354) to work on /home/airflow/.local/lib/python3.12/site-packages/airflow/example_dags/example_inlet_event_extra.py
[2025-02-20T01:13:19.016+0000] {processor.py:914} INFO - Processing file /home/airflow/.local/lib/python3.12/site-packages/airflow/example_dags/example_inlet_event_extra.py for tasks to queue
[2025-02-20T01:13:19.018+0000] {logging_mixin.py:190} INFO - [2025-02-20T01:13:19.018+0000] {dagbag.py:588} INFO - Filling up the DagBag from /home/airflow/.local/lib/python3.12/site-packages/airflow/example_dags/example_inlet_event_extra.py
[2025-02-20T01:13:19.189+0000] {processor.py:925} INFO - DAG(s) 'read_dataset_event_from_classic', 'read_dataset_event' retrieved from /home/airflow/.local/lib/python3.12/site-packages/airflow/example_dags/example_inlet_event_extra.py
[2025-02-20T01:13:19.210+0000] {logging_mixin.py:190} INFO - [2025-02-20T01:13:19.209+0000] {dag.py:3239} INFO - Sync 2 DAGs
[2025-02-20T01:13:19.549+0000] {logging_mixin.py:190} INFO - [2025-02-20T01:13:19.549+0000] {dag.py:4180} INFO - Setting next_dagrun for read_dataset_event to 2025-02-19 00:00:00+00:00, run_after=2025-02-20 00:00:00+00:00
[2025-02-20T01:13:19.553+0000] {logging_mixin.py:190} INFO - [2025-02-20T01:13:19.552+0000] {dag.py:4180} INFO - Setting next_dagrun for read_dataset_event_from_classic to 2025-02-19 00:00:00+00:00, run_after=2025-02-20 00:00:00+00:00
[2025-02-20T01:13:19.566+0000] {processor.py:208} INFO - Processing /home/airflow/.local/lib/python3.12/site-packages/airflow/example_dags/example_inlet_event_extra.py took 0.567 seconds
[2025-02-20T02:53:25.189+0000] {processor.py:186} INFO - Started process (PID=8416) to work on /home/airflow/.local/lib/python3.12/site-packages/airflow/example_dags/example_inlet_event_extra.py
[2025-02-20T02:53:25.191+0000] {processor.py:914} INFO - Processing file /home/airflow/.local/lib/python3.12/site-packages/airflow/example_dags/example_inlet_event_extra.py for tasks to queue
[2025-02-20T02:53:25.194+0000] {logging_mixin.py:190} INFO - [2025-02-20T02:53:25.193+0000] {dagbag.py:588} INFO - Filling up the DagBag from /home/airflow/.local/lib/python3.12/site-packages/airflow/example_dags/example_inlet_event_extra.py
[2025-02-20T02:53:25.309+0000] {processor.py:925} INFO - DAG(s) 'read_dataset_event_from_classic', 'read_dataset_event' retrieved from /home/airflow/.local/lib/python3.12/site-packages/airflow/example_dags/example_inlet_event_extra.py
[2025-02-20T02:53:25.325+0000] {logging_mixin.py:190} INFO - [2025-02-20T02:53:25.324+0000] {dag.py:3239} INFO - Sync 2 DAGs
[2025-02-20T02:53:25.336+0000] {logging_mixin.py:190} INFO - [2025-02-20T02:53:25.336+0000] {dag.py:4180} INFO - Setting next_dagrun for read_dataset_event to 2025-02-19 00:00:00+00:00, run_after=2025-02-20 00:00:00+00:00
[2025-02-20T02:53:25.339+0000] {logging_mixin.py:190} INFO - [2025-02-20T02:53:25.339+0000] {dag.py:4180} INFO - Setting next_dagrun for read_dataset_event_from_classic to 2025-02-19 00:00:00+00:00, run_after=2025-02-20 00:00:00+00:00
[2025-02-20T02:53:25.493+0000] {processor.py:208} INFO - Processing /home/airflow/.local/lib/python3.12/site-packages/airflow/example_dags/example_inlet_event_extra.py took 0.311 seconds
[2025-02-20T03:57:10.542+0000] {processor.py:186} INFO - Started process (PID=8478) to work on /home/airflow/.local/lib/python3.12/site-packages/airflow/example_dags/example_inlet_event_extra.py
[2025-02-20T03:57:10.543+0000] {processor.py:914} INFO - Processing file /home/airflow/.local/lib/python3.12/site-packages/airflow/example_dags/example_inlet_event_extra.py for tasks to queue
[2025-02-20T03:57:10.546+0000] {logging_mixin.py:190} INFO - [2025-02-20T03:57:10.545+0000] {dagbag.py:588} INFO - Filling up the DagBag from /home/airflow/.local/lib/python3.12/site-packages/airflow/example_dags/example_inlet_event_extra.py
[2025-02-20T03:57:10.967+0000] {processor.py:925} INFO - DAG(s) 'read_dataset_event_from_classic', 'read_dataset_event' retrieved from /home/airflow/.local/lib/python3.12/site-packages/airflow/example_dags/example_inlet_event_extra.py
[2025-02-20T03:57:10.982+0000] {logging_mixin.py:190} INFO - [2025-02-20T03:57:10.982+0000] {dag.py:3239} INFO - Sync 2 DAGs
[2025-02-20T03:57:10.995+0000] {logging_mixin.py:190} INFO - [2025-02-20T03:57:10.995+0000] {dag.py:4180} INFO - Setting next_dagrun for read_dataset_event to 2025-02-19 00:00:00+00:00, run_after=2025-02-20 00:00:00+00:00
[2025-02-20T03:57:10.997+0000] {logging_mixin.py:190} INFO - [2025-02-20T03:57:10.997+0000] {dag.py:4180} INFO - Setting next_dagrun for read_dataset_event_from_classic to 2025-02-19 00:00:00+00:00, run_after=2025-02-20 00:00:00+00:00
[2025-02-20T03:57:11.010+0000] {processor.py:208} INFO - Processing /home/airflow/.local/lib/python3.12/site-packages/airflow/example_dags/example_inlet_event_extra.py took 0.473 seconds
[2025-02-20T05:04:26.990+0000] {processor.py:186} INFO - Started process (PID=8540) to work on /home/airflow/.local/lib/python3.12/site-packages/airflow/example_dags/example_inlet_event_extra.py
[2025-02-20T05:04:26.991+0000] {processor.py:914} INFO - Processing file /home/airflow/.local/lib/python3.12/site-packages/airflow/example_dags/example_inlet_event_extra.py for tasks to queue
[2025-02-20T05:04:26.992+0000] {logging_mixin.py:190} INFO - [2025-02-20T05:04:26.992+0000] {dagbag.py:588} INFO - Filling up the DagBag from /home/airflow/.local/lib/python3.12/site-packages/airflow/example_dags/example_inlet_event_extra.py
[2025-02-20T05:04:27.284+0000] {processor.py:925} INFO - DAG(s) 'read_dataset_event', 'read_dataset_event_from_classic' retrieved from /home/airflow/.local/lib/python3.12/site-packages/airflow/example_dags/example_inlet_event_extra.py
[2025-02-20T05:04:27.298+0000] {logging_mixin.py:190} INFO - [2025-02-20T05:04:27.298+0000] {dag.py:3239} INFO - Sync 2 DAGs
[2025-02-20T05:04:27.312+0000] {logging_mixin.py:190} INFO - [2025-02-20T05:04:27.312+0000] {dag.py:4180} INFO - Setting next_dagrun for read_dataset_event to 2025-02-19 00:00:00+00:00, run_after=2025-02-20 00:00:00+00:00
[2025-02-20T05:04:27.315+0000] {logging_mixin.py:190} INFO - [2025-02-20T05:04:27.315+0000] {dag.py:4180} INFO - Setting next_dagrun for read_dataset_event_from_classic to 2025-02-19 00:00:00+00:00, run_after=2025-02-20 00:00:00+00:00
[2025-02-20T05:04:27.326+0000] {processor.py:208} INFO - Processing /home/airflow/.local/lib/python3.12/site-packages/airflow/example_dags/example_inlet_event_extra.py took 0.341 seconds
[2025-02-20T06:14:41.015+0000] {processor.py:186} INFO - Started process (PID=8602) to work on /home/airflow/.local/lib/python3.12/site-packages/airflow/example_dags/example_inlet_event_extra.py
[2025-02-20T06:14:41.019+0000] {processor.py:914} INFO - Processing file /home/airflow/.local/lib/python3.12/site-packages/airflow/example_dags/example_inlet_event_extra.py for tasks to queue
[2025-02-20T06:14:41.021+0000] {logging_mixin.py:190} INFO - [2025-02-20T06:14:41.021+0000] {dagbag.py:588} INFO - Filling up the DagBag from /home/airflow/.local/lib/python3.12/site-packages/airflow/example_dags/example_inlet_event_extra.py
[2025-02-20T06:14:41.446+0000] {processor.py:925} INFO - DAG(s) 'read_dataset_event', 'read_dataset_event_from_classic' retrieved from /home/airflow/.local/lib/python3.12/site-packages/airflow/example_dags/example_inlet_event_extra.py
[2025-02-20T06:14:41.467+0000] {logging_mixin.py:190} INFO - [2025-02-20T06:14:41.466+0000] {dag.py:3239} INFO - Sync 2 DAGs
[2025-02-20T06:14:41.495+0000] {logging_mixin.py:190} INFO - [2025-02-20T06:14:41.495+0000] {dag.py:4180} INFO - Setting next_dagrun for read_dataset_event to 2025-02-19 00:00:00+00:00, run_after=2025-02-20 00:00:00+00:00
[2025-02-20T06:14:41.505+0000] {logging_mixin.py:190} INFO - [2025-02-20T06:14:41.504+0000] {dag.py:4180} INFO - Setting next_dagrun for read_dataset_event_from_classic to 2025-02-19 00:00:00+00:00, run_after=2025-02-20 00:00:00+00:00
[2025-02-20T06:14:41.517+0000] {processor.py:208} INFO - Processing /home/airflow/.local/lib/python3.12/site-packages/airflow/example_dags/example_inlet_event_extra.py took 0.511 seconds
[2025-02-20T07:34:13.903+0000] {processor.py:186} INFO - Started process (PID=8664) to work on /home/airflow/.local/lib/python3.12/site-packages/airflow/example_dags/example_inlet_event_extra.py
[2025-02-20T07:34:13.904+0000] {processor.py:914} INFO - Processing file /home/airflow/.local/lib/python3.12/site-packages/airflow/example_dags/example_inlet_event_extra.py for tasks to queue
[2025-02-20T07:34:13.906+0000] {logging_mixin.py:190} INFO - [2025-02-20T07:34:13.906+0000] {dagbag.py:588} INFO - Filling up the DagBag from /home/airflow/.local/lib/python3.12/site-packages/airflow/example_dags/example_inlet_event_extra.py
[2025-02-20T07:34:14.153+0000] {processor.py:925} INFO - DAG(s) 'read_dataset_event', 'read_dataset_event_from_classic' retrieved from /home/airflow/.local/lib/python3.12/site-packages/airflow/example_dags/example_inlet_event_extra.py
[2025-02-20T07:34:14.166+0000] {logging_mixin.py:190} INFO - [2025-02-20T07:34:14.166+0000] {dag.py:3239} INFO - Sync 2 DAGs
[2025-02-20T07:34:14.191+0000] {logging_mixin.py:190} INFO - [2025-02-20T07:34:14.191+0000] {dag.py:4180} INFO - Setting next_dagrun for read_dataset_event to 2025-02-19 00:00:00+00:00, run_after=2025-02-20 00:00:00+00:00
[2025-02-20T07:34:14.196+0000] {logging_mixin.py:190} INFO - [2025-02-20T07:34:14.195+0000] {dag.py:4180} INFO - Setting next_dagrun for read_dataset_event_from_classic to 2025-02-19 00:00:00+00:00, run_after=2025-02-20 00:00:00+00:00
[2025-02-20T07:34:14.208+0000] {processor.py:208} INFO - Processing /home/airflow/.local/lib/python3.12/site-packages/airflow/example_dags/example_inlet_event_extra.py took 0.309 seconds
[2025-02-20T07:43:53.587+0000] {processor.py:186} INFO - Started process (PID=8726) to work on /home/airflow/.local/lib/python3.12/site-packages/airflow/example_dags/example_inlet_event_extra.py
[2025-02-20T07:43:53.590+0000] {processor.py:914} INFO - Processing file /home/airflow/.local/lib/python3.12/site-packages/airflow/example_dags/example_inlet_event_extra.py for tasks to queue
[2025-02-20T07:43:53.596+0000] {logging_mixin.py:190} INFO - [2025-02-20T07:43:53.595+0000] {dagbag.py:588} INFO - Filling up the DagBag from /home/airflow/.local/lib/python3.12/site-packages/airflow/example_dags/example_inlet_event_extra.py
[2025-02-20T07:43:54.242+0000] {processor.py:925} INFO - DAG(s) 'read_dataset_event', 'read_dataset_event_from_classic' retrieved from /home/airflow/.local/lib/python3.12/site-packages/airflow/example_dags/example_inlet_event_extra.py
[2025-02-20T07:43:54.259+0000] {logging_mixin.py:190} INFO - [2025-02-20T07:43:54.259+0000] {dag.py:3239} INFO - Sync 2 DAGs
[2025-02-20T07:43:54.278+0000] {logging_mixin.py:190} INFO - [2025-02-20T07:43:54.278+0000] {dag.py:4180} INFO - Setting next_dagrun for read_dataset_event to 2025-02-19 00:00:00+00:00, run_after=2025-02-20 00:00:00+00:00
[2025-02-20T07:43:54.285+0000] {logging_mixin.py:190} INFO - [2025-02-20T07:43:54.285+0000] {dag.py:4180} INFO - Setting next_dagrun for read_dataset_event_from_classic to 2025-02-19 00:00:00+00:00, run_after=2025-02-20 00:00:00+00:00
[2025-02-20T07:43:54.322+0000] {processor.py:208} INFO - Processing /home/airflow/.local/lib/python3.12/site-packages/airflow/example_dags/example_inlet_event_extra.py took 0.743 seconds
[2025-02-20T08:25:40.229+0000] {processor.py:186} INFO - Started process (PID=8788) to work on /home/airflow/.local/lib/python3.12/site-packages/airflow/example_dags/example_inlet_event_extra.py
[2025-02-20T08:25:40.230+0000] {processor.py:914} INFO - Processing file /home/airflow/.local/lib/python3.12/site-packages/airflow/example_dags/example_inlet_event_extra.py for tasks to queue
[2025-02-20T08:25:40.231+0000] {logging_mixin.py:190} INFO - [2025-02-20T08:25:40.231+0000] {dagbag.py:588} INFO - Filling up the DagBag from /home/airflow/.local/lib/python3.12/site-packages/airflow/example_dags/example_inlet_event_extra.py
[2025-02-20T08:25:40.393+0000] {processor.py:925} INFO - DAG(s) 'read_dataset_event', 'read_dataset_event_from_classic' retrieved from /home/airflow/.local/lib/python3.12/site-packages/airflow/example_dags/example_inlet_event_extra.py
[2025-02-20T08:25:40.402+0000] {logging_mixin.py:190} INFO - [2025-02-20T08:25:40.402+0000] {dag.py:3239} INFO - Sync 2 DAGs
[2025-02-20T08:25:40.412+0000] {logging_mixin.py:190} INFO - [2025-02-20T08:25:40.412+0000] {dag.py:4180} INFO - Setting next_dagrun for read_dataset_event to 2025-02-19 00:00:00+00:00, run_after=2025-02-20 00:00:00+00:00
[2025-02-20T08:25:40.414+0000] {logging_mixin.py:190} INFO - [2025-02-20T08:25:40.414+0000] {dag.py:4180} INFO - Setting next_dagrun for read_dataset_event_from_classic to 2025-02-19 00:00:00+00:00, run_after=2025-02-20 00:00:00+00:00
[2025-02-20T08:25:40.421+0000] {processor.py:208} INFO - Processing /home/airflow/.local/lib/python3.12/site-packages/airflow/example_dags/example_inlet_event_extra.py took 0.195 seconds
[2025-02-20T08:46:04.784+0000] {processor.py:186} INFO - Started process (PID=8850) to work on /home/airflow/.local/lib/python3.12/site-packages/airflow/example_dags/example_inlet_event_extra.py
[2025-02-20T08:46:04.786+0000] {processor.py:914} INFO - Processing file /home/airflow/.local/lib/python3.12/site-packages/airflow/example_dags/example_inlet_event_extra.py for tasks to queue
[2025-02-20T08:46:04.787+0000] {logging_mixin.py:190} INFO - [2025-02-20T08:46:04.787+0000] {dagbag.py:588} INFO - Filling up the DagBag from /home/airflow/.local/lib/python3.12/site-packages/airflow/example_dags/example_inlet_event_extra.py
[2025-02-20T08:46:05.599+0000] {processor.py:925} INFO - DAG(s) 'read_dataset_event', 'read_dataset_event_from_classic' retrieved from /home/airflow/.local/lib/python3.12/site-packages/airflow/example_dags/example_inlet_event_extra.py
[2025-02-20T08:46:05.622+0000] {logging_mixin.py:190} INFO - [2025-02-20T08:46:05.621+0000] {dag.py:3239} INFO - Sync 2 DAGs
[2025-02-20T08:46:05.638+0000] {logging_mixin.py:190} INFO - [2025-02-20T08:46:05.638+0000] {dag.py:4180} INFO - Setting next_dagrun for read_dataset_event to 2025-02-19 00:00:00+00:00, run_after=2025-02-20 00:00:00+00:00
[2025-02-20T08:46:05.644+0000] {logging_mixin.py:190} INFO - [2025-02-20T08:46:05.643+0000] {dag.py:4180} INFO - Setting next_dagrun for read_dataset_event_from_classic to 2025-02-19 00:00:00+00:00, run_after=2025-02-20 00:00:00+00:00
[2025-02-20T08:46:05.661+0000] {processor.py:208} INFO - Processing /home/airflow/.local/lib/python3.12/site-packages/airflow/example_dags/example_inlet_event_extra.py took 0.880 seconds
[2025-02-20T09:25:03.983+0000] {processor.py:186} INFO - Started process (PID=8912) to work on /home/airflow/.local/lib/python3.12/site-packages/airflow/example_dags/example_inlet_event_extra.py
[2025-02-20T09:25:03.991+0000] {processor.py:914} INFO - Processing file /home/airflow/.local/lib/python3.12/site-packages/airflow/example_dags/example_inlet_event_extra.py for tasks to queue
[2025-02-20T09:25:03.994+0000] {logging_mixin.py:190} INFO - [2025-02-20T09:25:03.994+0000] {dagbag.py:588} INFO - Filling up the DagBag from /home/airflow/.local/lib/python3.12/site-packages/airflow/example_dags/example_inlet_event_extra.py
[2025-02-20T09:25:08.576+0000] {processor.py:925} INFO - DAG(s) 'read_dataset_event_from_classic', 'read_dataset_event' retrieved from /home/airflow/.local/lib/python3.12/site-packages/airflow/example_dags/example_inlet_event_extra.py
[2025-02-20T09:25:08.614+0000] {logging_mixin.py:190} INFO - [2025-02-20T09:25:08.613+0000] {dag.py:3239} INFO - Sync 2 DAGs
[2025-02-20T09:25:08.643+0000] {logging_mixin.py:190} INFO - [2025-02-20T09:25:08.643+0000] {dag.py:4180} INFO - Setting next_dagrun for read_dataset_event to 2025-02-19 00:00:00+00:00, run_after=2025-02-20 00:00:00+00:00
[2025-02-20T09:25:08.649+0000] {logging_mixin.py:190} INFO - [2025-02-20T09:25:08.649+0000] {dag.py:4180} INFO - Setting next_dagrun for read_dataset_event_from_classic to 2025-02-19 00:00:00+00:00, run_after=2025-02-20 00:00:00+00:00
[2025-02-20T09:25:08.666+0000] {processor.py:208} INFO - Processing /home/airflow/.local/lib/python3.12/site-packages/airflow/example_dags/example_inlet_event_extra.py took 4.709 seconds
[2025-02-20T09:25:39.262+0000] {processor.py:186} INFO - Started process (PID=8986) to work on /home/airflow/.local/lib/python3.12/site-packages/airflow/example_dags/example_inlet_event_extra.py
[2025-02-20T09:25:39.267+0000] {processor.py:914} INFO - Processing file /home/airflow/.local/lib/python3.12/site-packages/airflow/example_dags/example_inlet_event_extra.py for tasks to queue
[2025-02-20T09:25:39.282+0000] {logging_mixin.py:190} INFO - [2025-02-20T09:25:39.280+0000] {dagbag.py:588} INFO - Filling up the DagBag from /home/airflow/.local/lib/python3.12/site-packages/airflow/example_dags/example_inlet_event_extra.py
[2025-02-20T09:25:40.438+0000] {processor.py:925} INFO - DAG(s) 'read_dataset_event_from_classic', 'read_dataset_event' retrieved from /home/airflow/.local/lib/python3.12/site-packages/airflow/example_dags/example_inlet_event_extra.py
[2025-02-20T09:25:40.466+0000] {logging_mixin.py:190} INFO - [2025-02-20T09:25:40.466+0000] {dag.py:3239} INFO - Sync 2 DAGs
[2025-02-20T09:25:40.495+0000] {logging_mixin.py:190} INFO - [2025-02-20T09:25:40.495+0000] {dag.py:4180} INFO - Setting next_dagrun for read_dataset_event to 2025-02-19 00:00:00+00:00, run_after=2025-02-20 00:00:00+00:00
[2025-02-20T09:25:40.500+0000] {logging_mixin.py:190} INFO - [2025-02-20T09:25:40.500+0000] {dag.py:4180} INFO - Setting next_dagrun for read_dataset_event_from_classic to 2025-02-19 00:00:00+00:00, run_after=2025-02-20 00:00:00+00:00
[2025-02-20T09:25:40.518+0000] {processor.py:208} INFO - Processing /home/airflow/.local/lib/python3.12/site-packages/airflow/example_dags/example_inlet_event_extra.py took 1.298 seconds
[2025-02-20T09:38:05.126+0000] {processor.py:186} INFO - Started process (PID=86) to work on /home/airflow/.local/lib/python3.12/site-packages/airflow/example_dags/example_inlet_event_extra.py
[2025-02-20T09:38:05.128+0000] {processor.py:914} INFO - Processing file /home/airflow/.local/lib/python3.12/site-packages/airflow/example_dags/example_inlet_event_extra.py for tasks to queue
[2025-02-20T09:38:05.134+0000] {logging_mixin.py:190} INFO - [2025-02-20T09:38:05.133+0000] {dagbag.py:588} INFO - Filling up the DagBag from /home/airflow/.local/lib/python3.12/site-packages/airflow/example_dags/example_inlet_event_extra.py
[2025-02-20T09:38:05.860+0000] {processor.py:925} INFO - DAG(s) 'read_dataset_event_from_classic', 'read_dataset_event' retrieved from /home/airflow/.local/lib/python3.12/site-packages/airflow/example_dags/example_inlet_event_extra.py
[2025-02-20T09:38:05.917+0000] {logging_mixin.py:190} INFO - [2025-02-20T09:38:05.917+0000] {dag.py:3239} INFO - Sync 2 DAGs
[2025-02-20T09:38:05.969+0000] {logging_mixin.py:190} INFO - [2025-02-20T09:38:05.969+0000] {dag.py:4180} INFO - Setting next_dagrun for read_dataset_event to 2025-02-19 00:00:00+00:00, run_after=2025-02-20 00:00:00+00:00
[2025-02-20T09:38:05.974+0000] {logging_mixin.py:190} INFO - [2025-02-20T09:38:05.974+0000] {dag.py:4180} INFO - Setting next_dagrun for read_dataset_event_from_classic to 2025-02-19 00:00:00+00:00, run_after=2025-02-20 00:00:00+00:00
[2025-02-20T09:38:06.012+0000] {processor.py:208} INFO - Processing /home/airflow/.local/lib/python3.12/site-packages/airflow/example_dags/example_inlet_event_extra.py took 0.893 seconds
[2025-02-20T09:38:36.735+0000] {processor.py:186} INFO - Started process (PID=148) to work on /home/airflow/.local/lib/python3.12/site-packages/airflow/example_dags/example_inlet_event_extra.py
[2025-02-20T09:38:36.738+0000] {processor.py:914} INFO - Processing file /home/airflow/.local/lib/python3.12/site-packages/airflow/example_dags/example_inlet_event_extra.py for tasks to queue
[2025-02-20T09:38:36.747+0000] {logging_mixin.py:190} INFO - [2025-02-20T09:38:36.747+0000] {dagbag.py:588} INFO - Filling up the DagBag from /home/airflow/.local/lib/python3.12/site-packages/airflow/example_dags/example_inlet_event_extra.py
[2025-02-20T09:38:36.997+0000] {processor.py:925} INFO - DAG(s) 'read_dataset_event_from_classic', 'read_dataset_event' retrieved from /home/airflow/.local/lib/python3.12/site-packages/airflow/example_dags/example_inlet_event_extra.py
[2025-02-20T09:38:37.038+0000] {logging_mixin.py:190} INFO - [2025-02-20T09:38:37.037+0000] {dag.py:3239} INFO - Sync 2 DAGs
[2025-02-20T09:38:37.058+0000] {logging_mixin.py:190} INFO - [2025-02-20T09:38:37.058+0000] {dag.py:4180} INFO - Setting next_dagrun for read_dataset_event to 2025-02-19 00:00:00+00:00, run_after=2025-02-20 00:00:00+00:00
[2025-02-20T09:38:37.064+0000] {logging_mixin.py:190} INFO - [2025-02-20T09:38:37.064+0000] {dag.py:4180} INFO - Setting next_dagrun for read_dataset_event_from_classic to 2025-02-19 00:00:00+00:00, run_after=2025-02-20 00:00:00+00:00
[2025-02-20T09:38:37.081+0000] {processor.py:208} INFO - Processing /home/airflow/.local/lib/python3.12/site-packages/airflow/example_dags/example_inlet_event_extra.py took 0.374 seconds
[2025-02-20T09:39:07.153+0000] {processor.py:186} INFO - Started process (PID=210) to work on /home/airflow/.local/lib/python3.12/site-packages/airflow/example_dags/example_inlet_event_extra.py
[2025-02-20T09:39:07.158+0000] {processor.py:914} INFO - Processing file /home/airflow/.local/lib/python3.12/site-packages/airflow/example_dags/example_inlet_event_extra.py for tasks to queue
[2025-02-20T09:39:07.161+0000] {logging_mixin.py:190} INFO - [2025-02-20T09:39:07.160+0000] {dagbag.py:588} INFO - Filling up the DagBag from /home/airflow/.local/lib/python3.12/site-packages/airflow/example_dags/example_inlet_event_extra.py
[2025-02-20T09:39:07.310+0000] {processor.py:925} INFO - DAG(s) 'read_dataset_event_from_classic', 'read_dataset_event' retrieved from /home/airflow/.local/lib/python3.12/site-packages/airflow/example_dags/example_inlet_event_extra.py
[2025-02-20T09:39:07.326+0000] {logging_mixin.py:190} INFO - [2025-02-20T09:39:07.326+0000] {dag.py:3239} INFO - Sync 2 DAGs
[2025-02-20T09:39:07.340+0000] {logging_mixin.py:190} INFO - [2025-02-20T09:39:07.340+0000] {dag.py:4180} INFO - Setting next_dagrun for read_dataset_event to 2025-02-19 00:00:00+00:00, run_after=2025-02-20 00:00:00+00:00
[2025-02-20T09:39:07.343+0000] {logging_mixin.py:190} INFO - [2025-02-20T09:39:07.343+0000] {dag.py:4180} INFO - Setting next_dagrun for read_dataset_event_from_classic to 2025-02-19 00:00:00+00:00, run_after=2025-02-20 00:00:00+00:00
[2025-02-20T09:39:07.356+0000] {processor.py:208} INFO - Processing /home/airflow/.local/lib/python3.12/site-packages/airflow/example_dags/example_inlet_event_extra.py took 0.217 seconds
[2025-02-20T09:39:38.219+0000] {processor.py:186} INFO - Started process (PID=272) to work on /home/airflow/.local/lib/python3.12/site-packages/airflow/example_dags/example_inlet_event_extra.py
[2025-02-20T09:39:38.222+0000] {processor.py:914} INFO - Processing file /home/airflow/.local/lib/python3.12/site-packages/airflow/example_dags/example_inlet_event_extra.py for tasks to queue
[2025-02-20T09:39:38.238+0000] {logging_mixin.py:190} INFO - [2025-02-20T09:39:38.237+0000] {dagbag.py:588} INFO - Filling up the DagBag from /home/airflow/.local/lib/python3.12/site-packages/airflow/example_dags/example_inlet_event_extra.py
[2025-02-20T09:39:38.588+0000] {processor.py:925} INFO - DAG(s) 'read_dataset_event', 'read_dataset_event_from_classic' retrieved from /home/airflow/.local/lib/python3.12/site-packages/airflow/example_dags/example_inlet_event_extra.py
[2025-02-20T09:39:38.643+0000] {logging_mixin.py:190} INFO - [2025-02-20T09:39:38.642+0000] {dag.py:3239} INFO - Sync 2 DAGs
[2025-02-20T09:39:38.883+0000] {logging_mixin.py:190} INFO - [2025-02-20T09:39:38.882+0000] {dag.py:4180} INFO - Setting next_dagrun for read_dataset_event to 2025-02-19 00:00:00+00:00, run_after=2025-02-20 00:00:00+00:00
[2025-02-20T09:39:38.924+0000] {logging_mixin.py:190} INFO - [2025-02-20T09:39:38.923+0000] {dag.py:4180} INFO - Setting next_dagrun for read_dataset_event_from_classic to 2025-02-19 00:00:00+00:00, run_after=2025-02-20 00:00:00+00:00
[2025-02-20T09:39:39.050+0000] {processor.py:208} INFO - Processing /home/airflow/.local/lib/python3.12/site-packages/airflow/example_dags/example_inlet_event_extra.py took 0.859 seconds
[2025-02-20T09:40:09.805+0000] {processor.py:186} INFO - Started process (PID=336) to work on /home/airflow/.local/lib/python3.12/site-packages/airflow/example_dags/example_inlet_event_extra.py
[2025-02-20T09:40:09.807+0000] {processor.py:914} INFO - Processing file /home/airflow/.local/lib/python3.12/site-packages/airflow/example_dags/example_inlet_event_extra.py for tasks to queue
[2025-02-20T09:40:09.810+0000] {logging_mixin.py:190} INFO - [2025-02-20T09:40:09.810+0000] {dagbag.py:588} INFO - Filling up the DagBag from /home/airflow/.local/lib/python3.12/site-packages/airflow/example_dags/example_inlet_event_extra.py
[2025-02-20T09:40:09.942+0000] {processor.py:925} INFO - DAG(s) 'read_dataset_event', 'read_dataset_event_from_classic' retrieved from /home/airflow/.local/lib/python3.12/site-packages/airflow/example_dags/example_inlet_event_extra.py
[2025-02-20T09:40:09.958+0000] {logging_mixin.py:190} INFO - [2025-02-20T09:40:09.958+0000] {dag.py:3239} INFO - Sync 2 DAGs
[2025-02-20T09:40:09.973+0000] {logging_mixin.py:190} INFO - [2025-02-20T09:40:09.972+0000] {dag.py:4180} INFO - Setting next_dagrun for read_dataset_event to 2025-02-19 00:00:00+00:00, run_after=2025-02-20 00:00:00+00:00
[2025-02-20T09:40:09.975+0000] {logging_mixin.py:190} INFO - [2025-02-20T09:40:09.975+0000] {dag.py:4180} INFO - Setting next_dagrun for read_dataset_event_from_classic to 2025-02-19 00:00:00+00:00, run_after=2025-02-20 00:00:00+00:00
[2025-02-20T09:40:09.983+0000] {processor.py:208} INFO - Processing /home/airflow/.local/lib/python3.12/site-packages/airflow/example_dags/example_inlet_event_extra.py took 0.188 seconds
[2025-02-20T09:40:40.718+0000] {processor.py:186} INFO - Started process (PID=398) to work on /home/airflow/.local/lib/python3.12/site-packages/airflow/example_dags/example_inlet_event_extra.py
[2025-02-20T09:40:40.729+0000] {processor.py:914} INFO - Processing file /home/airflow/.local/lib/python3.12/site-packages/airflow/example_dags/example_inlet_event_extra.py for tasks to queue
[2025-02-20T09:40:40.731+0000] {logging_mixin.py:190} INFO - [2025-02-20T09:40:40.731+0000] {dagbag.py:588} INFO - Filling up the DagBag from /home/airflow/.local/lib/python3.12/site-packages/airflow/example_dags/example_inlet_event_extra.py
[2025-02-20T09:40:40.929+0000] {processor.py:925} INFO - DAG(s) 'read_dataset_event', 'read_dataset_event_from_classic' retrieved from /home/airflow/.local/lib/python3.12/site-packages/airflow/example_dags/example_inlet_event_extra.py
[2025-02-20T09:40:40.962+0000] {logging_mixin.py:190} INFO - [2025-02-20T09:40:40.962+0000] {dag.py:3239} INFO - Sync 2 DAGs
[2025-02-20T09:40:40.992+0000] {logging_mixin.py:190} INFO - [2025-02-20T09:40:40.992+0000] {dag.py:4180} INFO - Setting next_dagrun for read_dataset_event to 2025-02-19 00:00:00+00:00, run_after=2025-02-20 00:00:00+00:00
[2025-02-20T09:40:40.997+0000] {logging_mixin.py:190} INFO - [2025-02-20T09:40:40.997+0000] {dag.py:4180} INFO - Setting next_dagrun for read_dataset_event_from_classic to 2025-02-19 00:00:00+00:00, run_after=2025-02-20 00:00:00+00:00
[2025-02-20T09:40:41.009+0000] {processor.py:208} INFO - Processing /home/airflow/.local/lib/python3.12/site-packages/airflow/example_dags/example_inlet_event_extra.py took 0.357 seconds
[2025-02-20T14:01:51.424+0000] {processor.py:186} INFO - Started process (PID=90) to work on /home/airflow/.local/lib/python3.12/site-packages/airflow/example_dags/example_inlet_event_extra.py
[2025-02-20T14:01:51.426+0000] {processor.py:914} INFO - Processing file /home/airflow/.local/lib/python3.12/site-packages/airflow/example_dags/example_inlet_event_extra.py for tasks to queue
[2025-02-20T14:01:51.431+0000] {logging_mixin.py:190} INFO - [2025-02-20T14:01:51.431+0000] {dagbag.py:588} INFO - Filling up the DagBag from /home/airflow/.local/lib/python3.12/site-packages/airflow/example_dags/example_inlet_event_extra.py
[2025-02-20T14:01:51.581+0000] {processor.py:925} INFO - DAG(s) 'read_dataset_event', 'read_dataset_event_from_classic' retrieved from /home/airflow/.local/lib/python3.12/site-packages/airflow/example_dags/example_inlet_event_extra.py
[2025-02-20T14:01:51.603+0000] {logging_mixin.py:190} INFO - [2025-02-20T14:01:51.603+0000] {dag.py:3239} INFO - Sync 2 DAGs
[2025-02-20T14:01:51.622+0000] {logging_mixin.py:190} INFO - [2025-02-20T14:01:51.622+0000] {dag.py:4180} INFO - Setting next_dagrun for read_dataset_event to 2025-02-19 00:00:00+00:00, run_after=2025-02-20 00:00:00+00:00
[2025-02-20T14:01:51.627+0000] {logging_mixin.py:190} INFO - [2025-02-20T14:01:51.627+0000] {dag.py:4180} INFO - Setting next_dagrun for read_dataset_event_from_classic to 2025-02-19 00:00:00+00:00, run_after=2025-02-20 00:00:00+00:00
[2025-02-20T14:01:51.640+0000] {processor.py:208} INFO - Processing /home/airflow/.local/lib/python3.12/site-packages/airflow/example_dags/example_inlet_event_extra.py took 0.224 seconds
[2025-02-20T14:02:25.785+0000] {processor.py:186} INFO - Started process (PID=152) to work on /home/airflow/.local/lib/python3.12/site-packages/airflow/example_dags/example_inlet_event_extra.py
[2025-02-20T14:02:25.787+0000] {processor.py:914} INFO - Processing file /home/airflow/.local/lib/python3.12/site-packages/airflow/example_dags/example_inlet_event_extra.py for tasks to queue
[2025-02-20T14:02:25.788+0000] {logging_mixin.py:190} INFO - [2025-02-20T14:02:25.788+0000] {dagbag.py:588} INFO - Filling up the DagBag from /home/airflow/.local/lib/python3.12/site-packages/airflow/example_dags/example_inlet_event_extra.py
[2025-02-20T14:02:26.294+0000] {processor.py:925} INFO - DAG(s) 'read_dataset_event', 'read_dataset_event_from_classic' retrieved from /home/airflow/.local/lib/python3.12/site-packages/airflow/example_dags/example_inlet_event_extra.py
[2025-02-20T14:02:26.449+0000] {logging_mixin.py:190} INFO - [2025-02-20T14:02:26.448+0000] {dag.py:3239} INFO - Sync 2 DAGs
[2025-02-20T14:02:26.486+0000] {logging_mixin.py:190} INFO - [2025-02-20T14:02:26.483+0000] {dag.py:4180} INFO - Setting next_dagrun for read_dataset_event to 2025-02-19 00:00:00+00:00, run_after=2025-02-20 00:00:00+00:00
[2025-02-20T14:02:26.495+0000] {logging_mixin.py:190} INFO - [2025-02-20T14:02:26.495+0000] {dag.py:4180} INFO - Setting next_dagrun for read_dataset_event_from_classic to 2025-02-19 00:00:00+00:00, run_after=2025-02-20 00:00:00+00:00
[2025-02-20T14:02:26.543+0000] {processor.py:208} INFO - Processing /home/airflow/.local/lib/python3.12/site-packages/airflow/example_dags/example_inlet_event_extra.py took 0.778 seconds
[2025-02-20T14:02:57.209+0000] {processor.py:186} INFO - Started process (PID=215) to work on /home/airflow/.local/lib/python3.12/site-packages/airflow/example_dags/example_inlet_event_extra.py
[2025-02-20T14:02:57.211+0000] {processor.py:914} INFO - Processing file /home/airflow/.local/lib/python3.12/site-packages/airflow/example_dags/example_inlet_event_extra.py for tasks to queue
[2025-02-20T14:02:57.214+0000] {logging_mixin.py:190} INFO - [2025-02-20T14:02:57.214+0000] {dagbag.py:588} INFO - Filling up the DagBag from /home/airflow/.local/lib/python3.12/site-packages/airflow/example_dags/example_inlet_event_extra.py
[2025-02-20T14:02:57.590+0000] {processor.py:925} INFO - DAG(s) 'read_dataset_event_from_classic', 'read_dataset_event' retrieved from /home/airflow/.local/lib/python3.12/site-packages/airflow/example_dags/example_inlet_event_extra.py
[2025-02-20T14:02:57.683+0000] {logging_mixin.py:190} INFO - [2025-02-20T14:02:57.683+0000] {dag.py:3239} INFO - Sync 2 DAGs
[2025-02-20T14:02:57.736+0000] {logging_mixin.py:190} INFO - [2025-02-20T14:02:57.736+0000] {dag.py:4180} INFO - Setting next_dagrun for read_dataset_event to 2025-02-19 00:00:00+00:00, run_after=2025-02-20 00:00:00+00:00
[2025-02-20T14:02:57.743+0000] {logging_mixin.py:190} INFO - [2025-02-20T14:02:57.742+0000] {dag.py:4180} INFO - Setting next_dagrun for read_dataset_event_from_classic to 2025-02-19 00:00:00+00:00, run_after=2025-02-20 00:00:00+00:00
[2025-02-20T14:02:57.798+0000] {processor.py:208} INFO - Processing /home/airflow/.local/lib/python3.12/site-packages/airflow/example_dags/example_inlet_event_extra.py took 0.617 seconds
[2025-02-20T14:03:28.406+0000] {processor.py:186} INFO - Started process (PID=276) to work on /home/airflow/.local/lib/python3.12/site-packages/airflow/example_dags/example_inlet_event_extra.py
[2025-02-20T14:03:28.410+0000] {processor.py:914} INFO - Processing file /home/airflow/.local/lib/python3.12/site-packages/airflow/example_dags/example_inlet_event_extra.py for tasks to queue
[2025-02-20T14:03:28.418+0000] {logging_mixin.py:190} INFO - [2025-02-20T14:03:28.417+0000] {dagbag.py:588} INFO - Filling up the DagBag from /home/airflow/.local/lib/python3.12/site-packages/airflow/example_dags/example_inlet_event_extra.py
[2025-02-20T14:03:28.696+0000] {processor.py:925} INFO - DAG(s) 'read_dataset_event', 'read_dataset_event_from_classic' retrieved from /home/airflow/.local/lib/python3.12/site-packages/airflow/example_dags/example_inlet_event_extra.py
[2025-02-20T14:03:28.725+0000] {logging_mixin.py:190} INFO - [2025-02-20T14:03:28.725+0000] {dag.py:3239} INFO - Sync 2 DAGs
[2025-02-20T14:03:28.748+0000] {logging_mixin.py:190} INFO - [2025-02-20T14:03:28.748+0000] {dag.py:4180} INFO - Setting next_dagrun for read_dataset_event to 2025-02-19 00:00:00+00:00, run_after=2025-02-20 00:00:00+00:00
[2025-02-20T14:03:28.751+0000] {logging_mixin.py:190} INFO - [2025-02-20T14:03:28.751+0000] {dag.py:4180} INFO - Setting next_dagrun for read_dataset_event_from_classic to 2025-02-19 00:00:00+00:00, run_after=2025-02-20 00:00:00+00:00
[2025-02-20T14:03:28.765+0000] {processor.py:208} INFO - Processing /home/airflow/.local/lib/python3.12/site-packages/airflow/example_dags/example_inlet_event_extra.py took 0.379 seconds
[2025-02-20T14:03:59.123+0000] {processor.py:186} INFO - Started process (PID=338) to work on /home/airflow/.local/lib/python3.12/site-packages/airflow/example_dags/example_inlet_event_extra.py
[2025-02-20T14:03:59.124+0000] {processor.py:914} INFO - Processing file /home/airflow/.local/lib/python3.12/site-packages/airflow/example_dags/example_inlet_event_extra.py for tasks to queue
[2025-02-20T14:03:59.129+0000] {logging_mixin.py:190} INFO - [2025-02-20T14:03:59.128+0000] {dagbag.py:588} INFO - Filling up the DagBag from /home/airflow/.local/lib/python3.12/site-packages/airflow/example_dags/example_inlet_event_extra.py
[2025-02-20T14:03:59.305+0000] {processor.py:925} INFO - DAG(s) 'read_dataset_event_from_classic', 'read_dataset_event' retrieved from /home/airflow/.local/lib/python3.12/site-packages/airflow/example_dags/example_inlet_event_extra.py
[2025-02-20T14:03:59.325+0000] {logging_mixin.py:190} INFO - [2025-02-20T14:03:59.325+0000] {dag.py:3239} INFO - Sync 2 DAGs
[2025-02-20T14:03:59.346+0000] {logging_mixin.py:190} INFO - [2025-02-20T14:03:59.345+0000] {dag.py:4180} INFO - Setting next_dagrun for read_dataset_event to 2025-02-19 00:00:00+00:00, run_after=2025-02-20 00:00:00+00:00
[2025-02-20T14:03:59.350+0000] {logging_mixin.py:190} INFO - [2025-02-20T14:03:59.350+0000] {dag.py:4180} INFO - Setting next_dagrun for read_dataset_event_from_classic to 2025-02-19 00:00:00+00:00, run_after=2025-02-20 00:00:00+00:00
[2025-02-20T14:03:59.367+0000] {processor.py:208} INFO - Processing /home/airflow/.local/lib/python3.12/site-packages/airflow/example_dags/example_inlet_event_extra.py took 0.256 seconds
[2025-02-20T14:04:29.874+0000] {processor.py:186} INFO - Started process (PID=400) to work on /home/airflow/.local/lib/python3.12/site-packages/airflow/example_dags/example_inlet_event_extra.py
[2025-02-20T14:04:29.876+0000] {processor.py:914} INFO - Processing file /home/airflow/.local/lib/python3.12/site-packages/airflow/example_dags/example_inlet_event_extra.py for tasks to queue
[2025-02-20T14:04:29.878+0000] {logging_mixin.py:190} INFO - [2025-02-20T14:04:29.877+0000] {dagbag.py:588} INFO - Filling up the DagBag from /home/airflow/.local/lib/python3.12/site-packages/airflow/example_dags/example_inlet_event_extra.py
[2025-02-20T14:04:30.001+0000] {processor.py:925} INFO - DAG(s) 'read_dataset_event_from_classic', 'read_dataset_event' retrieved from /home/airflow/.local/lib/python3.12/site-packages/airflow/example_dags/example_inlet_event_extra.py
[2025-02-20T14:04:30.024+0000] {logging_mixin.py:190} INFO - [2025-02-20T14:04:30.024+0000] {dag.py:3239} INFO - Sync 2 DAGs
[2025-02-20T14:04:30.042+0000] {logging_mixin.py:190} INFO - [2025-02-20T14:04:30.042+0000] {dag.py:4180} INFO - Setting next_dagrun for read_dataset_event to 2025-02-19 00:00:00+00:00, run_after=2025-02-20 00:00:00+00:00
[2025-02-20T14:04:30.044+0000] {logging_mixin.py:190} INFO - [2025-02-20T14:04:30.044+0000] {dag.py:4180} INFO - Setting next_dagrun for read_dataset_event_from_classic to 2025-02-19 00:00:00+00:00, run_after=2025-02-20 00:00:00+00:00
[2025-02-20T14:04:30.061+0000] {processor.py:208} INFO - Processing /home/airflow/.local/lib/python3.12/site-packages/airflow/example_dags/example_inlet_event_extra.py took 0.203 seconds
[2025-02-20T14:05:00.487+0000] {processor.py:186} INFO - Started process (PID=462) to work on /home/airflow/.local/lib/python3.12/site-packages/airflow/example_dags/example_inlet_event_extra.py
[2025-02-20T14:05:00.489+0000] {processor.py:914} INFO - Processing file /home/airflow/.local/lib/python3.12/site-packages/airflow/example_dags/example_inlet_event_extra.py for tasks to queue
[2025-02-20T14:05:00.492+0000] {logging_mixin.py:190} INFO - [2025-02-20T14:05:00.492+0000] {dagbag.py:588} INFO - Filling up the DagBag from /home/airflow/.local/lib/python3.12/site-packages/airflow/example_dags/example_inlet_event_extra.py
[2025-02-20T14:05:00.656+0000] {processor.py:925} INFO - DAG(s) 'read_dataset_event_from_classic', 'read_dataset_event' retrieved from /home/airflow/.local/lib/python3.12/site-packages/airflow/example_dags/example_inlet_event_extra.py
[2025-02-20T14:05:00.678+0000] {logging_mixin.py:190} INFO - [2025-02-20T14:05:00.677+0000] {dag.py:3239} INFO - Sync 2 DAGs
[2025-02-20T14:05:00.693+0000] {logging_mixin.py:190} INFO - [2025-02-20T14:05:00.693+0000] {dag.py:4180} INFO - Setting next_dagrun for read_dataset_event to 2025-02-19 00:00:00+00:00, run_after=2025-02-20 00:00:00+00:00
[2025-02-20T14:05:00.696+0000] {logging_mixin.py:190} INFO - [2025-02-20T14:05:00.696+0000] {dag.py:4180} INFO - Setting next_dagrun for read_dataset_event_from_classic to 2025-02-19 00:00:00+00:00, run_after=2025-02-20 00:00:00+00:00
[2025-02-20T14:05:00.706+0000] {processor.py:208} INFO - Processing /home/airflow/.local/lib/python3.12/site-packages/airflow/example_dags/example_inlet_event_extra.py took 0.234 seconds
[2025-02-20T14:05:30.748+0000] {processor.py:186} INFO - Started process (PID=524) to work on /home/airflow/.local/lib/python3.12/site-packages/airflow/example_dags/example_inlet_event_extra.py
[2025-02-20T14:05:30.752+0000] {processor.py:914} INFO - Processing file /home/airflow/.local/lib/python3.12/site-packages/airflow/example_dags/example_inlet_event_extra.py for tasks to queue
[2025-02-20T14:05:30.759+0000] {logging_mixin.py:190} INFO - [2025-02-20T14:05:30.758+0000] {dagbag.py:588} INFO - Filling up the DagBag from /home/airflow/.local/lib/python3.12/site-packages/airflow/example_dags/example_inlet_event_extra.py
[2025-02-20T14:05:30.982+0000] {processor.py:925} INFO - DAG(s) 'read_dataset_event_from_classic', 'read_dataset_event' retrieved from /home/airflow/.local/lib/python3.12/site-packages/airflow/example_dags/example_inlet_event_extra.py
[2025-02-20T14:05:31.392+0000] {logging_mixin.py:190} INFO - [2025-02-20T14:05:31.074+0000] {dag.py:3239} INFO - Sync 2 DAGs
[2025-02-20T14:05:31.842+0000] {logging_mixin.py:190} INFO - [2025-02-20T14:05:31.832+0000] {dag.py:4180} INFO - Setting next_dagrun for read_dataset_event to 2025-02-19 00:00:00+00:00, run_after=2025-02-20 00:00:00+00:00
[2025-02-20T14:05:31.859+0000] {logging_mixin.py:190} INFO - [2025-02-20T14:05:31.858+0000] {dag.py:4180} INFO - Setting next_dagrun for read_dataset_event_from_classic to 2025-02-19 00:00:00+00:00, run_after=2025-02-20 00:00:00+00:00
[2025-02-20T14:05:31.972+0000] {processor.py:208} INFO - Processing /home/airflow/.local/lib/python3.12/site-packages/airflow/example_dags/example_inlet_event_extra.py took 1.232 seconds
[2025-02-20T16:54:13.069+0000] {processor.py:186} INFO - Started process (PID=92) to work on /home/airflow/.local/lib/python3.12/site-packages/airflow/example_dags/example_inlet_event_extra.py
[2025-02-20T16:54:13.073+0000] {processor.py:914} INFO - Processing file /home/airflow/.local/lib/python3.12/site-packages/airflow/example_dags/example_inlet_event_extra.py for tasks to queue
[2025-02-20T16:54:13.076+0000] {logging_mixin.py:190} INFO - [2025-02-20T16:54:13.075+0000] {dagbag.py:588} INFO - Filling up the DagBag from /home/airflow/.local/lib/python3.12/site-packages/airflow/example_dags/example_inlet_event_extra.py
[2025-02-20T16:54:13.233+0000] {processor.py:925} INFO - DAG(s) 'read_dataset_event_from_classic', 'read_dataset_event' retrieved from /home/airflow/.local/lib/python3.12/site-packages/airflow/example_dags/example_inlet_event_extra.py
[2025-02-20T16:54:13.254+0000] {logging_mixin.py:190} INFO - [2025-02-20T16:54:13.254+0000] {dag.py:3239} INFO - Sync 2 DAGs
[2025-02-20T16:54:13.274+0000] {logging_mixin.py:190} INFO - [2025-02-20T16:54:13.274+0000] {dag.py:4180} INFO - Setting next_dagrun for read_dataset_event to 2025-02-19 00:00:00+00:00, run_after=2025-02-20 00:00:00+00:00
[2025-02-20T16:54:13.283+0000] {logging_mixin.py:190} INFO - [2025-02-20T16:54:13.283+0000] {dag.py:4180} INFO - Setting next_dagrun for read_dataset_event_from_classic to 2025-02-19 00:00:00+00:00, run_after=2025-02-20 00:00:00+00:00
[2025-02-20T16:54:13.306+0000] {processor.py:208} INFO - Processing /home/airflow/.local/lib/python3.12/site-packages/airflow/example_dags/example_inlet_event_extra.py took 0.244 seconds
[2025-02-20T16:54:43.502+0000] {processor.py:186} INFO - Started process (PID=156) to work on /home/airflow/.local/lib/python3.12/site-packages/airflow/example_dags/example_inlet_event_extra.py
[2025-02-20T16:54:43.504+0000] {processor.py:914} INFO - Processing file /home/airflow/.local/lib/python3.12/site-packages/airflow/example_dags/example_inlet_event_extra.py for tasks to queue
[2025-02-20T16:54:43.508+0000] {logging_mixin.py:190} INFO - [2025-02-20T16:54:43.507+0000] {dagbag.py:588} INFO - Filling up the DagBag from /home/airflow/.local/lib/python3.12/site-packages/airflow/example_dags/example_inlet_event_extra.py
[2025-02-20T16:54:43.731+0000] {processor.py:925} INFO - DAG(s) 'read_dataset_event_from_classic', 'read_dataset_event' retrieved from /home/airflow/.local/lib/python3.12/site-packages/airflow/example_dags/example_inlet_event_extra.py
[2025-02-20T16:54:43.749+0000] {logging_mixin.py:190} INFO - [2025-02-20T16:54:43.748+0000] {dag.py:3239} INFO - Sync 2 DAGs
[2025-02-20T16:54:43.762+0000] {logging_mixin.py:190} INFO - [2025-02-20T16:54:43.762+0000] {dag.py:4180} INFO - Setting next_dagrun for read_dataset_event to 2025-02-19 00:00:00+00:00, run_after=2025-02-20 00:00:00+00:00
[2025-02-20T16:54:43.770+0000] {logging_mixin.py:190} INFO - [2025-02-20T16:54:43.770+0000] {dag.py:4180} INFO - Setting next_dagrun for read_dataset_event_from_classic to 2025-02-19 00:00:00+00:00, run_after=2025-02-20 00:00:00+00:00
[2025-02-20T16:54:43.797+0000] {processor.py:208} INFO - Processing /home/airflow/.local/lib/python3.12/site-packages/airflow/example_dags/example_inlet_event_extra.py took 0.300 seconds
[2025-02-20T16:55:14.743+0000] {processor.py:186} INFO - Started process (PID=219) to work on /home/airflow/.local/lib/python3.12/site-packages/airflow/example_dags/example_inlet_event_extra.py
[2025-02-20T16:55:14.746+0000] {processor.py:914} INFO - Processing file /home/airflow/.local/lib/python3.12/site-packages/airflow/example_dags/example_inlet_event_extra.py for tasks to queue
[2025-02-20T16:55:14.748+0000] {logging_mixin.py:190} INFO - [2025-02-20T16:55:14.747+0000] {dagbag.py:588} INFO - Filling up the DagBag from /home/airflow/.local/lib/python3.12/site-packages/airflow/example_dags/example_inlet_event_extra.py
[2025-02-20T16:55:14.835+0000] {processor.py:925} INFO - DAG(s) 'read_dataset_event', 'read_dataset_event_from_classic' retrieved from /home/airflow/.local/lib/python3.12/site-packages/airflow/example_dags/example_inlet_event_extra.py
[2025-02-20T16:55:14.849+0000] {logging_mixin.py:190} INFO - [2025-02-20T16:55:14.849+0000] {dag.py:3239} INFO - Sync 2 DAGs
[2025-02-20T16:55:14.866+0000] {logging_mixin.py:190} INFO - [2025-02-20T16:55:14.866+0000] {dag.py:4180} INFO - Setting next_dagrun for read_dataset_event to 2025-02-19 00:00:00+00:00, run_after=2025-02-20 00:00:00+00:00
[2025-02-20T16:55:14.869+0000] {logging_mixin.py:190} INFO - [2025-02-20T16:55:14.869+0000] {dag.py:4180} INFO - Setting next_dagrun for read_dataset_event_from_classic to 2025-02-19 00:00:00+00:00, run_after=2025-02-20 00:00:00+00:00
[2025-02-20T16:55:14.878+0000] {processor.py:208} INFO - Processing /home/airflow/.local/lib/python3.12/site-packages/airflow/example_dags/example_inlet_event_extra.py took 0.140 seconds
[2025-02-20T16:55:45.210+0000] {processor.py:186} INFO - Started process (PID=281) to work on /home/airflow/.local/lib/python3.12/site-packages/airflow/example_dags/example_inlet_event_extra.py
[2025-02-20T16:55:45.211+0000] {processor.py:914} INFO - Processing file /home/airflow/.local/lib/python3.12/site-packages/airflow/example_dags/example_inlet_event_extra.py for tasks to queue
[2025-02-20T16:55:45.213+0000] {logging_mixin.py:190} INFO - [2025-02-20T16:55:45.213+0000] {dagbag.py:588} INFO - Filling up the DagBag from /home/airflow/.local/lib/python3.12/site-packages/airflow/example_dags/example_inlet_event_extra.py
[2025-02-20T16:55:45.360+0000] {processor.py:925} INFO - DAG(s) 'read_dataset_event_from_classic', 'read_dataset_event' retrieved from /home/airflow/.local/lib/python3.12/site-packages/airflow/example_dags/example_inlet_event_extra.py
[2025-02-20T16:55:45.394+0000] {logging_mixin.py:190} INFO - [2025-02-20T16:55:45.394+0000] {dag.py:3239} INFO - Sync 2 DAGs
[2025-02-20T16:55:45.426+0000] {logging_mixin.py:190} INFO - [2025-02-20T16:55:45.426+0000] {dag.py:4180} INFO - Setting next_dagrun for read_dataset_event to 2025-02-19 00:00:00+00:00, run_after=2025-02-20 00:00:00+00:00
[2025-02-20T16:55:45.430+0000] {logging_mixin.py:190} INFO - [2025-02-20T16:55:45.429+0000] {dag.py:4180} INFO - Setting next_dagrun for read_dataset_event_from_classic to 2025-02-19 00:00:00+00:00, run_after=2025-02-20 00:00:00+00:00
[2025-02-20T16:55:45.448+0000] {processor.py:208} INFO - Processing /home/airflow/.local/lib/python3.12/site-packages/airflow/example_dags/example_inlet_event_extra.py took 0.242 seconds
[2025-02-20T16:56:16.058+0000] {processor.py:186} INFO - Started process (PID=343) to work on /home/airflow/.local/lib/python3.12/site-packages/airflow/example_dags/example_inlet_event_extra.py
[2025-02-20T16:56:16.062+0000] {processor.py:914} INFO - Processing file /home/airflow/.local/lib/python3.12/site-packages/airflow/example_dags/example_inlet_event_extra.py for tasks to queue
[2025-02-20T16:56:16.066+0000] {logging_mixin.py:190} INFO - [2025-02-20T16:56:16.066+0000] {dagbag.py:588} INFO - Filling up the DagBag from /home/airflow/.local/lib/python3.12/site-packages/airflow/example_dags/example_inlet_event_extra.py
[2025-02-20T16:56:16.279+0000] {processor.py:925} INFO - DAG(s) 'read_dataset_event', 'read_dataset_event_from_classic' retrieved from /home/airflow/.local/lib/python3.12/site-packages/airflow/example_dags/example_inlet_event_extra.py
[2025-02-20T16:56:16.302+0000] {logging_mixin.py:190} INFO - [2025-02-20T16:56:16.301+0000] {dag.py:3239} INFO - Sync 2 DAGs
[2025-02-20T16:56:16.325+0000] {logging_mixin.py:190} INFO - [2025-02-20T16:56:16.325+0000] {dag.py:4180} INFO - Setting next_dagrun for read_dataset_event to 2025-02-19 00:00:00+00:00, run_after=2025-02-20 00:00:00+00:00
[2025-02-20T16:56:16.330+0000] {logging_mixin.py:190} INFO - [2025-02-20T16:56:16.330+0000] {dag.py:4180} INFO - Setting next_dagrun for read_dataset_event_from_classic to 2025-02-19 00:00:00+00:00, run_after=2025-02-20 00:00:00+00:00
[2025-02-20T16:56:16.341+0000] {processor.py:208} INFO - Processing /home/airflow/.local/lib/python3.12/site-packages/airflow/example_dags/example_inlet_event_extra.py took 0.293 seconds
[2025-02-20T16:56:46.814+0000] {processor.py:186} INFO - Started process (PID=405) to work on /home/airflow/.local/lib/python3.12/site-packages/airflow/example_dags/example_inlet_event_extra.py
[2025-02-20T16:56:46.816+0000] {processor.py:914} INFO - Processing file /home/airflow/.local/lib/python3.12/site-packages/airflow/example_dags/example_inlet_event_extra.py for tasks to queue
[2025-02-20T16:56:46.817+0000] {logging_mixin.py:190} INFO - [2025-02-20T16:56:46.817+0000] {dagbag.py:588} INFO - Filling up the DagBag from /home/airflow/.local/lib/python3.12/site-packages/airflow/example_dags/example_inlet_event_extra.py
[2025-02-20T16:56:46.956+0000] {processor.py:925} INFO - DAG(s) 'read_dataset_event', 'read_dataset_event_from_classic' retrieved from /home/airflow/.local/lib/python3.12/site-packages/airflow/example_dags/example_inlet_event_extra.py
[2025-02-20T16:56:46.982+0000] {logging_mixin.py:190} INFO - [2025-02-20T16:56:46.982+0000] {dag.py:3239} INFO - Sync 2 DAGs
[2025-02-20T16:56:47.000+0000] {logging_mixin.py:190} INFO - [2025-02-20T16:56:47.000+0000] {dag.py:4180} INFO - Setting next_dagrun for read_dataset_event to 2025-02-19 00:00:00+00:00, run_after=2025-02-20 00:00:00+00:00
[2025-02-20T16:56:47.006+0000] {logging_mixin.py:190} INFO - [2025-02-20T16:56:47.006+0000] {dag.py:4180} INFO - Setting next_dagrun for read_dataset_event_from_classic to 2025-02-19 00:00:00+00:00, run_after=2025-02-20 00:00:00+00:00
[2025-02-20T16:56:47.018+0000] {processor.py:208} INFO - Processing /home/airflow/.local/lib/python3.12/site-packages/airflow/example_dags/example_inlet_event_extra.py took 0.208 seconds
[2025-02-20T16:57:17.510+0000] {processor.py:186} INFO - Started process (PID=467) to work on /home/airflow/.local/lib/python3.12/site-packages/airflow/example_dags/example_inlet_event_extra.py
[2025-02-20T16:57:17.511+0000] {processor.py:914} INFO - Processing file /home/airflow/.local/lib/python3.12/site-packages/airflow/example_dags/example_inlet_event_extra.py for tasks to queue
[2025-02-20T16:57:17.512+0000] {logging_mixin.py:190} INFO - [2025-02-20T16:57:17.512+0000] {dagbag.py:588} INFO - Filling up the DagBag from /home/airflow/.local/lib/python3.12/site-packages/airflow/example_dags/example_inlet_event_extra.py
[2025-02-20T16:57:17.603+0000] {processor.py:925} INFO - DAG(s) 'read_dataset_event', 'read_dataset_event_from_classic' retrieved from /home/airflow/.local/lib/python3.12/site-packages/airflow/example_dags/example_inlet_event_extra.py
[2025-02-20T16:57:17.621+0000] {logging_mixin.py:190} INFO - [2025-02-20T16:57:17.621+0000] {dag.py:3239} INFO - Sync 2 DAGs
[2025-02-20T16:57:17.634+0000] {logging_mixin.py:190} INFO - [2025-02-20T16:57:17.634+0000] {dag.py:4180} INFO - Setting next_dagrun for read_dataset_event to 2025-02-19 00:00:00+00:00, run_after=2025-02-20 00:00:00+00:00
[2025-02-20T16:57:17.639+0000] {logging_mixin.py:190} INFO - [2025-02-20T16:57:17.639+0000] {dag.py:4180} INFO - Setting next_dagrun for read_dataset_event_from_classic to 2025-02-19 00:00:00+00:00, run_after=2025-02-20 00:00:00+00:00
[2025-02-20T16:57:17.649+0000] {processor.py:208} INFO - Processing /home/airflow/.local/lib/python3.12/site-packages/airflow/example_dags/example_inlet_event_extra.py took 0.143 seconds
[2025-02-20T16:57:48.064+0000] {processor.py:186} INFO - Started process (PID=529) to work on /home/airflow/.local/lib/python3.12/site-packages/airflow/example_dags/example_inlet_event_extra.py
[2025-02-20T16:57:48.065+0000] {processor.py:914} INFO - Processing file /home/airflow/.local/lib/python3.12/site-packages/airflow/example_dags/example_inlet_event_extra.py for tasks to queue
[2025-02-20T16:57:48.068+0000] {logging_mixin.py:190} INFO - [2025-02-20T16:57:48.068+0000] {dagbag.py:588} INFO - Filling up the DagBag from /home/airflow/.local/lib/python3.12/site-packages/airflow/example_dags/example_inlet_event_extra.py
[2025-02-20T16:57:48.195+0000] {processor.py:925} INFO - DAG(s) 'read_dataset_event_from_classic', 'read_dataset_event' retrieved from /home/airflow/.local/lib/python3.12/site-packages/airflow/example_dags/example_inlet_event_extra.py
[2025-02-20T16:57:48.218+0000] {logging_mixin.py:190} INFO - [2025-02-20T16:57:48.218+0000] {dag.py:3239} INFO - Sync 2 DAGs
[2025-02-20T16:57:48.234+0000] {logging_mixin.py:190} INFO - [2025-02-20T16:57:48.234+0000] {dag.py:4180} INFO - Setting next_dagrun for read_dataset_event to 2025-02-19 00:00:00+00:00, run_after=2025-02-20 00:00:00+00:00
[2025-02-20T16:57:48.237+0000] {logging_mixin.py:190} INFO - [2025-02-20T16:57:48.237+0000] {dag.py:4180} INFO - Setting next_dagrun for read_dataset_event_from_classic to 2025-02-19 00:00:00+00:00, run_after=2025-02-20 00:00:00+00:00
[2025-02-20T16:57:48.248+0000] {processor.py:208} INFO - Processing /home/airflow/.local/lib/python3.12/site-packages/airflow/example_dags/example_inlet_event_extra.py took 0.195 seconds
[2025-02-20T16:58:18.992+0000] {processor.py:186} INFO - Started process (PID=591) to work on /home/airflow/.local/lib/python3.12/site-packages/airflow/example_dags/example_inlet_event_extra.py
[2025-02-20T16:58:18.994+0000] {processor.py:914} INFO - Processing file /home/airflow/.local/lib/python3.12/site-packages/airflow/example_dags/example_inlet_event_extra.py for tasks to queue
[2025-02-20T16:58:18.996+0000] {logging_mixin.py:190} INFO - [2025-02-20T16:58:18.996+0000] {dagbag.py:588} INFO - Filling up the DagBag from /home/airflow/.local/lib/python3.12/site-packages/airflow/example_dags/example_inlet_event_extra.py
[2025-02-20T16:58:19.121+0000] {processor.py:925} INFO - DAG(s) 'read_dataset_event_from_classic', 'read_dataset_event' retrieved from /home/airflow/.local/lib/python3.12/site-packages/airflow/example_dags/example_inlet_event_extra.py
[2025-02-20T16:58:19.147+0000] {logging_mixin.py:190} INFO - [2025-02-20T16:58:19.147+0000] {dag.py:3239} INFO - Sync 2 DAGs
[2025-02-20T16:58:19.162+0000] {logging_mixin.py:190} INFO - [2025-02-20T16:58:19.162+0000] {dag.py:4180} INFO - Setting next_dagrun for read_dataset_event to 2025-02-19 00:00:00+00:00, run_after=2025-02-20 00:00:00+00:00
[2025-02-20T16:58:19.165+0000] {logging_mixin.py:190} INFO - [2025-02-20T16:58:19.165+0000] {dag.py:4180} INFO - Setting next_dagrun for read_dataset_event_from_classic to 2025-02-19 00:00:00+00:00, run_after=2025-02-20 00:00:00+00:00
[2025-02-20T16:58:19.173+0000] {processor.py:208} INFO - Processing /home/airflow/.local/lib/python3.12/site-packages/airflow/example_dags/example_inlet_event_extra.py took 0.201 seconds
[2025-02-20T16:58:50.048+0000] {processor.py:186} INFO - Started process (PID=653) to work on /home/airflow/.local/lib/python3.12/site-packages/airflow/example_dags/example_inlet_event_extra.py
[2025-02-20T16:58:50.049+0000] {processor.py:914} INFO - Processing file /home/airflow/.local/lib/python3.12/site-packages/airflow/example_dags/example_inlet_event_extra.py for tasks to queue
[2025-02-20T16:58:50.051+0000] {logging_mixin.py:190} INFO - [2025-02-20T16:58:50.051+0000] {dagbag.py:588} INFO - Filling up the DagBag from /home/airflow/.local/lib/python3.12/site-packages/airflow/example_dags/example_inlet_event_extra.py
[2025-02-20T16:58:50.156+0000] {processor.py:925} INFO - DAG(s) 'read_dataset_event_from_classic', 'read_dataset_event' retrieved from /home/airflow/.local/lib/python3.12/site-packages/airflow/example_dags/example_inlet_event_extra.py
[2025-02-20T16:58:50.172+0000] {logging_mixin.py:190} INFO - [2025-02-20T16:58:50.172+0000] {dag.py:3239} INFO - Sync 2 DAGs
[2025-02-20T16:58:50.191+0000] {logging_mixin.py:190} INFO - [2025-02-20T16:58:50.191+0000] {dag.py:4180} INFO - Setting next_dagrun for read_dataset_event to 2025-02-19 00:00:00+00:00, run_after=2025-02-20 00:00:00+00:00
[2025-02-20T16:58:50.195+0000] {logging_mixin.py:190} INFO - [2025-02-20T16:58:50.195+0000] {dag.py:4180} INFO - Setting next_dagrun for read_dataset_event_from_classic to 2025-02-19 00:00:00+00:00, run_after=2025-02-20 00:00:00+00:00
[2025-02-20T16:58:50.207+0000] {processor.py:208} INFO - Processing /home/airflow/.local/lib/python3.12/site-packages/airflow/example_dags/example_inlet_event_extra.py took 0.165 seconds
[2025-02-20T16:59:21.060+0000] {processor.py:186} INFO - Started process (PID=715) to work on /home/airflow/.local/lib/python3.12/site-packages/airflow/example_dags/example_inlet_event_extra.py
[2025-02-20T16:59:21.063+0000] {processor.py:914} INFO - Processing file /home/airflow/.local/lib/python3.12/site-packages/airflow/example_dags/example_inlet_event_extra.py for tasks to queue
[2025-02-20T16:59:21.066+0000] {logging_mixin.py:190} INFO - [2025-02-20T16:59:21.066+0000] {dagbag.py:588} INFO - Filling up the DagBag from /home/airflow/.local/lib/python3.12/site-packages/airflow/example_dags/example_inlet_event_extra.py
[2025-02-20T16:59:21.193+0000] {processor.py:925} INFO - DAG(s) 'read_dataset_event', 'read_dataset_event_from_classic' retrieved from /home/airflow/.local/lib/python3.12/site-packages/airflow/example_dags/example_inlet_event_extra.py
[2025-02-20T16:59:21.222+0000] {logging_mixin.py:190} INFO - [2025-02-20T16:59:21.221+0000] {dag.py:3239} INFO - Sync 2 DAGs
[2025-02-20T16:59:21.250+0000] {logging_mixin.py:190} INFO - [2025-02-20T16:59:21.250+0000] {dag.py:4180} INFO - Setting next_dagrun for read_dataset_event to 2025-02-19 00:00:00+00:00, run_after=2025-02-20 00:00:00+00:00
[2025-02-20T16:59:21.253+0000] {logging_mixin.py:190} INFO - [2025-02-20T16:59:21.253+0000] {dag.py:4180} INFO - Setting next_dagrun for read_dataset_event_from_classic to 2025-02-19 00:00:00+00:00, run_after=2025-02-20 00:00:00+00:00
[2025-02-20T16:59:21.265+0000] {processor.py:208} INFO - Processing /home/airflow/.local/lib/python3.12/site-packages/airflow/example_dags/example_inlet_event_extra.py took 0.214 seconds
[2025-02-20T16:59:51.448+0000] {processor.py:186} INFO - Started process (PID=777) to work on /home/airflow/.local/lib/python3.12/site-packages/airflow/example_dags/example_inlet_event_extra.py
[2025-02-20T16:59:51.452+0000] {processor.py:914} INFO - Processing file /home/airflow/.local/lib/python3.12/site-packages/airflow/example_dags/example_inlet_event_extra.py for tasks to queue
[2025-02-20T16:59:51.457+0000] {logging_mixin.py:190} INFO - [2025-02-20T16:59:51.456+0000] {dagbag.py:588} INFO - Filling up the DagBag from /home/airflow/.local/lib/python3.12/site-packages/airflow/example_dags/example_inlet_event_extra.py
[2025-02-20T16:59:51.654+0000] {processor.py:925} INFO - DAG(s) 'read_dataset_event_from_classic', 'read_dataset_event' retrieved from /home/airflow/.local/lib/python3.12/site-packages/airflow/example_dags/example_inlet_event_extra.py
[2025-02-20T16:59:51.673+0000] {logging_mixin.py:190} INFO - [2025-02-20T16:59:51.673+0000] {dag.py:3239} INFO - Sync 2 DAGs
[2025-02-20T16:59:51.695+0000] {logging_mixin.py:190} INFO - [2025-02-20T16:59:51.695+0000] {dag.py:4180} INFO - Setting next_dagrun for read_dataset_event to 2025-02-19 00:00:00+00:00, run_after=2025-02-20 00:00:00+00:00
[2025-02-20T16:59:51.700+0000] {logging_mixin.py:190} INFO - [2025-02-20T16:59:51.699+0000] {dag.py:4180} INFO - Setting next_dagrun for read_dataset_event_from_classic to 2025-02-19 00:00:00+00:00, run_after=2025-02-20 00:00:00+00:00
[2025-02-20T16:59:51.725+0000] {processor.py:208} INFO - Processing /home/airflow/.local/lib/python3.12/site-packages/airflow/example_dags/example_inlet_event_extra.py took 0.291 seconds
[2025-02-20T17:00:21.854+0000] {processor.py:186} INFO - Started process (PID=839) to work on /home/airflow/.local/lib/python3.12/site-packages/airflow/example_dags/example_inlet_event_extra.py
[2025-02-20T17:00:21.861+0000] {processor.py:914} INFO - Processing file /home/airflow/.local/lib/python3.12/site-packages/airflow/example_dags/example_inlet_event_extra.py for tasks to queue
[2025-02-20T17:00:21.865+0000] {logging_mixin.py:190} INFO - [2025-02-20T17:00:21.865+0000] {dagbag.py:588} INFO - Filling up the DagBag from /home/airflow/.local/lib/python3.12/site-packages/airflow/example_dags/example_inlet_event_extra.py
[2025-02-20T17:00:22.063+0000] {processor.py:925} INFO - DAG(s) 'read_dataset_event', 'read_dataset_event_from_classic' retrieved from /home/airflow/.local/lib/python3.12/site-packages/airflow/example_dags/example_inlet_event_extra.py
[2025-02-20T17:00:22.090+0000] {logging_mixin.py:190} INFO - [2025-02-20T17:00:22.090+0000] {dag.py:3239} INFO - Sync 2 DAGs
[2025-02-20T17:00:22.113+0000] {logging_mixin.py:190} INFO - [2025-02-20T17:00:22.113+0000] {dag.py:4180} INFO - Setting next_dagrun for read_dataset_event to 2025-02-19 00:00:00+00:00, run_after=2025-02-20 00:00:00+00:00
[2025-02-20T17:00:22.117+0000] {logging_mixin.py:190} INFO - [2025-02-20T17:00:22.117+0000] {dag.py:4180} INFO - Setting next_dagrun for read_dataset_event_from_classic to 2025-02-19 00:00:00+00:00, run_after=2025-02-20 00:00:00+00:00
[2025-02-20T17:00:22.132+0000] {processor.py:208} INFO - Processing /home/airflow/.local/lib/python3.12/site-packages/airflow/example_dags/example_inlet_event_extra.py took 0.293 seconds
[2025-02-20T17:00:52.508+0000] {processor.py:186} INFO - Started process (PID=901) to work on /home/airflow/.local/lib/python3.12/site-packages/airflow/example_dags/example_inlet_event_extra.py
[2025-02-20T17:00:52.510+0000] {processor.py:914} INFO - Processing file /home/airflow/.local/lib/python3.12/site-packages/airflow/example_dags/example_inlet_event_extra.py for tasks to queue
[2025-02-20T17:00:52.514+0000] {logging_mixin.py:190} INFO - [2025-02-20T17:00:52.513+0000] {dagbag.py:588} INFO - Filling up the DagBag from /home/airflow/.local/lib/python3.12/site-packages/airflow/example_dags/example_inlet_event_extra.py
[2025-02-20T17:00:52.707+0000] {processor.py:925} INFO - DAG(s) 'read_dataset_event', 'read_dataset_event_from_classic' retrieved from /home/airflow/.local/lib/python3.12/site-packages/airflow/example_dags/example_inlet_event_extra.py
[2025-02-20T17:00:52.733+0000] {logging_mixin.py:190} INFO - [2025-02-20T17:00:52.733+0000] {dag.py:3239} INFO - Sync 2 DAGs
[2025-02-20T17:00:52.754+0000] {logging_mixin.py:190} INFO - [2025-02-20T17:00:52.754+0000] {dag.py:4180} INFO - Setting next_dagrun for read_dataset_event to 2025-02-19 00:00:00+00:00, run_after=2025-02-20 00:00:00+00:00
[2025-02-20T17:00:52.758+0000] {logging_mixin.py:190} INFO - [2025-02-20T17:00:52.758+0000] {dag.py:4180} INFO - Setting next_dagrun for read_dataset_event_from_classic to 2025-02-19 00:00:00+00:00, run_after=2025-02-20 00:00:00+00:00
[2025-02-20T17:00:52.771+0000] {processor.py:208} INFO - Processing /home/airflow/.local/lib/python3.12/site-packages/airflow/example_dags/example_inlet_event_extra.py took 0.272 seconds
[2025-02-20T17:01:22.843+0000] {processor.py:186} INFO - Started process (PID=964) to work on /home/airflow/.local/lib/python3.12/site-packages/airflow/example_dags/example_inlet_event_extra.py
[2025-02-20T17:01:22.845+0000] {processor.py:914} INFO - Processing file /home/airflow/.local/lib/python3.12/site-packages/airflow/example_dags/example_inlet_event_extra.py for tasks to queue
[2025-02-20T17:01:22.847+0000] {logging_mixin.py:190} INFO - [2025-02-20T17:01:22.847+0000] {dagbag.py:588} INFO - Filling up the DagBag from /home/airflow/.local/lib/python3.12/site-packages/airflow/example_dags/example_inlet_event_extra.py
[2025-02-20T17:01:22.984+0000] {processor.py:925} INFO - DAG(s) 'read_dataset_event_from_classic', 'read_dataset_event' retrieved from /home/airflow/.local/lib/python3.12/site-packages/airflow/example_dags/example_inlet_event_extra.py
[2025-02-20T17:01:23.003+0000] {logging_mixin.py:190} INFO - [2025-02-20T17:01:23.003+0000] {dag.py:3239} INFO - Sync 2 DAGs
[2025-02-20T17:01:23.017+0000] {logging_mixin.py:190} INFO - [2025-02-20T17:01:23.017+0000] {dag.py:4180} INFO - Setting next_dagrun for read_dataset_event to 2025-02-19 00:00:00+00:00, run_after=2025-02-20 00:00:00+00:00
[2025-02-20T17:01:23.020+0000] {logging_mixin.py:190} INFO - [2025-02-20T17:01:23.020+0000] {dag.py:4180} INFO - Setting next_dagrun for read_dataset_event_from_classic to 2025-02-19 00:00:00+00:00, run_after=2025-02-20 00:00:00+00:00
[2025-02-20T17:01:23.032+0000] {processor.py:208} INFO - Processing /home/airflow/.local/lib/python3.12/site-packages/airflow/example_dags/example_inlet_event_extra.py took 0.198 seconds
