[2025-02-20T00:02:03.249+0000] {processor.py:186} INFO - Started process (PID=8258) to work on /home/airflow/.local/lib/python3.12/site-packages/airflow/example_dags/example_display_name.py
[2025-02-20T00:02:03.250+0000] {processor.py:914} INFO - Processing file /home/airflow/.local/lib/python3.12/site-packages/airflow/example_dags/example_display_name.py for tasks to queue
[2025-02-20T00:02:03.252+0000] {logging_mixin.py:190} INFO - [2025-02-20T00:02:03.252+0000] {dagbag.py:588} INFO - Filling up the DagBag from /home/airflow/.local/lib/python3.12/site-packages/airflow/example_dags/example_display_name.py
[2025-02-20T00:02:03.257+0000] {processor.py:925} INFO - DAG(s) 'example_display_name' retrieved from /home/airflow/.local/lib/python3.12/site-packages/airflow/example_dags/example_display_name.py
[2025-02-20T00:02:03.273+0000] {logging_mixin.py:190} INFO - [2025-02-20T00:02:03.273+0000] {dag.py:3239} INFO - Sync 1 DAGs
[2025-02-20T00:02:03.281+0000] {logging_mixin.py:190} INFO - [2025-02-20T00:02:03.281+0000] {dag.py:4180} INFO - Setting next_dagrun for example_display_name to None, run_after=None
[2025-02-20T00:02:03.297+0000] {processor.py:208} INFO - Processing /home/airflow/.local/lib/python3.12/site-packages/airflow/example_dags/example_display_name.py took 0.051 seconds
[2025-02-20T01:13:16.373+0000] {processor.py:186} INFO - Started process (PID=8320) to work on /home/airflow/.local/lib/python3.12/site-packages/airflow/example_dags/example_display_name.py
[2025-02-20T01:13:16.374+0000] {processor.py:914} INFO - Processing file /home/airflow/.local/lib/python3.12/site-packages/airflow/example_dags/example_display_name.py for tasks to queue
[2025-02-20T01:13:16.377+0000] {logging_mixin.py:190} INFO - [2025-02-20T01:13:16.377+0000] {dagbag.py:588} INFO - Filling up the DagBag from /home/airflow/.local/lib/python3.12/site-packages/airflow/example_dags/example_display_name.py
[2025-02-20T01:13:16.383+0000] {processor.py:925} INFO - DAG(s) 'example_display_name' retrieved from /home/airflow/.local/lib/python3.12/site-packages/airflow/example_dags/example_display_name.py
[2025-02-20T01:13:16.396+0000] {logging_mixin.py:190} INFO - [2025-02-20T01:13:16.396+0000] {dag.py:3239} INFO - Sync 1 DAGs
[2025-02-20T01:13:16.408+0000] {logging_mixin.py:190} INFO - [2025-02-20T01:13:16.408+0000] {dag.py:4180} INFO - Setting next_dagrun for example_display_name to None, run_after=None
[2025-02-20T01:13:16.417+0000] {processor.py:208} INFO - Processing /home/airflow/.local/lib/python3.12/site-packages/airflow/example_dags/example_display_name.py took 0.048 seconds
[2025-02-20T02:53:22.931+0000] {processor.py:186} INFO - Started process (PID=8382) to work on /home/airflow/.local/lib/python3.12/site-packages/airflow/example_dags/example_display_name.py
[2025-02-20T02:53:22.932+0000] {processor.py:914} INFO - Processing file /home/airflow/.local/lib/python3.12/site-packages/airflow/example_dags/example_display_name.py for tasks to queue
[2025-02-20T02:53:22.934+0000] {logging_mixin.py:190} INFO - [2025-02-20T02:53:22.934+0000] {dagbag.py:588} INFO - Filling up the DagBag from /home/airflow/.local/lib/python3.12/site-packages/airflow/example_dags/example_display_name.py
[2025-02-20T02:53:22.942+0000] {processor.py:925} INFO - DAG(s) 'example_display_name' retrieved from /home/airflow/.local/lib/python3.12/site-packages/airflow/example_dags/example_display_name.py
[2025-02-20T02:53:22.961+0000] {logging_mixin.py:190} INFO - [2025-02-20T02:53:22.961+0000] {dag.py:3239} INFO - Sync 1 DAGs
[2025-02-20T02:53:22.969+0000] {logging_mixin.py:190} INFO - [2025-02-20T02:53:22.969+0000] {dag.py:4180} INFO - Setting next_dagrun for example_display_name to None, run_after=None
[2025-02-20T02:53:22.982+0000] {processor.py:208} INFO - Processing /home/airflow/.local/lib/python3.12/site-packages/airflow/example_dags/example_display_name.py took 0.056 seconds
[2025-02-20T03:57:08.564+0000] {processor.py:186} INFO - Started process (PID=8444) to work on /home/airflow/.local/lib/python3.12/site-packages/airflow/example_dags/example_display_name.py
[2025-02-20T03:57:08.565+0000] {processor.py:914} INFO - Processing file /home/airflow/.local/lib/python3.12/site-packages/airflow/example_dags/example_display_name.py for tasks to queue
[2025-02-20T03:57:08.567+0000] {logging_mixin.py:190} INFO - [2025-02-20T03:57:08.567+0000] {dagbag.py:588} INFO - Filling up the DagBag from /home/airflow/.local/lib/python3.12/site-packages/airflow/example_dags/example_display_name.py
[2025-02-20T03:57:08.574+0000] {processor.py:925} INFO - DAG(s) 'example_display_name' retrieved from /home/airflow/.local/lib/python3.12/site-packages/airflow/example_dags/example_display_name.py
[2025-02-20T03:57:08.597+0000] {logging_mixin.py:190} INFO - [2025-02-20T03:57:08.597+0000] {dag.py:3239} INFO - Sync 1 DAGs
[2025-02-20T03:57:08.607+0000] {logging_mixin.py:190} INFO - [2025-02-20T03:57:08.607+0000] {dag.py:4180} INFO - Setting next_dagrun for example_display_name to None, run_after=None
[2025-02-20T03:57:08.624+0000] {processor.py:208} INFO - Processing /home/airflow/.local/lib/python3.12/site-packages/airflow/example_dags/example_display_name.py took 0.063 seconds
[2025-02-20T05:04:25.085+0000] {processor.py:186} INFO - Started process (PID=8506) to work on /home/airflow/.local/lib/python3.12/site-packages/airflow/example_dags/example_display_name.py
[2025-02-20T05:04:25.088+0000] {processor.py:914} INFO - Processing file /home/airflow/.local/lib/python3.12/site-packages/airflow/example_dags/example_display_name.py for tasks to queue
[2025-02-20T05:04:25.090+0000] {logging_mixin.py:190} INFO - [2025-02-20T05:04:25.089+0000] {dagbag.py:588} INFO - Filling up the DagBag from /home/airflow/.local/lib/python3.12/site-packages/airflow/example_dags/example_display_name.py
[2025-02-20T05:04:25.096+0000] {processor.py:925} INFO - DAG(s) 'example_display_name' retrieved from /home/airflow/.local/lib/python3.12/site-packages/airflow/example_dags/example_display_name.py
[2025-02-20T05:04:25.114+0000] {logging_mixin.py:190} INFO - [2025-02-20T05:04:25.114+0000] {dag.py:3239} INFO - Sync 1 DAGs
[2025-02-20T05:04:25.122+0000] {logging_mixin.py:190} INFO - [2025-02-20T05:04:25.121+0000] {dag.py:4180} INFO - Setting next_dagrun for example_display_name to None, run_after=None
[2025-02-20T05:04:25.136+0000] {processor.py:208} INFO - Processing /home/airflow/.local/lib/python3.12/site-packages/airflow/example_dags/example_display_name.py took 0.059 seconds
[2025-02-20T06:14:38.466+0000] {processor.py:186} INFO - Started process (PID=8568) to work on /home/airflow/.local/lib/python3.12/site-packages/airflow/example_dags/example_display_name.py
[2025-02-20T06:14:38.466+0000] {processor.py:914} INFO - Processing file /home/airflow/.local/lib/python3.12/site-packages/airflow/example_dags/example_display_name.py for tasks to queue
[2025-02-20T06:14:38.468+0000] {logging_mixin.py:190} INFO - [2025-02-20T06:14:38.468+0000] {dagbag.py:588} INFO - Filling up the DagBag from /home/airflow/.local/lib/python3.12/site-packages/airflow/example_dags/example_display_name.py
[2025-02-20T06:14:38.474+0000] {processor.py:925} INFO - DAG(s) 'example_display_name' retrieved from /home/airflow/.local/lib/python3.12/site-packages/airflow/example_dags/example_display_name.py
[2025-02-20T06:14:38.489+0000] {logging_mixin.py:190} INFO - [2025-02-20T06:14:38.488+0000] {dag.py:3239} INFO - Sync 1 DAGs
[2025-02-20T06:14:38.517+0000] {logging_mixin.py:190} INFO - [2025-02-20T06:14:38.516+0000] {dag.py:4180} INFO - Setting next_dagrun for example_display_name to None, run_after=None
[2025-02-20T06:14:38.616+0000] {processor.py:208} INFO - Processing /home/airflow/.local/lib/python3.12/site-packages/airflow/example_dags/example_display_name.py took 0.154 seconds
[2025-02-20T07:34:12.005+0000] {processor.py:186} INFO - Started process (PID=8630) to work on /home/airflow/.local/lib/python3.12/site-packages/airflow/example_dags/example_display_name.py
[2025-02-20T07:34:12.010+0000] {processor.py:914} INFO - Processing file /home/airflow/.local/lib/python3.12/site-packages/airflow/example_dags/example_display_name.py for tasks to queue
[2025-02-20T07:34:12.011+0000] {logging_mixin.py:190} INFO - [2025-02-20T07:34:12.011+0000] {dagbag.py:588} INFO - Filling up the DagBag from /home/airflow/.local/lib/python3.12/site-packages/airflow/example_dags/example_display_name.py
[2025-02-20T07:34:12.022+0000] {processor.py:925} INFO - DAG(s) 'example_display_name' retrieved from /home/airflow/.local/lib/python3.12/site-packages/airflow/example_dags/example_display_name.py
[2025-02-20T07:34:12.042+0000] {logging_mixin.py:190} INFO - [2025-02-20T07:34:12.040+0000] {dag.py:3239} INFO - Sync 1 DAGs
[2025-02-20T07:34:12.050+0000] {logging_mixin.py:190} INFO - [2025-02-20T07:34:12.049+0000] {dag.py:4180} INFO - Setting next_dagrun for example_display_name to None, run_after=None
[2025-02-20T07:34:12.061+0000] {processor.py:208} INFO - Processing /home/airflow/.local/lib/python3.12/site-packages/airflow/example_dags/example_display_name.py took 0.064 seconds
[2025-02-20T07:43:51.328+0000] {processor.py:186} INFO - Started process (PID=8692) to work on /home/airflow/.local/lib/python3.12/site-packages/airflow/example_dags/example_display_name.py
[2025-02-20T07:43:51.329+0000] {processor.py:914} INFO - Processing file /home/airflow/.local/lib/python3.12/site-packages/airflow/example_dags/example_display_name.py for tasks to queue
[2025-02-20T07:43:51.331+0000] {logging_mixin.py:190} INFO - [2025-02-20T07:43:51.330+0000] {dagbag.py:588} INFO - Filling up the DagBag from /home/airflow/.local/lib/python3.12/site-packages/airflow/example_dags/example_display_name.py
[2025-02-20T07:43:51.341+0000] {processor.py:925} INFO - DAG(s) 'example_display_name' retrieved from /home/airflow/.local/lib/python3.12/site-packages/airflow/example_dags/example_display_name.py
[2025-02-20T07:43:51.362+0000] {logging_mixin.py:190} INFO - [2025-02-20T07:43:51.361+0000] {dag.py:3239} INFO - Sync 1 DAGs
[2025-02-20T07:43:51.378+0000] {logging_mixin.py:190} INFO - [2025-02-20T07:43:51.378+0000] {dag.py:4180} INFO - Setting next_dagrun for example_display_name to None, run_after=None
[2025-02-20T07:43:51.392+0000] {processor.py:208} INFO - Processing /home/airflow/.local/lib/python3.12/site-packages/airflow/example_dags/example_display_name.py took 0.076 seconds
[2025-02-20T08:25:38.387+0000] {processor.py:186} INFO - Started process (PID=8754) to work on /home/airflow/.local/lib/python3.12/site-packages/airflow/example_dags/example_display_name.py
[2025-02-20T08:25:38.389+0000] {processor.py:914} INFO - Processing file /home/airflow/.local/lib/python3.12/site-packages/airflow/example_dags/example_display_name.py for tasks to queue
[2025-02-20T08:25:38.393+0000] {logging_mixin.py:190} INFO - [2025-02-20T08:25:38.392+0000] {dagbag.py:588} INFO - Filling up the DagBag from /home/airflow/.local/lib/python3.12/site-packages/airflow/example_dags/example_display_name.py
[2025-02-20T08:25:38.401+0000] {processor.py:925} INFO - DAG(s) 'example_display_name' retrieved from /home/airflow/.local/lib/python3.12/site-packages/airflow/example_dags/example_display_name.py
[2025-02-20T08:25:38.416+0000] {logging_mixin.py:190} INFO - [2025-02-20T08:25:38.416+0000] {dag.py:3239} INFO - Sync 1 DAGs
[2025-02-20T08:25:38.427+0000] {logging_mixin.py:190} INFO - [2025-02-20T08:25:38.427+0000] {dag.py:4180} INFO - Setting next_dagrun for example_display_name to None, run_after=None
[2025-02-20T08:25:38.439+0000] {processor.py:208} INFO - Processing /home/airflow/.local/lib/python3.12/site-packages/airflow/example_dags/example_display_name.py took 0.063 seconds
[2025-02-20T08:46:03.023+0000] {processor.py:186} INFO - Started process (PID=8816) to work on /home/airflow/.local/lib/python3.12/site-packages/airflow/example_dags/example_display_name.py
[2025-02-20T08:46:03.024+0000] {processor.py:914} INFO - Processing file /home/airflow/.local/lib/python3.12/site-packages/airflow/example_dags/example_display_name.py for tasks to queue
[2025-02-20T08:46:03.025+0000] {logging_mixin.py:190} INFO - [2025-02-20T08:46:03.025+0000] {dagbag.py:588} INFO - Filling up the DagBag from /home/airflow/.local/lib/python3.12/site-packages/airflow/example_dags/example_display_name.py
[2025-02-20T08:46:03.030+0000] {processor.py:925} INFO - DAG(s) 'example_display_name' retrieved from /home/airflow/.local/lib/python3.12/site-packages/airflow/example_dags/example_display_name.py
[2025-02-20T08:46:03.048+0000] {logging_mixin.py:190} INFO - [2025-02-20T08:46:03.047+0000] {dag.py:3239} INFO - Sync 1 DAGs
[2025-02-20T08:46:03.054+0000] {logging_mixin.py:190} INFO - [2025-02-20T08:46:03.054+0000] {dag.py:4180} INFO - Setting next_dagrun for example_display_name to None, run_after=None
[2025-02-20T08:46:03.066+0000] {processor.py:208} INFO - Processing /home/airflow/.local/lib/python3.12/site-packages/airflow/example_dags/example_display_name.py took 0.047 seconds
[2025-02-20T09:24:56.982+0000] {processor.py:186} INFO - Started process (PID=8878) to work on /home/airflow/.local/lib/python3.12/site-packages/airflow/example_dags/example_display_name.py
[2025-02-20T09:24:56.983+0000] {processor.py:914} INFO - Processing file /home/airflow/.local/lib/python3.12/site-packages/airflow/example_dags/example_display_name.py for tasks to queue
[2025-02-20T09:24:56.985+0000] {logging_mixin.py:190} INFO - [2025-02-20T09:24:56.985+0000] {dagbag.py:588} INFO - Filling up the DagBag from /home/airflow/.local/lib/python3.12/site-packages/airflow/example_dags/example_display_name.py
[2025-02-20T09:24:56.991+0000] {processor.py:925} INFO - DAG(s) 'example_display_name' retrieved from /home/airflow/.local/lib/python3.12/site-packages/airflow/example_dags/example_display_name.py
[2025-02-20T09:24:57.032+0000] {logging_mixin.py:190} INFO - [2025-02-20T09:24:57.032+0000] {dag.py:3239} INFO - Sync 1 DAGs
[2025-02-20T09:24:57.067+0000] {logging_mixin.py:190} INFO - [2025-02-20T09:24:57.067+0000] {dag.py:4180} INFO - Setting next_dagrun for example_display_name to None, run_after=None
[2025-02-20T09:24:57.146+0000] {processor.py:208} INFO - Processing /home/airflow/.local/lib/python3.12/site-packages/airflow/example_dags/example_display_name.py took 0.172 seconds
[2025-02-20T09:25:28.008+0000] {processor.py:186} INFO - Started process (PID=8940) to work on /home/airflow/.local/lib/python3.12/site-packages/airflow/example_dags/example_display_name.py
[2025-02-20T09:25:28.012+0000] {processor.py:914} INFO - Processing file /home/airflow/.local/lib/python3.12/site-packages/airflow/example_dags/example_display_name.py for tasks to queue
[2025-02-20T09:25:28.016+0000] {logging_mixin.py:190} INFO - [2025-02-20T09:25:28.016+0000] {dagbag.py:588} INFO - Filling up the DagBag from /home/airflow/.local/lib/python3.12/site-packages/airflow/example_dags/example_display_name.py
[2025-02-20T09:25:28.024+0000] {processor.py:925} INFO - DAG(s) 'example_display_name' retrieved from /home/airflow/.local/lib/python3.12/site-packages/airflow/example_dags/example_display_name.py
[2025-02-20T09:25:28.052+0000] {logging_mixin.py:190} INFO - [2025-02-20T09:25:28.051+0000] {dag.py:3239} INFO - Sync 1 DAGs
[2025-02-20T09:25:28.063+0000] {logging_mixin.py:190} INFO - [2025-02-20T09:25:28.063+0000] {dag.py:4180} INFO - Setting next_dagrun for example_display_name to None, run_after=None
[2025-02-20T09:25:28.082+0000] {processor.py:208} INFO - Processing /home/airflow/.local/lib/python3.12/site-packages/airflow/example_dags/example_display_name.py took 0.085 seconds
[2025-02-20T09:37:59.172+0000] {processor.py:186} INFO - Started process (PID=46) to work on /home/airflow/.local/lib/python3.12/site-packages/airflow/example_dags/example_display_name.py
[2025-02-20T09:37:59.174+0000] {processor.py:914} INFO - Processing file /home/airflow/.local/lib/python3.12/site-packages/airflow/example_dags/example_display_name.py for tasks to queue
[2025-02-20T09:37:59.177+0000] {logging_mixin.py:190} INFO - [2025-02-20T09:37:59.176+0000] {dagbag.py:588} INFO - Filling up the DagBag from /home/airflow/.local/lib/python3.12/site-packages/airflow/example_dags/example_display_name.py
[2025-02-20T09:37:59.187+0000] {processor.py:925} INFO - DAG(s) 'example_display_name' retrieved from /home/airflow/.local/lib/python3.12/site-packages/airflow/example_dags/example_display_name.py
[2025-02-20T09:37:59.214+0000] {logging_mixin.py:190} INFO - [2025-02-20T09:37:59.214+0000] {dag.py:3239} INFO - Sync 1 DAGs
[2025-02-20T09:37:59.223+0000] {logging_mixin.py:190} INFO - [2025-02-20T09:37:59.223+0000] {dag.py:4180} INFO - Setting next_dagrun for example_display_name to None, run_after=None
[2025-02-20T09:37:59.235+0000] {processor.py:208} INFO - Processing /home/airflow/.local/lib/python3.12/site-packages/airflow/example_dags/example_display_name.py took 0.073 seconds
[2025-02-20T09:38:30.210+0000] {processor.py:186} INFO - Started process (PID=108) to work on /home/airflow/.local/lib/python3.12/site-packages/airflow/example_dags/example_display_name.py
[2025-02-20T09:38:30.212+0000] {processor.py:914} INFO - Processing file /home/airflow/.local/lib/python3.12/site-packages/airflow/example_dags/example_display_name.py for tasks to queue
[2025-02-20T09:38:30.214+0000] {logging_mixin.py:190} INFO - [2025-02-20T09:38:30.214+0000] {dagbag.py:588} INFO - Filling up the DagBag from /home/airflow/.local/lib/python3.12/site-packages/airflow/example_dags/example_display_name.py
[2025-02-20T09:38:30.223+0000] {processor.py:925} INFO - DAG(s) 'example_display_name' retrieved from /home/airflow/.local/lib/python3.12/site-packages/airflow/example_dags/example_display_name.py
[2025-02-20T09:38:30.238+0000] {logging_mixin.py:190} INFO - [2025-02-20T09:38:30.238+0000] {dag.py:3239} INFO - Sync 1 DAGs
[2025-02-20T09:38:30.245+0000] {logging_mixin.py:190} INFO - [2025-02-20T09:38:30.245+0000] {dag.py:4180} INFO - Setting next_dagrun for example_display_name to None, run_after=None
[2025-02-20T09:38:30.257+0000] {processor.py:208} INFO - Processing /home/airflow/.local/lib/python3.12/site-packages/airflow/example_dags/example_display_name.py took 0.056 seconds
[2025-02-20T09:39:00.540+0000] {processor.py:186} INFO - Started process (PID=170) to work on /home/airflow/.local/lib/python3.12/site-packages/airflow/example_dags/example_display_name.py
[2025-02-20T09:39:00.541+0000] {processor.py:914} INFO - Processing file /home/airflow/.local/lib/python3.12/site-packages/airflow/example_dags/example_display_name.py for tasks to queue
[2025-02-20T09:39:00.543+0000] {logging_mixin.py:190} INFO - [2025-02-20T09:39:00.542+0000] {dagbag.py:588} INFO - Filling up the DagBag from /home/airflow/.local/lib/python3.12/site-packages/airflow/example_dags/example_display_name.py
[2025-02-20T09:39:00.548+0000] {processor.py:925} INFO - DAG(s) 'example_display_name' retrieved from /home/airflow/.local/lib/python3.12/site-packages/airflow/example_dags/example_display_name.py
[2025-02-20T09:39:00.562+0000] {logging_mixin.py:190} INFO - [2025-02-20T09:39:00.562+0000] {dag.py:3239} INFO - Sync 1 DAGs
[2025-02-20T09:39:00.574+0000] {logging_mixin.py:190} INFO - [2025-02-20T09:39:00.573+0000] {dag.py:4180} INFO - Setting next_dagrun for example_display_name to None, run_after=None
[2025-02-20T09:39:00.588+0000] {processor.py:208} INFO - Processing /home/airflow/.local/lib/python3.12/site-packages/airflow/example_dags/example_display_name.py took 0.052 seconds
[2025-02-20T09:39:31.489+0000] {processor.py:186} INFO - Started process (PID=232) to work on /home/airflow/.local/lib/python3.12/site-packages/airflow/example_dags/example_display_name.py
[2025-02-20T09:39:31.491+0000] {processor.py:914} INFO - Processing file /home/airflow/.local/lib/python3.12/site-packages/airflow/example_dags/example_display_name.py for tasks to queue
[2025-02-20T09:39:31.492+0000] {logging_mixin.py:190} INFO - [2025-02-20T09:39:31.492+0000] {dagbag.py:588} INFO - Filling up the DagBag from /home/airflow/.local/lib/python3.12/site-packages/airflow/example_dags/example_display_name.py
[2025-02-20T09:39:31.498+0000] {processor.py:925} INFO - DAG(s) 'example_display_name' retrieved from /home/airflow/.local/lib/python3.12/site-packages/airflow/example_dags/example_display_name.py
[2025-02-20T09:39:31.513+0000] {logging_mixin.py:190} INFO - [2025-02-20T09:39:31.513+0000] {dag.py:3239} INFO - Sync 1 DAGs
[2025-02-20T09:39:31.521+0000] {logging_mixin.py:190} INFO - [2025-02-20T09:39:31.521+0000] {dag.py:4180} INFO - Setting next_dagrun for example_display_name to None, run_after=None
[2025-02-20T09:39:31.536+0000] {processor.py:208} INFO - Processing /home/airflow/.local/lib/python3.12/site-packages/airflow/example_dags/example_display_name.py took 0.053 seconds
[2025-02-20T09:40:01.898+0000] {processor.py:186} INFO - Started process (PID=294) to work on /home/airflow/.local/lib/python3.12/site-packages/airflow/example_dags/example_display_name.py
[2025-02-20T09:40:01.900+0000] {processor.py:914} INFO - Processing file /home/airflow/.local/lib/python3.12/site-packages/airflow/example_dags/example_display_name.py for tasks to queue
[2025-02-20T09:40:01.903+0000] {logging_mixin.py:190} INFO - [2025-02-20T09:40:01.903+0000] {dagbag.py:588} INFO - Filling up the DagBag from /home/airflow/.local/lib/python3.12/site-packages/airflow/example_dags/example_display_name.py
[2025-02-20T09:40:01.912+0000] {processor.py:925} INFO - DAG(s) 'example_display_name' retrieved from /home/airflow/.local/lib/python3.12/site-packages/airflow/example_dags/example_display_name.py
[2025-02-20T09:40:01.932+0000] {logging_mixin.py:190} INFO - [2025-02-20T09:40:01.931+0000] {dag.py:3239} INFO - Sync 1 DAGs
[2025-02-20T09:40:01.944+0000] {logging_mixin.py:190} INFO - [2025-02-20T09:40:01.944+0000] {dag.py:4180} INFO - Setting next_dagrun for example_display_name to None, run_after=None
[2025-02-20T09:40:01.958+0000] {processor.py:208} INFO - Processing /home/airflow/.local/lib/python3.12/site-packages/airflow/example_dags/example_display_name.py took 0.064 seconds
[2025-02-20T09:40:32.852+0000] {processor.py:186} INFO - Started process (PID=356) to work on /home/airflow/.local/lib/python3.12/site-packages/airflow/example_dags/example_display_name.py
[2025-02-20T09:40:32.854+0000] {processor.py:914} INFO - Processing file /home/airflow/.local/lib/python3.12/site-packages/airflow/example_dags/example_display_name.py for tasks to queue
[2025-02-20T09:40:32.859+0000] {logging_mixin.py:190} INFO - [2025-02-20T09:40:32.859+0000] {dagbag.py:588} INFO - Filling up the DagBag from /home/airflow/.local/lib/python3.12/site-packages/airflow/example_dags/example_display_name.py
[2025-02-20T09:40:32.866+0000] {processor.py:925} INFO - DAG(s) 'example_display_name' retrieved from /home/airflow/.local/lib/python3.12/site-packages/airflow/example_dags/example_display_name.py
[2025-02-20T09:40:32.885+0000] {logging_mixin.py:190} INFO - [2025-02-20T09:40:32.885+0000] {dag.py:3239} INFO - Sync 1 DAGs
[2025-02-20T09:40:32.894+0000] {logging_mixin.py:190} INFO - [2025-02-20T09:40:32.894+0000] {dag.py:4180} INFO - Setting next_dagrun for example_display_name to None, run_after=None
[2025-02-20T09:40:32.903+0000] {processor.py:208} INFO - Processing /home/airflow/.local/lib/python3.12/site-packages/airflow/example_dags/example_display_name.py took 0.058 seconds
[2025-02-20T14:01:47.270+0000] {processor.py:186} INFO - Started process (PID=51) to work on /home/airflow/.local/lib/python3.12/site-packages/airflow/example_dags/example_display_name.py
[2025-02-20T14:01:47.272+0000] {processor.py:914} INFO - Processing file /home/airflow/.local/lib/python3.12/site-packages/airflow/example_dags/example_display_name.py for tasks to queue
[2025-02-20T14:01:47.276+0000] {logging_mixin.py:190} INFO - [2025-02-20T14:01:47.275+0000] {dagbag.py:588} INFO - Filling up the DagBag from /home/airflow/.local/lib/python3.12/site-packages/airflow/example_dags/example_display_name.py
[2025-02-20T14:01:47.292+0000] {processor.py:925} INFO - DAG(s) 'example_display_name' retrieved from /home/airflow/.local/lib/python3.12/site-packages/airflow/example_dags/example_display_name.py
[2025-02-20T14:01:47.326+0000] {logging_mixin.py:190} INFO - [2025-02-20T14:01:47.325+0000] {dag.py:3239} INFO - Sync 1 DAGs
[2025-02-20T14:01:47.338+0000] {logging_mixin.py:190} INFO - [2025-02-20T14:01:47.338+0000] {dag.py:4180} INFO - Setting next_dagrun for example_display_name to None, run_after=None
[2025-02-20T14:01:47.361+0000] {processor.py:208} INFO - Processing /home/airflow/.local/lib/python3.12/site-packages/airflow/example_dags/example_display_name.py took 0.100 seconds
[2025-02-20T14:02:20.141+0000] {processor.py:186} INFO - Started process (PID=118) to work on /home/airflow/.local/lib/python3.12/site-packages/airflow/example_dags/example_display_name.py
[2025-02-20T14:02:20.142+0000] {processor.py:914} INFO - Processing file /home/airflow/.local/lib/python3.12/site-packages/airflow/example_dags/example_display_name.py for tasks to queue
[2025-02-20T14:02:20.145+0000] {logging_mixin.py:190} INFO - [2025-02-20T14:02:20.145+0000] {dagbag.py:588} INFO - Filling up the DagBag from /home/airflow/.local/lib/python3.12/site-packages/airflow/example_dags/example_display_name.py
[2025-02-20T14:02:20.154+0000] {processor.py:925} INFO - DAG(s) 'example_display_name' retrieved from /home/airflow/.local/lib/python3.12/site-packages/airflow/example_dags/example_display_name.py
[2025-02-20T14:02:20.186+0000] {logging_mixin.py:190} INFO - [2025-02-20T14:02:20.186+0000] {dag.py:3239} INFO - Sync 1 DAGs
[2025-02-20T14:02:20.195+0000] {logging_mixin.py:190} INFO - [2025-02-20T14:02:20.195+0000] {dag.py:4180} INFO - Setting next_dagrun for example_display_name to None, run_after=None
[2025-02-20T14:02:20.228+0000] {processor.py:208} INFO - Processing /home/airflow/.local/lib/python3.12/site-packages/airflow/example_dags/example_display_name.py took 0.094 seconds
[2025-02-20T14:02:51.652+0000] {processor.py:186} INFO - Started process (PID=180) to work on /home/airflow/.local/lib/python3.12/site-packages/airflow/example_dags/example_display_name.py
[2025-02-20T14:02:51.657+0000] {processor.py:914} INFO - Processing file /home/airflow/.local/lib/python3.12/site-packages/airflow/example_dags/example_display_name.py for tasks to queue
[2025-02-20T14:02:51.658+0000] {logging_mixin.py:190} INFO - [2025-02-20T14:02:51.658+0000] {dagbag.py:588} INFO - Filling up the DagBag from /home/airflow/.local/lib/python3.12/site-packages/airflow/example_dags/example_display_name.py
[2025-02-20T14:02:51.665+0000] {processor.py:925} INFO - DAG(s) 'example_display_name' retrieved from /home/airflow/.local/lib/python3.12/site-packages/airflow/example_dags/example_display_name.py
[2025-02-20T14:02:51.814+0000] {logging_mixin.py:190} INFO - [2025-02-20T14:02:51.814+0000] {dag.py:3239} INFO - Sync 1 DAGs
[2025-02-20T14:02:51.831+0000] {logging_mixin.py:190} INFO - [2025-02-20T14:02:51.831+0000] {dag.py:4180} INFO - Setting next_dagrun for example_display_name to None, run_after=None
[2025-02-20T14:02:51.841+0000] {processor.py:208} INFO - Processing /home/airflow/.local/lib/python3.12/site-packages/airflow/example_dags/example_display_name.py took 0.193 seconds
[2025-02-20T14:03:23.155+0000] {processor.py:186} INFO - Started process (PID=242) to work on /home/airflow/.local/lib/python3.12/site-packages/airflow/example_dags/example_display_name.py
[2025-02-20T14:03:23.157+0000] {processor.py:914} INFO - Processing file /home/airflow/.local/lib/python3.12/site-packages/airflow/example_dags/example_display_name.py for tasks to queue
[2025-02-20T14:03:23.159+0000] {logging_mixin.py:190} INFO - [2025-02-20T14:03:23.158+0000] {dagbag.py:588} INFO - Filling up the DagBag from /home/airflow/.local/lib/python3.12/site-packages/airflow/example_dags/example_display_name.py
[2025-02-20T14:03:23.164+0000] {processor.py:925} INFO - DAG(s) 'example_display_name' retrieved from /home/airflow/.local/lib/python3.12/site-packages/airflow/example_dags/example_display_name.py
[2025-02-20T14:03:23.184+0000] {logging_mixin.py:190} INFO - [2025-02-20T14:03:23.184+0000] {dag.py:3239} INFO - Sync 1 DAGs
[2025-02-20T14:03:23.194+0000] {logging_mixin.py:190} INFO - [2025-02-20T14:03:23.194+0000] {dag.py:4180} INFO - Setting next_dagrun for example_display_name to None, run_after=None
[2025-02-20T14:03:23.210+0000] {processor.py:208} INFO - Processing /home/airflow/.local/lib/python3.12/site-packages/airflow/example_dags/example_display_name.py took 0.059 seconds
[2025-02-20T14:03:53.495+0000] {processor.py:186} INFO - Started process (PID=304) to work on /home/airflow/.local/lib/python3.12/site-packages/airflow/example_dags/example_display_name.py
[2025-02-20T14:03:53.497+0000] {processor.py:914} INFO - Processing file /home/airflow/.local/lib/python3.12/site-packages/airflow/example_dags/example_display_name.py for tasks to queue
[2025-02-20T14:03:53.499+0000] {logging_mixin.py:190} INFO - [2025-02-20T14:03:53.499+0000] {dagbag.py:588} INFO - Filling up the DagBag from /home/airflow/.local/lib/python3.12/site-packages/airflow/example_dags/example_display_name.py
[2025-02-20T14:03:53.506+0000] {processor.py:925} INFO - DAG(s) 'example_display_name' retrieved from /home/airflow/.local/lib/python3.12/site-packages/airflow/example_dags/example_display_name.py
[2025-02-20T14:03:53.520+0000] {logging_mixin.py:190} INFO - [2025-02-20T14:03:53.520+0000] {dag.py:3239} INFO - Sync 1 DAGs
[2025-02-20T14:03:53.529+0000] {logging_mixin.py:190} INFO - [2025-02-20T14:03:53.529+0000] {dag.py:4180} INFO - Setting next_dagrun for example_display_name to None, run_after=None
[2025-02-20T14:03:53.541+0000] {processor.py:208} INFO - Processing /home/airflow/.local/lib/python3.12/site-packages/airflow/example_dags/example_display_name.py took 0.051 seconds
[2025-02-20T14:04:24.648+0000] {processor.py:186} INFO - Started process (PID=366) to work on /home/airflow/.local/lib/python3.12/site-packages/airflow/example_dags/example_display_name.py
[2025-02-20T14:04:24.649+0000] {processor.py:914} INFO - Processing file /home/airflow/.local/lib/python3.12/site-packages/airflow/example_dags/example_display_name.py for tasks to queue
[2025-02-20T14:04:24.651+0000] {logging_mixin.py:190} INFO - [2025-02-20T14:04:24.651+0000] {dagbag.py:588} INFO - Filling up the DagBag from /home/airflow/.local/lib/python3.12/site-packages/airflow/example_dags/example_display_name.py
[2025-02-20T14:04:24.657+0000] {processor.py:925} INFO - DAG(s) 'example_display_name' retrieved from /home/airflow/.local/lib/python3.12/site-packages/airflow/example_dags/example_display_name.py
[2025-02-20T14:04:24.672+0000] {logging_mixin.py:190} INFO - [2025-02-20T14:04:24.672+0000] {dag.py:3239} INFO - Sync 1 DAGs
[2025-02-20T14:04:24.683+0000] {logging_mixin.py:190} INFO - [2025-02-20T14:04:24.682+0000] {dag.py:4180} INFO - Setting next_dagrun for example_display_name to None, run_after=None
[2025-02-20T14:04:24.693+0000] {processor.py:208} INFO - Processing /home/airflow/.local/lib/python3.12/site-packages/airflow/example_dags/example_display_name.py took 0.054 seconds
[2025-02-20T14:04:55.732+0000] {processor.py:186} INFO - Started process (PID=428) to work on /home/airflow/.local/lib/python3.12/site-packages/airflow/example_dags/example_display_name.py
[2025-02-20T14:04:55.734+0000] {processor.py:914} INFO - Processing file /home/airflow/.local/lib/python3.12/site-packages/airflow/example_dags/example_display_name.py for tasks to queue
[2025-02-20T14:04:55.739+0000] {logging_mixin.py:190} INFO - [2025-02-20T14:04:55.739+0000] {dagbag.py:588} INFO - Filling up the DagBag from /home/airflow/.local/lib/python3.12/site-packages/airflow/example_dags/example_display_name.py
[2025-02-20T14:04:55.744+0000] {processor.py:925} INFO - DAG(s) 'example_display_name' retrieved from /home/airflow/.local/lib/python3.12/site-packages/airflow/example_dags/example_display_name.py
[2025-02-20T14:04:55.763+0000] {logging_mixin.py:190} INFO - [2025-02-20T14:04:55.763+0000] {dag.py:3239} INFO - Sync 1 DAGs
[2025-02-20T14:04:55.777+0000] {logging_mixin.py:190} INFO - [2025-02-20T14:04:55.777+0000] {dag.py:4180} INFO - Setting next_dagrun for example_display_name to None, run_after=None
[2025-02-20T14:04:55.790+0000] {processor.py:208} INFO - Processing /home/airflow/.local/lib/python3.12/site-packages/airflow/example_dags/example_display_name.py took 0.063 seconds
[2025-02-20T14:05:26.859+0000] {processor.py:186} INFO - Started process (PID=490) to work on /home/airflow/.local/lib/python3.12/site-packages/airflow/example_dags/example_display_name.py
[2025-02-20T14:05:26.859+0000] {processor.py:914} INFO - Processing file /home/airflow/.local/lib/python3.12/site-packages/airflow/example_dags/example_display_name.py for tasks to queue
[2025-02-20T14:05:26.861+0000] {logging_mixin.py:190} INFO - [2025-02-20T14:05:26.861+0000] {dagbag.py:588} INFO - Filling up the DagBag from /home/airflow/.local/lib/python3.12/site-packages/airflow/example_dags/example_display_name.py
[2025-02-20T14:05:26.867+0000] {processor.py:925} INFO - DAG(s) 'example_display_name' retrieved from /home/airflow/.local/lib/python3.12/site-packages/airflow/example_dags/example_display_name.py
[2025-02-20T14:05:26.883+0000] {logging_mixin.py:190} INFO - [2025-02-20T14:05:26.883+0000] {dag.py:3239} INFO - Sync 1 DAGs
[2025-02-20T14:05:26.897+0000] {logging_mixin.py:190} INFO - [2025-02-20T14:05:26.897+0000] {dag.py:4180} INFO - Setting next_dagrun for example_display_name to None, run_after=None
[2025-02-20T14:05:26.913+0000] {processor.py:208} INFO - Processing /home/airflow/.local/lib/python3.12/site-packages/airflow/example_dags/example_display_name.py took 0.057 seconds
[2025-02-20T16:54:03.818+0000] {processor.py:186} INFO - Started process (PID=52) to work on /home/airflow/.local/lib/python3.12/site-packages/airflow/example_dags/example_display_name.py
[2025-02-20T16:54:03.819+0000] {processor.py:914} INFO - Processing file /home/airflow/.local/lib/python3.12/site-packages/airflow/example_dags/example_display_name.py for tasks to queue
[2025-02-20T16:54:03.821+0000] {logging_mixin.py:190} INFO - [2025-02-20T16:54:03.821+0000] {dagbag.py:588} INFO - Filling up the DagBag from /home/airflow/.local/lib/python3.12/site-packages/airflow/example_dags/example_display_name.py
[2025-02-20T16:54:03.844+0000] {processor.py:925} INFO - DAG(s) 'example_display_name' retrieved from /home/airflow/.local/lib/python3.12/site-packages/airflow/example_dags/example_display_name.py
[2025-02-20T16:54:03.909+0000] {logging_mixin.py:190} INFO - [2025-02-20T16:54:03.909+0000] {dag.py:3239} INFO - Sync 1 DAGs
[2025-02-20T16:54:03.928+0000] {logging_mixin.py:190} INFO - [2025-02-20T16:54:03.927+0000] {dag.py:4180} INFO - Setting next_dagrun for example_display_name to None, run_after=None
[2025-02-20T16:54:03.961+0000] {processor.py:208} INFO - Processing /home/airflow/.local/lib/python3.12/site-packages/airflow/example_dags/example_display_name.py took 0.150 seconds
[2025-02-20T16:54:34.755+0000] {processor.py:186} INFO - Started process (PID=114) to work on /home/airflow/.local/lib/python3.12/site-packages/airflow/example_dags/example_display_name.py
[2025-02-20T16:54:34.758+0000] {processor.py:914} INFO - Processing file /home/airflow/.local/lib/python3.12/site-packages/airflow/example_dags/example_display_name.py for tasks to queue
[2025-02-20T16:54:34.759+0000] {logging_mixin.py:190} INFO - [2025-02-20T16:54:34.759+0000] {dagbag.py:588} INFO - Filling up the DagBag from /home/airflow/.local/lib/python3.12/site-packages/airflow/example_dags/example_display_name.py
[2025-02-20T16:54:34.764+0000] {processor.py:925} INFO - DAG(s) 'example_display_name' retrieved from /home/airflow/.local/lib/python3.12/site-packages/airflow/example_dags/example_display_name.py
[2025-02-20T16:54:34.775+0000] {logging_mixin.py:190} INFO - [2025-02-20T16:54:34.775+0000] {dag.py:3239} INFO - Sync 1 DAGs
[2025-02-20T16:54:34.782+0000] {logging_mixin.py:190} INFO - [2025-02-20T16:54:34.782+0000] {dag.py:4180} INFO - Setting next_dagrun for example_display_name to None, run_after=None
[2025-02-20T16:54:34.796+0000] {processor.py:208} INFO - Processing /home/airflow/.local/lib/python3.12/site-packages/airflow/example_dags/example_display_name.py took 0.046 seconds
[2025-02-20T16:55:05.928+0000] {processor.py:186} INFO - Started process (PID=176) to work on /home/airflow/.local/lib/python3.12/site-packages/airflow/example_dags/example_display_name.py
[2025-02-20T16:55:05.929+0000] {processor.py:914} INFO - Processing file /home/airflow/.local/lib/python3.12/site-packages/airflow/example_dags/example_display_name.py for tasks to queue
[2025-02-20T16:55:05.931+0000] {logging_mixin.py:190} INFO - [2025-02-20T16:55:05.931+0000] {dagbag.py:588} INFO - Filling up the DagBag from /home/airflow/.local/lib/python3.12/site-packages/airflow/example_dags/example_display_name.py
[2025-02-20T16:55:05.942+0000] {processor.py:925} INFO - DAG(s) 'example_display_name' retrieved from /home/airflow/.local/lib/python3.12/site-packages/airflow/example_dags/example_display_name.py
[2025-02-20T16:55:05.958+0000] {logging_mixin.py:190} INFO - [2025-02-20T16:55:05.958+0000] {dag.py:3239} INFO - Sync 1 DAGs
[2025-02-20T16:55:05.970+0000] {logging_mixin.py:190} INFO - [2025-02-20T16:55:05.970+0000] {dag.py:4180} INFO - Setting next_dagrun for example_display_name to None, run_after=None
[2025-02-20T16:55:05.986+0000] {processor.py:208} INFO - Processing /home/airflow/.local/lib/python3.12/site-packages/airflow/example_dags/example_display_name.py took 0.064 seconds
[2025-02-20T16:55:36.852+0000] {processor.py:186} INFO - Started process (PID=238) to work on /home/airflow/.local/lib/python3.12/site-packages/airflow/example_dags/example_display_name.py
[2025-02-20T16:55:36.853+0000] {processor.py:914} INFO - Processing file /home/airflow/.local/lib/python3.12/site-packages/airflow/example_dags/example_display_name.py for tasks to queue
[2025-02-20T16:55:36.854+0000] {logging_mixin.py:190} INFO - [2025-02-20T16:55:36.854+0000] {dagbag.py:588} INFO - Filling up the DagBag from /home/airflow/.local/lib/python3.12/site-packages/airflow/example_dags/example_display_name.py
[2025-02-20T16:55:36.859+0000] {processor.py:925} INFO - DAG(s) 'example_display_name' retrieved from /home/airflow/.local/lib/python3.12/site-packages/airflow/example_dags/example_display_name.py
[2025-02-20T16:55:36.872+0000] {logging_mixin.py:190} INFO - [2025-02-20T16:55:36.872+0000] {dag.py:3239} INFO - Sync 1 DAGs
[2025-02-20T16:55:36.881+0000] {logging_mixin.py:190} INFO - [2025-02-20T16:55:36.881+0000] {dag.py:4180} INFO - Setting next_dagrun for example_display_name to None, run_after=None
[2025-02-20T16:55:36.896+0000] {processor.py:208} INFO - Processing /home/airflow/.local/lib/python3.12/site-packages/airflow/example_dags/example_display_name.py took 0.047 seconds
[2025-02-20T16:56:07.289+0000] {processor.py:186} INFO - Started process (PID=300) to work on /home/airflow/.local/lib/python3.12/site-packages/airflow/example_dags/example_display_name.py
[2025-02-20T16:56:07.290+0000] {processor.py:914} INFO - Processing file /home/airflow/.local/lib/python3.12/site-packages/airflow/example_dags/example_display_name.py for tasks to queue
[2025-02-20T16:56:07.291+0000] {logging_mixin.py:190} INFO - [2025-02-20T16:56:07.291+0000] {dagbag.py:588} INFO - Filling up the DagBag from /home/airflow/.local/lib/python3.12/site-packages/airflow/example_dags/example_display_name.py
[2025-02-20T16:56:07.300+0000] {processor.py:925} INFO - DAG(s) 'example_display_name' retrieved from /home/airflow/.local/lib/python3.12/site-packages/airflow/example_dags/example_display_name.py
[2025-02-20T16:56:07.316+0000] {logging_mixin.py:190} INFO - [2025-02-20T16:56:07.315+0000] {dag.py:3239} INFO - Sync 1 DAGs
[2025-02-20T16:56:07.328+0000] {logging_mixin.py:190} INFO - [2025-02-20T16:56:07.328+0000] {dag.py:4180} INFO - Setting next_dagrun for example_display_name to None, run_after=None
[2025-02-20T16:56:07.344+0000] {processor.py:208} INFO - Processing /home/airflow/.local/lib/python3.12/site-packages/airflow/example_dags/example_display_name.py took 0.058 seconds
[2025-02-20T16:56:38.285+0000] {processor.py:186} INFO - Started process (PID=362) to work on /home/airflow/.local/lib/python3.12/site-packages/airflow/example_dags/example_display_name.py
[2025-02-20T16:56:38.287+0000] {processor.py:914} INFO - Processing file /home/airflow/.local/lib/python3.12/site-packages/airflow/example_dags/example_display_name.py for tasks to queue
[2025-02-20T16:56:38.290+0000] {logging_mixin.py:190} INFO - [2025-02-20T16:56:38.290+0000] {dagbag.py:588} INFO - Filling up the DagBag from /home/airflow/.local/lib/python3.12/site-packages/airflow/example_dags/example_display_name.py
[2025-02-20T16:56:38.295+0000] {processor.py:925} INFO - DAG(s) 'example_display_name' retrieved from /home/airflow/.local/lib/python3.12/site-packages/airflow/example_dags/example_display_name.py
[2025-02-20T16:56:38.308+0000] {logging_mixin.py:190} INFO - [2025-02-20T16:56:38.308+0000] {dag.py:3239} INFO - Sync 1 DAGs
[2025-02-20T16:56:38.315+0000] {logging_mixin.py:190} INFO - [2025-02-20T16:56:38.315+0000] {dag.py:4180} INFO - Setting next_dagrun for example_display_name to None, run_after=None
[2025-02-20T16:56:38.326+0000] {processor.py:208} INFO - Processing /home/airflow/.local/lib/python3.12/site-packages/airflow/example_dags/example_display_name.py took 0.045 seconds
[2025-02-20T16:57:08.849+0000] {processor.py:186} INFO - Started process (PID=424) to work on /home/airflow/.local/lib/python3.12/site-packages/airflow/example_dags/example_display_name.py
[2025-02-20T16:57:08.850+0000] {processor.py:914} INFO - Processing file /home/airflow/.local/lib/python3.12/site-packages/airflow/example_dags/example_display_name.py for tasks to queue
[2025-02-20T16:57:08.852+0000] {logging_mixin.py:190} INFO - [2025-02-20T16:57:08.852+0000] {dagbag.py:588} INFO - Filling up the DagBag from /home/airflow/.local/lib/python3.12/site-packages/airflow/example_dags/example_display_name.py
[2025-02-20T16:57:08.856+0000] {processor.py:925} INFO - DAG(s) 'example_display_name' retrieved from /home/airflow/.local/lib/python3.12/site-packages/airflow/example_dags/example_display_name.py
[2025-02-20T16:57:08.873+0000] {logging_mixin.py:190} INFO - [2025-02-20T16:57:08.873+0000] {dag.py:3239} INFO - Sync 1 DAGs
[2025-02-20T16:57:08.879+0000] {logging_mixin.py:190} INFO - [2025-02-20T16:57:08.879+0000] {dag.py:4180} INFO - Setting next_dagrun for example_display_name to None, run_after=None
[2025-02-20T16:57:08.889+0000] {processor.py:208} INFO - Processing /home/airflow/.local/lib/python3.12/site-packages/airflow/example_dags/example_display_name.py took 0.046 seconds
[2025-02-20T16:57:39.481+0000] {processor.py:186} INFO - Started process (PID=492) to work on /home/airflow/.local/lib/python3.12/site-packages/airflow/example_dags/example_display_name.py
[2025-02-20T16:57:39.483+0000] {processor.py:914} INFO - Processing file /home/airflow/.local/lib/python3.12/site-packages/airflow/example_dags/example_display_name.py for tasks to queue
[2025-02-20T16:57:39.485+0000] {logging_mixin.py:190} INFO - [2025-02-20T16:57:39.485+0000] {dagbag.py:588} INFO - Filling up the DagBag from /home/airflow/.local/lib/python3.12/site-packages/airflow/example_dags/example_display_name.py
[2025-02-20T16:57:39.491+0000] {processor.py:925} INFO - DAG(s) 'example_display_name' retrieved from /home/airflow/.local/lib/python3.12/site-packages/airflow/example_dags/example_display_name.py
[2025-02-20T16:57:39.504+0000] {logging_mixin.py:190} INFO - [2025-02-20T16:57:39.504+0000] {dag.py:3239} INFO - Sync 1 DAGs
[2025-02-20T16:57:39.512+0000] {logging_mixin.py:190} INFO - [2025-02-20T16:57:39.512+0000] {dag.py:4180} INFO - Setting next_dagrun for example_display_name to None, run_after=None
[2025-02-20T16:57:39.525+0000] {processor.py:208} INFO - Processing /home/airflow/.local/lib/python3.12/site-packages/airflow/example_dags/example_display_name.py took 0.050 seconds
[2025-02-20T16:58:10.234+0000] {processor.py:186} INFO - Started process (PID=554) to work on /home/airflow/.local/lib/python3.12/site-packages/airflow/example_dags/example_display_name.py
[2025-02-20T16:58:10.235+0000] {processor.py:914} INFO - Processing file /home/airflow/.local/lib/python3.12/site-packages/airflow/example_dags/example_display_name.py for tasks to queue
[2025-02-20T16:58:10.237+0000] {logging_mixin.py:190} INFO - [2025-02-20T16:58:10.237+0000] {dagbag.py:588} INFO - Filling up the DagBag from /home/airflow/.local/lib/python3.12/site-packages/airflow/example_dags/example_display_name.py
[2025-02-20T16:58:10.244+0000] {processor.py:925} INFO - DAG(s) 'example_display_name' retrieved from /home/airflow/.local/lib/python3.12/site-packages/airflow/example_dags/example_display_name.py
[2025-02-20T16:58:10.263+0000] {logging_mixin.py:190} INFO - [2025-02-20T16:58:10.263+0000] {dag.py:3239} INFO - Sync 1 DAGs
[2025-02-20T16:58:10.271+0000] {logging_mixin.py:190} INFO - [2025-02-20T16:58:10.271+0000] {dag.py:4180} INFO - Setting next_dagrun for example_display_name to None, run_after=None
[2025-02-20T16:58:10.284+0000] {processor.py:208} INFO - Processing /home/airflow/.local/lib/python3.12/site-packages/airflow/example_dags/example_display_name.py took 0.056 seconds
[2025-02-20T16:58:41.220+0000] {processor.py:186} INFO - Started process (PID=616) to work on /home/airflow/.local/lib/python3.12/site-packages/airflow/example_dags/example_display_name.py
[2025-02-20T16:58:41.221+0000] {processor.py:914} INFO - Processing file /home/airflow/.local/lib/python3.12/site-packages/airflow/example_dags/example_display_name.py for tasks to queue
[2025-02-20T16:58:41.223+0000] {logging_mixin.py:190} INFO - [2025-02-20T16:58:41.223+0000] {dagbag.py:588} INFO - Filling up the DagBag from /home/airflow/.local/lib/python3.12/site-packages/airflow/example_dags/example_display_name.py
[2025-02-20T16:58:41.227+0000] {processor.py:925} INFO - DAG(s) 'example_display_name' retrieved from /home/airflow/.local/lib/python3.12/site-packages/airflow/example_dags/example_display_name.py
[2025-02-20T16:58:41.250+0000] {logging_mixin.py:190} INFO - [2025-02-20T16:58:41.250+0000] {dag.py:3239} INFO - Sync 1 DAGs
[2025-02-20T16:58:41.263+0000] {logging_mixin.py:190} INFO - [2025-02-20T16:58:41.263+0000] {dag.py:4180} INFO - Setting next_dagrun for example_display_name to None, run_after=None
[2025-02-20T16:58:41.272+0000] {processor.py:208} INFO - Processing /home/airflow/.local/lib/python3.12/site-packages/airflow/example_dags/example_display_name.py took 0.057 seconds
[2025-02-20T16:59:12.186+0000] {processor.py:186} INFO - Started process (PID=678) to work on /home/airflow/.local/lib/python3.12/site-packages/airflow/example_dags/example_display_name.py
[2025-02-20T16:59:12.188+0000] {processor.py:914} INFO - Processing file /home/airflow/.local/lib/python3.12/site-packages/airflow/example_dags/example_display_name.py for tasks to queue
[2025-02-20T16:59:12.190+0000] {logging_mixin.py:190} INFO - [2025-02-20T16:59:12.190+0000] {dagbag.py:588} INFO - Filling up the DagBag from /home/airflow/.local/lib/python3.12/site-packages/airflow/example_dags/example_display_name.py
[2025-02-20T16:59:12.196+0000] {processor.py:925} INFO - DAG(s) 'example_display_name' retrieved from /home/airflow/.local/lib/python3.12/site-packages/airflow/example_dags/example_display_name.py
[2025-02-20T16:59:12.211+0000] {logging_mixin.py:190} INFO - [2025-02-20T16:59:12.211+0000] {dag.py:3239} INFO - Sync 1 DAGs
[2025-02-20T16:59:12.220+0000] {logging_mixin.py:190} INFO - [2025-02-20T16:59:12.220+0000] {dag.py:4180} INFO - Setting next_dagrun for example_display_name to None, run_after=None
[2025-02-20T16:59:12.230+0000] {processor.py:208} INFO - Processing /home/airflow/.local/lib/python3.12/site-packages/airflow/example_dags/example_display_name.py took 0.054 seconds
[2025-02-20T16:59:43.207+0000] {processor.py:186} INFO - Started process (PID=740) to work on /home/airflow/.local/lib/python3.12/site-packages/airflow/example_dags/example_display_name.py
[2025-02-20T16:59:43.212+0000] {processor.py:914} INFO - Processing file /home/airflow/.local/lib/python3.12/site-packages/airflow/example_dags/example_display_name.py for tasks to queue
[2025-02-20T16:59:43.213+0000] {logging_mixin.py:190} INFO - [2025-02-20T16:59:43.213+0000] {dagbag.py:588} INFO - Filling up the DagBag from /home/airflow/.local/lib/python3.12/site-packages/airflow/example_dags/example_display_name.py
[2025-02-20T16:59:43.223+0000] {processor.py:925} INFO - DAG(s) 'example_display_name' retrieved from /home/airflow/.local/lib/python3.12/site-packages/airflow/example_dags/example_display_name.py
[2025-02-20T16:59:43.243+0000] {logging_mixin.py:190} INFO - [2025-02-20T16:59:43.243+0000] {dag.py:3239} INFO - Sync 1 DAGs
[2025-02-20T16:59:43.251+0000] {logging_mixin.py:190} INFO - [2025-02-20T16:59:43.251+0000] {dag.py:4180} INFO - Setting next_dagrun for example_display_name to None, run_after=None
[2025-02-20T16:59:43.261+0000] {processor.py:208} INFO - Processing /home/airflow/.local/lib/python3.12/site-packages/airflow/example_dags/example_display_name.py took 0.066 seconds
[2025-02-20T17:00:13.737+0000] {processor.py:186} INFO - Started process (PID=802) to work on /home/airflow/.local/lib/python3.12/site-packages/airflow/example_dags/example_display_name.py
[2025-02-20T17:00:13.738+0000] {processor.py:914} INFO - Processing file /home/airflow/.local/lib/python3.12/site-packages/airflow/example_dags/example_display_name.py for tasks to queue
[2025-02-20T17:00:13.740+0000] {logging_mixin.py:190} INFO - [2025-02-20T17:00:13.739+0000] {dagbag.py:588} INFO - Filling up the DagBag from /home/airflow/.local/lib/python3.12/site-packages/airflow/example_dags/example_display_name.py
[2025-02-20T17:00:13.746+0000] {processor.py:925} INFO - DAG(s) 'example_display_name' retrieved from /home/airflow/.local/lib/python3.12/site-packages/airflow/example_dags/example_display_name.py
[2025-02-20T17:00:13.762+0000] {logging_mixin.py:190} INFO - [2025-02-20T17:00:13.761+0000] {dag.py:3239} INFO - Sync 1 DAGs
[2025-02-20T17:00:13.771+0000] {logging_mixin.py:190} INFO - [2025-02-20T17:00:13.771+0000] {dag.py:4180} INFO - Setting next_dagrun for example_display_name to None, run_after=None
[2025-02-20T17:00:13.785+0000] {processor.py:208} INFO - Processing /home/airflow/.local/lib/python3.12/site-packages/airflow/example_dags/example_display_name.py took 0.055 seconds
[2025-02-20T17:00:44.146+0000] {processor.py:186} INFO - Started process (PID=864) to work on /home/airflow/.local/lib/python3.12/site-packages/airflow/example_dags/example_display_name.py
[2025-02-20T17:00:44.147+0000] {processor.py:914} INFO - Processing file /home/airflow/.local/lib/python3.12/site-packages/airflow/example_dags/example_display_name.py for tasks to queue
[2025-02-20T17:00:44.149+0000] {logging_mixin.py:190} INFO - [2025-02-20T17:00:44.149+0000] {dagbag.py:588} INFO - Filling up the DagBag from /home/airflow/.local/lib/python3.12/site-packages/airflow/example_dags/example_display_name.py
[2025-02-20T17:00:44.154+0000] {processor.py:925} INFO - DAG(s) 'example_display_name' retrieved from /home/airflow/.local/lib/python3.12/site-packages/airflow/example_dags/example_display_name.py
[2025-02-20T17:00:44.168+0000] {logging_mixin.py:190} INFO - [2025-02-20T17:00:44.167+0000] {dag.py:3239} INFO - Sync 1 DAGs
[2025-02-20T17:00:44.174+0000] {logging_mixin.py:190} INFO - [2025-02-20T17:00:44.174+0000] {dag.py:4180} INFO - Setting next_dagrun for example_display_name to None, run_after=None
[2025-02-20T17:00:44.186+0000] {processor.py:208} INFO - Processing /home/airflow/.local/lib/python3.12/site-packages/airflow/example_dags/example_display_name.py took 0.045 seconds
[2025-02-20T17:01:15.043+0000] {processor.py:186} INFO - Started process (PID=926) to work on /home/airflow/.local/lib/python3.12/site-packages/airflow/example_dags/example_display_name.py
[2025-02-20T17:01:15.044+0000] {processor.py:914} INFO - Processing file /home/airflow/.local/lib/python3.12/site-packages/airflow/example_dags/example_display_name.py for tasks to queue
[2025-02-20T17:01:15.046+0000] {logging_mixin.py:190} INFO - [2025-02-20T17:01:15.046+0000] {dagbag.py:588} INFO - Filling up the DagBag from /home/airflow/.local/lib/python3.12/site-packages/airflow/example_dags/example_display_name.py
[2025-02-20T17:01:15.051+0000] {processor.py:925} INFO - DAG(s) 'example_display_name' retrieved from /home/airflow/.local/lib/python3.12/site-packages/airflow/example_dags/example_display_name.py
[2025-02-20T17:01:15.065+0000] {logging_mixin.py:190} INFO - [2025-02-20T17:01:15.065+0000] {dag.py:3239} INFO - Sync 1 DAGs
[2025-02-20T17:01:15.073+0000] {logging_mixin.py:190} INFO - [2025-02-20T17:01:15.073+0000] {dag.py:4180} INFO - Setting next_dagrun for example_display_name to None, run_after=None
[2025-02-20T17:01:15.086+0000] {processor.py:208} INFO - Processing /home/airflow/.local/lib/python3.12/site-packages/airflow/example_dags/example_display_name.py took 0.047 seconds
