[2025-02-20T00:02:03.237+0000] {processor.py:186} INFO - Started process (PID=8257) to work on /home/airflow/.local/lib/python3.12/site-packages/airflow/example_dags/example_nested_branch_dag.py
[2025-02-20T00:02:03.238+0000] {processor.py:914} INFO - Processing file /home/airflow/.local/lib/python3.12/site-packages/airflow/example_dags/example_nested_branch_dag.py for tasks to queue
[2025-02-20T00:02:03.240+0000] {logging_mixin.py:190} INFO - [2025-02-20T00:02:03.239+0000] {dagbag.py:588} INFO - Filling up the DagBag from /home/airflow/.local/lib/python3.12/site-packages/airflow/example_dags/example_nested_branch_dag.py
[2025-02-20T00:02:03.247+0000] {processor.py:925} INFO - DAG(s) 'example_nested_branch_dag' retrieved from /home/airflow/.local/lib/python3.12/site-packages/airflow/example_dags/example_nested_branch_dag.py
[2025-02-20T00:02:03.263+0000] {logging_mixin.py:190} INFO - [2025-02-20T00:02:03.263+0000] {dag.py:3239} INFO - Sync 1 DAGs
[2025-02-20T00:02:03.277+0000] {logging_mixin.py:190} INFO - [2025-02-20T00:02:03.277+0000] {dag.py:4180} INFO - Setting next_dagrun for example_nested_branch_dag to 2025-02-19 00:00:00+00:00, run_after=2025-02-20 00:00:00+00:00
[2025-02-20T00:02:03.290+0000] {processor.py:208} INFO - Processing /home/airflow/.local/lib/python3.12/site-packages/airflow/example_dags/example_nested_branch_dag.py took 0.058 seconds
[2025-02-20T01:13:16.310+0000] {processor.py:186} INFO - Started process (PID=8319) to work on /home/airflow/.local/lib/python3.12/site-packages/airflow/example_dags/example_nested_branch_dag.py
[2025-02-20T01:13:16.311+0000] {processor.py:914} INFO - Processing file /home/airflow/.local/lib/python3.12/site-packages/airflow/example_dags/example_nested_branch_dag.py for tasks to queue
[2025-02-20T01:13:16.313+0000] {logging_mixin.py:190} INFO - [2025-02-20T01:13:16.313+0000] {dagbag.py:588} INFO - Filling up the DagBag from /home/airflow/.local/lib/python3.12/site-packages/airflow/example_dags/example_nested_branch_dag.py
[2025-02-20T01:13:16.321+0000] {processor.py:925} INFO - DAG(s) 'example_nested_branch_dag' retrieved from /home/airflow/.local/lib/python3.12/site-packages/airflow/example_dags/example_nested_branch_dag.py
[2025-02-20T01:13:16.332+0000] {logging_mixin.py:190} INFO - [2025-02-20T01:13:16.332+0000] {dag.py:3239} INFO - Sync 1 DAGs
[2025-02-20T01:13:16.345+0000] {logging_mixin.py:190} INFO - [2025-02-20T01:13:16.345+0000] {dag.py:4180} INFO - Setting next_dagrun for example_nested_branch_dag to 2025-02-19 00:00:00+00:00, run_after=2025-02-20 00:00:00+00:00
[2025-02-20T01:13:16.356+0000] {processor.py:208} INFO - Processing /home/airflow/.local/lib/python3.12/site-packages/airflow/example_dags/example_nested_branch_dag.py took 0.054 seconds
[2025-02-20T02:53:22.916+0000] {processor.py:186} INFO - Started process (PID=8381) to work on /home/airflow/.local/lib/python3.12/site-packages/airflow/example_dags/example_nested_branch_dag.py
[2025-02-20T02:53:22.917+0000] {processor.py:914} INFO - Processing file /home/airflow/.local/lib/python3.12/site-packages/airflow/example_dags/example_nested_branch_dag.py for tasks to queue
[2025-02-20T02:53:22.918+0000] {logging_mixin.py:190} INFO - [2025-02-20T02:53:22.918+0000] {dagbag.py:588} INFO - Filling up the DagBag from /home/airflow/.local/lib/python3.12/site-packages/airflow/example_dags/example_nested_branch_dag.py
[2025-02-20T02:53:22.927+0000] {processor.py:925} INFO - DAG(s) 'example_nested_branch_dag' retrieved from /home/airflow/.local/lib/python3.12/site-packages/airflow/example_dags/example_nested_branch_dag.py
[2025-02-20T02:53:22.944+0000] {logging_mixin.py:190} INFO - [2025-02-20T02:53:22.944+0000] {dag.py:3239} INFO - Sync 1 DAGs
[2025-02-20T02:53:22.961+0000] {logging_mixin.py:190} INFO - [2025-02-20T02:53:22.961+0000] {dag.py:4180} INFO - Setting next_dagrun for example_nested_branch_dag to 2025-02-19 00:00:00+00:00, run_after=2025-02-20 00:00:00+00:00
[2025-02-20T02:53:22.976+0000] {processor.py:208} INFO - Processing /home/airflow/.local/lib/python3.12/site-packages/airflow/example_dags/example_nested_branch_dag.py took 0.065 seconds
[2025-02-20T03:57:08.513+0000] {processor.py:186} INFO - Started process (PID=8443) to work on /home/airflow/.local/lib/python3.12/site-packages/airflow/example_dags/example_nested_branch_dag.py
[2025-02-20T03:57:08.514+0000] {processor.py:914} INFO - Processing file /home/airflow/.local/lib/python3.12/site-packages/airflow/example_dags/example_nested_branch_dag.py for tasks to queue
[2025-02-20T03:57:08.515+0000] {logging_mixin.py:190} INFO - [2025-02-20T03:57:08.515+0000] {dagbag.py:588} INFO - Filling up the DagBag from /home/airflow/.local/lib/python3.12/site-packages/airflow/example_dags/example_nested_branch_dag.py
[2025-02-20T03:57:08.522+0000] {processor.py:925} INFO - DAG(s) 'example_nested_branch_dag' retrieved from /home/airflow/.local/lib/python3.12/site-packages/airflow/example_dags/example_nested_branch_dag.py
[2025-02-20T03:57:08.532+0000] {logging_mixin.py:190} INFO - [2025-02-20T03:57:08.532+0000] {dag.py:3239} INFO - Sync 1 DAGs
[2025-02-20T03:57:08.543+0000] {logging_mixin.py:190} INFO - [2025-02-20T03:57:08.543+0000] {dag.py:4180} INFO - Setting next_dagrun for example_nested_branch_dag to 2025-02-19 00:00:00+00:00, run_after=2025-02-20 00:00:00+00:00
[2025-02-20T03:57:08.550+0000] {processor.py:208} INFO - Processing /home/airflow/.local/lib/python3.12/site-packages/airflow/example_dags/example_nested_branch_dag.py took 0.041 seconds
[2025-02-20T05:04:25.065+0000] {processor.py:186} INFO - Started process (PID=8505) to work on /home/airflow/.local/lib/python3.12/site-packages/airflow/example_dags/example_nested_branch_dag.py
[2025-02-20T05:04:25.066+0000] {processor.py:914} INFO - Processing file /home/airflow/.local/lib/python3.12/site-packages/airflow/example_dags/example_nested_branch_dag.py for tasks to queue
[2025-02-20T05:04:25.067+0000] {logging_mixin.py:190} INFO - [2025-02-20T05:04:25.067+0000] {dagbag.py:588} INFO - Filling up the DagBag from /home/airflow/.local/lib/python3.12/site-packages/airflow/example_dags/example_nested_branch_dag.py
[2025-02-20T05:04:25.076+0000] {processor.py:925} INFO - DAG(s) 'example_nested_branch_dag' retrieved from /home/airflow/.local/lib/python3.12/site-packages/airflow/example_dags/example_nested_branch_dag.py
[2025-02-20T05:04:25.093+0000] {logging_mixin.py:190} INFO - [2025-02-20T05:04:25.092+0000] {dag.py:3239} INFO - Sync 1 DAGs
[2025-02-20T05:04:25.118+0000] {logging_mixin.py:190} INFO - [2025-02-20T05:04:25.118+0000] {dag.py:4180} INFO - Setting next_dagrun for example_nested_branch_dag to 2025-02-19 00:00:00+00:00, run_after=2025-02-20 00:00:00+00:00
[2025-02-20T05:04:25.131+0000] {processor.py:208} INFO - Processing /home/airflow/.local/lib/python3.12/site-packages/airflow/example_dags/example_nested_branch_dag.py took 0.080 seconds
[2025-02-20T06:14:38.466+0000] {processor.py:186} INFO - Started process (PID=8567) to work on /home/airflow/.local/lib/python3.12/site-packages/airflow/example_dags/example_nested_branch_dag.py
[2025-02-20T06:14:38.468+0000] {processor.py:914} INFO - Processing file /home/airflow/.local/lib/python3.12/site-packages/airflow/example_dags/example_nested_branch_dag.py for tasks to queue
[2025-02-20T06:14:38.471+0000] {logging_mixin.py:190} INFO - [2025-02-20T06:14:38.471+0000] {dagbag.py:588} INFO - Filling up the DagBag from /home/airflow/.local/lib/python3.12/site-packages/airflow/example_dags/example_nested_branch_dag.py
[2025-02-20T06:14:38.484+0000] {processor.py:925} INFO - DAG(s) 'example_nested_branch_dag' retrieved from /home/airflow/.local/lib/python3.12/site-packages/airflow/example_dags/example_nested_branch_dag.py
[2025-02-20T06:14:38.533+0000] {logging_mixin.py:190} INFO - [2025-02-20T06:14:38.532+0000] {dag.py:3239} INFO - Sync 1 DAGs
[2025-02-20T06:14:38.638+0000] {logging_mixin.py:190} INFO - [2025-02-20T06:14:38.635+0000] {dag.py:4180} INFO - Setting next_dagrun for example_nested_branch_dag to 2025-02-19 00:00:00+00:00, run_after=2025-02-20 00:00:00+00:00
[2025-02-20T06:14:38.737+0000] {processor.py:208} INFO - Processing /home/airflow/.local/lib/python3.12/site-packages/airflow/example_dags/example_nested_branch_dag.py took 0.278 seconds
[2025-02-20T07:34:11.979+0000] {processor.py:186} INFO - Started process (PID=8629) to work on /home/airflow/.local/lib/python3.12/site-packages/airflow/example_dags/example_nested_branch_dag.py
[2025-02-20T07:34:11.980+0000] {processor.py:914} INFO - Processing file /home/airflow/.local/lib/python3.12/site-packages/airflow/example_dags/example_nested_branch_dag.py for tasks to queue
[2025-02-20T07:34:11.984+0000] {logging_mixin.py:190} INFO - [2025-02-20T07:34:11.983+0000] {dagbag.py:588} INFO - Filling up the DagBag from /home/airflow/.local/lib/python3.12/site-packages/airflow/example_dags/example_nested_branch_dag.py
[2025-02-20T07:34:11.998+0000] {processor.py:925} INFO - DAG(s) 'example_nested_branch_dag' retrieved from /home/airflow/.local/lib/python3.12/site-packages/airflow/example_dags/example_nested_branch_dag.py
[2025-02-20T07:34:12.013+0000] {logging_mixin.py:190} INFO - [2025-02-20T07:34:12.013+0000] {dag.py:3239} INFO - Sync 1 DAGs
[2025-02-20T07:34:12.026+0000] {logging_mixin.py:190} INFO - [2025-02-20T07:34:12.026+0000] {dag.py:4180} INFO - Setting next_dagrun for example_nested_branch_dag to 2025-02-19 00:00:00+00:00, run_after=2025-02-20 00:00:00+00:00
[2025-02-20T07:34:12.040+0000] {processor.py:208} INFO - Processing /home/airflow/.local/lib/python3.12/site-packages/airflow/example_dags/example_nested_branch_dag.py took 0.069 seconds
[2025-02-20T07:43:51.260+0000] {processor.py:186} INFO - Started process (PID=8691) to work on /home/airflow/.local/lib/python3.12/site-packages/airflow/example_dags/example_nested_branch_dag.py
[2025-02-20T07:43:51.261+0000] {processor.py:914} INFO - Processing file /home/airflow/.local/lib/python3.12/site-packages/airflow/example_dags/example_nested_branch_dag.py for tasks to queue
[2025-02-20T07:43:51.263+0000] {logging_mixin.py:190} INFO - [2025-02-20T07:43:51.263+0000] {dagbag.py:588} INFO - Filling up the DagBag from /home/airflow/.local/lib/python3.12/site-packages/airflow/example_dags/example_nested_branch_dag.py
[2025-02-20T07:43:51.270+0000] {processor.py:925} INFO - DAG(s) 'example_nested_branch_dag' retrieved from /home/airflow/.local/lib/python3.12/site-packages/airflow/example_dags/example_nested_branch_dag.py
[2025-02-20T07:43:51.284+0000] {logging_mixin.py:190} INFO - [2025-02-20T07:43:51.284+0000] {dag.py:3239} INFO - Sync 1 DAGs
[2025-02-20T07:43:51.294+0000] {logging_mixin.py:190} INFO - [2025-02-20T07:43:51.294+0000] {dag.py:4180} INFO - Setting next_dagrun for example_nested_branch_dag to 2025-02-19 00:00:00+00:00, run_after=2025-02-20 00:00:00+00:00
[2025-02-20T07:43:51.302+0000] {processor.py:208} INFO - Processing /home/airflow/.local/lib/python3.12/site-packages/airflow/example_dags/example_nested_branch_dag.py took 0.051 seconds
[2025-02-20T08:25:38.368+0000] {processor.py:186} INFO - Started process (PID=8753) to work on /home/airflow/.local/lib/python3.12/site-packages/airflow/example_dags/example_nested_branch_dag.py
[2025-02-20T08:25:38.373+0000] {processor.py:914} INFO - Processing file /home/airflow/.local/lib/python3.12/site-packages/airflow/example_dags/example_nested_branch_dag.py for tasks to queue
[2025-02-20T08:25:38.377+0000] {logging_mixin.py:190} INFO - [2025-02-20T08:25:38.376+0000] {dagbag.py:588} INFO - Filling up the DagBag from /home/airflow/.local/lib/python3.12/site-packages/airflow/example_dags/example_nested_branch_dag.py
[2025-02-20T08:25:38.389+0000] {processor.py:925} INFO - DAG(s) 'example_nested_branch_dag' retrieved from /home/airflow/.local/lib/python3.12/site-packages/airflow/example_dags/example_nested_branch_dag.py
[2025-02-20T08:25:38.411+0000] {logging_mixin.py:190} INFO - [2025-02-20T08:25:38.411+0000] {dag.py:3239} INFO - Sync 1 DAGs
[2025-02-20T08:25:38.428+0000] {logging_mixin.py:190} INFO - [2025-02-20T08:25:38.428+0000] {dag.py:4180} INFO - Setting next_dagrun for example_nested_branch_dag to 2025-02-19 00:00:00+00:00, run_after=2025-02-20 00:00:00+00:00
[2025-02-20T08:25:38.439+0000] {processor.py:208} INFO - Processing /home/airflow/.local/lib/python3.12/site-packages/airflow/example_dags/example_nested_branch_dag.py took 0.078 seconds
[2025-02-20T08:46:03.013+0000] {processor.py:186} INFO - Started process (PID=8815) to work on /home/airflow/.local/lib/python3.12/site-packages/airflow/example_dags/example_nested_branch_dag.py
[2025-02-20T08:46:03.014+0000] {processor.py:914} INFO - Processing file /home/airflow/.local/lib/python3.12/site-packages/airflow/example_dags/example_nested_branch_dag.py for tasks to queue
[2025-02-20T08:46:03.016+0000] {logging_mixin.py:190} INFO - [2025-02-20T08:46:03.016+0000] {dagbag.py:588} INFO - Filling up the DagBag from /home/airflow/.local/lib/python3.12/site-packages/airflow/example_dags/example_nested_branch_dag.py
[2025-02-20T08:46:03.024+0000] {processor.py:925} INFO - DAG(s) 'example_nested_branch_dag' retrieved from /home/airflow/.local/lib/python3.12/site-packages/airflow/example_dags/example_nested_branch_dag.py
[2025-02-20T08:46:03.039+0000] {logging_mixin.py:190} INFO - [2025-02-20T08:46:03.038+0000] {dag.py:3239} INFO - Sync 1 DAGs
[2025-02-20T08:46:03.053+0000] {logging_mixin.py:190} INFO - [2025-02-20T08:46:03.053+0000] {dag.py:4180} INFO - Setting next_dagrun for example_nested_branch_dag to 2025-02-19 00:00:00+00:00, run_after=2025-02-20 00:00:00+00:00
[2025-02-20T08:46:03.065+0000] {processor.py:208} INFO - Processing /home/airflow/.local/lib/python3.12/site-packages/airflow/example_dags/example_nested_branch_dag.py took 0.057 seconds
[2025-02-20T09:24:56.895+0000] {processor.py:186} INFO - Started process (PID=8877) to work on /home/airflow/.local/lib/python3.12/site-packages/airflow/example_dags/example_nested_branch_dag.py
[2025-02-20T09:24:56.897+0000] {processor.py:914} INFO - Processing file /home/airflow/.local/lib/python3.12/site-packages/airflow/example_dags/example_nested_branch_dag.py for tasks to queue
[2025-02-20T09:24:56.899+0000] {logging_mixin.py:190} INFO - [2025-02-20T09:24:56.899+0000] {dagbag.py:588} INFO - Filling up the DagBag from /home/airflow/.local/lib/python3.12/site-packages/airflow/example_dags/example_nested_branch_dag.py
[2025-02-20T09:24:56.907+0000] {processor.py:925} INFO - DAG(s) 'example_nested_branch_dag' retrieved from /home/airflow/.local/lib/python3.12/site-packages/airflow/example_dags/example_nested_branch_dag.py
[2025-02-20T09:24:56.925+0000] {logging_mixin.py:190} INFO - [2025-02-20T09:24:56.925+0000] {dag.py:3239} INFO - Sync 1 DAGs
[2025-02-20T09:24:56.942+0000] {logging_mixin.py:190} INFO - [2025-02-20T09:24:56.942+0000] {dag.py:4180} INFO - Setting next_dagrun for example_nested_branch_dag to 2025-02-19 00:00:00+00:00, run_after=2025-02-20 00:00:00+00:00
[2025-02-20T09:24:56.954+0000] {processor.py:208} INFO - Processing /home/airflow/.local/lib/python3.12/site-packages/airflow/example_dags/example_nested_branch_dag.py took 0.066 seconds
[2025-02-20T09:25:27.980+0000] {processor.py:186} INFO - Started process (PID=8939) to work on /home/airflow/.local/lib/python3.12/site-packages/airflow/example_dags/example_nested_branch_dag.py
[2025-02-20T09:25:27.981+0000] {processor.py:914} INFO - Processing file /home/airflow/.local/lib/python3.12/site-packages/airflow/example_dags/example_nested_branch_dag.py for tasks to queue
[2025-02-20T09:25:27.983+0000] {logging_mixin.py:190} INFO - [2025-02-20T09:25:27.982+0000] {dagbag.py:588} INFO - Filling up the DagBag from /home/airflow/.local/lib/python3.12/site-packages/airflow/example_dags/example_nested_branch_dag.py
[2025-02-20T09:25:27.999+0000] {processor.py:925} INFO - DAG(s) 'example_nested_branch_dag' retrieved from /home/airflow/.local/lib/python3.12/site-packages/airflow/example_dags/example_nested_branch_dag.py
[2025-02-20T09:25:28.028+0000] {logging_mixin.py:190} INFO - [2025-02-20T09:25:28.027+0000] {dag.py:3239} INFO - Sync 1 DAGs
[2025-02-20T09:25:28.062+0000] {logging_mixin.py:190} INFO - [2025-02-20T09:25:28.062+0000] {dag.py:4180} INFO - Setting next_dagrun for example_nested_branch_dag to 2025-02-19 00:00:00+00:00, run_after=2025-02-20 00:00:00+00:00
[2025-02-20T09:25:28.081+0000] {processor.py:208} INFO - Processing /home/airflow/.local/lib/python3.12/site-packages/airflow/example_dags/example_nested_branch_dag.py took 0.107 seconds
[2025-02-20T09:37:59.155+0000] {processor.py:186} INFO - Started process (PID=45) to work on /home/airflow/.local/lib/python3.12/site-packages/airflow/example_dags/example_nested_branch_dag.py
[2025-02-20T09:37:59.157+0000] {processor.py:914} INFO - Processing file /home/airflow/.local/lib/python3.12/site-packages/airflow/example_dags/example_nested_branch_dag.py for tasks to queue
[2025-02-20T09:37:59.160+0000] {logging_mixin.py:190} INFO - [2025-02-20T09:37:59.159+0000] {dagbag.py:588} INFO - Filling up the DagBag from /home/airflow/.local/lib/python3.12/site-packages/airflow/example_dags/example_nested_branch_dag.py
[2025-02-20T09:37:59.176+0000] {processor.py:925} INFO - DAG(s) 'example_nested_branch_dag' retrieved from /home/airflow/.local/lib/python3.12/site-packages/airflow/example_dags/example_nested_branch_dag.py
[2025-02-20T09:37:59.209+0000] {logging_mixin.py:190} INFO - [2025-02-20T09:37:59.209+0000] {dag.py:3239} INFO - Sync 1 DAGs
[2025-02-20T09:37:59.226+0000] {logging_mixin.py:190} INFO - [2025-02-20T09:37:59.226+0000] {dag.py:4180} INFO - Setting next_dagrun for example_nested_branch_dag to 2025-02-19 00:00:00+00:00, run_after=2025-02-20 00:00:00+00:00
[2025-02-20T09:37:59.240+0000] {processor.py:208} INFO - Processing /home/airflow/.local/lib/python3.12/site-packages/airflow/example_dags/example_nested_branch_dag.py took 0.095 seconds
[2025-02-20T09:38:30.198+0000] {processor.py:186} INFO - Started process (PID=107) to work on /home/airflow/.local/lib/python3.12/site-packages/airflow/example_dags/example_nested_branch_dag.py
[2025-02-20T09:38:30.200+0000] {processor.py:914} INFO - Processing file /home/airflow/.local/lib/python3.12/site-packages/airflow/example_dags/example_nested_branch_dag.py for tasks to queue
[2025-02-20T09:38:30.202+0000] {logging_mixin.py:190} INFO - [2025-02-20T09:38:30.202+0000] {dagbag.py:588} INFO - Filling up the DagBag from /home/airflow/.local/lib/python3.12/site-packages/airflow/example_dags/example_nested_branch_dag.py
[2025-02-20T09:38:30.211+0000] {processor.py:925} INFO - DAG(s) 'example_nested_branch_dag' retrieved from /home/airflow/.local/lib/python3.12/site-packages/airflow/example_dags/example_nested_branch_dag.py
[2025-02-20T09:38:30.228+0000] {logging_mixin.py:190} INFO - [2025-02-20T09:38:30.228+0000] {dag.py:3239} INFO - Sync 1 DAGs
[2025-02-20T09:38:30.246+0000] {logging_mixin.py:190} INFO - [2025-02-20T09:38:30.245+0000] {dag.py:4180} INFO - Setting next_dagrun for example_nested_branch_dag to 2025-02-19 00:00:00+00:00, run_after=2025-02-20 00:00:00+00:00
[2025-02-20T09:38:30.257+0000] {processor.py:208} INFO - Processing /home/airflow/.local/lib/python3.12/site-packages/airflow/example_dags/example_nested_branch_dag.py took 0.066 seconds
[2025-02-20T09:39:00.481+0000] {processor.py:186} INFO - Started process (PID=169) to work on /home/airflow/.local/lib/python3.12/site-packages/airflow/example_dags/example_nested_branch_dag.py
[2025-02-20T09:39:00.483+0000] {processor.py:914} INFO - Processing file /home/airflow/.local/lib/python3.12/site-packages/airflow/example_dags/example_nested_branch_dag.py for tasks to queue
[2025-02-20T09:39:00.485+0000] {logging_mixin.py:190} INFO - [2025-02-20T09:39:00.485+0000] {dagbag.py:588} INFO - Filling up the DagBag from /home/airflow/.local/lib/python3.12/site-packages/airflow/example_dags/example_nested_branch_dag.py
[2025-02-20T09:39:00.492+0000] {processor.py:925} INFO - DAG(s) 'example_nested_branch_dag' retrieved from /home/airflow/.local/lib/python3.12/site-packages/airflow/example_dags/example_nested_branch_dag.py
[2025-02-20T09:39:00.504+0000] {logging_mixin.py:190} INFO - [2025-02-20T09:39:00.504+0000] {dag.py:3239} INFO - Sync 1 DAGs
[2025-02-20T09:39:00.516+0000] {logging_mixin.py:190} INFO - [2025-02-20T09:39:00.516+0000] {dag.py:4180} INFO - Setting next_dagrun for example_nested_branch_dag to 2025-02-19 00:00:00+00:00, run_after=2025-02-20 00:00:00+00:00
[2025-02-20T09:39:00.524+0000] {processor.py:208} INFO - Processing /home/airflow/.local/lib/python3.12/site-packages/airflow/example_dags/example_nested_branch_dag.py took 0.050 seconds
[2025-02-20T09:39:31.476+0000] {processor.py:186} INFO - Started process (PID=231) to work on /home/airflow/.local/lib/python3.12/site-packages/airflow/example_dags/example_nested_branch_dag.py
[2025-02-20T09:39:31.477+0000] {processor.py:914} INFO - Processing file /home/airflow/.local/lib/python3.12/site-packages/airflow/example_dags/example_nested_branch_dag.py for tasks to queue
[2025-02-20T09:39:31.478+0000] {logging_mixin.py:190} INFO - [2025-02-20T09:39:31.478+0000] {dagbag.py:588} INFO - Filling up the DagBag from /home/airflow/.local/lib/python3.12/site-packages/airflow/example_dags/example_nested_branch_dag.py
[2025-02-20T09:39:31.487+0000] {processor.py:925} INFO - DAG(s) 'example_nested_branch_dag' retrieved from /home/airflow/.local/lib/python3.12/site-packages/airflow/example_dags/example_nested_branch_dag.py
[2025-02-20T09:39:31.504+0000] {logging_mixin.py:190} INFO - [2025-02-20T09:39:31.504+0000] {dag.py:3239} INFO - Sync 1 DAGs
[2025-02-20T09:39:31.520+0000] {logging_mixin.py:190} INFO - [2025-02-20T09:39:31.520+0000] {dag.py:4180} INFO - Setting next_dagrun for example_nested_branch_dag to 2025-02-19 00:00:00+00:00, run_after=2025-02-20 00:00:00+00:00
[2025-02-20T09:39:31.534+0000] {processor.py:208} INFO - Processing /home/airflow/.local/lib/python3.12/site-packages/airflow/example_dags/example_nested_branch_dag.py took 0.065 seconds
[2025-02-20T09:40:01.892+0000] {processor.py:186} INFO - Started process (PID=293) to work on /home/airflow/.local/lib/python3.12/site-packages/airflow/example_dags/example_nested_branch_dag.py
[2025-02-20T09:40:01.893+0000] {processor.py:914} INFO - Processing file /home/airflow/.local/lib/python3.12/site-packages/airflow/example_dags/example_nested_branch_dag.py for tasks to queue
[2025-02-20T09:40:01.894+0000] {logging_mixin.py:190} INFO - [2025-02-20T09:40:01.894+0000] {dagbag.py:588} INFO - Filling up the DagBag from /home/airflow/.local/lib/python3.12/site-packages/airflow/example_dags/example_nested_branch_dag.py
[2025-02-20T09:40:01.902+0000] {processor.py:925} INFO - DAG(s) 'example_nested_branch_dag' retrieved from /home/airflow/.local/lib/python3.12/site-packages/airflow/example_dags/example_nested_branch_dag.py
[2025-02-20T09:40:01.920+0000] {logging_mixin.py:190} INFO - [2025-02-20T09:40:01.919+0000] {dag.py:3239} INFO - Sync 1 DAGs
[2025-02-20T09:40:01.942+0000] {logging_mixin.py:190} INFO - [2025-02-20T09:40:01.942+0000] {dag.py:4180} INFO - Setting next_dagrun for example_nested_branch_dag to 2025-02-19 00:00:00+00:00, run_after=2025-02-20 00:00:00+00:00
[2025-02-20T09:40:01.953+0000] {processor.py:208} INFO - Processing /home/airflow/.local/lib/python3.12/site-packages/airflow/example_dags/example_nested_branch_dag.py took 0.074 seconds
[2025-02-20T09:40:32.831+0000] {processor.py:186} INFO - Started process (PID=355) to work on /home/airflow/.local/lib/python3.12/site-packages/airflow/example_dags/example_nested_branch_dag.py
[2025-02-20T09:40:32.832+0000] {processor.py:914} INFO - Processing file /home/airflow/.local/lib/python3.12/site-packages/airflow/example_dags/example_nested_branch_dag.py for tasks to queue
[2025-02-20T09:40:32.833+0000] {logging_mixin.py:190} INFO - [2025-02-20T09:40:32.833+0000] {dagbag.py:588} INFO - Filling up the DagBag from /home/airflow/.local/lib/python3.12/site-packages/airflow/example_dags/example_nested_branch_dag.py
[2025-02-20T09:40:32.841+0000] {processor.py:925} INFO - DAG(s) 'example_nested_branch_dag' retrieved from /home/airflow/.local/lib/python3.12/site-packages/airflow/example_dags/example_nested_branch_dag.py
[2025-02-20T09:40:32.856+0000] {logging_mixin.py:190} INFO - [2025-02-20T09:40:32.856+0000] {dag.py:3239} INFO - Sync 1 DAGs
[2025-02-20T09:40:32.873+0000] {logging_mixin.py:190} INFO - [2025-02-20T09:40:32.873+0000] {dag.py:4180} INFO - Setting next_dagrun for example_nested_branch_dag to 2025-02-19 00:00:00+00:00, run_after=2025-02-20 00:00:00+00:00
[2025-02-20T09:40:32.889+0000] {processor.py:208} INFO - Processing /home/airflow/.local/lib/python3.12/site-packages/airflow/example_dags/example_nested_branch_dag.py took 0.062 seconds
[2025-02-20T14:01:47.226+0000] {processor.py:186} INFO - Started process (PID=50) to work on /home/airflow/.local/lib/python3.12/site-packages/airflow/example_dags/example_nested_branch_dag.py
[2025-02-20T14:01:47.230+0000] {processor.py:914} INFO - Processing file /home/airflow/.local/lib/python3.12/site-packages/airflow/example_dags/example_nested_branch_dag.py for tasks to queue
[2025-02-20T14:01:47.233+0000] {logging_mixin.py:190} INFO - [2025-02-20T14:01:47.232+0000] {dagbag.py:588} INFO - Filling up the DagBag from /home/airflow/.local/lib/python3.12/site-packages/airflow/example_dags/example_nested_branch_dag.py
[2025-02-20T14:01:47.267+0000] {processor.py:925} INFO - DAG(s) 'example_nested_branch_dag' retrieved from /home/airflow/.local/lib/python3.12/site-packages/airflow/example_dags/example_nested_branch_dag.py
[2025-02-20T14:01:47.311+0000] {logging_mixin.py:190} INFO - [2025-02-20T14:01:47.310+0000] {dag.py:3239} INFO - Sync 1 DAGs
[2025-02-20T14:01:47.336+0000] {logging_mixin.py:190} INFO - [2025-02-20T14:01:47.335+0000] {dag.py:4180} INFO - Setting next_dagrun for example_nested_branch_dag to 2025-02-19 00:00:00+00:00, run_after=2025-02-20 00:00:00+00:00
[2025-02-20T14:01:47.361+0000] {processor.py:208} INFO - Processing /home/airflow/.local/lib/python3.12/site-packages/airflow/example_dags/example_nested_branch_dag.py took 0.145 seconds
[2025-02-20T14:02:20.049+0000] {processor.py:186} INFO - Started process (PID=117) to work on /home/airflow/.local/lib/python3.12/site-packages/airflow/example_dags/example_nested_branch_dag.py
[2025-02-20T14:02:20.051+0000] {processor.py:914} INFO - Processing file /home/airflow/.local/lib/python3.12/site-packages/airflow/example_dags/example_nested_branch_dag.py for tasks to queue
[2025-02-20T14:02:20.054+0000] {logging_mixin.py:190} INFO - [2025-02-20T14:02:20.053+0000] {dagbag.py:588} INFO - Filling up the DagBag from /home/airflow/.local/lib/python3.12/site-packages/airflow/example_dags/example_nested_branch_dag.py
[2025-02-20T14:02:20.068+0000] {processor.py:925} INFO - DAG(s) 'example_nested_branch_dag' retrieved from /home/airflow/.local/lib/python3.12/site-packages/airflow/example_dags/example_nested_branch_dag.py
[2025-02-20T14:02:20.086+0000] {logging_mixin.py:190} INFO - [2025-02-20T14:02:20.086+0000] {dag.py:3239} INFO - Sync 1 DAGs
[2025-02-20T14:02:20.103+0000] {logging_mixin.py:190} INFO - [2025-02-20T14:02:20.103+0000] {dag.py:4180} INFO - Setting next_dagrun for example_nested_branch_dag to 2025-02-19 00:00:00+00:00, run_after=2025-02-20 00:00:00+00:00
[2025-02-20T14:02:20.115+0000] {processor.py:208} INFO - Processing /home/airflow/.local/lib/python3.12/site-packages/airflow/example_dags/example_nested_branch_dag.py took 0.074 seconds
[2025-02-20T14:02:51.631+0000] {processor.py:186} INFO - Started process (PID=179) to work on /home/airflow/.local/lib/python3.12/site-packages/airflow/example_dags/example_nested_branch_dag.py
[2025-02-20T14:02:51.633+0000] {processor.py:914} INFO - Processing file /home/airflow/.local/lib/python3.12/site-packages/airflow/example_dags/example_nested_branch_dag.py for tasks to queue
[2025-02-20T14:02:51.634+0000] {logging_mixin.py:190} INFO - [2025-02-20T14:02:51.634+0000] {dagbag.py:588} INFO - Filling up the DagBag from /home/airflow/.local/lib/python3.12/site-packages/airflow/example_dags/example_nested_branch_dag.py
[2025-02-20T14:02:51.643+0000] {processor.py:925} INFO - DAG(s) 'example_nested_branch_dag' retrieved from /home/airflow/.local/lib/python3.12/site-packages/airflow/example_dags/example_nested_branch_dag.py
[2025-02-20T14:02:51.664+0000] {logging_mixin.py:190} INFO - [2025-02-20T14:02:51.663+0000] {dag.py:3239} INFO - Sync 1 DAGs
[2025-02-20T14:02:51.753+0000] {logging_mixin.py:190} INFO - [2025-02-20T14:02:51.753+0000] {dag.py:4180} INFO - Setting next_dagrun for example_nested_branch_dag to 2025-02-19 00:00:00+00:00, run_after=2025-02-20 00:00:00+00:00
[2025-02-20T14:02:51.797+0000] {processor.py:208} INFO - Processing /home/airflow/.local/lib/python3.12/site-packages/airflow/example_dags/example_nested_branch_dag.py took 0.172 seconds
[2025-02-20T14:03:23.090+0000] {processor.py:186} INFO - Started process (PID=241) to work on /home/airflow/.local/lib/python3.12/site-packages/airflow/example_dags/example_nested_branch_dag.py
[2025-02-20T14:03:23.091+0000] {processor.py:914} INFO - Processing file /home/airflow/.local/lib/python3.12/site-packages/airflow/example_dags/example_nested_branch_dag.py for tasks to queue
[2025-02-20T14:03:23.092+0000] {logging_mixin.py:190} INFO - [2025-02-20T14:03:23.092+0000] {dagbag.py:588} INFO - Filling up the DagBag from /home/airflow/.local/lib/python3.12/site-packages/airflow/example_dags/example_nested_branch_dag.py
[2025-02-20T14:03:23.098+0000] {processor.py:925} INFO - DAG(s) 'example_nested_branch_dag' retrieved from /home/airflow/.local/lib/python3.12/site-packages/airflow/example_dags/example_nested_branch_dag.py
[2025-02-20T14:03:23.112+0000] {logging_mixin.py:190} INFO - [2025-02-20T14:03:23.112+0000] {dag.py:3239} INFO - Sync 1 DAGs
[2025-02-20T14:03:23.126+0000] {logging_mixin.py:190} INFO - [2025-02-20T14:03:23.125+0000] {dag.py:4180} INFO - Setting next_dagrun for example_nested_branch_dag to 2025-02-19 00:00:00+00:00, run_after=2025-02-20 00:00:00+00:00
[2025-02-20T14:03:23.137+0000] {processor.py:208} INFO - Processing /home/airflow/.local/lib/python3.12/site-packages/airflow/example_dags/example_nested_branch_dag.py took 0.052 seconds
[2025-02-20T14:03:53.481+0000] {processor.py:186} INFO - Started process (PID=303) to work on /home/airflow/.local/lib/python3.12/site-packages/airflow/example_dags/example_nested_branch_dag.py
[2025-02-20T14:03:53.482+0000] {processor.py:914} INFO - Processing file /home/airflow/.local/lib/python3.12/site-packages/airflow/example_dags/example_nested_branch_dag.py for tasks to queue
[2025-02-20T14:03:53.483+0000] {logging_mixin.py:190} INFO - [2025-02-20T14:03:53.483+0000] {dagbag.py:588} INFO - Filling up the DagBag from /home/airflow/.local/lib/python3.12/site-packages/airflow/example_dags/example_nested_branch_dag.py
[2025-02-20T14:03:53.491+0000] {processor.py:925} INFO - DAG(s) 'example_nested_branch_dag' retrieved from /home/airflow/.local/lib/python3.12/site-packages/airflow/example_dags/example_nested_branch_dag.py
[2025-02-20T14:03:53.509+0000] {logging_mixin.py:190} INFO - [2025-02-20T14:03:53.509+0000] {dag.py:3239} INFO - Sync 1 DAGs
[2025-02-20T14:03:53.528+0000] {logging_mixin.py:190} INFO - [2025-02-20T14:03:53.528+0000] {dag.py:4180} INFO - Setting next_dagrun for example_nested_branch_dag to 2025-02-19 00:00:00+00:00, run_after=2025-02-20 00:00:00+00:00
[2025-02-20T14:03:53.541+0000] {processor.py:208} INFO - Processing /home/airflow/.local/lib/python3.12/site-packages/airflow/example_dags/example_nested_branch_dag.py took 0.066 seconds
[2025-02-20T14:04:24.591+0000] {processor.py:186} INFO - Started process (PID=365) to work on /home/airflow/.local/lib/python3.12/site-packages/airflow/example_dags/example_nested_branch_dag.py
[2025-02-20T14:04:24.592+0000] {processor.py:914} INFO - Processing file /home/airflow/.local/lib/python3.12/site-packages/airflow/example_dags/example_nested_branch_dag.py for tasks to queue
[2025-02-20T14:04:24.593+0000] {logging_mixin.py:190} INFO - [2025-02-20T14:04:24.593+0000] {dagbag.py:588} INFO - Filling up the DagBag from /home/airflow/.local/lib/python3.12/site-packages/airflow/example_dags/example_nested_branch_dag.py
[2025-02-20T14:04:24.598+0000] {processor.py:925} INFO - DAG(s) 'example_nested_branch_dag' retrieved from /home/airflow/.local/lib/python3.12/site-packages/airflow/example_dags/example_nested_branch_dag.py
[2025-02-20T14:04:24.609+0000] {logging_mixin.py:190} INFO - [2025-02-20T14:04:24.609+0000] {dag.py:3239} INFO - Sync 1 DAGs
[2025-02-20T14:04:24.620+0000] {logging_mixin.py:190} INFO - [2025-02-20T14:04:24.620+0000] {dag.py:4180} INFO - Setting next_dagrun for example_nested_branch_dag to 2025-02-19 00:00:00+00:00, run_after=2025-02-20 00:00:00+00:00
[2025-02-20T14:04:24.629+0000] {processor.py:208} INFO - Processing /home/airflow/.local/lib/python3.12/site-packages/airflow/example_dags/example_nested_branch_dag.py took 0.045 seconds
[2025-02-20T14:04:55.723+0000] {processor.py:186} INFO - Started process (PID=427) to work on /home/airflow/.local/lib/python3.12/site-packages/airflow/example_dags/example_nested_branch_dag.py
[2025-02-20T14:04:55.726+0000] {processor.py:914} INFO - Processing file /home/airflow/.local/lib/python3.12/site-packages/airflow/example_dags/example_nested_branch_dag.py for tasks to queue
[2025-02-20T14:04:55.728+0000] {logging_mixin.py:190} INFO - [2025-02-20T14:04:55.728+0000] {dagbag.py:588} INFO - Filling up the DagBag from /home/airflow/.local/lib/python3.12/site-packages/airflow/example_dags/example_nested_branch_dag.py
[2025-02-20T14:04:55.736+0000] {processor.py:925} INFO - DAG(s) 'example_nested_branch_dag' retrieved from /home/airflow/.local/lib/python3.12/site-packages/airflow/example_dags/example_nested_branch_dag.py
[2025-02-20T14:04:55.754+0000] {logging_mixin.py:190} INFO - [2025-02-20T14:04:55.753+0000] {dag.py:3239} INFO - Sync 1 DAGs
[2025-02-20T14:04:55.769+0000] {logging_mixin.py:190} INFO - [2025-02-20T14:04:55.769+0000] {dag.py:4180} INFO - Setting next_dagrun for example_nested_branch_dag to 2025-02-19 00:00:00+00:00, run_after=2025-02-20 00:00:00+00:00
[2025-02-20T14:04:55.781+0000] {processor.py:208} INFO - Processing /home/airflow/.local/lib/python3.12/site-packages/airflow/example_dags/example_nested_branch_dag.py took 0.067 seconds
[2025-02-20T14:05:26.849+0000] {processor.py:186} INFO - Started process (PID=489) to work on /home/airflow/.local/lib/python3.12/site-packages/airflow/example_dags/example_nested_branch_dag.py
[2025-02-20T14:05:26.849+0000] {processor.py:914} INFO - Processing file /home/airflow/.local/lib/python3.12/site-packages/airflow/example_dags/example_nested_branch_dag.py for tasks to queue
[2025-02-20T14:05:26.851+0000] {logging_mixin.py:190} INFO - [2025-02-20T14:05:26.850+0000] {dagbag.py:588} INFO - Filling up the DagBag from /home/airflow/.local/lib/python3.12/site-packages/airflow/example_dags/example_nested_branch_dag.py
[2025-02-20T14:05:26.857+0000] {processor.py:925} INFO - DAG(s) 'example_nested_branch_dag' retrieved from /home/airflow/.local/lib/python3.12/site-packages/airflow/example_dags/example_nested_branch_dag.py
[2025-02-20T14:05:26.872+0000] {logging_mixin.py:190} INFO - [2025-02-20T14:05:26.871+0000] {dag.py:3239} INFO - Sync 1 DAGs
[2025-02-20T14:05:26.888+0000] {logging_mixin.py:190} INFO - [2025-02-20T14:05:26.888+0000] {dag.py:4180} INFO - Setting next_dagrun for example_nested_branch_dag to 2025-02-19 00:00:00+00:00, run_after=2025-02-20 00:00:00+00:00
[2025-02-20T14:05:26.906+0000] {processor.py:208} INFO - Processing /home/airflow/.local/lib/python3.12/site-packages/airflow/example_dags/example_nested_branch_dag.py took 0.062 seconds
[2025-02-20T16:54:03.778+0000] {processor.py:186} INFO - Started process (PID=51) to work on /home/airflow/.local/lib/python3.12/site-packages/airflow/example_dags/example_nested_branch_dag.py
[2025-02-20T16:54:03.780+0000] {processor.py:914} INFO - Processing file /home/airflow/.local/lib/python3.12/site-packages/airflow/example_dags/example_nested_branch_dag.py for tasks to queue
[2025-02-20T16:54:03.787+0000] {logging_mixin.py:190} INFO - [2025-02-20T16:54:03.787+0000] {dagbag.py:588} INFO - Filling up the DagBag from /home/airflow/.local/lib/python3.12/site-packages/airflow/example_dags/example_nested_branch_dag.py
[2025-02-20T16:54:03.809+0000] {processor.py:925} INFO - DAG(s) 'example_nested_branch_dag' retrieved from /home/airflow/.local/lib/python3.12/site-packages/airflow/example_dags/example_nested_branch_dag.py
[2025-02-20T16:54:03.866+0000] {logging_mixin.py:190} INFO - [2025-02-20T16:54:03.866+0000] {dag.py:3239} INFO - Sync 1 DAGs
[2025-02-20T16:54:03.912+0000] {logging_mixin.py:190} INFO - [2025-02-20T16:54:03.912+0000] {dag.py:4180} INFO - Setting next_dagrun for example_nested_branch_dag to 2025-02-19 00:00:00+00:00, run_after=2025-02-20 00:00:00+00:00
[2025-02-20T16:54:03.948+0000] {processor.py:208} INFO - Processing /home/airflow/.local/lib/python3.12/site-packages/airflow/example_dags/example_nested_branch_dag.py took 0.175 seconds
[2025-02-20T16:54:34.736+0000] {processor.py:186} INFO - Started process (PID=113) to work on /home/airflow/.local/lib/python3.12/site-packages/airflow/example_dags/example_nested_branch_dag.py
[2025-02-20T16:54:34.737+0000] {processor.py:914} INFO - Processing file /home/airflow/.local/lib/python3.12/site-packages/airflow/example_dags/example_nested_branch_dag.py for tasks to queue
[2025-02-20T16:54:34.740+0000] {logging_mixin.py:190} INFO - [2025-02-20T16:54:34.740+0000] {dagbag.py:588} INFO - Filling up the DagBag from /home/airflow/.local/lib/python3.12/site-packages/airflow/example_dags/example_nested_branch_dag.py
[2025-02-20T16:54:34.748+0000] {processor.py:925} INFO - DAG(s) 'example_nested_branch_dag' retrieved from /home/airflow/.local/lib/python3.12/site-packages/airflow/example_dags/example_nested_branch_dag.py
[2025-02-20T16:54:34.765+0000] {logging_mixin.py:190} INFO - [2025-02-20T16:54:34.765+0000] {dag.py:3239} INFO - Sync 1 DAGs
[2025-02-20T16:54:34.779+0000] {logging_mixin.py:190} INFO - [2025-02-20T16:54:34.779+0000] {dag.py:4180} INFO - Setting next_dagrun for example_nested_branch_dag to 2025-02-19 00:00:00+00:00, run_after=2025-02-20 00:00:00+00:00
[2025-02-20T16:54:34.791+0000] {processor.py:208} INFO - Processing /home/airflow/.local/lib/python3.12/site-packages/airflow/example_dags/example_nested_branch_dag.py took 0.059 seconds
[2025-02-20T16:55:05.906+0000] {processor.py:186} INFO - Started process (PID=175) to work on /home/airflow/.local/lib/python3.12/site-packages/airflow/example_dags/example_nested_branch_dag.py
[2025-02-20T16:55:05.908+0000] {processor.py:914} INFO - Processing file /home/airflow/.local/lib/python3.12/site-packages/airflow/example_dags/example_nested_branch_dag.py for tasks to queue
[2025-02-20T16:55:05.910+0000] {logging_mixin.py:190} INFO - [2025-02-20T16:55:05.910+0000] {dagbag.py:588} INFO - Filling up the DagBag from /home/airflow/.local/lib/python3.12/site-packages/airflow/example_dags/example_nested_branch_dag.py
[2025-02-20T16:55:05.924+0000] {processor.py:925} INFO - DAG(s) 'example_nested_branch_dag' retrieved from /home/airflow/.local/lib/python3.12/site-packages/airflow/example_dags/example_nested_branch_dag.py
[2025-02-20T16:55:05.946+0000] {logging_mixin.py:190} INFO - [2025-02-20T16:55:05.946+0000] {dag.py:3239} INFO - Sync 1 DAGs
[2025-02-20T16:55:05.967+0000] {logging_mixin.py:190} INFO - [2025-02-20T16:55:05.967+0000] {dag.py:4180} INFO - Setting next_dagrun for example_nested_branch_dag to 2025-02-19 00:00:00+00:00, run_after=2025-02-20 00:00:00+00:00
[2025-02-20T16:55:05.984+0000] {processor.py:208} INFO - Processing /home/airflow/.local/lib/python3.12/site-packages/airflow/example_dags/example_nested_branch_dag.py took 0.088 seconds
[2025-02-20T16:55:36.837+0000] {processor.py:186} INFO - Started process (PID=237) to work on /home/airflow/.local/lib/python3.12/site-packages/airflow/example_dags/example_nested_branch_dag.py
[2025-02-20T16:55:36.839+0000] {processor.py:914} INFO - Processing file /home/airflow/.local/lib/python3.12/site-packages/airflow/example_dags/example_nested_branch_dag.py for tasks to queue
[2025-02-20T16:55:36.841+0000] {logging_mixin.py:190} INFO - [2025-02-20T16:55:36.841+0000] {dagbag.py:588} INFO - Filling up the DagBag from /home/airflow/.local/lib/python3.12/site-packages/airflow/example_dags/example_nested_branch_dag.py
[2025-02-20T16:55:36.848+0000] {processor.py:925} INFO - DAG(s) 'example_nested_branch_dag' retrieved from /home/airflow/.local/lib/python3.12/site-packages/airflow/example_dags/example_nested_branch_dag.py
[2025-02-20T16:55:36.862+0000] {logging_mixin.py:190} INFO - [2025-02-20T16:55:36.862+0000] {dag.py:3239} INFO - Sync 1 DAGs
[2025-02-20T16:55:36.877+0000] {logging_mixin.py:190} INFO - [2025-02-20T16:55:36.877+0000] {dag.py:4180} INFO - Setting next_dagrun for example_nested_branch_dag to 2025-02-19 00:00:00+00:00, run_after=2025-02-20 00:00:00+00:00
[2025-02-20T16:55:36.894+0000] {processor.py:208} INFO - Processing /home/airflow/.local/lib/python3.12/site-packages/airflow/example_dags/example_nested_branch_dag.py took 0.062 seconds
[2025-02-20T16:56:07.279+0000] {processor.py:186} INFO - Started process (PID=299) to work on /home/airflow/.local/lib/python3.12/site-packages/airflow/example_dags/example_nested_branch_dag.py
[2025-02-20T16:56:07.280+0000] {processor.py:914} INFO - Processing file /home/airflow/.local/lib/python3.12/site-packages/airflow/example_dags/example_nested_branch_dag.py for tasks to queue
[2025-02-20T16:56:07.281+0000] {logging_mixin.py:190} INFO - [2025-02-20T16:56:07.281+0000] {dagbag.py:588} INFO - Filling up the DagBag from /home/airflow/.local/lib/python3.12/site-packages/airflow/example_dags/example_nested_branch_dag.py
[2025-02-20T16:56:07.287+0000] {processor.py:925} INFO - DAG(s) 'example_nested_branch_dag' retrieved from /home/airflow/.local/lib/python3.12/site-packages/airflow/example_dags/example_nested_branch_dag.py
[2025-02-20T16:56:07.304+0000] {logging_mixin.py:190} INFO - [2025-02-20T16:56:07.304+0000] {dag.py:3239} INFO - Sync 1 DAGs
[2025-02-20T16:56:07.320+0000] {logging_mixin.py:190} INFO - [2025-02-20T16:56:07.320+0000] {dag.py:4180} INFO - Setting next_dagrun for example_nested_branch_dag to 2025-02-19 00:00:00+00:00, run_after=2025-02-20 00:00:00+00:00
[2025-02-20T16:56:07.335+0000] {processor.py:208} INFO - Processing /home/airflow/.local/lib/python3.12/site-packages/airflow/example_dags/example_nested_branch_dag.py took 0.060 seconds
[2025-02-20T16:56:38.279+0000] {processor.py:186} INFO - Started process (PID=361) to work on /home/airflow/.local/lib/python3.12/site-packages/airflow/example_dags/example_nested_branch_dag.py
[2025-02-20T16:56:38.280+0000] {processor.py:914} INFO - Processing file /home/airflow/.local/lib/python3.12/site-packages/airflow/example_dags/example_nested_branch_dag.py for tasks to queue
[2025-02-20T16:56:38.281+0000] {logging_mixin.py:190} INFO - [2025-02-20T16:56:38.281+0000] {dagbag.py:588} INFO - Filling up the DagBag from /home/airflow/.local/lib/python3.12/site-packages/airflow/example_dags/example_nested_branch_dag.py
[2025-02-20T16:56:38.288+0000] {processor.py:925} INFO - DAG(s) 'example_nested_branch_dag' retrieved from /home/airflow/.local/lib/python3.12/site-packages/airflow/example_dags/example_nested_branch_dag.py
[2025-02-20T16:56:38.304+0000] {logging_mixin.py:190} INFO - [2025-02-20T16:56:38.304+0000] {dag.py:3239} INFO - Sync 1 DAGs
[2025-02-20T16:56:38.318+0000] {logging_mixin.py:190} INFO - [2025-02-20T16:56:38.317+0000] {dag.py:4180} INFO - Setting next_dagrun for example_nested_branch_dag to 2025-02-19 00:00:00+00:00, run_after=2025-02-20 00:00:00+00:00
[2025-02-20T16:56:38.328+0000] {processor.py:208} INFO - Processing /home/airflow/.local/lib/python3.12/site-packages/airflow/example_dags/example_nested_branch_dag.py took 0.061 seconds
[2025-02-20T16:57:08.838+0000] {processor.py:186} INFO - Started process (PID=423) to work on /home/airflow/.local/lib/python3.12/site-packages/airflow/example_dags/example_nested_branch_dag.py
[2025-02-20T16:57:08.839+0000] {processor.py:914} INFO - Processing file /home/airflow/.local/lib/python3.12/site-packages/airflow/example_dags/example_nested_branch_dag.py for tasks to queue
[2025-02-20T16:57:08.841+0000] {logging_mixin.py:190} INFO - [2025-02-20T16:57:08.841+0000] {dagbag.py:588} INFO - Filling up the DagBag from /home/airflow/.local/lib/python3.12/site-packages/airflow/example_dags/example_nested_branch_dag.py
[2025-02-20T16:57:08.848+0000] {processor.py:925} INFO - DAG(s) 'example_nested_branch_dag' retrieved from /home/airflow/.local/lib/python3.12/site-packages/airflow/example_dags/example_nested_branch_dag.py
[2025-02-20T16:57:08.864+0000] {logging_mixin.py:190} INFO - [2025-02-20T16:57:08.864+0000] {dag.py:3239} INFO - Sync 1 DAGs
[2025-02-20T16:57:08.878+0000] {logging_mixin.py:190} INFO - [2025-02-20T16:57:08.878+0000] {dag.py:4180} INFO - Setting next_dagrun for example_nested_branch_dag to 2025-02-19 00:00:00+00:00, run_after=2025-02-20 00:00:00+00:00
[2025-02-20T16:57:08.893+0000] {processor.py:208} INFO - Processing /home/airflow/.local/lib/python3.12/site-packages/airflow/example_dags/example_nested_branch_dag.py took 0.065 seconds
[2025-02-20T16:57:39.462+0000] {processor.py:186} INFO - Started process (PID=491) to work on /home/airflow/.local/lib/python3.12/site-packages/airflow/example_dags/example_nested_branch_dag.py
[2025-02-20T16:57:39.467+0000] {processor.py:914} INFO - Processing file /home/airflow/.local/lib/python3.12/site-packages/airflow/example_dags/example_nested_branch_dag.py for tasks to queue
[2025-02-20T16:57:39.468+0000] {logging_mixin.py:190} INFO - [2025-02-20T16:57:39.468+0000] {dagbag.py:588} INFO - Filling up the DagBag from /home/airflow/.local/lib/python3.12/site-packages/airflow/example_dags/example_nested_branch_dag.py
[2025-02-20T16:57:39.477+0000] {processor.py:925} INFO - DAG(s) 'example_nested_branch_dag' retrieved from /home/airflow/.local/lib/python3.12/site-packages/airflow/example_dags/example_nested_branch_dag.py
[2025-02-20T16:57:39.492+0000] {logging_mixin.py:190} INFO - [2025-02-20T16:57:39.492+0000] {dag.py:3239} INFO - Sync 1 DAGs
[2025-02-20T16:57:39.506+0000] {logging_mixin.py:190} INFO - [2025-02-20T16:57:39.506+0000] {dag.py:4180} INFO - Setting next_dagrun for example_nested_branch_dag to 2025-02-19 00:00:00+00:00, run_after=2025-02-20 00:00:00+00:00
[2025-02-20T16:57:39.518+0000] {processor.py:208} INFO - Processing /home/airflow/.local/lib/python3.12/site-packages/airflow/example_dags/example_nested_branch_dag.py took 0.063 seconds
[2025-02-20T16:58:10.227+0000] {processor.py:186} INFO - Started process (PID=553) to work on /home/airflow/.local/lib/python3.12/site-packages/airflow/example_dags/example_nested_branch_dag.py
[2025-02-20T16:58:10.228+0000] {processor.py:914} INFO - Processing file /home/airflow/.local/lib/python3.12/site-packages/airflow/example_dags/example_nested_branch_dag.py for tasks to queue
[2025-02-20T16:58:10.230+0000] {logging_mixin.py:190} INFO - [2025-02-20T16:58:10.229+0000] {dagbag.py:588} INFO - Filling up the DagBag from /home/airflow/.local/lib/python3.12/site-packages/airflow/example_dags/example_nested_branch_dag.py
[2025-02-20T16:58:10.239+0000] {processor.py:925} INFO - DAG(s) 'example_nested_branch_dag' retrieved from /home/airflow/.local/lib/python3.12/site-packages/airflow/example_dags/example_nested_branch_dag.py
[2025-02-20T16:58:10.255+0000] {logging_mixin.py:190} INFO - [2025-02-20T16:58:10.255+0000] {dag.py:3239} INFO - Sync 1 DAGs
[2025-02-20T16:58:10.271+0000] {logging_mixin.py:190} INFO - [2025-02-20T16:58:10.271+0000] {dag.py:4180} INFO - Setting next_dagrun for example_nested_branch_dag to 2025-02-19 00:00:00+00:00, run_after=2025-02-20 00:00:00+00:00
[2025-02-20T16:58:10.291+0000] {processor.py:208} INFO - Processing /home/airflow/.local/lib/python3.12/site-packages/airflow/example_dags/example_nested_branch_dag.py took 0.071 seconds
[2025-02-20T16:58:41.211+0000] {processor.py:186} INFO - Started process (PID=615) to work on /home/airflow/.local/lib/python3.12/site-packages/airflow/example_dags/example_nested_branch_dag.py
[2025-02-20T16:58:41.212+0000] {processor.py:914} INFO - Processing file /home/airflow/.local/lib/python3.12/site-packages/airflow/example_dags/example_nested_branch_dag.py for tasks to queue
[2025-02-20T16:58:41.213+0000] {logging_mixin.py:190} INFO - [2025-02-20T16:58:41.213+0000] {dagbag.py:588} INFO - Filling up the DagBag from /home/airflow/.local/lib/python3.12/site-packages/airflow/example_dags/example_nested_branch_dag.py
[2025-02-20T16:58:41.219+0000] {processor.py:925} INFO - DAG(s) 'example_nested_branch_dag' retrieved from /home/airflow/.local/lib/python3.12/site-packages/airflow/example_dags/example_nested_branch_dag.py
[2025-02-20T16:58:41.234+0000] {logging_mixin.py:190} INFO - [2025-02-20T16:58:41.234+0000] {dag.py:3239} INFO - Sync 1 DAGs
[2025-02-20T16:58:41.246+0000] {logging_mixin.py:190} INFO - [2025-02-20T16:58:41.245+0000] {dag.py:4180} INFO - Setting next_dagrun for example_nested_branch_dag to 2025-02-19 00:00:00+00:00, run_after=2025-02-20 00:00:00+00:00
[2025-02-20T16:58:41.259+0000] {processor.py:208} INFO - Processing /home/airflow/.local/lib/python3.12/site-packages/airflow/example_dags/example_nested_branch_dag.py took 0.051 seconds
[2025-02-20T16:59:12.162+0000] {processor.py:186} INFO - Started process (PID=677) to work on /home/airflow/.local/lib/python3.12/site-packages/airflow/example_dags/example_nested_branch_dag.py
[2025-02-20T16:59:12.163+0000] {processor.py:914} INFO - Processing file /home/airflow/.local/lib/python3.12/site-packages/airflow/example_dags/example_nested_branch_dag.py for tasks to queue
[2025-02-20T16:59:12.164+0000] {logging_mixin.py:190} INFO - [2025-02-20T16:59:12.164+0000] {dagbag.py:588} INFO - Filling up the DagBag from /home/airflow/.local/lib/python3.12/site-packages/airflow/example_dags/example_nested_branch_dag.py
[2025-02-20T16:59:12.171+0000] {processor.py:925} INFO - DAG(s) 'example_nested_branch_dag' retrieved from /home/airflow/.local/lib/python3.12/site-packages/airflow/example_dags/example_nested_branch_dag.py
[2025-02-20T16:59:12.186+0000] {logging_mixin.py:190} INFO - [2025-02-20T16:59:12.186+0000] {dag.py:3239} INFO - Sync 1 DAGs
[2025-02-20T16:59:12.199+0000] {logging_mixin.py:190} INFO - [2025-02-20T16:59:12.199+0000] {dag.py:4180} INFO - Setting next_dagrun for example_nested_branch_dag to 2025-02-19 00:00:00+00:00, run_after=2025-02-20 00:00:00+00:00
[2025-02-20T16:59:12.215+0000] {processor.py:208} INFO - Processing /home/airflow/.local/lib/python3.12/site-packages/airflow/example_dags/example_nested_branch_dag.py took 0.061 seconds
[2025-02-20T16:59:43.189+0000] {processor.py:186} INFO - Started process (PID=739) to work on /home/airflow/.local/lib/python3.12/site-packages/airflow/example_dags/example_nested_branch_dag.py
[2025-02-20T16:59:43.190+0000] {processor.py:914} INFO - Processing file /home/airflow/.local/lib/python3.12/site-packages/airflow/example_dags/example_nested_branch_dag.py for tasks to queue
[2025-02-20T16:59:43.191+0000] {logging_mixin.py:190} INFO - [2025-02-20T16:59:43.191+0000] {dagbag.py:588} INFO - Filling up the DagBag from /home/airflow/.local/lib/python3.12/site-packages/airflow/example_dags/example_nested_branch_dag.py
[2025-02-20T16:59:43.197+0000] {processor.py:925} INFO - DAG(s) 'example_nested_branch_dag' retrieved from /home/airflow/.local/lib/python3.12/site-packages/airflow/example_dags/example_nested_branch_dag.py
[2025-02-20T16:59:43.215+0000] {logging_mixin.py:190} INFO - [2025-02-20T16:59:43.215+0000] {dag.py:3239} INFO - Sync 1 DAGs
[2025-02-20T16:59:43.230+0000] {logging_mixin.py:190} INFO - [2025-02-20T16:59:43.230+0000] {dag.py:4180} INFO - Setting next_dagrun for example_nested_branch_dag to 2025-02-19 00:00:00+00:00, run_after=2025-02-20 00:00:00+00:00
[2025-02-20T16:59:43.243+0000] {processor.py:208} INFO - Processing /home/airflow/.local/lib/python3.12/site-packages/airflow/example_dags/example_nested_branch_dag.py took 0.059 seconds
[2025-02-20T17:00:13.679+0000] {processor.py:186} INFO - Started process (PID=801) to work on /home/airflow/.local/lib/python3.12/site-packages/airflow/example_dags/example_nested_branch_dag.py
[2025-02-20T17:00:13.680+0000] {processor.py:914} INFO - Processing file /home/airflow/.local/lib/python3.12/site-packages/airflow/example_dags/example_nested_branch_dag.py for tasks to queue
[2025-02-20T17:00:13.681+0000] {logging_mixin.py:190} INFO - [2025-02-20T17:00:13.681+0000] {dagbag.py:588} INFO - Filling up the DagBag from /home/airflow/.local/lib/python3.12/site-packages/airflow/example_dags/example_nested_branch_dag.py
[2025-02-20T17:00:13.687+0000] {processor.py:925} INFO - DAG(s) 'example_nested_branch_dag' retrieved from /home/airflow/.local/lib/python3.12/site-packages/airflow/example_dags/example_nested_branch_dag.py
[2025-02-20T17:00:13.701+0000] {logging_mixin.py:190} INFO - [2025-02-20T17:00:13.701+0000] {dag.py:3239} INFO - Sync 1 DAGs
[2025-02-20T17:00:13.713+0000] {logging_mixin.py:190} INFO - [2025-02-20T17:00:13.713+0000] {dag.py:4180} INFO - Setting next_dagrun for example_nested_branch_dag to 2025-02-19 00:00:00+00:00, run_after=2025-02-20 00:00:00+00:00
[2025-02-20T17:00:13.720+0000] {processor.py:208} INFO - Processing /home/airflow/.local/lib/python3.12/site-packages/airflow/example_dags/example_nested_branch_dag.py took 0.045 seconds
[2025-02-20T17:00:44.136+0000] {processor.py:186} INFO - Started process (PID=863) to work on /home/airflow/.local/lib/python3.12/site-packages/airflow/example_dags/example_nested_branch_dag.py
[2025-02-20T17:00:44.137+0000] {processor.py:914} INFO - Processing file /home/airflow/.local/lib/python3.12/site-packages/airflow/example_dags/example_nested_branch_dag.py for tasks to queue
[2025-02-20T17:00:44.138+0000] {logging_mixin.py:190} INFO - [2025-02-20T17:00:44.138+0000] {dagbag.py:588} INFO - Filling up the DagBag from /home/airflow/.local/lib/python3.12/site-packages/airflow/example_dags/example_nested_branch_dag.py
[2025-02-20T17:00:44.147+0000] {processor.py:925} INFO - DAG(s) 'example_nested_branch_dag' retrieved from /home/airflow/.local/lib/python3.12/site-packages/airflow/example_dags/example_nested_branch_dag.py
[2025-02-20T17:00:44.164+0000] {logging_mixin.py:190} INFO - [2025-02-20T17:00:44.162+0000] {dag.py:3239} INFO - Sync 1 DAGs
[2025-02-20T17:00:44.177+0000] {logging_mixin.py:190} INFO - [2025-02-20T17:00:44.177+0000] {dag.py:4180} INFO - Setting next_dagrun for example_nested_branch_dag to 2025-02-19 00:00:00+00:00, run_after=2025-02-20 00:00:00+00:00
[2025-02-20T17:00:44.192+0000] {processor.py:208} INFO - Processing /home/airflow/.local/lib/python3.12/site-packages/airflow/example_dags/example_nested_branch_dag.py took 0.060 seconds
[2025-02-20T17:01:14.988+0000] {processor.py:186} INFO - Started process (PID=925) to work on /home/airflow/.local/lib/python3.12/site-packages/airflow/example_dags/example_nested_branch_dag.py
[2025-02-20T17:01:14.989+0000] {processor.py:914} INFO - Processing file /home/airflow/.local/lib/python3.12/site-packages/airflow/example_dags/example_nested_branch_dag.py for tasks to queue
[2025-02-20T17:01:14.990+0000] {logging_mixin.py:190} INFO - [2025-02-20T17:01:14.990+0000] {dagbag.py:588} INFO - Filling up the DagBag from /home/airflow/.local/lib/python3.12/site-packages/airflow/example_dags/example_nested_branch_dag.py
[2025-02-20T17:01:14.996+0000] {processor.py:925} INFO - DAG(s) 'example_nested_branch_dag' retrieved from /home/airflow/.local/lib/python3.12/site-packages/airflow/example_dags/example_nested_branch_dag.py
[2025-02-20T17:01:15.006+0000] {logging_mixin.py:190} INFO - [2025-02-20T17:01:15.005+0000] {dag.py:3239} INFO - Sync 1 DAGs
[2025-02-20T17:01:15.016+0000] {logging_mixin.py:190} INFO - [2025-02-20T17:01:15.016+0000] {dag.py:4180} INFO - Setting next_dagrun for example_nested_branch_dag to 2025-02-19 00:00:00+00:00, run_after=2025-02-20 00:00:00+00:00
[2025-02-20T17:01:15.023+0000] {processor.py:208} INFO - Processing /home/airflow/.local/lib/python3.12/site-packages/airflow/example_dags/example_nested_branch_dag.py took 0.040 seconds
