[2025-07-03T21:15:02.679+0000] {processor.py:186} INFO - Started process (PID=65) to work on /home/airflow/.local/lib/python3.12/site-packages/airflow/example_dags/example_bash_decorator.py
[2025-07-03T21:15:02.683+0000] {processor.py:914} INFO - Processing file /home/airflow/.local/lib/python3.12/site-packages/airflow/example_dags/example_bash_decorator.py for tasks to queue
[2025-07-03T21:15:02.684+0000] {logging_mixin.py:190} INFO - [2025-07-03T21:15:02.684+0000] {dagbag.py:588} INFO - Filling up the DagBag from /home/airflow/.local/lib/python3.12/site-packages/airflow/example_dags/example_bash_decorator.py
[2025-07-03T21:15:02.702+0000] {processor.py:925} INFO - DAG(s) 'example_bash_decorator' retrieved from /home/airflow/.local/lib/python3.12/site-packages/airflow/example_dags/example_bash_decorator.py
[2025-07-03T21:15:02.777+0000] {logging_mixin.py:190} INFO - [2025-07-03T21:15:02.777+0000] {dag.py:3239} INFO - Sync 1 DAGs
[2025-07-03T21:15:02.784+0000] {logging_mixin.py:190} INFO - [2025-07-03T21:15:02.784+0000] {dag.py:4180} INFO - Setting next_dagrun for example_bash_decorator to None, run_after=None
[2025-07-03T21:15:02.795+0000] {processor.py:208} INFO - Processing /home/airflow/.local/lib/python3.12/site-packages/airflow/example_dags/example_bash_decorator.py took 0.120 seconds
[2025-07-03T21:15:33.128+0000] {processor.py:186} INFO - Started process (PID=127) to work on /home/airflow/.local/lib/python3.12/site-packages/airflow/example_dags/example_bash_decorator.py
[2025-07-03T21:15:33.129+0000] {processor.py:914} INFO - Processing file /home/airflow/.local/lib/python3.12/site-packages/airflow/example_dags/example_bash_decorator.py for tasks to queue
[2025-07-03T21:15:33.130+0000] {logging_mixin.py:190} INFO - [2025-07-03T21:15:33.130+0000] {dagbag.py:588} INFO - Filling up the DagBag from /home/airflow/.local/lib/python3.12/site-packages/airflow/example_dags/example_bash_decorator.py
[2025-07-03T21:15:33.138+0000] {processor.py:925} INFO - DAG(s) 'example_bash_decorator' retrieved from /home/airflow/.local/lib/python3.12/site-packages/airflow/example_dags/example_bash_decorator.py
[2025-07-03T21:15:33.148+0000] {logging_mixin.py:190} INFO - [2025-07-03T21:15:33.148+0000] {dag.py:3239} INFO - Sync 1 DAGs
[2025-07-03T21:15:33.154+0000] {logging_mixin.py:190} INFO - [2025-07-03T21:15:33.153+0000] {dag.py:4180} INFO - Setting next_dagrun for example_bash_decorator to None, run_after=None
[2025-07-03T21:15:33.161+0000] {processor.py:208} INFO - Processing /home/airflow/.local/lib/python3.12/site-packages/airflow/example_dags/example_bash_decorator.py took 0.035 seconds
[2025-07-03T21:16:03.748+0000] {processor.py:186} INFO - Started process (PID=189) to work on /home/airflow/.local/lib/python3.12/site-packages/airflow/example_dags/example_bash_decorator.py
[2025-07-03T21:16:03.749+0000] {processor.py:914} INFO - Processing file /home/airflow/.local/lib/python3.12/site-packages/airflow/example_dags/example_bash_decorator.py for tasks to queue
[2025-07-03T21:16:03.750+0000] {logging_mixin.py:190} INFO - [2025-07-03T21:16:03.750+0000] {dagbag.py:588} INFO - Filling up the DagBag from /home/airflow/.local/lib/python3.12/site-packages/airflow/example_dags/example_bash_decorator.py
[2025-07-03T21:16:03.758+0000] {processor.py:925} INFO - DAG(s) 'example_bash_decorator' retrieved from /home/airflow/.local/lib/python3.12/site-packages/airflow/example_dags/example_bash_decorator.py
[2025-07-03T21:16:03.775+0000] {logging_mixin.py:190} INFO - [2025-07-03T21:16:03.775+0000] {dag.py:3239} INFO - Sync 1 DAGs
[2025-07-03T21:16:03.784+0000] {logging_mixin.py:190} INFO - [2025-07-03T21:16:03.784+0000] {dag.py:4180} INFO - Setting next_dagrun for example_bash_decorator to None, run_after=None
[2025-07-03T21:16:03.799+0000] {processor.py:208} INFO - Processing /home/airflow/.local/lib/python3.12/site-packages/airflow/example_dags/example_bash_decorator.py took 0.054 seconds
[2025-07-03T21:16:34.310+0000] {processor.py:186} INFO - Started process (PID=251) to work on /home/airflow/.local/lib/python3.12/site-packages/airflow/example_dags/example_bash_decorator.py
[2025-07-03T21:16:34.310+0000] {processor.py:914} INFO - Processing file /home/airflow/.local/lib/python3.12/site-packages/airflow/example_dags/example_bash_decorator.py for tasks to queue
[2025-07-03T21:16:34.311+0000] {logging_mixin.py:190} INFO - [2025-07-03T21:16:34.311+0000] {dagbag.py:588} INFO - Filling up the DagBag from /home/airflow/.local/lib/python3.12/site-packages/airflow/example_dags/example_bash_decorator.py
[2025-07-03T21:16:34.318+0000] {processor.py:925} INFO - DAG(s) 'example_bash_decorator' retrieved from /home/airflow/.local/lib/python3.12/site-packages/airflow/example_dags/example_bash_decorator.py
[2025-07-03T21:16:34.330+0000] {logging_mixin.py:190} INFO - [2025-07-03T21:16:34.330+0000] {dag.py:3239} INFO - Sync 1 DAGs
[2025-07-03T21:16:34.336+0000] {logging_mixin.py:190} INFO - [2025-07-03T21:16:34.336+0000] {dag.py:4180} INFO - Setting next_dagrun for example_bash_decorator to None, run_after=None
[2025-07-03T21:16:34.343+0000] {processor.py:208} INFO - Processing /home/airflow/.local/lib/python3.12/site-packages/airflow/example_dags/example_bash_decorator.py took 0.036 seconds
[2025-07-03T21:17:04.861+0000] {processor.py:186} INFO - Started process (PID=313) to work on /home/airflow/.local/lib/python3.12/site-packages/airflow/example_dags/example_bash_decorator.py
[2025-07-03T21:17:04.862+0000] {processor.py:914} INFO - Processing file /home/airflow/.local/lib/python3.12/site-packages/airflow/example_dags/example_bash_decorator.py for tasks to queue
[2025-07-03T21:17:04.863+0000] {logging_mixin.py:190} INFO - [2025-07-03T21:17:04.863+0000] {dagbag.py:588} INFO - Filling up the DagBag from /home/airflow/.local/lib/python3.12/site-packages/airflow/example_dags/example_bash_decorator.py
[2025-07-03T21:17:04.871+0000] {processor.py:925} INFO - DAG(s) 'example_bash_decorator' retrieved from /home/airflow/.local/lib/python3.12/site-packages/airflow/example_dags/example_bash_decorator.py
[2025-07-03T21:17:04.891+0000] {logging_mixin.py:190} INFO - [2025-07-03T21:17:04.891+0000] {dag.py:3239} INFO - Sync 1 DAGs
[2025-07-03T21:17:04.898+0000] {logging_mixin.py:190} INFO - [2025-07-03T21:17:04.898+0000] {dag.py:4180} INFO - Setting next_dagrun for example_bash_decorator to None, run_after=None
[2025-07-03T21:17:04.911+0000] {processor.py:208} INFO - Processing /home/airflow/.local/lib/python3.12/site-packages/airflow/example_dags/example_bash_decorator.py took 0.053 seconds
[2025-07-03T21:17:35.350+0000] {processor.py:186} INFO - Started process (PID=375) to work on /home/airflow/.local/lib/python3.12/site-packages/airflow/example_dags/example_bash_decorator.py
[2025-07-03T21:17:35.350+0000] {processor.py:914} INFO - Processing file /home/airflow/.local/lib/python3.12/site-packages/airflow/example_dags/example_bash_decorator.py for tasks to queue
[2025-07-03T21:17:35.351+0000] {logging_mixin.py:190} INFO - [2025-07-03T21:17:35.351+0000] {dagbag.py:588} INFO - Filling up the DagBag from /home/airflow/.local/lib/python3.12/site-packages/airflow/example_dags/example_bash_decorator.py
[2025-07-03T21:17:35.358+0000] {processor.py:925} INFO - DAG(s) 'example_bash_decorator' retrieved from /home/airflow/.local/lib/python3.12/site-packages/airflow/example_dags/example_bash_decorator.py
[2025-07-03T21:17:35.369+0000] {logging_mixin.py:190} INFO - [2025-07-03T21:17:35.369+0000] {dag.py:3239} INFO - Sync 1 DAGs
[2025-07-03T21:17:35.375+0000] {logging_mixin.py:190} INFO - [2025-07-03T21:17:35.375+0000] {dag.py:4180} INFO - Setting next_dagrun for example_bash_decorator to None, run_after=None
[2025-07-03T21:17:35.383+0000] {processor.py:208} INFO - Processing /home/airflow/.local/lib/python3.12/site-packages/airflow/example_dags/example_bash_decorator.py took 0.036 seconds
[2025-07-03T21:28:36.165+0000] {processor.py:186} INFO - Started process (PID=70) to work on /home/airflow/.local/lib/python3.12/site-packages/airflow/example_dags/example_bash_decorator.py
[2025-07-03T21:28:36.166+0000] {processor.py:914} INFO - Processing file /home/airflow/.local/lib/python3.12/site-packages/airflow/example_dags/example_bash_decorator.py for tasks to queue
[2025-07-03T21:28:36.171+0000] {logging_mixin.py:190} INFO - [2025-07-03T21:28:36.170+0000] {dagbag.py:588} INFO - Filling up the DagBag from /home/airflow/.local/lib/python3.12/site-packages/airflow/example_dags/example_bash_decorator.py
[2025-07-03T21:28:36.201+0000] {processor.py:925} INFO - DAG(s) 'example_bash_decorator' retrieved from /home/airflow/.local/lib/python3.12/site-packages/airflow/example_dags/example_bash_decorator.py
[2025-07-03T21:28:36.325+0000] {logging_mixin.py:190} INFO - [2025-07-03T21:28:36.325+0000] {dag.py:3239} INFO - Sync 1 DAGs
[2025-07-03T21:28:36.351+0000] {logging_mixin.py:190} INFO - [2025-07-03T21:28:36.351+0000] {dag.py:4180} INFO - Setting next_dagrun for example_bash_decorator to None, run_after=None
[2025-07-03T21:28:36.366+0000] {processor.py:208} INFO - Processing /home/airflow/.local/lib/python3.12/site-packages/airflow/example_dags/example_bash_decorator.py took 0.209 seconds
[2025-07-03T21:29:06.869+0000] {processor.py:186} INFO - Started process (PID=132) to work on /home/airflow/.local/lib/python3.12/site-packages/airflow/example_dags/example_bash_decorator.py
[2025-07-03T21:29:06.870+0000] {processor.py:914} INFO - Processing file /home/airflow/.local/lib/python3.12/site-packages/airflow/example_dags/example_bash_decorator.py for tasks to queue
[2025-07-03T21:29:06.871+0000] {logging_mixin.py:190} INFO - [2025-07-03T21:29:06.871+0000] {dagbag.py:588} INFO - Filling up the DagBag from /home/airflow/.local/lib/python3.12/site-packages/airflow/example_dags/example_bash_decorator.py
[2025-07-03T21:29:06.878+0000] {processor.py:925} INFO - DAG(s) 'example_bash_decorator' retrieved from /home/airflow/.local/lib/python3.12/site-packages/airflow/example_dags/example_bash_decorator.py
[2025-07-03T21:29:06.888+0000] {logging_mixin.py:190} INFO - [2025-07-03T21:29:06.888+0000] {dag.py:3239} INFO - Sync 1 DAGs
[2025-07-03T21:29:06.894+0000] {logging_mixin.py:190} INFO - [2025-07-03T21:29:06.894+0000] {dag.py:4180} INFO - Setting next_dagrun for example_bash_decorator to None, run_after=None
[2025-07-03T21:29:06.901+0000] {processor.py:208} INFO - Processing /home/airflow/.local/lib/python3.12/site-packages/airflow/example_dags/example_bash_decorator.py took 0.035 seconds
[2025-07-03T21:29:37.080+0000] {processor.py:186} INFO - Started process (PID=194) to work on /home/airflow/.local/lib/python3.12/site-packages/airflow/example_dags/example_bash_decorator.py
[2025-07-03T21:29:37.081+0000] {processor.py:914} INFO - Processing file /home/airflow/.local/lib/python3.12/site-packages/airflow/example_dags/example_bash_decorator.py for tasks to queue
[2025-07-03T21:29:37.084+0000] {logging_mixin.py:190} INFO - [2025-07-03T21:29:37.083+0000] {dagbag.py:588} INFO - Filling up the DagBag from /home/airflow/.local/lib/python3.12/site-packages/airflow/example_dags/example_bash_decorator.py
[2025-07-03T21:29:37.094+0000] {processor.py:925} INFO - DAG(s) 'example_bash_decorator' retrieved from /home/airflow/.local/lib/python3.12/site-packages/airflow/example_dags/example_bash_decorator.py
[2025-07-03T21:29:37.110+0000] {logging_mixin.py:190} INFO - [2025-07-03T21:29:37.109+0000] {dag.py:3239} INFO - Sync 1 DAGs
[2025-07-03T21:29:37.118+0000] {logging_mixin.py:190} INFO - [2025-07-03T21:29:37.118+0000] {dag.py:4180} INFO - Setting next_dagrun for example_bash_decorator to None, run_after=None
[2025-07-03T21:29:37.149+0000] {processor.py:208} INFO - Processing /home/airflow/.local/lib/python3.12/site-packages/airflow/example_dags/example_bash_decorator.py took 0.076 seconds
[2025-07-03T21:30:07.648+0000] {processor.py:186} INFO - Started process (PID=256) to work on /home/airflow/.local/lib/python3.12/site-packages/airflow/example_dags/example_bash_decorator.py
[2025-07-03T21:30:07.649+0000] {processor.py:914} INFO - Processing file /home/airflow/.local/lib/python3.12/site-packages/airflow/example_dags/example_bash_decorator.py for tasks to queue
[2025-07-03T21:30:07.650+0000] {logging_mixin.py:190} INFO - [2025-07-03T21:30:07.650+0000] {dagbag.py:588} INFO - Filling up the DagBag from /home/airflow/.local/lib/python3.12/site-packages/airflow/example_dags/example_bash_decorator.py
[2025-07-03T21:30:07.658+0000] {processor.py:925} INFO - DAG(s) 'example_bash_decorator' retrieved from /home/airflow/.local/lib/python3.12/site-packages/airflow/example_dags/example_bash_decorator.py
[2025-07-03T21:30:07.675+0000] {logging_mixin.py:190} INFO - [2025-07-03T21:30:07.675+0000] {dag.py:3239} INFO - Sync 1 DAGs
[2025-07-03T21:30:07.683+0000] {logging_mixin.py:190} INFO - [2025-07-03T21:30:07.683+0000] {dag.py:4180} INFO - Setting next_dagrun for example_bash_decorator to None, run_after=None
[2025-07-03T21:30:07.707+0000] {processor.py:208} INFO - Processing /home/airflow/.local/lib/python3.12/site-packages/airflow/example_dags/example_bash_decorator.py took 0.063 seconds
[2025-07-03T21:30:38.162+0000] {processor.py:186} INFO - Started process (PID=318) to work on /home/airflow/.local/lib/python3.12/site-packages/airflow/example_dags/example_bash_decorator.py
[2025-07-03T21:30:38.163+0000] {processor.py:914} INFO - Processing file /home/airflow/.local/lib/python3.12/site-packages/airflow/example_dags/example_bash_decorator.py for tasks to queue
[2025-07-03T21:30:38.165+0000] {logging_mixin.py:190} INFO - [2025-07-03T21:30:38.165+0000] {dagbag.py:588} INFO - Filling up the DagBag from /home/airflow/.local/lib/python3.12/site-packages/airflow/example_dags/example_bash_decorator.py
[2025-07-03T21:30:38.172+0000] {processor.py:925} INFO - DAG(s) 'example_bash_decorator' retrieved from /home/airflow/.local/lib/python3.12/site-packages/airflow/example_dags/example_bash_decorator.py
[2025-07-03T21:30:38.186+0000] {logging_mixin.py:190} INFO - [2025-07-03T21:30:38.186+0000] {dag.py:3239} INFO - Sync 1 DAGs
[2025-07-03T21:30:38.196+0000] {logging_mixin.py:190} INFO - [2025-07-03T21:30:38.196+0000] {dag.py:4180} INFO - Setting next_dagrun for example_bash_decorator to None, run_after=None
[2025-07-03T21:30:38.218+0000] {processor.py:208} INFO - Processing /home/airflow/.local/lib/python3.12/site-packages/airflow/example_dags/example_bash_decorator.py took 0.060 seconds
[2025-07-03T21:31:08.759+0000] {processor.py:186} INFO - Started process (PID=380) to work on /home/airflow/.local/lib/python3.12/site-packages/airflow/example_dags/example_bash_decorator.py
[2025-07-03T21:31:08.759+0000] {processor.py:914} INFO - Processing file /home/airflow/.local/lib/python3.12/site-packages/airflow/example_dags/example_bash_decorator.py for tasks to queue
[2025-07-03T21:31:08.760+0000] {logging_mixin.py:190} INFO - [2025-07-03T21:31:08.760+0000] {dagbag.py:588} INFO - Filling up the DagBag from /home/airflow/.local/lib/python3.12/site-packages/airflow/example_dags/example_bash_decorator.py
[2025-07-03T21:31:08.767+0000] {processor.py:925} INFO - DAG(s) 'example_bash_decorator' retrieved from /home/airflow/.local/lib/python3.12/site-packages/airflow/example_dags/example_bash_decorator.py
[2025-07-03T21:31:08.777+0000] {logging_mixin.py:190} INFO - [2025-07-03T21:31:08.777+0000] {dag.py:3239} INFO - Sync 1 DAGs
[2025-07-03T21:31:08.783+0000] {logging_mixin.py:190} INFO - [2025-07-03T21:31:08.783+0000] {dag.py:4180} INFO - Setting next_dagrun for example_bash_decorator to None, run_after=None
[2025-07-03T21:31:08.790+0000] {processor.py:208} INFO - Processing /home/airflow/.local/lib/python3.12/site-packages/airflow/example_dags/example_bash_decorator.py took 0.034 seconds
[2025-07-03T21:31:39.421+0000] {processor.py:186} INFO - Started process (PID=442) to work on /home/airflow/.local/lib/python3.12/site-packages/airflow/example_dags/example_bash_decorator.py
[2025-07-03T21:31:39.421+0000] {processor.py:914} INFO - Processing file /home/airflow/.local/lib/python3.12/site-packages/airflow/example_dags/example_bash_decorator.py for tasks to queue
[2025-07-03T21:31:39.422+0000] {logging_mixin.py:190} INFO - [2025-07-03T21:31:39.422+0000] {dagbag.py:588} INFO - Filling up the DagBag from /home/airflow/.local/lib/python3.12/site-packages/airflow/example_dags/example_bash_decorator.py
[2025-07-03T21:31:39.429+0000] {processor.py:925} INFO - DAG(s) 'example_bash_decorator' retrieved from /home/airflow/.local/lib/python3.12/site-packages/airflow/example_dags/example_bash_decorator.py
[2025-07-03T21:31:39.439+0000] {logging_mixin.py:190} INFO - [2025-07-03T21:31:39.439+0000] {dag.py:3239} INFO - Sync 1 DAGs
[2025-07-03T21:31:39.445+0000] {logging_mixin.py:190} INFO - [2025-07-03T21:31:39.445+0000] {dag.py:4180} INFO - Setting next_dagrun for example_bash_decorator to None, run_after=None
[2025-07-03T21:31:39.452+0000] {processor.py:208} INFO - Processing /home/airflow/.local/lib/python3.12/site-packages/airflow/example_dags/example_bash_decorator.py took 0.034 seconds
[2025-07-03T21:32:10.155+0000] {processor.py:186} INFO - Started process (PID=504) to work on /home/airflow/.local/lib/python3.12/site-packages/airflow/example_dags/example_bash_decorator.py
[2025-07-03T21:32:10.156+0000] {processor.py:914} INFO - Processing file /home/airflow/.local/lib/python3.12/site-packages/airflow/example_dags/example_bash_decorator.py for tasks to queue
[2025-07-03T21:32:10.157+0000] {logging_mixin.py:190} INFO - [2025-07-03T21:32:10.157+0000] {dagbag.py:588} INFO - Filling up the DagBag from /home/airflow/.local/lib/python3.12/site-packages/airflow/example_dags/example_bash_decorator.py
[2025-07-03T21:32:10.165+0000] {processor.py:925} INFO - DAG(s) 'example_bash_decorator' retrieved from /home/airflow/.local/lib/python3.12/site-packages/airflow/example_dags/example_bash_decorator.py
[2025-07-03T21:32:10.179+0000] {logging_mixin.py:190} INFO - [2025-07-03T21:32:10.179+0000] {dag.py:3239} INFO - Sync 1 DAGs
[2025-07-03T21:32:10.185+0000] {logging_mixin.py:190} INFO - [2025-07-03T21:32:10.185+0000] {dag.py:4180} INFO - Setting next_dagrun for example_bash_decorator to None, run_after=None
[2025-07-03T21:32:10.203+0000] {processor.py:208} INFO - Processing /home/airflow/.local/lib/python3.12/site-packages/airflow/example_dags/example_bash_decorator.py took 0.051 seconds
[2025-07-03T21:32:40.669+0000] {processor.py:186} INFO - Started process (PID=566) to work on /home/airflow/.local/lib/python3.12/site-packages/airflow/example_dags/example_bash_decorator.py
[2025-07-03T21:32:40.671+0000] {processor.py:914} INFO - Processing file /home/airflow/.local/lib/python3.12/site-packages/airflow/example_dags/example_bash_decorator.py for tasks to queue
[2025-07-03T21:32:40.673+0000] {logging_mixin.py:190} INFO - [2025-07-03T21:32:40.673+0000] {dagbag.py:588} INFO - Filling up the DagBag from /home/airflow/.local/lib/python3.12/site-packages/airflow/example_dags/example_bash_decorator.py
[2025-07-03T21:32:40.682+0000] {processor.py:925} INFO - DAG(s) 'example_bash_decorator' retrieved from /home/airflow/.local/lib/python3.12/site-packages/airflow/example_dags/example_bash_decorator.py
[2025-07-03T21:32:40.700+0000] {logging_mixin.py:190} INFO - [2025-07-03T21:32:40.700+0000] {dag.py:3239} INFO - Sync 1 DAGs
[2025-07-03T21:32:40.707+0000] {logging_mixin.py:190} INFO - [2025-07-03T21:32:40.707+0000] {dag.py:4180} INFO - Setting next_dagrun for example_bash_decorator to None, run_after=None
[2025-07-03T21:32:40.716+0000] {processor.py:208} INFO - Processing /home/airflow/.local/lib/python3.12/site-packages/airflow/example_dags/example_bash_decorator.py took 0.050 seconds
[2025-07-03T21:33:11.523+0000] {processor.py:186} INFO - Started process (PID=628) to work on /home/airflow/.local/lib/python3.12/site-packages/airflow/example_dags/example_bash_decorator.py
[2025-07-03T21:33:11.531+0000] {processor.py:914} INFO - Processing file /home/airflow/.local/lib/python3.12/site-packages/airflow/example_dags/example_bash_decorator.py for tasks to queue
[2025-07-03T21:33:11.537+0000] {logging_mixin.py:190} INFO - [2025-07-03T21:33:11.537+0000] {dagbag.py:588} INFO - Filling up the DagBag from /home/airflow/.local/lib/python3.12/site-packages/airflow/example_dags/example_bash_decorator.py
[2025-07-03T21:33:11.563+0000] {processor.py:925} INFO - DAG(s) 'example_bash_decorator' retrieved from /home/airflow/.local/lib/python3.12/site-packages/airflow/example_dags/example_bash_decorator.py
[2025-07-03T21:33:11.590+0000] {logging_mixin.py:190} INFO - [2025-07-03T21:33:11.590+0000] {dag.py:3239} INFO - Sync 1 DAGs
[2025-07-03T21:33:11.612+0000] {logging_mixin.py:190} INFO - [2025-07-03T21:33:11.612+0000] {dag.py:4180} INFO - Setting next_dagrun for example_bash_decorator to None, run_after=None
[2025-07-03T21:33:11.629+0000] {processor.py:208} INFO - Processing /home/airflow/.local/lib/python3.12/site-packages/airflow/example_dags/example_bash_decorator.py took 0.114 seconds
[2025-07-03T21:33:42.285+0000] {processor.py:186} INFO - Started process (PID=690) to work on /home/airflow/.local/lib/python3.12/site-packages/airflow/example_dags/example_bash_decorator.py
[2025-07-03T21:33:42.285+0000] {processor.py:914} INFO - Processing file /home/airflow/.local/lib/python3.12/site-packages/airflow/example_dags/example_bash_decorator.py for tasks to queue
[2025-07-03T21:33:42.286+0000] {logging_mixin.py:190} INFO - [2025-07-03T21:33:42.286+0000] {dagbag.py:588} INFO - Filling up the DagBag from /home/airflow/.local/lib/python3.12/site-packages/airflow/example_dags/example_bash_decorator.py
[2025-07-03T21:33:42.293+0000] {processor.py:925} INFO - DAG(s) 'example_bash_decorator' retrieved from /home/airflow/.local/lib/python3.12/site-packages/airflow/example_dags/example_bash_decorator.py
[2025-07-03T21:33:42.303+0000] {logging_mixin.py:190} INFO - [2025-07-03T21:33:42.303+0000] {dag.py:3239} INFO - Sync 1 DAGs
[2025-07-03T21:33:42.309+0000] {logging_mixin.py:190} INFO - [2025-07-03T21:33:42.309+0000] {dag.py:4180} INFO - Setting next_dagrun for example_bash_decorator to None, run_after=None
[2025-07-03T21:33:42.316+0000] {processor.py:208} INFO - Processing /home/airflow/.local/lib/python3.12/site-packages/airflow/example_dags/example_bash_decorator.py took 0.034 seconds
[2025-07-03T21:34:12.996+0000] {processor.py:186} INFO - Started process (PID=752) to work on /home/airflow/.local/lib/python3.12/site-packages/airflow/example_dags/example_bash_decorator.py
[2025-07-03T21:34:12.997+0000] {processor.py:914} INFO - Processing file /home/airflow/.local/lib/python3.12/site-packages/airflow/example_dags/example_bash_decorator.py for tasks to queue
[2025-07-03T21:34:12.998+0000] {logging_mixin.py:190} INFO - [2025-07-03T21:34:12.998+0000] {dagbag.py:588} INFO - Filling up the DagBag from /home/airflow/.local/lib/python3.12/site-packages/airflow/example_dags/example_bash_decorator.py
[2025-07-03T21:34:13.007+0000] {processor.py:925} INFO - DAG(s) 'example_bash_decorator' retrieved from /home/airflow/.local/lib/python3.12/site-packages/airflow/example_dags/example_bash_decorator.py
[2025-07-03T21:34:13.025+0000] {logging_mixin.py:190} INFO - [2025-07-03T21:34:13.025+0000] {dag.py:3239} INFO - Sync 1 DAGs
[2025-07-03T21:34:13.033+0000] {logging_mixin.py:190} INFO - [2025-07-03T21:34:13.033+0000] {dag.py:4180} INFO - Setting next_dagrun for example_bash_decorator to None, run_after=None
[2025-07-03T21:34:13.046+0000] {processor.py:208} INFO - Processing /home/airflow/.local/lib/python3.12/site-packages/airflow/example_dags/example_bash_decorator.py took 0.053 seconds
[2025-07-03T21:34:43.602+0000] {processor.py:186} INFO - Started process (PID=814) to work on /home/airflow/.local/lib/python3.12/site-packages/airflow/example_dags/example_bash_decorator.py
[2025-07-03T21:34:43.602+0000] {processor.py:914} INFO - Processing file /home/airflow/.local/lib/python3.12/site-packages/airflow/example_dags/example_bash_decorator.py for tasks to queue
[2025-07-03T21:34:43.604+0000] {logging_mixin.py:190} INFO - [2025-07-03T21:34:43.604+0000] {dagbag.py:588} INFO - Filling up the DagBag from /home/airflow/.local/lib/python3.12/site-packages/airflow/example_dags/example_bash_decorator.py
[2025-07-03T21:34:43.613+0000] {processor.py:925} INFO - DAG(s) 'example_bash_decorator' retrieved from /home/airflow/.local/lib/python3.12/site-packages/airflow/example_dags/example_bash_decorator.py
[2025-07-03T21:34:43.628+0000] {logging_mixin.py:190} INFO - [2025-07-03T21:34:43.628+0000] {dag.py:3239} INFO - Sync 1 DAGs
[2025-07-03T21:34:43.635+0000] {logging_mixin.py:190} INFO - [2025-07-03T21:34:43.635+0000] {dag.py:4180} INFO - Setting next_dagrun for example_bash_decorator to None, run_after=None
[2025-07-03T21:34:43.643+0000] {processor.py:208} INFO - Processing /home/airflow/.local/lib/python3.12/site-packages/airflow/example_dags/example_bash_decorator.py took 0.044 seconds
[2025-07-03T21:35:14.149+0000] {processor.py:186} INFO - Started process (PID=876) to work on /home/airflow/.local/lib/python3.12/site-packages/airflow/example_dags/example_bash_decorator.py
[2025-07-03T21:35:14.150+0000] {processor.py:914} INFO - Processing file /home/airflow/.local/lib/python3.12/site-packages/airflow/example_dags/example_bash_decorator.py for tasks to queue
[2025-07-03T21:35:14.152+0000] {logging_mixin.py:190} INFO - [2025-07-03T21:35:14.151+0000] {dagbag.py:588} INFO - Filling up the DagBag from /home/airflow/.local/lib/python3.12/site-packages/airflow/example_dags/example_bash_decorator.py
[2025-07-03T21:35:14.160+0000] {processor.py:925} INFO - DAG(s) 'example_bash_decorator' retrieved from /home/airflow/.local/lib/python3.12/site-packages/airflow/example_dags/example_bash_decorator.py
[2025-07-03T21:35:14.172+0000] {logging_mixin.py:190} INFO - [2025-07-03T21:35:14.171+0000] {dag.py:3239} INFO - Sync 1 DAGs
[2025-07-03T21:35:14.180+0000] {logging_mixin.py:190} INFO - [2025-07-03T21:35:14.180+0000] {dag.py:4180} INFO - Setting next_dagrun for example_bash_decorator to None, run_after=None
[2025-07-03T21:35:14.189+0000] {processor.py:208} INFO - Processing /home/airflow/.local/lib/python3.12/site-packages/airflow/example_dags/example_bash_decorator.py took 0.042 seconds
[2025-07-03T21:35:44.626+0000] {processor.py:186} INFO - Started process (PID=938) to work on /home/airflow/.local/lib/python3.12/site-packages/airflow/example_dags/example_bash_decorator.py
[2025-07-03T21:35:44.627+0000] {processor.py:914} INFO - Processing file /home/airflow/.local/lib/python3.12/site-packages/airflow/example_dags/example_bash_decorator.py for tasks to queue
[2025-07-03T21:35:44.628+0000] {logging_mixin.py:190} INFO - [2025-07-03T21:35:44.628+0000] {dagbag.py:588} INFO - Filling up the DagBag from /home/airflow/.local/lib/python3.12/site-packages/airflow/example_dags/example_bash_decorator.py
[2025-07-03T21:35:44.635+0000] {processor.py:925} INFO - DAG(s) 'example_bash_decorator' retrieved from /home/airflow/.local/lib/python3.12/site-packages/airflow/example_dags/example_bash_decorator.py
[2025-07-03T21:35:44.648+0000] {logging_mixin.py:190} INFO - [2025-07-03T21:35:44.648+0000] {dag.py:3239} INFO - Sync 1 DAGs
[2025-07-03T21:35:44.656+0000] {logging_mixin.py:190} INFO - [2025-07-03T21:35:44.655+0000] {dag.py:4180} INFO - Setting next_dagrun for example_bash_decorator to None, run_after=None
[2025-07-03T21:35:44.666+0000] {processor.py:208} INFO - Processing /home/airflow/.local/lib/python3.12/site-packages/airflow/example_dags/example_bash_decorator.py took 0.043 seconds
[2025-07-03T21:36:14.986+0000] {processor.py:186} INFO - Started process (PID=1001) to work on /home/airflow/.local/lib/python3.12/site-packages/airflow/example_dags/example_bash_decorator.py
[2025-07-03T21:36:14.986+0000] {processor.py:914} INFO - Processing file /home/airflow/.local/lib/python3.12/site-packages/airflow/example_dags/example_bash_decorator.py for tasks to queue
[2025-07-03T21:36:14.988+0000] {logging_mixin.py:190} INFO - [2025-07-03T21:36:14.987+0000] {dagbag.py:588} INFO - Filling up the DagBag from /home/airflow/.local/lib/python3.12/site-packages/airflow/example_dags/example_bash_decorator.py
[2025-07-03T21:36:14.995+0000] {processor.py:925} INFO - DAG(s) 'example_bash_decorator' retrieved from /home/airflow/.local/lib/python3.12/site-packages/airflow/example_dags/example_bash_decorator.py
[2025-07-03T21:36:15.014+0000] {logging_mixin.py:190} INFO - [2025-07-03T21:36:15.013+0000] {dag.py:3239} INFO - Sync 1 DAGs
[2025-07-03T21:36:15.024+0000] {logging_mixin.py:190} INFO - [2025-07-03T21:36:15.024+0000] {dag.py:4180} INFO - Setting next_dagrun for example_bash_decorator to None, run_after=None
[2025-07-03T21:36:15.038+0000] {processor.py:208} INFO - Processing /home/airflow/.local/lib/python3.12/site-packages/airflow/example_dags/example_bash_decorator.py took 0.056 seconds
[2025-07-03T21:36:45.810+0000] {processor.py:186} INFO - Started process (PID=1063) to work on /home/airflow/.local/lib/python3.12/site-packages/airflow/example_dags/example_bash_decorator.py
[2025-07-03T21:36:45.812+0000] {processor.py:914} INFO - Processing file /home/airflow/.local/lib/python3.12/site-packages/airflow/example_dags/example_bash_decorator.py for tasks to queue
[2025-07-03T21:36:45.815+0000] {logging_mixin.py:190} INFO - [2025-07-03T21:36:45.814+0000] {dagbag.py:588} INFO - Filling up the DagBag from /home/airflow/.local/lib/python3.12/site-packages/airflow/example_dags/example_bash_decorator.py
[2025-07-03T21:36:45.824+0000] {processor.py:925} INFO - DAG(s) 'example_bash_decorator' retrieved from /home/airflow/.local/lib/python3.12/site-packages/airflow/example_dags/example_bash_decorator.py
[2025-07-03T21:36:45.836+0000] {logging_mixin.py:190} INFO - [2025-07-03T21:36:45.836+0000] {dag.py:3239} INFO - Sync 1 DAGs
[2025-07-03T21:36:45.843+0000] {logging_mixin.py:190} INFO - [2025-07-03T21:36:45.843+0000] {dag.py:4180} INFO - Setting next_dagrun for example_bash_decorator to None, run_after=None
[2025-07-03T21:36:45.855+0000] {processor.py:208} INFO - Processing /home/airflow/.local/lib/python3.12/site-packages/airflow/example_dags/example_bash_decorator.py took 0.048 seconds
[2025-07-03T21:37:16.548+0000] {processor.py:186} INFO - Started process (PID=1125) to work on /home/airflow/.local/lib/python3.12/site-packages/airflow/example_dags/example_bash_decorator.py
[2025-07-03T21:37:16.549+0000] {processor.py:914} INFO - Processing file /home/airflow/.local/lib/python3.12/site-packages/airflow/example_dags/example_bash_decorator.py for tasks to queue
[2025-07-03T21:37:16.550+0000] {logging_mixin.py:190} INFO - [2025-07-03T21:37:16.550+0000] {dagbag.py:588} INFO - Filling up the DagBag from /home/airflow/.local/lib/python3.12/site-packages/airflow/example_dags/example_bash_decorator.py
[2025-07-03T21:37:16.557+0000] {processor.py:925} INFO - DAG(s) 'example_bash_decorator' retrieved from /home/airflow/.local/lib/python3.12/site-packages/airflow/example_dags/example_bash_decorator.py
[2025-07-03T21:37:16.571+0000] {logging_mixin.py:190} INFO - [2025-07-03T21:37:16.571+0000] {dag.py:3239} INFO - Sync 1 DAGs
[2025-07-03T21:37:16.580+0000] {logging_mixin.py:190} INFO - [2025-07-03T21:37:16.580+0000] {dag.py:4180} INFO - Setting next_dagrun for example_bash_decorator to None, run_after=None
[2025-07-03T21:37:16.589+0000] {processor.py:208} INFO - Processing /home/airflow/.local/lib/python3.12/site-packages/airflow/example_dags/example_bash_decorator.py took 0.044 seconds
[2025-07-03T21:37:46.917+0000] {processor.py:186} INFO - Started process (PID=1187) to work on /home/airflow/.local/lib/python3.12/site-packages/airflow/example_dags/example_bash_decorator.py
[2025-07-03T21:37:46.918+0000] {processor.py:914} INFO - Processing file /home/airflow/.local/lib/python3.12/site-packages/airflow/example_dags/example_bash_decorator.py for tasks to queue
[2025-07-03T21:37:46.920+0000] {logging_mixin.py:190} INFO - [2025-07-03T21:37:46.919+0000] {dagbag.py:588} INFO - Filling up the DagBag from /home/airflow/.local/lib/python3.12/site-packages/airflow/example_dags/example_bash_decorator.py
[2025-07-03T21:37:46.926+0000] {processor.py:925} INFO - DAG(s) 'example_bash_decorator' retrieved from /home/airflow/.local/lib/python3.12/site-packages/airflow/example_dags/example_bash_decorator.py
[2025-07-03T21:37:46.943+0000] {logging_mixin.py:190} INFO - [2025-07-03T21:37:46.943+0000] {dag.py:3239} INFO - Sync 1 DAGs
[2025-07-03T21:37:46.951+0000] {logging_mixin.py:190} INFO - [2025-07-03T21:37:46.950+0000] {dag.py:4180} INFO - Setting next_dagrun for example_bash_decorator to None, run_after=None
[2025-07-03T21:37:46.962+0000] {processor.py:208} INFO - Processing /home/airflow/.local/lib/python3.12/site-packages/airflow/example_dags/example_bash_decorator.py took 0.048 seconds
[2025-07-03T21:38:17.407+0000] {processor.py:186} INFO - Started process (PID=1249) to work on /home/airflow/.local/lib/python3.12/site-packages/airflow/example_dags/example_bash_decorator.py
[2025-07-03T21:38:17.407+0000] {processor.py:914} INFO - Processing file /home/airflow/.local/lib/python3.12/site-packages/airflow/example_dags/example_bash_decorator.py for tasks to queue
[2025-07-03T21:38:17.409+0000] {logging_mixin.py:190} INFO - [2025-07-03T21:38:17.408+0000] {dagbag.py:588} INFO - Filling up the DagBag from /home/airflow/.local/lib/python3.12/site-packages/airflow/example_dags/example_bash_decorator.py
[2025-07-03T21:38:17.416+0000] {processor.py:925} INFO - DAG(s) 'example_bash_decorator' retrieved from /home/airflow/.local/lib/python3.12/site-packages/airflow/example_dags/example_bash_decorator.py
[2025-07-03T21:38:17.429+0000] {logging_mixin.py:190} INFO - [2025-07-03T21:38:17.429+0000] {dag.py:3239} INFO - Sync 1 DAGs
[2025-07-03T21:38:17.436+0000] {logging_mixin.py:190} INFO - [2025-07-03T21:38:17.436+0000] {dag.py:4180} INFO - Setting next_dagrun for example_bash_decorator to None, run_after=None
[2025-07-03T21:38:17.449+0000] {processor.py:208} INFO - Processing /home/airflow/.local/lib/python3.12/site-packages/airflow/example_dags/example_bash_decorator.py took 0.046 seconds
[2025-07-03T21:38:47.704+0000] {processor.py:186} INFO - Started process (PID=1311) to work on /home/airflow/.local/lib/python3.12/site-packages/airflow/example_dags/example_bash_decorator.py
[2025-07-03T21:38:47.704+0000] {processor.py:914} INFO - Processing file /home/airflow/.local/lib/python3.12/site-packages/airflow/example_dags/example_bash_decorator.py for tasks to queue
[2025-07-03T21:38:47.706+0000] {logging_mixin.py:190} INFO - [2025-07-03T21:38:47.705+0000] {dagbag.py:588} INFO - Filling up the DagBag from /home/airflow/.local/lib/python3.12/site-packages/airflow/example_dags/example_bash_decorator.py
[2025-07-03T21:38:47.712+0000] {processor.py:925} INFO - DAG(s) 'example_bash_decorator' retrieved from /home/airflow/.local/lib/python3.12/site-packages/airflow/example_dags/example_bash_decorator.py
[2025-07-03T21:38:47.723+0000] {logging_mixin.py:190} INFO - [2025-07-03T21:38:47.723+0000] {dag.py:3239} INFO - Sync 1 DAGs
[2025-07-03T21:38:47.729+0000] {logging_mixin.py:190} INFO - [2025-07-03T21:38:47.729+0000] {dag.py:4180} INFO - Setting next_dagrun for example_bash_decorator to None, run_after=None
[2025-07-03T21:38:47.736+0000] {processor.py:208} INFO - Processing /home/airflow/.local/lib/python3.12/site-packages/airflow/example_dags/example_bash_decorator.py took 0.035 seconds
[2025-07-03T21:39:17.962+0000] {processor.py:186} INFO - Started process (PID=1372) to work on /home/airflow/.local/lib/python3.12/site-packages/airflow/example_dags/example_bash_decorator.py
[2025-07-03T21:39:17.962+0000] {processor.py:914} INFO - Processing file /home/airflow/.local/lib/python3.12/site-packages/airflow/example_dags/example_bash_decorator.py for tasks to queue
[2025-07-03T21:39:17.963+0000] {logging_mixin.py:190} INFO - [2025-07-03T21:39:17.963+0000] {dagbag.py:588} INFO - Filling up the DagBag from /home/airflow/.local/lib/python3.12/site-packages/airflow/example_dags/example_bash_decorator.py
[2025-07-03T21:39:17.971+0000] {processor.py:925} INFO - DAG(s) 'example_bash_decorator' retrieved from /home/airflow/.local/lib/python3.12/site-packages/airflow/example_dags/example_bash_decorator.py
[2025-07-03T21:39:17.987+0000] {logging_mixin.py:190} INFO - [2025-07-03T21:39:17.987+0000] {dag.py:3239} INFO - Sync 1 DAGs
[2025-07-03T21:39:17.994+0000] {logging_mixin.py:190} INFO - [2025-07-03T21:39:17.994+0000] {dag.py:4180} INFO - Setting next_dagrun for example_bash_decorator to None, run_after=None
[2025-07-03T21:39:18.005+0000] {processor.py:208} INFO - Processing /home/airflow/.local/lib/python3.12/site-packages/airflow/example_dags/example_bash_decorator.py took 0.046 seconds
[2025-07-03T21:39:48.280+0000] {processor.py:186} INFO - Started process (PID=1434) to work on /home/airflow/.local/lib/python3.12/site-packages/airflow/example_dags/example_bash_decorator.py
[2025-07-03T21:39:48.282+0000] {processor.py:914} INFO - Processing file /home/airflow/.local/lib/python3.12/site-packages/airflow/example_dags/example_bash_decorator.py for tasks to queue
[2025-07-03T21:39:48.283+0000] {logging_mixin.py:190} INFO - [2025-07-03T21:39:48.283+0000] {dagbag.py:588} INFO - Filling up the DagBag from /home/airflow/.local/lib/python3.12/site-packages/airflow/example_dags/example_bash_decorator.py
[2025-07-03T21:39:48.290+0000] {processor.py:925} INFO - DAG(s) 'example_bash_decorator' retrieved from /home/airflow/.local/lib/python3.12/site-packages/airflow/example_dags/example_bash_decorator.py
[2025-07-03T21:39:48.301+0000] {logging_mixin.py:190} INFO - [2025-07-03T21:39:48.301+0000] {dag.py:3239} INFO - Sync 1 DAGs
[2025-07-03T21:39:48.310+0000] {logging_mixin.py:190} INFO - [2025-07-03T21:39:48.310+0000] {dag.py:4180} INFO - Setting next_dagrun for example_bash_decorator to None, run_after=None
[2025-07-03T21:39:48.320+0000] {processor.py:208} INFO - Processing /home/airflow/.local/lib/python3.12/site-packages/airflow/example_dags/example_bash_decorator.py took 0.043 seconds
[2025-07-03T21:40:18.741+0000] {processor.py:186} INFO - Started process (PID=1496) to work on /home/airflow/.local/lib/python3.12/site-packages/airflow/example_dags/example_bash_decorator.py
[2025-07-03T21:40:18.742+0000] {processor.py:914} INFO - Processing file /home/airflow/.local/lib/python3.12/site-packages/airflow/example_dags/example_bash_decorator.py for tasks to queue
[2025-07-03T21:40:18.743+0000] {logging_mixin.py:190} INFO - [2025-07-03T21:40:18.743+0000] {dagbag.py:588} INFO - Filling up the DagBag from /home/airflow/.local/lib/python3.12/site-packages/airflow/example_dags/example_bash_decorator.py
[2025-07-03T21:40:18.750+0000] {processor.py:925} INFO - DAG(s) 'example_bash_decorator' retrieved from /home/airflow/.local/lib/python3.12/site-packages/airflow/example_dags/example_bash_decorator.py
[2025-07-03T21:40:18.762+0000] {logging_mixin.py:190} INFO - [2025-07-03T21:40:18.762+0000] {dag.py:3239} INFO - Sync 1 DAGs
[2025-07-03T21:40:18.769+0000] {logging_mixin.py:190} INFO - [2025-07-03T21:40:18.769+0000] {dag.py:4180} INFO - Setting next_dagrun for example_bash_decorator to None, run_after=None
[2025-07-03T21:40:18.783+0000] {processor.py:208} INFO - Processing /home/airflow/.local/lib/python3.12/site-packages/airflow/example_dags/example_bash_decorator.py took 0.045 seconds
[2025-07-03T21:40:49.366+0000] {processor.py:186} INFO - Started process (PID=1558) to work on /home/airflow/.local/lib/python3.12/site-packages/airflow/example_dags/example_bash_decorator.py
[2025-07-03T21:40:49.366+0000] {processor.py:914} INFO - Processing file /home/airflow/.local/lib/python3.12/site-packages/airflow/example_dags/example_bash_decorator.py for tasks to queue
[2025-07-03T21:40:49.368+0000] {logging_mixin.py:190} INFO - [2025-07-03T21:40:49.367+0000] {dagbag.py:588} INFO - Filling up the DagBag from /home/airflow/.local/lib/python3.12/site-packages/airflow/example_dags/example_bash_decorator.py
[2025-07-03T21:40:49.378+0000] {processor.py:925} INFO - DAG(s) 'example_bash_decorator' retrieved from /home/airflow/.local/lib/python3.12/site-packages/airflow/example_dags/example_bash_decorator.py
[2025-07-03T21:40:49.406+0000] {logging_mixin.py:190} INFO - [2025-07-03T21:40:49.406+0000] {dag.py:3239} INFO - Sync 1 DAGs
[2025-07-03T21:40:49.415+0000] {logging_mixin.py:190} INFO - [2025-07-03T21:40:49.415+0000] {dag.py:4180} INFO - Setting next_dagrun for example_bash_decorator to None, run_after=None
[2025-07-03T21:40:49.427+0000] {processor.py:208} INFO - Processing /home/airflow/.local/lib/python3.12/site-packages/airflow/example_dags/example_bash_decorator.py took 0.066 seconds
[2025-07-03T21:41:19.820+0000] {processor.py:186} INFO - Started process (PID=1620) to work on /home/airflow/.local/lib/python3.12/site-packages/airflow/example_dags/example_bash_decorator.py
[2025-07-03T21:41:19.823+0000] {processor.py:914} INFO - Processing file /home/airflow/.local/lib/python3.12/site-packages/airflow/example_dags/example_bash_decorator.py for tasks to queue
[2025-07-03T21:41:19.825+0000] {logging_mixin.py:190} INFO - [2025-07-03T21:41:19.825+0000] {dagbag.py:588} INFO - Filling up the DagBag from /home/airflow/.local/lib/python3.12/site-packages/airflow/example_dags/example_bash_decorator.py
[2025-07-03T21:41:19.833+0000] {processor.py:925} INFO - DAG(s) 'example_bash_decorator' retrieved from /home/airflow/.local/lib/python3.12/site-packages/airflow/example_dags/example_bash_decorator.py
[2025-07-03T21:41:19.848+0000] {logging_mixin.py:190} INFO - [2025-07-03T21:41:19.847+0000] {dag.py:3239} INFO - Sync 1 DAGs
[2025-07-03T21:41:19.856+0000] {logging_mixin.py:190} INFO - [2025-07-03T21:41:19.856+0000] {dag.py:4180} INFO - Setting next_dagrun for example_bash_decorator to None, run_after=None
[2025-07-03T21:41:19.868+0000] {processor.py:208} INFO - Processing /home/airflow/.local/lib/python3.12/site-packages/airflow/example_dags/example_bash_decorator.py took 0.052 seconds
[2025-07-03T21:41:50.879+0000] {processor.py:186} INFO - Started process (PID=1682) to work on /home/airflow/.local/lib/python3.12/site-packages/airflow/example_dags/example_bash_decorator.py
[2025-07-03T21:41:50.880+0000] {processor.py:914} INFO - Processing file /home/airflow/.local/lib/python3.12/site-packages/airflow/example_dags/example_bash_decorator.py for tasks to queue
[2025-07-03T21:41:50.881+0000] {logging_mixin.py:190} INFO - [2025-07-03T21:41:50.881+0000] {dagbag.py:588} INFO - Filling up the DagBag from /home/airflow/.local/lib/python3.12/site-packages/airflow/example_dags/example_bash_decorator.py
[2025-07-03T21:41:50.892+0000] {processor.py:925} INFO - DAG(s) 'example_bash_decorator' retrieved from /home/airflow/.local/lib/python3.12/site-packages/airflow/example_dags/example_bash_decorator.py
[2025-07-03T21:41:50.905+0000] {logging_mixin.py:190} INFO - [2025-07-03T21:41:50.905+0000] {dag.py:3239} INFO - Sync 1 DAGs
[2025-07-03T21:41:50.912+0000] {logging_mixin.py:190} INFO - [2025-07-03T21:41:50.912+0000] {dag.py:4180} INFO - Setting next_dagrun for example_bash_decorator to None, run_after=None
[2025-07-03T21:41:50.920+0000] {processor.py:208} INFO - Processing /home/airflow/.local/lib/python3.12/site-packages/airflow/example_dags/example_bash_decorator.py took 0.044 seconds
[2025-07-03T21:42:21.688+0000] {processor.py:186} INFO - Started process (PID=1744) to work on /home/airflow/.local/lib/python3.12/site-packages/airflow/example_dags/example_bash_decorator.py
[2025-07-03T21:42:21.689+0000] {processor.py:914} INFO - Processing file /home/airflow/.local/lib/python3.12/site-packages/airflow/example_dags/example_bash_decorator.py for tasks to queue
[2025-07-03T21:42:21.690+0000] {logging_mixin.py:190} INFO - [2025-07-03T21:42:21.690+0000] {dagbag.py:588} INFO - Filling up the DagBag from /home/airflow/.local/lib/python3.12/site-packages/airflow/example_dags/example_bash_decorator.py
[2025-07-03T21:42:21.697+0000] {processor.py:925} INFO - DAG(s) 'example_bash_decorator' retrieved from /home/airflow/.local/lib/python3.12/site-packages/airflow/example_dags/example_bash_decorator.py
[2025-07-03T21:42:21.720+0000] {logging_mixin.py:190} INFO - [2025-07-03T21:42:21.720+0000] {dag.py:3239} INFO - Sync 1 DAGs
[2025-07-03T21:42:21.731+0000] {logging_mixin.py:190} INFO - [2025-07-03T21:42:21.731+0000] {dag.py:4180} INFO - Setting next_dagrun for example_bash_decorator to None, run_after=None
[2025-07-03T21:42:21.741+0000] {processor.py:208} INFO - Processing /home/airflow/.local/lib/python3.12/site-packages/airflow/example_dags/example_bash_decorator.py took 0.056 seconds
[2025-07-03T21:42:52.893+0000] {processor.py:186} INFO - Started process (PID=1806) to work on /home/airflow/.local/lib/python3.12/site-packages/airflow/example_dags/example_bash_decorator.py
[2025-07-03T21:42:52.894+0000] {processor.py:914} INFO - Processing file /home/airflow/.local/lib/python3.12/site-packages/airflow/example_dags/example_bash_decorator.py for tasks to queue
[2025-07-03T21:42:52.895+0000] {logging_mixin.py:190} INFO - [2025-07-03T21:42:52.895+0000] {dagbag.py:588} INFO - Filling up the DagBag from /home/airflow/.local/lib/python3.12/site-packages/airflow/example_dags/example_bash_decorator.py
[2025-07-03T21:42:52.902+0000] {processor.py:925} INFO - DAG(s) 'example_bash_decorator' retrieved from /home/airflow/.local/lib/python3.12/site-packages/airflow/example_dags/example_bash_decorator.py
[2025-07-03T21:42:52.912+0000] {logging_mixin.py:190} INFO - [2025-07-03T21:42:52.912+0000] {dag.py:3239} INFO - Sync 1 DAGs
[2025-07-03T21:42:52.918+0000] {logging_mixin.py:190} INFO - [2025-07-03T21:42:52.918+0000] {dag.py:4180} INFO - Setting next_dagrun for example_bash_decorator to None, run_after=None
[2025-07-03T21:42:52.925+0000] {processor.py:208} INFO - Processing /home/airflow/.local/lib/python3.12/site-packages/airflow/example_dags/example_bash_decorator.py took 0.034 seconds
[2025-07-03T21:43:23.783+0000] {processor.py:186} INFO - Started process (PID=1868) to work on /home/airflow/.local/lib/python3.12/site-packages/airflow/example_dags/example_bash_decorator.py
[2025-07-03T21:43:23.783+0000] {processor.py:914} INFO - Processing file /home/airflow/.local/lib/python3.12/site-packages/airflow/example_dags/example_bash_decorator.py for tasks to queue
[2025-07-03T21:43:23.784+0000] {logging_mixin.py:190} INFO - [2025-07-03T21:43:23.784+0000] {dagbag.py:588} INFO - Filling up the DagBag from /home/airflow/.local/lib/python3.12/site-packages/airflow/example_dags/example_bash_decorator.py
[2025-07-03T21:43:23.791+0000] {processor.py:925} INFO - DAG(s) 'example_bash_decorator' retrieved from /home/airflow/.local/lib/python3.12/site-packages/airflow/example_dags/example_bash_decorator.py
[2025-07-03T21:43:23.801+0000] {logging_mixin.py:190} INFO - [2025-07-03T21:43:23.801+0000] {dag.py:3239} INFO - Sync 1 DAGs
[2025-07-03T21:43:23.808+0000] {logging_mixin.py:190} INFO - [2025-07-03T21:43:23.807+0000] {dag.py:4180} INFO - Setting next_dagrun for example_bash_decorator to None, run_after=None
[2025-07-03T21:43:23.814+0000] {processor.py:208} INFO - Processing /home/airflow/.local/lib/python3.12/site-packages/airflow/example_dags/example_bash_decorator.py took 0.034 seconds
[2025-07-03T21:43:54.338+0000] {processor.py:186} INFO - Started process (PID=1930) to work on /home/airflow/.local/lib/python3.12/site-packages/airflow/example_dags/example_bash_decorator.py
[2025-07-03T21:43:54.340+0000] {processor.py:914} INFO - Processing file /home/airflow/.local/lib/python3.12/site-packages/airflow/example_dags/example_bash_decorator.py for tasks to queue
[2025-07-03T21:43:54.341+0000] {logging_mixin.py:190} INFO - [2025-07-03T21:43:54.341+0000] {dagbag.py:588} INFO - Filling up the DagBag from /home/airflow/.local/lib/python3.12/site-packages/airflow/example_dags/example_bash_decorator.py
[2025-07-03T21:43:54.349+0000] {processor.py:925} INFO - DAG(s) 'example_bash_decorator' retrieved from /home/airflow/.local/lib/python3.12/site-packages/airflow/example_dags/example_bash_decorator.py
[2025-07-03T21:43:54.364+0000] {logging_mixin.py:190} INFO - [2025-07-03T21:43:54.364+0000] {dag.py:3239} INFO - Sync 1 DAGs
[2025-07-03T21:43:54.375+0000] {logging_mixin.py:190} INFO - [2025-07-03T21:43:54.375+0000] {dag.py:4180} INFO - Setting next_dagrun for example_bash_decorator to None, run_after=None
[2025-07-03T21:43:54.387+0000] {processor.py:208} INFO - Processing /home/airflow/.local/lib/python3.12/site-packages/airflow/example_dags/example_bash_decorator.py took 0.052 seconds
[2025-07-03T21:44:25.402+0000] {processor.py:186} INFO - Started process (PID=1992) to work on /home/airflow/.local/lib/python3.12/site-packages/airflow/example_dags/example_bash_decorator.py
[2025-07-03T21:44:25.406+0000] {processor.py:914} INFO - Processing file /home/airflow/.local/lib/python3.12/site-packages/airflow/example_dags/example_bash_decorator.py for tasks to queue
[2025-07-03T21:44:25.407+0000] {logging_mixin.py:190} INFO - [2025-07-03T21:44:25.407+0000] {dagbag.py:588} INFO - Filling up the DagBag from /home/airflow/.local/lib/python3.12/site-packages/airflow/example_dags/example_bash_decorator.py
[2025-07-03T21:44:25.415+0000] {processor.py:925} INFO - DAG(s) 'example_bash_decorator' retrieved from /home/airflow/.local/lib/python3.12/site-packages/airflow/example_dags/example_bash_decorator.py
[2025-07-03T21:44:25.426+0000] {logging_mixin.py:190} INFO - [2025-07-03T21:44:25.426+0000] {dag.py:3239} INFO - Sync 1 DAGs
[2025-07-03T21:44:25.433+0000] {logging_mixin.py:190} INFO - [2025-07-03T21:44:25.433+0000] {dag.py:4180} INFO - Setting next_dagrun for example_bash_decorator to None, run_after=None
[2025-07-03T21:44:25.445+0000] {processor.py:208} INFO - Processing /home/airflow/.local/lib/python3.12/site-packages/airflow/example_dags/example_bash_decorator.py took 0.046 seconds
[2025-07-03T21:44:56.179+0000] {processor.py:186} INFO - Started process (PID=2054) to work on /home/airflow/.local/lib/python3.12/site-packages/airflow/example_dags/example_bash_decorator.py
[2025-07-03T21:44:56.181+0000] {processor.py:914} INFO - Processing file /home/airflow/.local/lib/python3.12/site-packages/airflow/example_dags/example_bash_decorator.py for tasks to queue
[2025-07-03T21:44:56.182+0000] {logging_mixin.py:190} INFO - [2025-07-03T21:44:56.182+0000] {dagbag.py:588} INFO - Filling up the DagBag from /home/airflow/.local/lib/python3.12/site-packages/airflow/example_dags/example_bash_decorator.py
[2025-07-03T21:44:56.189+0000] {processor.py:925} INFO - DAG(s) 'example_bash_decorator' retrieved from /home/airflow/.local/lib/python3.12/site-packages/airflow/example_dags/example_bash_decorator.py
[2025-07-03T21:44:56.205+0000] {logging_mixin.py:190} INFO - [2025-07-03T21:44:56.205+0000] {dag.py:3239} INFO - Sync 1 DAGs
[2025-07-03T21:44:56.213+0000] {logging_mixin.py:190} INFO - [2025-07-03T21:44:56.213+0000] {dag.py:4180} INFO - Setting next_dagrun for example_bash_decorator to None, run_after=None
[2025-07-03T21:44:56.227+0000] {processor.py:208} INFO - Processing /home/airflow/.local/lib/python3.12/site-packages/airflow/example_dags/example_bash_decorator.py took 0.052 seconds
[2025-07-03T21:45:27.565+0000] {processor.py:186} INFO - Started process (PID=2116) to work on /home/airflow/.local/lib/python3.12/site-packages/airflow/example_dags/example_bash_decorator.py
[2025-07-03T21:45:27.565+0000] {processor.py:914} INFO - Processing file /home/airflow/.local/lib/python3.12/site-packages/airflow/example_dags/example_bash_decorator.py for tasks to queue
[2025-07-03T21:45:27.566+0000] {logging_mixin.py:190} INFO - [2025-07-03T21:45:27.566+0000] {dagbag.py:588} INFO - Filling up the DagBag from /home/airflow/.local/lib/python3.12/site-packages/airflow/example_dags/example_bash_decorator.py
[2025-07-03T21:45:27.573+0000] {processor.py:925} INFO - DAG(s) 'example_bash_decorator' retrieved from /home/airflow/.local/lib/python3.12/site-packages/airflow/example_dags/example_bash_decorator.py
[2025-07-03T21:45:27.583+0000] {logging_mixin.py:190} INFO - [2025-07-03T21:45:27.583+0000] {dag.py:3239} INFO - Sync 1 DAGs
[2025-07-03T21:45:27.589+0000] {logging_mixin.py:190} INFO - [2025-07-03T21:45:27.589+0000] {dag.py:4180} INFO - Setting next_dagrun for example_bash_decorator to None, run_after=None
[2025-07-03T21:45:27.595+0000] {processor.py:208} INFO - Processing /home/airflow/.local/lib/python3.12/site-packages/airflow/example_dags/example_bash_decorator.py took 0.034 seconds
[2025-07-03T21:45:58.433+0000] {processor.py:186} INFO - Started process (PID=2178) to work on /home/airflow/.local/lib/python3.12/site-packages/airflow/example_dags/example_bash_decorator.py
[2025-07-03T21:45:58.434+0000] {processor.py:914} INFO - Processing file /home/airflow/.local/lib/python3.12/site-packages/airflow/example_dags/example_bash_decorator.py for tasks to queue
[2025-07-03T21:45:58.435+0000] {logging_mixin.py:190} INFO - [2025-07-03T21:45:58.435+0000] {dagbag.py:588} INFO - Filling up the DagBag from /home/airflow/.local/lib/python3.12/site-packages/airflow/example_dags/example_bash_decorator.py
[2025-07-03T21:45:58.441+0000] {processor.py:925} INFO - DAG(s) 'example_bash_decorator' retrieved from /home/airflow/.local/lib/python3.12/site-packages/airflow/example_dags/example_bash_decorator.py
[2025-07-03T21:45:58.452+0000] {logging_mixin.py:190} INFO - [2025-07-03T21:45:58.452+0000] {dag.py:3239} INFO - Sync 1 DAGs
[2025-07-03T21:45:58.457+0000] {logging_mixin.py:190} INFO - [2025-07-03T21:45:58.457+0000] {dag.py:4180} INFO - Setting next_dagrun for example_bash_decorator to None, run_after=None
[2025-07-03T21:45:58.464+0000] {processor.py:208} INFO - Processing /home/airflow/.local/lib/python3.12/site-packages/airflow/example_dags/example_bash_decorator.py took 0.034 seconds
[2025-07-03T21:46:29.504+0000] {processor.py:186} INFO - Started process (PID=2240) to work on /home/airflow/.local/lib/python3.12/site-packages/airflow/example_dags/example_bash_decorator.py
[2025-07-03T21:46:29.505+0000] {processor.py:914} INFO - Processing file /home/airflow/.local/lib/python3.12/site-packages/airflow/example_dags/example_bash_decorator.py for tasks to queue
[2025-07-03T21:46:29.506+0000] {logging_mixin.py:190} INFO - [2025-07-03T21:46:29.506+0000] {dagbag.py:588} INFO - Filling up the DagBag from /home/airflow/.local/lib/python3.12/site-packages/airflow/example_dags/example_bash_decorator.py
[2025-07-03T21:46:29.516+0000] {processor.py:925} INFO - DAG(s) 'example_bash_decorator' retrieved from /home/airflow/.local/lib/python3.12/site-packages/airflow/example_dags/example_bash_decorator.py
[2025-07-03T21:46:29.539+0000] {logging_mixin.py:190} INFO - [2025-07-03T21:46:29.539+0000] {dag.py:3239} INFO - Sync 1 DAGs
[2025-07-03T21:46:29.547+0000] {logging_mixin.py:190} INFO - [2025-07-03T21:46:29.547+0000] {dag.py:4180} INFO - Setting next_dagrun for example_bash_decorator to None, run_after=None
[2025-07-03T21:46:29.563+0000] {processor.py:208} INFO - Processing /home/airflow/.local/lib/python3.12/site-packages/airflow/example_dags/example_bash_decorator.py took 0.062 seconds
[2025-07-03T21:47:00.429+0000] {processor.py:186} INFO - Started process (PID=2302) to work on /home/airflow/.local/lib/python3.12/site-packages/airflow/example_dags/example_bash_decorator.py
[2025-07-03T21:47:00.430+0000] {processor.py:914} INFO - Processing file /home/airflow/.local/lib/python3.12/site-packages/airflow/example_dags/example_bash_decorator.py for tasks to queue
[2025-07-03T21:47:00.432+0000] {logging_mixin.py:190} INFO - [2025-07-03T21:47:00.432+0000] {dagbag.py:588} INFO - Filling up the DagBag from /home/airflow/.local/lib/python3.12/site-packages/airflow/example_dags/example_bash_decorator.py
[2025-07-03T21:47:00.441+0000] {processor.py:925} INFO - DAG(s) 'example_bash_decorator' retrieved from /home/airflow/.local/lib/python3.12/site-packages/airflow/example_dags/example_bash_decorator.py
[2025-07-03T21:47:00.458+0000] {logging_mixin.py:190} INFO - [2025-07-03T21:47:00.458+0000] {dag.py:3239} INFO - Sync 1 DAGs
[2025-07-03T21:47:00.468+0000] {logging_mixin.py:190} INFO - [2025-07-03T21:47:00.467+0000] {dag.py:4180} INFO - Setting next_dagrun for example_bash_decorator to None, run_after=None
[2025-07-03T21:47:00.478+0000] {processor.py:208} INFO - Processing /home/airflow/.local/lib/python3.12/site-packages/airflow/example_dags/example_bash_decorator.py took 0.052 seconds
[2025-07-03T21:47:31.360+0000] {processor.py:186} INFO - Started process (PID=2364) to work on /home/airflow/.local/lib/python3.12/site-packages/airflow/example_dags/example_bash_decorator.py
[2025-07-03T21:47:31.361+0000] {processor.py:914} INFO - Processing file /home/airflow/.local/lib/python3.12/site-packages/airflow/example_dags/example_bash_decorator.py for tasks to queue
[2025-07-03T21:47:31.363+0000] {logging_mixin.py:190} INFO - [2025-07-03T21:47:31.362+0000] {dagbag.py:588} INFO - Filling up the DagBag from /home/airflow/.local/lib/python3.12/site-packages/airflow/example_dags/example_bash_decorator.py
[2025-07-03T21:47:31.373+0000] {processor.py:925} INFO - DAG(s) 'example_bash_decorator' retrieved from /home/airflow/.local/lib/python3.12/site-packages/airflow/example_dags/example_bash_decorator.py
[2025-07-03T21:47:31.386+0000] {logging_mixin.py:190} INFO - [2025-07-03T21:47:31.385+0000] {dag.py:3239} INFO - Sync 1 DAGs
[2025-07-03T21:47:31.394+0000] {logging_mixin.py:190} INFO - [2025-07-03T21:47:31.394+0000] {dag.py:4180} INFO - Setting next_dagrun for example_bash_decorator to None, run_after=None
[2025-07-03T21:47:31.404+0000] {processor.py:208} INFO - Processing /home/airflow/.local/lib/python3.12/site-packages/airflow/example_dags/example_bash_decorator.py took 0.047 seconds
[2025-07-03T21:48:02.221+0000] {processor.py:186} INFO - Started process (PID=2426) to work on /home/airflow/.local/lib/python3.12/site-packages/airflow/example_dags/example_bash_decorator.py
[2025-07-03T21:48:02.223+0000] {processor.py:914} INFO - Processing file /home/airflow/.local/lib/python3.12/site-packages/airflow/example_dags/example_bash_decorator.py for tasks to queue
[2025-07-03T21:48:02.225+0000] {logging_mixin.py:190} INFO - [2025-07-03T21:48:02.224+0000] {dagbag.py:588} INFO - Filling up the DagBag from /home/airflow/.local/lib/python3.12/site-packages/airflow/example_dags/example_bash_decorator.py
[2025-07-03T21:48:02.235+0000] {processor.py:925} INFO - DAG(s) 'example_bash_decorator' retrieved from /home/airflow/.local/lib/python3.12/site-packages/airflow/example_dags/example_bash_decorator.py
[2025-07-03T21:48:02.246+0000] {logging_mixin.py:190} INFO - [2025-07-03T21:48:02.246+0000] {dag.py:3239} INFO - Sync 1 DAGs
[2025-07-03T21:48:02.254+0000] {logging_mixin.py:190} INFO - [2025-07-03T21:48:02.254+0000] {dag.py:4180} INFO - Setting next_dagrun for example_bash_decorator to None, run_after=None
[2025-07-03T21:48:02.262+0000] {processor.py:208} INFO - Processing /home/airflow/.local/lib/python3.12/site-packages/airflow/example_dags/example_bash_decorator.py took 0.045 seconds
[2025-07-03T21:48:33.015+0000] {processor.py:186} INFO - Started process (PID=2488) to work on /home/airflow/.local/lib/python3.12/site-packages/airflow/example_dags/example_bash_decorator.py
[2025-07-03T21:48:33.015+0000] {processor.py:914} INFO - Processing file /home/airflow/.local/lib/python3.12/site-packages/airflow/example_dags/example_bash_decorator.py for tasks to queue
[2025-07-03T21:48:33.016+0000] {logging_mixin.py:190} INFO - [2025-07-03T21:48:33.016+0000] {dagbag.py:588} INFO - Filling up the DagBag from /home/airflow/.local/lib/python3.12/site-packages/airflow/example_dags/example_bash_decorator.py
[2025-07-03T21:48:33.023+0000] {processor.py:925} INFO - DAG(s) 'example_bash_decorator' retrieved from /home/airflow/.local/lib/python3.12/site-packages/airflow/example_dags/example_bash_decorator.py
[2025-07-03T21:48:33.033+0000] {logging_mixin.py:190} INFO - [2025-07-03T21:48:33.033+0000] {dag.py:3239} INFO - Sync 1 DAGs
[2025-07-03T21:48:33.039+0000] {logging_mixin.py:190} INFO - [2025-07-03T21:48:33.039+0000] {dag.py:4180} INFO - Setting next_dagrun for example_bash_decorator to None, run_after=None
[2025-07-03T21:48:33.046+0000] {processor.py:208} INFO - Processing /home/airflow/.local/lib/python3.12/site-packages/airflow/example_dags/example_bash_decorator.py took 0.034 seconds
[2025-07-03T21:49:04.248+0000] {processor.py:186} INFO - Started process (PID=2550) to work on /home/airflow/.local/lib/python3.12/site-packages/airflow/example_dags/example_bash_decorator.py
[2025-07-03T21:49:04.249+0000] {processor.py:914} INFO - Processing file /home/airflow/.local/lib/python3.12/site-packages/airflow/example_dags/example_bash_decorator.py for tasks to queue
[2025-07-03T21:49:04.252+0000] {logging_mixin.py:190} INFO - [2025-07-03T21:49:04.252+0000] {dagbag.py:588} INFO - Filling up the DagBag from /home/airflow/.local/lib/python3.12/site-packages/airflow/example_dags/example_bash_decorator.py
[2025-07-03T21:49:04.260+0000] {processor.py:925} INFO - DAG(s) 'example_bash_decorator' retrieved from /home/airflow/.local/lib/python3.12/site-packages/airflow/example_dags/example_bash_decorator.py
[2025-07-03T21:49:04.275+0000] {logging_mixin.py:190} INFO - [2025-07-03T21:49:04.275+0000] {dag.py:3239} INFO - Sync 1 DAGs
[2025-07-03T21:49:04.284+0000] {logging_mixin.py:190} INFO - [2025-07-03T21:49:04.283+0000] {dag.py:4180} INFO - Setting next_dagrun for example_bash_decorator to None, run_after=None
[2025-07-03T21:49:04.294+0000] {processor.py:208} INFO - Processing /home/airflow/.local/lib/python3.12/site-packages/airflow/example_dags/example_bash_decorator.py took 0.050 seconds
