[2025-07-03T21:15:03.500+0000] {processor.py:186} INFO - Started process (PID=75) to work on /home/airflow/.local/lib/python3.12/site-packages/airflow/example_dags/example_external_task_marker_dag.py
[2025-07-03T21:15:03.501+0000] {processor.py:914} INFO - Processing file /home/airflow/.local/lib/python3.12/site-packages/airflow/example_dags/example_external_task_marker_dag.py for tasks to queue
[2025-07-03T21:15:03.502+0000] {logging_mixin.py:190} INFO - [2025-07-03T21:15:03.502+0000] {dagbag.py:588} INFO - Filling up the DagBag from /home/airflow/.local/lib/python3.12/site-packages/airflow/example_dags/example_external_task_marker_dag.py
[2025-07-03T21:15:03.510+0000] {processor.py:925} INFO - DAG(s) 'example_external_task_marker_parent', 'example_external_task_marker_child' retrieved from /home/airflow/.local/lib/python3.12/site-packages/airflow/example_dags/example_external_task_marker_dag.py
[2025-07-03T21:15:03.528+0000] {logging_mixin.py:190} INFO - [2025-07-03T21:15:03.528+0000] {dag.py:3239} INFO - Sync 2 DAGs
[2025-07-03T21:15:03.537+0000] {logging_mixin.py:190} INFO - [2025-07-03T21:15:03.537+0000] {dag.py:4180} INFO - Setting next_dagrun for example_external_task_marker_child to None, run_after=None
[2025-07-03T21:15:03.540+0000] {logging_mixin.py:190} INFO - [2025-07-03T21:15:03.540+0000] {dag.py:4180} INFO - Setting next_dagrun for example_external_task_marker_parent to None, run_after=None
[2025-07-03T21:15:03.553+0000] {processor.py:208} INFO - Processing /home/airflow/.local/lib/python3.12/site-packages/airflow/example_dags/example_external_task_marker_dag.py took 0.058 seconds
[2025-07-03T21:15:34.538+0000] {processor.py:186} INFO - Started process (PID=137) to work on /home/airflow/.local/lib/python3.12/site-packages/airflow/example_dags/example_external_task_marker_dag.py
[2025-07-03T21:15:34.541+0000] {processor.py:914} INFO - Processing file /home/airflow/.local/lib/python3.12/site-packages/airflow/example_dags/example_external_task_marker_dag.py for tasks to queue
[2025-07-03T21:15:34.542+0000] {logging_mixin.py:190} INFO - [2025-07-03T21:15:34.542+0000] {dagbag.py:588} INFO - Filling up the DagBag from /home/airflow/.local/lib/python3.12/site-packages/airflow/example_dags/example_external_task_marker_dag.py
[2025-07-03T21:15:34.546+0000] {processor.py:925} INFO - DAG(s) 'example_external_task_marker_parent', 'example_external_task_marker_child' retrieved from /home/airflow/.local/lib/python3.12/site-packages/airflow/example_dags/example_external_task_marker_dag.py
[2025-07-03T21:15:34.561+0000] {logging_mixin.py:190} INFO - [2025-07-03T21:15:34.561+0000] {dag.py:3239} INFO - Sync 2 DAGs
[2025-07-03T21:15:34.572+0000] {logging_mixin.py:190} INFO - [2025-07-03T21:15:34.571+0000] {dag.py:4180} INFO - Setting next_dagrun for example_external_task_marker_child to None, run_after=None
[2025-07-03T21:15:34.574+0000] {logging_mixin.py:190} INFO - [2025-07-03T21:15:34.574+0000] {dag.py:4180} INFO - Setting next_dagrun for example_external_task_marker_parent to None, run_after=None
[2025-07-03T21:15:34.581+0000] {processor.py:208} INFO - Processing /home/airflow/.local/lib/python3.12/site-packages/airflow/example_dags/example_external_task_marker_dag.py took 0.047 seconds
[2025-07-03T21:16:05.152+0000] {processor.py:186} INFO - Started process (PID=199) to work on /home/airflow/.local/lib/python3.12/site-packages/airflow/example_dags/example_external_task_marker_dag.py
[2025-07-03T21:16:05.153+0000] {processor.py:914} INFO - Processing file /home/airflow/.local/lib/python3.12/site-packages/airflow/example_dags/example_external_task_marker_dag.py for tasks to queue
[2025-07-03T21:16:05.154+0000] {logging_mixin.py:190} INFO - [2025-07-03T21:16:05.154+0000] {dagbag.py:588} INFO - Filling up the DagBag from /home/airflow/.local/lib/python3.12/site-packages/airflow/example_dags/example_external_task_marker_dag.py
[2025-07-03T21:16:05.158+0000] {processor.py:925} INFO - DAG(s) 'example_external_task_marker_child', 'example_external_task_marker_parent' retrieved from /home/airflow/.local/lib/python3.12/site-packages/airflow/example_dags/example_external_task_marker_dag.py
[2025-07-03T21:16:05.176+0000] {logging_mixin.py:190} INFO - [2025-07-03T21:16:05.176+0000] {dag.py:3239} INFO - Sync 2 DAGs
[2025-07-03T21:16:05.183+0000] {logging_mixin.py:190} INFO - [2025-07-03T21:16:05.183+0000] {dag.py:4180} INFO - Setting next_dagrun for example_external_task_marker_child to None, run_after=None
[2025-07-03T21:16:05.186+0000] {logging_mixin.py:190} INFO - [2025-07-03T21:16:05.186+0000] {dag.py:4180} INFO - Setting next_dagrun for example_external_task_marker_parent to None, run_after=None
[2025-07-03T21:16:05.197+0000] {processor.py:208} INFO - Processing /home/airflow/.local/lib/python3.12/site-packages/airflow/example_dags/example_external_task_marker_dag.py took 0.048 seconds
[2025-07-03T21:16:35.776+0000] {processor.py:186} INFO - Started process (PID=261) to work on /home/airflow/.local/lib/python3.12/site-packages/airflow/example_dags/example_external_task_marker_dag.py
[2025-07-03T21:16:35.777+0000] {processor.py:914} INFO - Processing file /home/airflow/.local/lib/python3.12/site-packages/airflow/example_dags/example_external_task_marker_dag.py for tasks to queue
[2025-07-03T21:16:35.778+0000] {logging_mixin.py:190} INFO - [2025-07-03T21:16:35.778+0000] {dagbag.py:588} INFO - Filling up the DagBag from /home/airflow/.local/lib/python3.12/site-packages/airflow/example_dags/example_external_task_marker_dag.py
[2025-07-03T21:16:35.782+0000] {processor.py:925} INFO - DAG(s) 'example_external_task_marker_child', 'example_external_task_marker_parent' retrieved from /home/airflow/.local/lib/python3.12/site-packages/airflow/example_dags/example_external_task_marker_dag.py
[2025-07-03T21:16:35.798+0000] {logging_mixin.py:190} INFO - [2025-07-03T21:16:35.798+0000] {dag.py:3239} INFO - Sync 2 DAGs
[2025-07-03T21:16:35.805+0000] {logging_mixin.py:190} INFO - [2025-07-03T21:16:35.805+0000] {dag.py:4180} INFO - Setting next_dagrun for example_external_task_marker_child to None, run_after=None
[2025-07-03T21:16:35.808+0000] {logging_mixin.py:190} INFO - [2025-07-03T21:16:35.808+0000] {dag.py:4180} INFO - Setting next_dagrun for example_external_task_marker_parent to None, run_after=None
[2025-07-03T21:16:35.817+0000] {processor.py:208} INFO - Processing /home/airflow/.local/lib/python3.12/site-packages/airflow/example_dags/example_external_task_marker_dag.py took 0.044 seconds
[2025-07-03T21:17:06.215+0000] {processor.py:186} INFO - Started process (PID=323) to work on /home/airflow/.local/lib/python3.12/site-packages/airflow/example_dags/example_external_task_marker_dag.py
[2025-07-03T21:17:06.219+0000] {processor.py:914} INFO - Processing file /home/airflow/.local/lib/python3.12/site-packages/airflow/example_dags/example_external_task_marker_dag.py for tasks to queue
[2025-07-03T21:17:06.221+0000] {logging_mixin.py:190} INFO - [2025-07-03T21:17:06.220+0000] {dagbag.py:588} INFO - Filling up the DagBag from /home/airflow/.local/lib/python3.12/site-packages/airflow/example_dags/example_external_task_marker_dag.py
[2025-07-03T21:17:06.225+0000] {processor.py:925} INFO - DAG(s) 'example_external_task_marker_child', 'example_external_task_marker_parent' retrieved from /home/airflow/.local/lib/python3.12/site-packages/airflow/example_dags/example_external_task_marker_dag.py
[2025-07-03T21:17:06.241+0000] {logging_mixin.py:190} INFO - [2025-07-03T21:17:06.241+0000] {dag.py:3239} INFO - Sync 2 DAGs
[2025-07-03T21:17:06.249+0000] {logging_mixin.py:190} INFO - [2025-07-03T21:17:06.249+0000] {dag.py:4180} INFO - Setting next_dagrun for example_external_task_marker_child to None, run_after=None
[2025-07-03T21:17:06.251+0000] {logging_mixin.py:190} INFO - [2025-07-03T21:17:06.251+0000] {dag.py:4180} INFO - Setting next_dagrun for example_external_task_marker_parent to None, run_after=None
[2025-07-03T21:17:06.258+0000] {processor.py:208} INFO - Processing /home/airflow/.local/lib/python3.12/site-packages/airflow/example_dags/example_external_task_marker_dag.py took 0.046 seconds
[2025-07-03T21:17:36.983+0000] {processor.py:186} INFO - Started process (PID=385) to work on /home/airflow/.local/lib/python3.12/site-packages/airflow/example_dags/example_external_task_marker_dag.py
[2025-07-03T21:17:36.984+0000] {processor.py:914} INFO - Processing file /home/airflow/.local/lib/python3.12/site-packages/airflow/example_dags/example_external_task_marker_dag.py for tasks to queue
[2025-07-03T21:17:36.985+0000] {logging_mixin.py:190} INFO - [2025-07-03T21:17:36.985+0000] {dagbag.py:588} INFO - Filling up the DagBag from /home/airflow/.local/lib/python3.12/site-packages/airflow/example_dags/example_external_task_marker_dag.py
[2025-07-03T21:17:36.990+0000] {processor.py:925} INFO - DAG(s) 'example_external_task_marker_child', 'example_external_task_marker_parent' retrieved from /home/airflow/.local/lib/python3.12/site-packages/airflow/example_dags/example_external_task_marker_dag.py
[2025-07-03T21:17:37.018+0000] {logging_mixin.py:190} INFO - [2025-07-03T21:17:37.018+0000] {dag.py:3239} INFO - Sync 2 DAGs
[2025-07-03T21:17:37.027+0000] {logging_mixin.py:190} INFO - [2025-07-03T21:17:37.027+0000] {dag.py:4180} INFO - Setting next_dagrun for example_external_task_marker_child to None, run_after=None
[2025-07-03T21:17:37.030+0000] {logging_mixin.py:190} INFO - [2025-07-03T21:17:37.030+0000] {dag.py:4180} INFO - Setting next_dagrun for example_external_task_marker_parent to None, run_after=None
[2025-07-03T21:17:37.045+0000] {processor.py:208} INFO - Processing /home/airflow/.local/lib/python3.12/site-packages/airflow/example_dags/example_external_task_marker_dag.py took 0.066 seconds
[2025-07-03T21:28:37.186+0000] {processor.py:186} INFO - Started process (PID=80) to work on /home/airflow/.local/lib/python3.12/site-packages/airflow/example_dags/example_external_task_marker_dag.py
[2025-07-03T21:28:37.187+0000] {processor.py:914} INFO - Processing file /home/airflow/.local/lib/python3.12/site-packages/airflow/example_dags/example_external_task_marker_dag.py for tasks to queue
[2025-07-03T21:28:37.190+0000] {logging_mixin.py:190} INFO - [2025-07-03T21:28:37.190+0000] {dagbag.py:588} INFO - Filling up the DagBag from /home/airflow/.local/lib/python3.12/site-packages/airflow/example_dags/example_external_task_marker_dag.py
[2025-07-03T21:28:37.195+0000] {processor.py:925} INFO - DAG(s) 'example_external_task_marker_child', 'example_external_task_marker_parent' retrieved from /home/airflow/.local/lib/python3.12/site-packages/airflow/example_dags/example_external_task_marker_dag.py
[2025-07-03T21:28:37.217+0000] {logging_mixin.py:190} INFO - [2025-07-03T21:28:37.217+0000] {dag.py:3239} INFO - Sync 2 DAGs
[2025-07-03T21:28:37.225+0000] {logging_mixin.py:190} INFO - [2025-07-03T21:28:37.225+0000] {dag.py:4180} INFO - Setting next_dagrun for example_external_task_marker_child to None, run_after=None
[2025-07-03T21:28:37.229+0000] {logging_mixin.py:190} INFO - [2025-07-03T21:28:37.229+0000] {dag.py:4180} INFO - Setting next_dagrun for example_external_task_marker_parent to None, run_after=None
[2025-07-03T21:28:37.240+0000] {processor.py:208} INFO - Processing /home/airflow/.local/lib/python3.12/site-packages/airflow/example_dags/example_external_task_marker_dag.py took 0.057 seconds
[2025-07-03T21:29:08.290+0000] {processor.py:186} INFO - Started process (PID=142) to work on /home/airflow/.local/lib/python3.12/site-packages/airflow/example_dags/example_external_task_marker_dag.py
[2025-07-03T21:29:08.291+0000] {processor.py:914} INFO - Processing file /home/airflow/.local/lib/python3.12/site-packages/airflow/example_dags/example_external_task_marker_dag.py for tasks to queue
[2025-07-03T21:29:08.292+0000] {logging_mixin.py:190} INFO - [2025-07-03T21:29:08.292+0000] {dagbag.py:588} INFO - Filling up the DagBag from /home/airflow/.local/lib/python3.12/site-packages/airflow/example_dags/example_external_task_marker_dag.py
[2025-07-03T21:29:08.297+0000] {processor.py:925} INFO - DAG(s) 'example_external_task_marker_child', 'example_external_task_marker_parent' retrieved from /home/airflow/.local/lib/python3.12/site-packages/airflow/example_dags/example_external_task_marker_dag.py
[2025-07-03T21:29:08.315+0000] {logging_mixin.py:190} INFO - [2025-07-03T21:29:08.315+0000] {dag.py:3239} INFO - Sync 2 DAGs
[2025-07-03T21:29:08.323+0000] {logging_mixin.py:190} INFO - [2025-07-03T21:29:08.323+0000] {dag.py:4180} INFO - Setting next_dagrun for example_external_task_marker_child to None, run_after=None
[2025-07-03T21:29:08.325+0000] {logging_mixin.py:190} INFO - [2025-07-03T21:29:08.325+0000] {dag.py:4180} INFO - Setting next_dagrun for example_external_task_marker_parent to None, run_after=None
[2025-07-03T21:29:08.336+0000] {processor.py:208} INFO - Processing /home/airflow/.local/lib/python3.12/site-packages/airflow/example_dags/example_external_task_marker_dag.py took 0.050 seconds
[2025-07-03T21:29:38.736+0000] {processor.py:186} INFO - Started process (PID=204) to work on /home/airflow/.local/lib/python3.12/site-packages/airflow/example_dags/example_external_task_marker_dag.py
[2025-07-03T21:29:38.742+0000] {processor.py:914} INFO - Processing file /home/airflow/.local/lib/python3.12/site-packages/airflow/example_dags/example_external_task_marker_dag.py for tasks to queue
[2025-07-03T21:29:38.744+0000] {logging_mixin.py:190} INFO - [2025-07-03T21:29:38.743+0000] {dagbag.py:588} INFO - Filling up the DagBag from /home/airflow/.local/lib/python3.12/site-packages/airflow/example_dags/example_external_task_marker_dag.py
[2025-07-03T21:29:38.749+0000] {processor.py:925} INFO - DAG(s) 'example_external_task_marker_child', 'example_external_task_marker_parent' retrieved from /home/airflow/.local/lib/python3.12/site-packages/airflow/example_dags/example_external_task_marker_dag.py
[2025-07-03T21:29:38.768+0000] {logging_mixin.py:190} INFO - [2025-07-03T21:29:38.768+0000] {dag.py:3239} INFO - Sync 2 DAGs
[2025-07-03T21:29:38.781+0000] {logging_mixin.py:190} INFO - [2025-07-03T21:29:38.781+0000] {dag.py:4180} INFO - Setting next_dagrun for example_external_task_marker_child to None, run_after=None
[2025-07-03T21:29:38.785+0000] {logging_mixin.py:190} INFO - [2025-07-03T21:29:38.785+0000] {dag.py:4180} INFO - Setting next_dagrun for example_external_task_marker_parent to None, run_after=None
[2025-07-03T21:29:38.802+0000] {processor.py:208} INFO - Processing /home/airflow/.local/lib/python3.12/site-packages/airflow/example_dags/example_external_task_marker_dag.py took 0.070 seconds
[2025-07-03T21:30:09.502+0000] {processor.py:186} INFO - Started process (PID=266) to work on /home/airflow/.local/lib/python3.12/site-packages/airflow/example_dags/example_external_task_marker_dag.py
[2025-07-03T21:30:09.503+0000] {processor.py:914} INFO - Processing file /home/airflow/.local/lib/python3.12/site-packages/airflow/example_dags/example_external_task_marker_dag.py for tasks to queue
[2025-07-03T21:30:09.505+0000] {logging_mixin.py:190} INFO - [2025-07-03T21:30:09.505+0000] {dagbag.py:588} INFO - Filling up the DagBag from /home/airflow/.local/lib/python3.12/site-packages/airflow/example_dags/example_external_task_marker_dag.py
[2025-07-03T21:30:09.514+0000] {processor.py:925} INFO - DAG(s) 'example_external_task_marker_child', 'example_external_task_marker_parent' retrieved from /home/airflow/.local/lib/python3.12/site-packages/airflow/example_dags/example_external_task_marker_dag.py
[2025-07-03T21:30:09.530+0000] {logging_mixin.py:190} INFO - [2025-07-03T21:30:09.530+0000] {dag.py:3239} INFO - Sync 2 DAGs
[2025-07-03T21:30:09.538+0000] {logging_mixin.py:190} INFO - [2025-07-03T21:30:09.538+0000] {dag.py:4180} INFO - Setting next_dagrun for example_external_task_marker_child to None, run_after=None
[2025-07-03T21:30:09.541+0000] {logging_mixin.py:190} INFO - [2025-07-03T21:30:09.541+0000] {dag.py:4180} INFO - Setting next_dagrun for example_external_task_marker_parent to None, run_after=None
[2025-07-03T21:30:09.552+0000] {processor.py:208} INFO - Processing /home/airflow/.local/lib/python3.12/site-packages/airflow/example_dags/example_external_task_marker_dag.py took 0.056 seconds
[2025-07-03T21:30:40.579+0000] {processor.py:186} INFO - Started process (PID=328) to work on /home/airflow/.local/lib/python3.12/site-packages/airflow/example_dags/example_external_task_marker_dag.py
[2025-07-03T21:30:40.581+0000] {processor.py:914} INFO - Processing file /home/airflow/.local/lib/python3.12/site-packages/airflow/example_dags/example_external_task_marker_dag.py for tasks to queue
[2025-07-03T21:30:40.583+0000] {logging_mixin.py:190} INFO - [2025-07-03T21:30:40.583+0000] {dagbag.py:588} INFO - Filling up the DagBag from /home/airflow/.local/lib/python3.12/site-packages/airflow/example_dags/example_external_task_marker_dag.py
[2025-07-03T21:30:40.588+0000] {processor.py:925} INFO - DAG(s) 'example_external_task_marker_parent', 'example_external_task_marker_child' retrieved from /home/airflow/.local/lib/python3.12/site-packages/airflow/example_dags/example_external_task_marker_dag.py
[2025-07-03T21:30:40.605+0000] {logging_mixin.py:190} INFO - [2025-07-03T21:30:40.605+0000] {dag.py:3239} INFO - Sync 2 DAGs
[2025-07-03T21:30:40.614+0000] {logging_mixin.py:190} INFO - [2025-07-03T21:30:40.614+0000] {dag.py:4180} INFO - Setting next_dagrun for example_external_task_marker_child to None, run_after=None
[2025-07-03T21:30:40.617+0000] {logging_mixin.py:190} INFO - [2025-07-03T21:30:40.617+0000] {dag.py:4180} INFO - Setting next_dagrun for example_external_task_marker_parent to None, run_after=None
[2025-07-03T21:30:40.628+0000] {processor.py:208} INFO - Processing /home/airflow/.local/lib/python3.12/site-packages/airflow/example_dags/example_external_task_marker_dag.py took 0.053 seconds
[2025-07-03T21:31:11.115+0000] {processor.py:186} INFO - Started process (PID=390) to work on /home/airflow/.local/lib/python3.12/site-packages/airflow/example_dags/example_external_task_marker_dag.py
[2025-07-03T21:31:11.117+0000] {processor.py:914} INFO - Processing file /home/airflow/.local/lib/python3.12/site-packages/airflow/example_dags/example_external_task_marker_dag.py for tasks to queue
[2025-07-03T21:31:11.121+0000] {logging_mixin.py:190} INFO - [2025-07-03T21:31:11.121+0000] {dagbag.py:588} INFO - Filling up the DagBag from /home/airflow/.local/lib/python3.12/site-packages/airflow/example_dags/example_external_task_marker_dag.py
[2025-07-03T21:31:11.128+0000] {processor.py:925} INFO - DAG(s) 'example_external_task_marker_parent', 'example_external_task_marker_child' retrieved from /home/airflow/.local/lib/python3.12/site-packages/airflow/example_dags/example_external_task_marker_dag.py
[2025-07-03T21:31:11.155+0000] {logging_mixin.py:190} INFO - [2025-07-03T21:31:11.154+0000] {dag.py:3239} INFO - Sync 2 DAGs
[2025-07-03T21:31:11.167+0000] {logging_mixin.py:190} INFO - [2025-07-03T21:31:11.167+0000] {dag.py:4180} INFO - Setting next_dagrun for example_external_task_marker_child to None, run_after=None
[2025-07-03T21:31:11.170+0000] {logging_mixin.py:190} INFO - [2025-07-03T21:31:11.170+0000] {dag.py:4180} INFO - Setting next_dagrun for example_external_task_marker_parent to None, run_after=None
[2025-07-03T21:31:11.187+0000] {processor.py:208} INFO - Processing /home/airflow/.local/lib/python3.12/site-packages/airflow/example_dags/example_external_task_marker_dag.py took 0.076 seconds
[2025-07-03T21:31:42.126+0000] {processor.py:186} INFO - Started process (PID=452) to work on /home/airflow/.local/lib/python3.12/site-packages/airflow/example_dags/example_external_task_marker_dag.py
[2025-07-03T21:31:42.127+0000] {processor.py:914} INFO - Processing file /home/airflow/.local/lib/python3.12/site-packages/airflow/example_dags/example_external_task_marker_dag.py for tasks to queue
[2025-07-03T21:31:42.130+0000] {logging_mixin.py:190} INFO - [2025-07-03T21:31:42.129+0000] {dagbag.py:588} INFO - Filling up the DagBag from /home/airflow/.local/lib/python3.12/site-packages/airflow/example_dags/example_external_task_marker_dag.py
[2025-07-03T21:31:42.138+0000] {processor.py:925} INFO - DAG(s) 'example_external_task_marker_parent', 'example_external_task_marker_child' retrieved from /home/airflow/.local/lib/python3.12/site-packages/airflow/example_dags/example_external_task_marker_dag.py
[2025-07-03T21:31:42.170+0000] {logging_mixin.py:190} INFO - [2025-07-03T21:31:42.169+0000] {dag.py:3239} INFO - Sync 2 DAGs
[2025-07-03T21:31:42.177+0000] {logging_mixin.py:190} INFO - [2025-07-03T21:31:42.177+0000] {dag.py:4180} INFO - Setting next_dagrun for example_external_task_marker_child to None, run_after=None
[2025-07-03T21:31:42.181+0000] {logging_mixin.py:190} INFO - [2025-07-03T21:31:42.180+0000] {dag.py:4180} INFO - Setting next_dagrun for example_external_task_marker_parent to None, run_after=None
[2025-07-03T21:31:42.198+0000] {processor.py:208} INFO - Processing /home/airflow/.local/lib/python3.12/site-packages/airflow/example_dags/example_external_task_marker_dag.py took 0.078 seconds
[2025-07-03T21:32:12.623+0000] {processor.py:186} INFO - Started process (PID=514) to work on /home/airflow/.local/lib/python3.12/site-packages/airflow/example_dags/example_external_task_marker_dag.py
[2025-07-03T21:32:12.624+0000] {processor.py:914} INFO - Processing file /home/airflow/.local/lib/python3.12/site-packages/airflow/example_dags/example_external_task_marker_dag.py for tasks to queue
[2025-07-03T21:32:12.626+0000] {logging_mixin.py:190} INFO - [2025-07-03T21:32:12.626+0000] {dagbag.py:588} INFO - Filling up the DagBag from /home/airflow/.local/lib/python3.12/site-packages/airflow/example_dags/example_external_task_marker_dag.py
[2025-07-03T21:32:12.634+0000] {processor.py:925} INFO - DAG(s) 'example_external_task_marker_parent', 'example_external_task_marker_child' retrieved from /home/airflow/.local/lib/python3.12/site-packages/airflow/example_dags/example_external_task_marker_dag.py
[2025-07-03T21:32:12.649+0000] {logging_mixin.py:190} INFO - [2025-07-03T21:32:12.648+0000] {dag.py:3239} INFO - Sync 2 DAGs
[2025-07-03T21:32:12.658+0000] {logging_mixin.py:190} INFO - [2025-07-03T21:32:12.658+0000] {dag.py:4180} INFO - Setting next_dagrun for example_external_task_marker_child to None, run_after=None
[2025-07-03T21:32:12.662+0000] {logging_mixin.py:190} INFO - [2025-07-03T21:32:12.662+0000] {dag.py:4180} INFO - Setting next_dagrun for example_external_task_marker_parent to None, run_after=None
[2025-07-03T21:32:12.673+0000] {processor.py:208} INFO - Processing /home/airflow/.local/lib/python3.12/site-packages/airflow/example_dags/example_external_task_marker_dag.py took 0.056 seconds
[2025-07-03T21:32:43.126+0000] {processor.py:186} INFO - Started process (PID=576) to work on /home/airflow/.local/lib/python3.12/site-packages/airflow/example_dags/example_external_task_marker_dag.py
[2025-07-03T21:32:43.127+0000] {processor.py:914} INFO - Processing file /home/airflow/.local/lib/python3.12/site-packages/airflow/example_dags/example_external_task_marker_dag.py for tasks to queue
[2025-07-03T21:32:43.128+0000] {logging_mixin.py:190} INFO - [2025-07-03T21:32:43.128+0000] {dagbag.py:588} INFO - Filling up the DagBag from /home/airflow/.local/lib/python3.12/site-packages/airflow/example_dags/example_external_task_marker_dag.py
[2025-07-03T21:32:43.132+0000] {processor.py:925} INFO - DAG(s) 'example_external_task_marker_child', 'example_external_task_marker_parent' retrieved from /home/airflow/.local/lib/python3.12/site-packages/airflow/example_dags/example_external_task_marker_dag.py
[2025-07-03T21:32:43.144+0000] {logging_mixin.py:190} INFO - [2025-07-03T21:32:43.144+0000] {dag.py:3239} INFO - Sync 2 DAGs
[2025-07-03T21:32:43.151+0000] {logging_mixin.py:190} INFO - [2025-07-03T21:32:43.151+0000] {dag.py:4180} INFO - Setting next_dagrun for example_external_task_marker_child to None, run_after=None
[2025-07-03T21:32:43.153+0000] {logging_mixin.py:190} INFO - [2025-07-03T21:32:43.153+0000] {dag.py:4180} INFO - Setting next_dagrun for example_external_task_marker_parent to None, run_after=None
[2025-07-03T21:32:43.160+0000] {processor.py:208} INFO - Processing /home/airflow/.local/lib/python3.12/site-packages/airflow/example_dags/example_external_task_marker_dag.py took 0.037 seconds
[2025-07-03T21:33:14.033+0000] {processor.py:186} INFO - Started process (PID=638) to work on /home/airflow/.local/lib/python3.12/site-packages/airflow/example_dags/example_external_task_marker_dag.py
[2025-07-03T21:33:14.034+0000] {processor.py:914} INFO - Processing file /home/airflow/.local/lib/python3.12/site-packages/airflow/example_dags/example_external_task_marker_dag.py for tasks to queue
[2025-07-03T21:33:14.036+0000] {logging_mixin.py:190} INFO - [2025-07-03T21:33:14.036+0000] {dagbag.py:588} INFO - Filling up the DagBag from /home/airflow/.local/lib/python3.12/site-packages/airflow/example_dags/example_external_task_marker_dag.py
[2025-07-03T21:33:14.041+0000] {processor.py:925} INFO - DAG(s) 'example_external_task_marker_parent', 'example_external_task_marker_child' retrieved from /home/airflow/.local/lib/python3.12/site-packages/airflow/example_dags/example_external_task_marker_dag.py
[2025-07-03T21:33:14.060+0000] {logging_mixin.py:190} INFO - [2025-07-03T21:33:14.060+0000] {dag.py:3239} INFO - Sync 2 DAGs
[2025-07-03T21:33:14.069+0000] {logging_mixin.py:190} INFO - [2025-07-03T21:33:14.069+0000] {dag.py:4180} INFO - Setting next_dagrun for example_external_task_marker_child to None, run_after=None
[2025-07-03T21:33:14.071+0000] {logging_mixin.py:190} INFO - [2025-07-03T21:33:14.071+0000] {dag.py:4180} INFO - Setting next_dagrun for example_external_task_marker_parent to None, run_after=None
[2025-07-03T21:33:14.083+0000] {processor.py:208} INFO - Processing /home/airflow/.local/lib/python3.12/site-packages/airflow/example_dags/example_external_task_marker_dag.py took 0.054 seconds
[2025-07-03T21:33:44.702+0000] {processor.py:186} INFO - Started process (PID=700) to work on /home/airflow/.local/lib/python3.12/site-packages/airflow/example_dags/example_external_task_marker_dag.py
[2025-07-03T21:33:44.704+0000] {processor.py:914} INFO - Processing file /home/airflow/.local/lib/python3.12/site-packages/airflow/example_dags/example_external_task_marker_dag.py for tasks to queue
[2025-07-03T21:33:44.705+0000] {logging_mixin.py:190} INFO - [2025-07-03T21:33:44.705+0000] {dagbag.py:588} INFO - Filling up the DagBag from /home/airflow/.local/lib/python3.12/site-packages/airflow/example_dags/example_external_task_marker_dag.py
[2025-07-03T21:33:44.709+0000] {processor.py:925} INFO - DAG(s) 'example_external_task_marker_parent', 'example_external_task_marker_child' retrieved from /home/airflow/.local/lib/python3.12/site-packages/airflow/example_dags/example_external_task_marker_dag.py
[2025-07-03T21:33:44.723+0000] {logging_mixin.py:190} INFO - [2025-07-03T21:33:44.723+0000] {dag.py:3239} INFO - Sync 2 DAGs
[2025-07-03T21:33:44.729+0000] {logging_mixin.py:190} INFO - [2025-07-03T21:33:44.729+0000] {dag.py:4180} INFO - Setting next_dagrun for example_external_task_marker_child to None, run_after=None
[2025-07-03T21:33:44.732+0000] {logging_mixin.py:190} INFO - [2025-07-03T21:33:44.731+0000] {dag.py:4180} INFO - Setting next_dagrun for example_external_task_marker_parent to None, run_after=None
[2025-07-03T21:33:44.742+0000] {processor.py:208} INFO - Processing /home/airflow/.local/lib/python3.12/site-packages/airflow/example_dags/example_external_task_marker_dag.py took 0.044 seconds
[2025-07-03T21:34:15.476+0000] {processor.py:186} INFO - Started process (PID=762) to work on /home/airflow/.local/lib/python3.12/site-packages/airflow/example_dags/example_external_task_marker_dag.py
[2025-07-03T21:34:15.480+0000] {processor.py:914} INFO - Processing file /home/airflow/.local/lib/python3.12/site-packages/airflow/example_dags/example_external_task_marker_dag.py for tasks to queue
[2025-07-03T21:34:15.485+0000] {logging_mixin.py:190} INFO - [2025-07-03T21:34:15.485+0000] {dagbag.py:588} INFO - Filling up the DagBag from /home/airflow/.local/lib/python3.12/site-packages/airflow/example_dags/example_external_task_marker_dag.py
[2025-07-03T21:34:15.491+0000] {processor.py:925} INFO - DAG(s) 'example_external_task_marker_child', 'example_external_task_marker_parent' retrieved from /home/airflow/.local/lib/python3.12/site-packages/airflow/example_dags/example_external_task_marker_dag.py
[2025-07-03T21:34:15.509+0000] {logging_mixin.py:190} INFO - [2025-07-03T21:34:15.509+0000] {dag.py:3239} INFO - Sync 2 DAGs
[2025-07-03T21:34:15.519+0000] {logging_mixin.py:190} INFO - [2025-07-03T21:34:15.519+0000] {dag.py:4180} INFO - Setting next_dagrun for example_external_task_marker_child to None, run_after=None
[2025-07-03T21:34:15.523+0000] {logging_mixin.py:190} INFO - [2025-07-03T21:34:15.523+0000] {dag.py:4180} INFO - Setting next_dagrun for example_external_task_marker_parent to None, run_after=None
[2025-07-03T21:34:15.534+0000] {processor.py:208} INFO - Processing /home/airflow/.local/lib/python3.12/site-packages/airflow/example_dags/example_external_task_marker_dag.py took 0.063 seconds
[2025-07-03T21:34:46.408+0000] {processor.py:186} INFO - Started process (PID=824) to work on /home/airflow/.local/lib/python3.12/site-packages/airflow/example_dags/example_external_task_marker_dag.py
[2025-07-03T21:34:46.410+0000] {processor.py:914} INFO - Processing file /home/airflow/.local/lib/python3.12/site-packages/airflow/example_dags/example_external_task_marker_dag.py for tasks to queue
[2025-07-03T21:34:46.412+0000] {logging_mixin.py:190} INFO - [2025-07-03T21:34:46.412+0000] {dagbag.py:588} INFO - Filling up the DagBag from /home/airflow/.local/lib/python3.12/site-packages/airflow/example_dags/example_external_task_marker_dag.py
[2025-07-03T21:34:46.418+0000] {processor.py:925} INFO - DAG(s) 'example_external_task_marker_parent', 'example_external_task_marker_child' retrieved from /home/airflow/.local/lib/python3.12/site-packages/airflow/example_dags/example_external_task_marker_dag.py
[2025-07-03T21:34:46.436+0000] {logging_mixin.py:190} INFO - [2025-07-03T21:34:46.435+0000] {dag.py:3239} INFO - Sync 2 DAGs
[2025-07-03T21:34:46.442+0000] {logging_mixin.py:190} INFO - [2025-07-03T21:34:46.442+0000] {dag.py:4180} INFO - Setting next_dagrun for example_external_task_marker_child to None, run_after=None
[2025-07-03T21:34:46.446+0000] {logging_mixin.py:190} INFO - [2025-07-03T21:34:46.445+0000] {dag.py:4180} INFO - Setting next_dagrun for example_external_task_marker_parent to None, run_after=None
[2025-07-03T21:34:46.455+0000] {processor.py:208} INFO - Processing /home/airflow/.local/lib/python3.12/site-packages/airflow/example_dags/example_external_task_marker_dag.py took 0.051 seconds
[2025-07-03T21:35:16.529+0000] {processor.py:186} INFO - Started process (PID=886) to work on /home/airflow/.local/lib/python3.12/site-packages/airflow/example_dags/example_external_task_marker_dag.py
[2025-07-03T21:35:16.535+0000] {processor.py:914} INFO - Processing file /home/airflow/.local/lib/python3.12/site-packages/airflow/example_dags/example_external_task_marker_dag.py for tasks to queue
[2025-07-03T21:35:16.540+0000] {logging_mixin.py:190} INFO - [2025-07-03T21:35:16.540+0000] {dagbag.py:588} INFO - Filling up the DagBag from /home/airflow/.local/lib/python3.12/site-packages/airflow/example_dags/example_external_task_marker_dag.py
[2025-07-03T21:35:16.545+0000] {processor.py:925} INFO - DAG(s) 'example_external_task_marker_parent', 'example_external_task_marker_child' retrieved from /home/airflow/.local/lib/python3.12/site-packages/airflow/example_dags/example_external_task_marker_dag.py
[2025-07-03T21:35:16.565+0000] {logging_mixin.py:190} INFO - [2025-07-03T21:35:16.564+0000] {dag.py:3239} INFO - Sync 2 DAGs
[2025-07-03T21:35:16.575+0000] {logging_mixin.py:190} INFO - [2025-07-03T21:35:16.575+0000] {dag.py:4180} INFO - Setting next_dagrun for example_external_task_marker_child to None, run_after=None
[2025-07-03T21:35:16.578+0000] {logging_mixin.py:190} INFO - [2025-07-03T21:35:16.578+0000] {dag.py:4180} INFO - Setting next_dagrun for example_external_task_marker_parent to None, run_after=None
[2025-07-03T21:35:16.586+0000] {processor.py:208} INFO - Processing /home/airflow/.local/lib/python3.12/site-packages/airflow/example_dags/example_external_task_marker_dag.py took 0.067 seconds
[2025-07-03T21:35:47.005+0000] {processor.py:186} INFO - Started process (PID=948) to work on /home/airflow/.local/lib/python3.12/site-packages/airflow/example_dags/example_external_task_marker_dag.py
[2025-07-03T21:35:47.006+0000] {processor.py:914} INFO - Processing file /home/airflow/.local/lib/python3.12/site-packages/airflow/example_dags/example_external_task_marker_dag.py for tasks to queue
[2025-07-03T21:35:47.007+0000] {logging_mixin.py:190} INFO - [2025-07-03T21:35:47.007+0000] {dagbag.py:588} INFO - Filling up the DagBag from /home/airflow/.local/lib/python3.12/site-packages/airflow/example_dags/example_external_task_marker_dag.py
[2025-07-03T21:35:47.012+0000] {processor.py:925} INFO - DAG(s) 'example_external_task_marker_parent', 'example_external_task_marker_child' retrieved from /home/airflow/.local/lib/python3.12/site-packages/airflow/example_dags/example_external_task_marker_dag.py
[2025-07-03T21:35:47.027+0000] {logging_mixin.py:190} INFO - [2025-07-03T21:35:47.026+0000] {dag.py:3239} INFO - Sync 2 DAGs
[2025-07-03T21:35:47.034+0000] {logging_mixin.py:190} INFO - [2025-07-03T21:35:47.034+0000] {dag.py:4180} INFO - Setting next_dagrun for example_external_task_marker_child to None, run_after=None
[2025-07-03T21:35:47.037+0000] {logging_mixin.py:190} INFO - [2025-07-03T21:35:47.037+0000] {dag.py:4180} INFO - Setting next_dagrun for example_external_task_marker_parent to None, run_after=None
[2025-07-03T21:35:47.045+0000] {processor.py:208} INFO - Processing /home/airflow/.local/lib/python3.12/site-packages/airflow/example_dags/example_external_task_marker_dag.py took 0.044 seconds
[2025-07-03T21:36:17.383+0000] {processor.py:186} INFO - Started process (PID=1011) to work on /home/airflow/.local/lib/python3.12/site-packages/airflow/example_dags/example_external_task_marker_dag.py
[2025-07-03T21:36:17.385+0000] {processor.py:914} INFO - Processing file /home/airflow/.local/lib/python3.12/site-packages/airflow/example_dags/example_external_task_marker_dag.py for tasks to queue
[2025-07-03T21:36:17.387+0000] {logging_mixin.py:190} INFO - [2025-07-03T21:36:17.387+0000] {dagbag.py:588} INFO - Filling up the DagBag from /home/airflow/.local/lib/python3.12/site-packages/airflow/example_dags/example_external_task_marker_dag.py
[2025-07-03T21:36:17.391+0000] {processor.py:925} INFO - DAG(s) 'example_external_task_marker_parent', 'example_external_task_marker_child' retrieved from /home/airflow/.local/lib/python3.12/site-packages/airflow/example_dags/example_external_task_marker_dag.py
[2025-07-03T21:36:17.405+0000] {logging_mixin.py:190} INFO - [2025-07-03T21:36:17.405+0000] {dag.py:3239} INFO - Sync 2 DAGs
[2025-07-03T21:36:17.412+0000] {logging_mixin.py:190} INFO - [2025-07-03T21:36:17.412+0000] {dag.py:4180} INFO - Setting next_dagrun for example_external_task_marker_child to None, run_after=None
[2025-07-03T21:36:17.414+0000] {logging_mixin.py:190} INFO - [2025-07-03T21:36:17.414+0000] {dag.py:4180} INFO - Setting next_dagrun for example_external_task_marker_parent to None, run_after=None
[2025-07-03T21:36:17.424+0000] {processor.py:208} INFO - Processing /home/airflow/.local/lib/python3.12/site-packages/airflow/example_dags/example_external_task_marker_dag.py took 0.048 seconds
[2025-07-03T21:36:48.386+0000] {processor.py:186} INFO - Started process (PID=1073) to work on /home/airflow/.local/lib/python3.12/site-packages/airflow/example_dags/example_external_task_marker_dag.py
[2025-07-03T21:36:48.387+0000] {processor.py:914} INFO - Processing file /home/airflow/.local/lib/python3.12/site-packages/airflow/example_dags/example_external_task_marker_dag.py for tasks to queue
[2025-07-03T21:36:48.388+0000] {logging_mixin.py:190} INFO - [2025-07-03T21:36:48.388+0000] {dagbag.py:588} INFO - Filling up the DagBag from /home/airflow/.local/lib/python3.12/site-packages/airflow/example_dags/example_external_task_marker_dag.py
[2025-07-03T21:36:48.393+0000] {processor.py:925} INFO - DAG(s) 'example_external_task_marker_parent', 'example_external_task_marker_child' retrieved from /home/airflow/.local/lib/python3.12/site-packages/airflow/example_dags/example_external_task_marker_dag.py
[2025-07-03T21:36:48.413+0000] {logging_mixin.py:190} INFO - [2025-07-03T21:36:48.412+0000] {dag.py:3239} INFO - Sync 2 DAGs
[2025-07-03T21:36:48.421+0000] {logging_mixin.py:190} INFO - [2025-07-03T21:36:48.421+0000] {dag.py:4180} INFO - Setting next_dagrun for example_external_task_marker_child to None, run_after=None
[2025-07-03T21:36:48.423+0000] {logging_mixin.py:190} INFO - [2025-07-03T21:36:48.423+0000] {dag.py:4180} INFO - Setting next_dagrun for example_external_task_marker_parent to None, run_after=None
[2025-07-03T21:36:48.434+0000] {processor.py:208} INFO - Processing /home/airflow/.local/lib/python3.12/site-packages/airflow/example_dags/example_external_task_marker_dag.py took 0.052 seconds
[2025-07-03T21:37:18.890+0000] {processor.py:186} INFO - Started process (PID=1135) to work on /home/airflow/.local/lib/python3.12/site-packages/airflow/example_dags/example_external_task_marker_dag.py
[2025-07-03T21:37:18.892+0000] {processor.py:914} INFO - Processing file /home/airflow/.local/lib/python3.12/site-packages/airflow/example_dags/example_external_task_marker_dag.py for tasks to queue
[2025-07-03T21:37:18.893+0000] {logging_mixin.py:190} INFO - [2025-07-03T21:37:18.893+0000] {dagbag.py:588} INFO - Filling up the DagBag from /home/airflow/.local/lib/python3.12/site-packages/airflow/example_dags/example_external_task_marker_dag.py
[2025-07-03T21:37:18.897+0000] {processor.py:925} INFO - DAG(s) 'example_external_task_marker_child', 'example_external_task_marker_parent' retrieved from /home/airflow/.local/lib/python3.12/site-packages/airflow/example_dags/example_external_task_marker_dag.py
[2025-07-03T21:37:18.911+0000] {logging_mixin.py:190} INFO - [2025-07-03T21:37:18.911+0000] {dag.py:3239} INFO - Sync 2 DAGs
[2025-07-03T21:37:18.917+0000] {logging_mixin.py:190} INFO - [2025-07-03T21:37:18.917+0000] {dag.py:4180} INFO - Setting next_dagrun for example_external_task_marker_child to None, run_after=None
[2025-07-03T21:37:18.920+0000] {logging_mixin.py:190} INFO - [2025-07-03T21:37:18.920+0000] {dag.py:4180} INFO - Setting next_dagrun for example_external_task_marker_parent to None, run_after=None
[2025-07-03T21:37:18.930+0000] {processor.py:208} INFO - Processing /home/airflow/.local/lib/python3.12/site-packages/airflow/example_dags/example_external_task_marker_dag.py took 0.044 seconds
[2025-07-03T21:37:49.314+0000] {processor.py:186} INFO - Started process (PID=1197) to work on /home/airflow/.local/lib/python3.12/site-packages/airflow/example_dags/example_external_task_marker_dag.py
[2025-07-03T21:37:49.315+0000] {processor.py:914} INFO - Processing file /home/airflow/.local/lib/python3.12/site-packages/airflow/example_dags/example_external_task_marker_dag.py for tasks to queue
[2025-07-03T21:37:49.317+0000] {logging_mixin.py:190} INFO - [2025-07-03T21:37:49.317+0000] {dagbag.py:588} INFO - Filling up the DagBag from /home/airflow/.local/lib/python3.12/site-packages/airflow/example_dags/example_external_task_marker_dag.py
[2025-07-03T21:37:49.322+0000] {processor.py:925} INFO - DAG(s) 'example_external_task_marker_child', 'example_external_task_marker_parent' retrieved from /home/airflow/.local/lib/python3.12/site-packages/airflow/example_dags/example_external_task_marker_dag.py
[2025-07-03T21:37:49.339+0000] {logging_mixin.py:190} INFO - [2025-07-03T21:37:49.339+0000] {dag.py:3239} INFO - Sync 2 DAGs
[2025-07-03T21:37:49.347+0000] {logging_mixin.py:190} INFO - [2025-07-03T21:37:49.347+0000] {dag.py:4180} INFO - Setting next_dagrun for example_external_task_marker_child to None, run_after=None
[2025-07-03T21:37:49.351+0000] {logging_mixin.py:190} INFO - [2025-07-03T21:37:49.351+0000] {dag.py:4180} INFO - Setting next_dagrun for example_external_task_marker_parent to None, run_after=None
[2025-07-03T21:37:49.361+0000] {processor.py:208} INFO - Processing /home/airflow/.local/lib/python3.12/site-packages/airflow/example_dags/example_external_task_marker_dag.py took 0.050 seconds
[2025-07-03T21:38:19.757+0000] {processor.py:186} INFO - Started process (PID=1259) to work on /home/airflow/.local/lib/python3.12/site-packages/airflow/example_dags/example_external_task_marker_dag.py
[2025-07-03T21:38:19.758+0000] {processor.py:914} INFO - Processing file /home/airflow/.local/lib/python3.12/site-packages/airflow/example_dags/example_external_task_marker_dag.py for tasks to queue
[2025-07-03T21:38:19.759+0000] {logging_mixin.py:190} INFO - [2025-07-03T21:38:19.759+0000] {dagbag.py:588} INFO - Filling up the DagBag from /home/airflow/.local/lib/python3.12/site-packages/airflow/example_dags/example_external_task_marker_dag.py
[2025-07-03T21:38:19.763+0000] {processor.py:925} INFO - DAG(s) 'example_external_task_marker_child', 'example_external_task_marker_parent' retrieved from /home/airflow/.local/lib/python3.12/site-packages/airflow/example_dags/example_external_task_marker_dag.py
[2025-07-03T21:38:19.778+0000] {logging_mixin.py:190} INFO - [2025-07-03T21:38:19.778+0000] {dag.py:3239} INFO - Sync 2 DAGs
[2025-07-03T21:38:19.786+0000] {logging_mixin.py:190} INFO - [2025-07-03T21:38:19.786+0000] {dag.py:4180} INFO - Setting next_dagrun for example_external_task_marker_child to None, run_after=None
[2025-07-03T21:38:19.788+0000] {logging_mixin.py:190} INFO - [2025-07-03T21:38:19.788+0000] {dag.py:4180} INFO - Setting next_dagrun for example_external_task_marker_parent to None, run_after=None
[2025-07-03T21:38:19.797+0000] {processor.py:208} INFO - Processing /home/airflow/.local/lib/python3.12/site-packages/airflow/example_dags/example_external_task_marker_dag.py took 0.044 seconds
[2025-07-03T21:38:50.116+0000] {processor.py:186} INFO - Started process (PID=1321) to work on /home/airflow/.local/lib/python3.12/site-packages/airflow/example_dags/example_external_task_marker_dag.py
[2025-07-03T21:38:50.117+0000] {processor.py:914} INFO - Processing file /home/airflow/.local/lib/python3.12/site-packages/airflow/example_dags/example_external_task_marker_dag.py for tasks to queue
[2025-07-03T21:38:50.119+0000] {logging_mixin.py:190} INFO - [2025-07-03T21:38:50.119+0000] {dagbag.py:588} INFO - Filling up the DagBag from /home/airflow/.local/lib/python3.12/site-packages/airflow/example_dags/example_external_task_marker_dag.py
[2025-07-03T21:38:50.123+0000] {processor.py:925} INFO - DAG(s) 'example_external_task_marker_child', 'example_external_task_marker_parent' retrieved from /home/airflow/.local/lib/python3.12/site-packages/airflow/example_dags/example_external_task_marker_dag.py
[2025-07-03T21:38:50.136+0000] {logging_mixin.py:190} INFO - [2025-07-03T21:38:50.136+0000] {dag.py:3239} INFO - Sync 2 DAGs
[2025-07-03T21:38:50.143+0000] {logging_mixin.py:190} INFO - [2025-07-03T21:38:50.143+0000] {dag.py:4180} INFO - Setting next_dagrun for example_external_task_marker_child to None, run_after=None
[2025-07-03T21:38:50.145+0000] {logging_mixin.py:190} INFO - [2025-07-03T21:38:50.145+0000] {dag.py:4180} INFO - Setting next_dagrun for example_external_task_marker_parent to None, run_after=None
[2025-07-03T21:38:50.155+0000] {processor.py:208} INFO - Processing /home/airflow/.local/lib/python3.12/site-packages/airflow/example_dags/example_external_task_marker_dag.py took 0.043 seconds
[2025-07-03T21:39:20.351+0000] {processor.py:186} INFO - Started process (PID=1382) to work on /home/airflow/.local/lib/python3.12/site-packages/airflow/example_dags/example_external_task_marker_dag.py
[2025-07-03T21:39:20.352+0000] {processor.py:914} INFO - Processing file /home/airflow/.local/lib/python3.12/site-packages/airflow/example_dags/example_external_task_marker_dag.py for tasks to queue
[2025-07-03T21:39:20.353+0000] {logging_mixin.py:190} INFO - [2025-07-03T21:39:20.353+0000] {dagbag.py:588} INFO - Filling up the DagBag from /home/airflow/.local/lib/python3.12/site-packages/airflow/example_dags/example_external_task_marker_dag.py
[2025-07-03T21:39:20.357+0000] {processor.py:925} INFO - DAG(s) 'example_external_task_marker_parent', 'example_external_task_marker_child' retrieved from /home/airflow/.local/lib/python3.12/site-packages/airflow/example_dags/example_external_task_marker_dag.py
[2025-07-03T21:39:20.370+0000] {logging_mixin.py:190} INFO - [2025-07-03T21:39:20.370+0000] {dag.py:3239} INFO - Sync 2 DAGs
[2025-07-03T21:39:20.377+0000] {logging_mixin.py:190} INFO - [2025-07-03T21:39:20.377+0000] {dag.py:4180} INFO - Setting next_dagrun for example_external_task_marker_child to None, run_after=None
[2025-07-03T21:39:20.380+0000] {logging_mixin.py:190} INFO - [2025-07-03T21:39:20.380+0000] {dag.py:4180} INFO - Setting next_dagrun for example_external_task_marker_parent to None, run_after=None
[2025-07-03T21:39:20.390+0000] {processor.py:208} INFO - Processing /home/airflow/.local/lib/python3.12/site-packages/airflow/example_dags/example_external_task_marker_dag.py took 0.042 seconds
[2025-07-03T21:39:50.637+0000] {processor.py:186} INFO - Started process (PID=1444) to work on /home/airflow/.local/lib/python3.12/site-packages/airflow/example_dags/example_external_task_marker_dag.py
[2025-07-03T21:39:50.639+0000] {processor.py:914} INFO - Processing file /home/airflow/.local/lib/python3.12/site-packages/airflow/example_dags/example_external_task_marker_dag.py for tasks to queue
[2025-07-03T21:39:50.642+0000] {logging_mixin.py:190} INFO - [2025-07-03T21:39:50.642+0000] {dagbag.py:588} INFO - Filling up the DagBag from /home/airflow/.local/lib/python3.12/site-packages/airflow/example_dags/example_external_task_marker_dag.py
[2025-07-03T21:39:50.647+0000] {processor.py:925} INFO - DAG(s) 'example_external_task_marker_child', 'example_external_task_marker_parent' retrieved from /home/airflow/.local/lib/python3.12/site-packages/airflow/example_dags/example_external_task_marker_dag.py
[2025-07-03T21:39:50.662+0000] {logging_mixin.py:190} INFO - [2025-07-03T21:39:50.661+0000] {dag.py:3239} INFO - Sync 2 DAGs
[2025-07-03T21:39:50.668+0000] {logging_mixin.py:190} INFO - [2025-07-03T21:39:50.668+0000] {dag.py:4180} INFO - Setting next_dagrun for example_external_task_marker_child to None, run_after=None
[2025-07-03T21:39:50.671+0000] {logging_mixin.py:190} INFO - [2025-07-03T21:39:50.670+0000] {dag.py:4180} INFO - Setting next_dagrun for example_external_task_marker_parent to None, run_after=None
[2025-07-03T21:39:50.680+0000] {processor.py:208} INFO - Processing /home/airflow/.local/lib/python3.12/site-packages/airflow/example_dags/example_external_task_marker_dag.py took 0.046 seconds
[2025-07-03T21:40:21.086+0000] {processor.py:186} INFO - Started process (PID=1506) to work on /home/airflow/.local/lib/python3.12/site-packages/airflow/example_dags/example_external_task_marker_dag.py
[2025-07-03T21:40:21.089+0000] {processor.py:914} INFO - Processing file /home/airflow/.local/lib/python3.12/site-packages/airflow/example_dags/example_external_task_marker_dag.py for tasks to queue
[2025-07-03T21:40:21.091+0000] {logging_mixin.py:190} INFO - [2025-07-03T21:40:21.090+0000] {dagbag.py:588} INFO - Filling up the DagBag from /home/airflow/.local/lib/python3.12/site-packages/airflow/example_dags/example_external_task_marker_dag.py
[2025-07-03T21:40:21.097+0000] {processor.py:925} INFO - DAG(s) 'example_external_task_marker_parent', 'example_external_task_marker_child' retrieved from /home/airflow/.local/lib/python3.12/site-packages/airflow/example_dags/example_external_task_marker_dag.py
[2025-07-03T21:40:21.142+0000] {logging_mixin.py:190} INFO - [2025-07-03T21:40:21.142+0000] {dag.py:3239} INFO - Sync 2 DAGs
[2025-07-03T21:40:21.156+0000] {logging_mixin.py:190} INFO - [2025-07-03T21:40:21.155+0000] {dag.py:4180} INFO - Setting next_dagrun for example_external_task_marker_child to None, run_after=None
[2025-07-03T21:40:21.159+0000] {logging_mixin.py:190} INFO - [2025-07-03T21:40:21.159+0000] {dag.py:4180} INFO - Setting next_dagrun for example_external_task_marker_parent to None, run_after=None
[2025-07-03T21:40:21.174+0000] {processor.py:208} INFO - Processing /home/airflow/.local/lib/python3.12/site-packages/airflow/example_dags/example_external_task_marker_dag.py took 0.094 seconds
[2025-07-03T21:40:51.593+0000] {processor.py:186} INFO - Started process (PID=1568) to work on /home/airflow/.local/lib/python3.12/site-packages/airflow/example_dags/example_external_task_marker_dag.py
[2025-07-03T21:40:51.594+0000] {processor.py:914} INFO - Processing file /home/airflow/.local/lib/python3.12/site-packages/airflow/example_dags/example_external_task_marker_dag.py for tasks to queue
[2025-07-03T21:40:51.595+0000] {logging_mixin.py:190} INFO - [2025-07-03T21:40:51.595+0000] {dagbag.py:588} INFO - Filling up the DagBag from /home/airflow/.local/lib/python3.12/site-packages/airflow/example_dags/example_external_task_marker_dag.py
[2025-07-03T21:40:51.600+0000] {processor.py:925} INFO - DAG(s) 'example_external_task_marker_child', 'example_external_task_marker_parent' retrieved from /home/airflow/.local/lib/python3.12/site-packages/airflow/example_dags/example_external_task_marker_dag.py
[2025-07-03T21:40:51.621+0000] {logging_mixin.py:190} INFO - [2025-07-03T21:40:51.621+0000] {dag.py:3239} INFO - Sync 2 DAGs
[2025-07-03T21:40:51.697+0000] {logging_mixin.py:190} INFO - [2025-07-03T21:40:51.697+0000] {dag.py:4180} INFO - Setting next_dagrun for example_external_task_marker_child to None, run_after=None
[2025-07-03T21:40:51.701+0000] {logging_mixin.py:190} INFO - [2025-07-03T21:40:51.701+0000] {dag.py:4180} INFO - Setting next_dagrun for example_external_task_marker_parent to None, run_after=None
[2025-07-03T21:40:51.718+0000] {processor.py:208} INFO - Processing /home/airflow/.local/lib/python3.12/site-packages/airflow/example_dags/example_external_task_marker_dag.py took 0.129 seconds
[2025-07-03T21:41:22.403+0000] {processor.py:186} INFO - Started process (PID=1630) to work on /home/airflow/.local/lib/python3.12/site-packages/airflow/example_dags/example_external_task_marker_dag.py
[2025-07-03T21:41:22.409+0000] {processor.py:914} INFO - Processing file /home/airflow/.local/lib/python3.12/site-packages/airflow/example_dags/example_external_task_marker_dag.py for tasks to queue
[2025-07-03T21:41:22.412+0000] {logging_mixin.py:190} INFO - [2025-07-03T21:41:22.412+0000] {dagbag.py:588} INFO - Filling up the DagBag from /home/airflow/.local/lib/python3.12/site-packages/airflow/example_dags/example_external_task_marker_dag.py
[2025-07-03T21:41:22.421+0000] {processor.py:925} INFO - DAG(s) 'example_external_task_marker_parent', 'example_external_task_marker_child' retrieved from /home/airflow/.local/lib/python3.12/site-packages/airflow/example_dags/example_external_task_marker_dag.py
[2025-07-03T21:41:22.444+0000] {logging_mixin.py:190} INFO - [2025-07-03T21:41:22.444+0000] {dag.py:3239} INFO - Sync 2 DAGs
[2025-07-03T21:41:22.455+0000] {logging_mixin.py:190} INFO - [2025-07-03T21:41:22.455+0000] {dag.py:4180} INFO - Setting next_dagrun for example_external_task_marker_child to None, run_after=None
[2025-07-03T21:41:22.460+0000] {logging_mixin.py:190} INFO - [2025-07-03T21:41:22.460+0000] {dag.py:4180} INFO - Setting next_dagrun for example_external_task_marker_parent to None, run_after=None
[2025-07-03T21:41:22.474+0000] {processor.py:208} INFO - Processing /home/airflow/.local/lib/python3.12/site-packages/airflow/example_dags/example_external_task_marker_dag.py took 0.077 seconds
[2025-07-03T21:41:53.386+0000] {processor.py:186} INFO - Started process (PID=1692) to work on /home/airflow/.local/lib/python3.12/site-packages/airflow/example_dags/example_external_task_marker_dag.py
[2025-07-03T21:41:53.387+0000] {processor.py:914} INFO - Processing file /home/airflow/.local/lib/python3.12/site-packages/airflow/example_dags/example_external_task_marker_dag.py for tasks to queue
[2025-07-03T21:41:53.389+0000] {logging_mixin.py:190} INFO - [2025-07-03T21:41:53.388+0000] {dagbag.py:588} INFO - Filling up the DagBag from /home/airflow/.local/lib/python3.12/site-packages/airflow/example_dags/example_external_task_marker_dag.py
[2025-07-03T21:41:53.393+0000] {processor.py:925} INFO - DAG(s) 'example_external_task_marker_child', 'example_external_task_marker_parent' retrieved from /home/airflow/.local/lib/python3.12/site-packages/airflow/example_dags/example_external_task_marker_dag.py
[2025-07-03T21:41:53.408+0000] {logging_mixin.py:190} INFO - [2025-07-03T21:41:53.408+0000] {dag.py:3239} INFO - Sync 2 DAGs
[2025-07-03T21:41:53.418+0000] {logging_mixin.py:190} INFO - [2025-07-03T21:41:53.418+0000] {dag.py:4180} INFO - Setting next_dagrun for example_external_task_marker_child to None, run_after=None
[2025-07-03T21:41:53.421+0000] {logging_mixin.py:190} INFO - [2025-07-03T21:41:53.421+0000] {dag.py:4180} INFO - Setting next_dagrun for example_external_task_marker_parent to None, run_after=None
[2025-07-03T21:41:53.435+0000] {processor.py:208} INFO - Processing /home/airflow/.local/lib/python3.12/site-packages/airflow/example_dags/example_external_task_marker_dag.py took 0.054 seconds
[2025-07-03T21:42:24.072+0000] {processor.py:186} INFO - Started process (PID=1754) to work on /home/airflow/.local/lib/python3.12/site-packages/airflow/example_dags/example_external_task_marker_dag.py
[2025-07-03T21:42:24.073+0000] {processor.py:914} INFO - Processing file /home/airflow/.local/lib/python3.12/site-packages/airflow/example_dags/example_external_task_marker_dag.py for tasks to queue
[2025-07-03T21:42:24.075+0000] {logging_mixin.py:190} INFO - [2025-07-03T21:42:24.075+0000] {dagbag.py:588} INFO - Filling up the DagBag from /home/airflow/.local/lib/python3.12/site-packages/airflow/example_dags/example_external_task_marker_dag.py
[2025-07-03T21:42:24.079+0000] {processor.py:925} INFO - DAG(s) 'example_external_task_marker_parent', 'example_external_task_marker_child' retrieved from /home/airflow/.local/lib/python3.12/site-packages/airflow/example_dags/example_external_task_marker_dag.py
[2025-07-03T21:42:24.097+0000] {logging_mixin.py:190} INFO - [2025-07-03T21:42:24.097+0000] {dag.py:3239} INFO - Sync 2 DAGs
[2025-07-03T21:42:24.106+0000] {logging_mixin.py:190} INFO - [2025-07-03T21:42:24.106+0000] {dag.py:4180} INFO - Setting next_dagrun for example_external_task_marker_child to None, run_after=None
[2025-07-03T21:42:24.110+0000] {logging_mixin.py:190} INFO - [2025-07-03T21:42:24.110+0000] {dag.py:4180} INFO - Setting next_dagrun for example_external_task_marker_parent to None, run_after=None
[2025-07-03T21:42:24.119+0000] {processor.py:208} INFO - Processing /home/airflow/.local/lib/python3.12/site-packages/airflow/example_dags/example_external_task_marker_dag.py took 0.050 seconds
[2025-07-03T21:42:54.236+0000] {processor.py:186} INFO - Started process (PID=1815) to work on /home/airflow/.local/lib/python3.12/site-packages/airflow/example_dags/example_external_task_marker_dag.py
[2025-07-03T21:42:54.237+0000] {processor.py:914} INFO - Processing file /home/airflow/.local/lib/python3.12/site-packages/airflow/example_dags/example_external_task_marker_dag.py for tasks to queue
[2025-07-03T21:42:54.238+0000] {logging_mixin.py:190} INFO - [2025-07-03T21:42:54.238+0000] {dagbag.py:588} INFO - Filling up the DagBag from /home/airflow/.local/lib/python3.12/site-packages/airflow/example_dags/example_external_task_marker_dag.py
[2025-07-03T21:42:54.244+0000] {processor.py:925} INFO - DAG(s) 'example_external_task_marker_parent', 'example_external_task_marker_child' retrieved from /home/airflow/.local/lib/python3.12/site-packages/airflow/example_dags/example_external_task_marker_dag.py
[2025-07-03T21:42:54.258+0000] {logging_mixin.py:190} INFO - [2025-07-03T21:42:54.258+0000] {dag.py:3239} INFO - Sync 2 DAGs
[2025-07-03T21:42:54.268+0000] {logging_mixin.py:190} INFO - [2025-07-03T21:42:54.268+0000] {dag.py:4180} INFO - Setting next_dagrun for example_external_task_marker_child to None, run_after=None
[2025-07-03T21:42:54.270+0000] {logging_mixin.py:190} INFO - [2025-07-03T21:42:54.270+0000] {dag.py:4180} INFO - Setting next_dagrun for example_external_task_marker_parent to None, run_after=None
[2025-07-03T21:42:54.278+0000] {processor.py:208} INFO - Processing /home/airflow/.local/lib/python3.12/site-packages/airflow/example_dags/example_external_task_marker_dag.py took 0.047 seconds
[2025-07-03T21:43:25.166+0000] {processor.py:186} INFO - Started process (PID=1878) to work on /home/airflow/.local/lib/python3.12/site-packages/airflow/example_dags/example_external_task_marker_dag.py
[2025-07-03T21:43:25.167+0000] {processor.py:914} INFO - Processing file /home/airflow/.local/lib/python3.12/site-packages/airflow/example_dags/example_external_task_marker_dag.py for tasks to queue
[2025-07-03T21:43:25.169+0000] {logging_mixin.py:190} INFO - [2025-07-03T21:43:25.168+0000] {dagbag.py:588} INFO - Filling up the DagBag from /home/airflow/.local/lib/python3.12/site-packages/airflow/example_dags/example_external_task_marker_dag.py
[2025-07-03T21:43:25.175+0000] {processor.py:925} INFO - DAG(s) 'example_external_task_marker_child', 'example_external_task_marker_parent' retrieved from /home/airflow/.local/lib/python3.12/site-packages/airflow/example_dags/example_external_task_marker_dag.py
[2025-07-03T21:43:25.192+0000] {logging_mixin.py:190} INFO - [2025-07-03T21:43:25.192+0000] {dag.py:3239} INFO - Sync 2 DAGs
[2025-07-03T21:43:25.203+0000] {logging_mixin.py:190} INFO - [2025-07-03T21:43:25.203+0000] {dag.py:4180} INFO - Setting next_dagrun for example_external_task_marker_child to None, run_after=None
[2025-07-03T21:43:25.205+0000] {logging_mixin.py:190} INFO - [2025-07-03T21:43:25.205+0000] {dag.py:4180} INFO - Setting next_dagrun for example_external_task_marker_parent to None, run_after=None
[2025-07-03T21:43:25.211+0000] {processor.py:208} INFO - Processing /home/airflow/.local/lib/python3.12/site-packages/airflow/example_dags/example_external_task_marker_dag.py took 0.048 seconds
[2025-07-03T21:43:55.629+0000] {processor.py:186} INFO - Started process (PID=1939) to work on /home/airflow/.local/lib/python3.12/site-packages/airflow/example_dags/example_external_task_marker_dag.py
[2025-07-03T21:43:55.630+0000] {processor.py:914} INFO - Processing file /home/airflow/.local/lib/python3.12/site-packages/airflow/example_dags/example_external_task_marker_dag.py for tasks to queue
[2025-07-03T21:43:55.632+0000] {logging_mixin.py:190} INFO - [2025-07-03T21:43:55.631+0000] {dagbag.py:588} INFO - Filling up the DagBag from /home/airflow/.local/lib/python3.12/site-packages/airflow/example_dags/example_external_task_marker_dag.py
[2025-07-03T21:43:55.636+0000] {processor.py:925} INFO - DAG(s) 'example_external_task_marker_parent', 'example_external_task_marker_child' retrieved from /home/airflow/.local/lib/python3.12/site-packages/airflow/example_dags/example_external_task_marker_dag.py
[2025-07-03T21:43:55.654+0000] {logging_mixin.py:190} INFO - [2025-07-03T21:43:55.654+0000] {dag.py:3239} INFO - Sync 2 DAGs
[2025-07-03T21:43:55.667+0000] {logging_mixin.py:190} INFO - [2025-07-03T21:43:55.667+0000] {dag.py:4180} INFO - Setting next_dagrun for example_external_task_marker_child to None, run_after=None
[2025-07-03T21:43:55.669+0000] {logging_mixin.py:190} INFO - [2025-07-03T21:43:55.668+0000] {dag.py:4180} INFO - Setting next_dagrun for example_external_task_marker_parent to None, run_after=None
[2025-07-03T21:43:55.681+0000] {processor.py:208} INFO - Processing /home/airflow/.local/lib/python3.12/site-packages/airflow/example_dags/example_external_task_marker_dag.py took 0.056 seconds
[2025-07-03T21:44:25.697+0000] {processor.py:186} INFO - Started process (PID=2001) to work on /home/airflow/.local/lib/python3.12/site-packages/airflow/example_dags/example_external_task_marker_dag.py
[2025-07-03T21:44:25.698+0000] {processor.py:914} INFO - Processing file /home/airflow/.local/lib/python3.12/site-packages/airflow/example_dags/example_external_task_marker_dag.py for tasks to queue
[2025-07-03T21:44:25.699+0000] {logging_mixin.py:190} INFO - [2025-07-03T21:44:25.699+0000] {dagbag.py:588} INFO - Filling up the DagBag from /home/airflow/.local/lib/python3.12/site-packages/airflow/example_dags/example_external_task_marker_dag.py
[2025-07-03T21:44:25.703+0000] {processor.py:925} INFO - DAG(s) 'example_external_task_marker_child', 'example_external_task_marker_parent' retrieved from /home/airflow/.local/lib/python3.12/site-packages/airflow/example_dags/example_external_task_marker_dag.py
[2025-07-03T21:44:25.717+0000] {logging_mixin.py:190} INFO - [2025-07-03T21:44:25.717+0000] {dag.py:3239} INFO - Sync 2 DAGs
[2025-07-03T21:44:25.725+0000] {logging_mixin.py:190} INFO - [2025-07-03T21:44:25.724+0000] {dag.py:4180} INFO - Setting next_dagrun for example_external_task_marker_child to None, run_after=None
[2025-07-03T21:44:25.726+0000] {logging_mixin.py:190} INFO - [2025-07-03T21:44:25.726+0000] {dag.py:4180} INFO - Setting next_dagrun for example_external_task_marker_parent to None, run_after=None
[2025-07-03T21:44:25.737+0000] {processor.py:208} INFO - Processing /home/airflow/.local/lib/python3.12/site-packages/airflow/example_dags/example_external_task_marker_dag.py took 0.042 seconds
[2025-07-03T21:44:56.482+0000] {processor.py:186} INFO - Started process (PID=2063) to work on /home/airflow/.local/lib/python3.12/site-packages/airflow/example_dags/example_external_task_marker_dag.py
[2025-07-03T21:44:56.482+0000] {processor.py:914} INFO - Processing file /home/airflow/.local/lib/python3.12/site-packages/airflow/example_dags/example_external_task_marker_dag.py for tasks to queue
[2025-07-03T21:44:56.484+0000] {logging_mixin.py:190} INFO - [2025-07-03T21:44:56.484+0000] {dagbag.py:588} INFO - Filling up the DagBag from /home/airflow/.local/lib/python3.12/site-packages/airflow/example_dags/example_external_task_marker_dag.py
[2025-07-03T21:44:56.489+0000] {processor.py:925} INFO - DAG(s) 'example_external_task_marker_child', 'example_external_task_marker_parent' retrieved from /home/airflow/.local/lib/python3.12/site-packages/airflow/example_dags/example_external_task_marker_dag.py
[2025-07-03T21:44:56.504+0000] {logging_mixin.py:190} INFO - [2025-07-03T21:44:56.503+0000] {dag.py:3239} INFO - Sync 2 DAGs
[2025-07-03T21:44:56.514+0000] {logging_mixin.py:190} INFO - [2025-07-03T21:44:56.513+0000] {dag.py:4180} INFO - Setting next_dagrun for example_external_task_marker_child to None, run_after=None
[2025-07-03T21:44:56.516+0000] {logging_mixin.py:190} INFO - [2025-07-03T21:44:56.516+0000] {dag.py:4180} INFO - Setting next_dagrun for example_external_task_marker_parent to None, run_after=None
[2025-07-03T21:44:56.529+0000] {processor.py:208} INFO - Processing /home/airflow/.local/lib/python3.12/site-packages/airflow/example_dags/example_external_task_marker_dag.py took 0.052 seconds
[2025-07-03T21:45:27.914+0000] {processor.py:186} INFO - Started process (PID=2125) to work on /home/airflow/.local/lib/python3.12/site-packages/airflow/example_dags/example_external_task_marker_dag.py
[2025-07-03T21:45:27.915+0000] {processor.py:914} INFO - Processing file /home/airflow/.local/lib/python3.12/site-packages/airflow/example_dags/example_external_task_marker_dag.py for tasks to queue
[2025-07-03T21:45:27.918+0000] {logging_mixin.py:190} INFO - [2025-07-03T21:45:27.918+0000] {dagbag.py:588} INFO - Filling up the DagBag from /home/airflow/.local/lib/python3.12/site-packages/airflow/example_dags/example_external_task_marker_dag.py
[2025-07-03T21:45:27.924+0000] {processor.py:925} INFO - DAG(s) 'example_external_task_marker_child', 'example_external_task_marker_parent' retrieved from /home/airflow/.local/lib/python3.12/site-packages/airflow/example_dags/example_external_task_marker_dag.py
[2025-07-03T21:45:27.944+0000] {logging_mixin.py:190} INFO - [2025-07-03T21:45:27.944+0000] {dag.py:3239} INFO - Sync 2 DAGs
[2025-07-03T21:45:27.952+0000] {logging_mixin.py:190} INFO - [2025-07-03T21:45:27.951+0000] {dag.py:4180} INFO - Setting next_dagrun for example_external_task_marker_child to None, run_after=None
[2025-07-03T21:45:27.954+0000] {logging_mixin.py:190} INFO - [2025-07-03T21:45:27.954+0000] {dag.py:4180} INFO - Setting next_dagrun for example_external_task_marker_parent to None, run_after=None
[2025-07-03T21:45:27.964+0000] {processor.py:208} INFO - Processing /home/airflow/.local/lib/python3.12/site-packages/airflow/example_dags/example_external_task_marker_dag.py took 0.054 seconds
[2025-07-03T21:45:58.759+0000] {processor.py:186} INFO - Started process (PID=2187) to work on /home/airflow/.local/lib/python3.12/site-packages/airflow/example_dags/example_external_task_marker_dag.py
[2025-07-03T21:45:58.760+0000] {processor.py:914} INFO - Processing file /home/airflow/.local/lib/python3.12/site-packages/airflow/example_dags/example_external_task_marker_dag.py for tasks to queue
[2025-07-03T21:45:58.761+0000] {logging_mixin.py:190} INFO - [2025-07-03T21:45:58.761+0000] {dagbag.py:588} INFO - Filling up the DagBag from /home/airflow/.local/lib/python3.12/site-packages/airflow/example_dags/example_external_task_marker_dag.py
[2025-07-03T21:45:58.765+0000] {processor.py:925} INFO - DAG(s) 'example_external_task_marker_parent', 'example_external_task_marker_child' retrieved from /home/airflow/.local/lib/python3.12/site-packages/airflow/example_dags/example_external_task_marker_dag.py
[2025-07-03T21:45:58.776+0000] {logging_mixin.py:190} INFO - [2025-07-03T21:45:58.776+0000] {dag.py:3239} INFO - Sync 2 DAGs
[2025-07-03T21:45:58.782+0000] {logging_mixin.py:190} INFO - [2025-07-03T21:45:58.782+0000] {dag.py:4180} INFO - Setting next_dagrun for example_external_task_marker_child to None, run_after=None
[2025-07-03T21:45:58.784+0000] {logging_mixin.py:190} INFO - [2025-07-03T21:45:58.784+0000] {dag.py:4180} INFO - Setting next_dagrun for example_external_task_marker_parent to None, run_after=None
[2025-07-03T21:45:58.790+0000] {processor.py:208} INFO - Processing /home/airflow/.local/lib/python3.12/site-packages/airflow/example_dags/example_external_task_marker_dag.py took 0.034 seconds
[2025-07-03T21:46:29.825+0000] {processor.py:186} INFO - Started process (PID=2249) to work on /home/airflow/.local/lib/python3.12/site-packages/airflow/example_dags/example_external_task_marker_dag.py
[2025-07-03T21:46:29.825+0000] {processor.py:914} INFO - Processing file /home/airflow/.local/lib/python3.12/site-packages/airflow/example_dags/example_external_task_marker_dag.py for tasks to queue
[2025-07-03T21:46:29.827+0000] {logging_mixin.py:190} INFO - [2025-07-03T21:46:29.826+0000] {dagbag.py:588} INFO - Filling up the DagBag from /home/airflow/.local/lib/python3.12/site-packages/airflow/example_dags/example_external_task_marker_dag.py
[2025-07-03T21:46:29.832+0000] {processor.py:925} INFO - DAG(s) 'example_external_task_marker_parent', 'example_external_task_marker_child' retrieved from /home/airflow/.local/lib/python3.12/site-packages/airflow/example_dags/example_external_task_marker_dag.py
[2025-07-03T21:46:29.844+0000] {logging_mixin.py:190} INFO - [2025-07-03T21:46:29.844+0000] {dag.py:3239} INFO - Sync 2 DAGs
[2025-07-03T21:46:29.851+0000] {logging_mixin.py:190} INFO - [2025-07-03T21:46:29.851+0000] {dag.py:4180} INFO - Setting next_dagrun for example_external_task_marker_child to None, run_after=None
[2025-07-03T21:46:29.853+0000] {logging_mixin.py:190} INFO - [2025-07-03T21:46:29.852+0000] {dag.py:4180} INFO - Setting next_dagrun for example_external_task_marker_parent to None, run_after=None
[2025-07-03T21:46:29.859+0000] {processor.py:208} INFO - Processing /home/airflow/.local/lib/python3.12/site-packages/airflow/example_dags/example_external_task_marker_dag.py took 0.037 seconds
[2025-07-03T21:47:00.793+0000] {processor.py:186} INFO - Started process (PID=2311) to work on /home/airflow/.local/lib/python3.12/site-packages/airflow/example_dags/example_external_task_marker_dag.py
[2025-07-03T21:47:00.794+0000] {processor.py:914} INFO - Processing file /home/airflow/.local/lib/python3.12/site-packages/airflow/example_dags/example_external_task_marker_dag.py for tasks to queue
[2025-07-03T21:47:00.796+0000] {logging_mixin.py:190} INFO - [2025-07-03T21:47:00.796+0000] {dagbag.py:588} INFO - Filling up the DagBag from /home/airflow/.local/lib/python3.12/site-packages/airflow/example_dags/example_external_task_marker_dag.py
[2025-07-03T21:47:00.800+0000] {processor.py:925} INFO - DAG(s) 'example_external_task_marker_child', 'example_external_task_marker_parent' retrieved from /home/airflow/.local/lib/python3.12/site-packages/airflow/example_dags/example_external_task_marker_dag.py
[2025-07-03T21:47:00.810+0000] {logging_mixin.py:190} INFO - [2025-07-03T21:47:00.810+0000] {dag.py:3239} INFO - Sync 2 DAGs
[2025-07-03T21:47:00.817+0000] {logging_mixin.py:190} INFO - [2025-07-03T21:47:00.817+0000] {dag.py:4180} INFO - Setting next_dagrun for example_external_task_marker_child to None, run_after=None
[2025-07-03T21:47:00.818+0000] {logging_mixin.py:190} INFO - [2025-07-03T21:47:00.818+0000] {dag.py:4180} INFO - Setting next_dagrun for example_external_task_marker_parent to None, run_after=None
[2025-07-03T21:47:00.825+0000] {processor.py:208} INFO - Processing /home/airflow/.local/lib/python3.12/site-packages/airflow/example_dags/example_external_task_marker_dag.py took 0.034 seconds
[2025-07-03T21:47:31.690+0000] {processor.py:186} INFO - Started process (PID=2373) to work on /home/airflow/.local/lib/python3.12/site-packages/airflow/example_dags/example_external_task_marker_dag.py
[2025-07-03T21:47:31.691+0000] {processor.py:914} INFO - Processing file /home/airflow/.local/lib/python3.12/site-packages/airflow/example_dags/example_external_task_marker_dag.py for tasks to queue
[2025-07-03T21:47:31.692+0000] {logging_mixin.py:190} INFO - [2025-07-03T21:47:31.692+0000] {dagbag.py:588} INFO - Filling up the DagBag from /home/airflow/.local/lib/python3.12/site-packages/airflow/example_dags/example_external_task_marker_dag.py
[2025-07-03T21:47:31.696+0000] {processor.py:925} INFO - DAG(s) 'example_external_task_marker_parent', 'example_external_task_marker_child' retrieved from /home/airflow/.local/lib/python3.12/site-packages/airflow/example_dags/example_external_task_marker_dag.py
[2025-07-03T21:47:31.710+0000] {logging_mixin.py:190} INFO - [2025-07-03T21:47:31.710+0000] {dag.py:3239} INFO - Sync 2 DAGs
[2025-07-03T21:47:31.720+0000] {logging_mixin.py:190} INFO - [2025-07-03T21:47:31.720+0000] {dag.py:4180} INFO - Setting next_dagrun for example_external_task_marker_child to None, run_after=None
[2025-07-03T21:47:31.722+0000] {logging_mixin.py:190} INFO - [2025-07-03T21:47:31.722+0000] {dag.py:4180} INFO - Setting next_dagrun for example_external_task_marker_parent to None, run_after=None
[2025-07-03T21:47:31.729+0000] {processor.py:208} INFO - Processing /home/airflow/.local/lib/python3.12/site-packages/airflow/example_dags/example_external_task_marker_dag.py took 0.042 seconds
[2025-07-03T21:48:02.473+0000] {processor.py:186} INFO - Started process (PID=2435) to work on /home/airflow/.local/lib/python3.12/site-packages/airflow/example_dags/example_external_task_marker_dag.py
[2025-07-03T21:48:02.476+0000] {processor.py:914} INFO - Processing file /home/airflow/.local/lib/python3.12/site-packages/airflow/example_dags/example_external_task_marker_dag.py for tasks to queue
[2025-07-03T21:48:02.478+0000] {logging_mixin.py:190} INFO - [2025-07-03T21:48:02.477+0000] {dagbag.py:588} INFO - Filling up the DagBag from /home/airflow/.local/lib/python3.12/site-packages/airflow/example_dags/example_external_task_marker_dag.py
[2025-07-03T21:48:02.485+0000] {processor.py:925} INFO - DAG(s) 'example_external_task_marker_parent', 'example_external_task_marker_child' retrieved from /home/airflow/.local/lib/python3.12/site-packages/airflow/example_dags/example_external_task_marker_dag.py
[2025-07-03T21:48:02.500+0000] {logging_mixin.py:190} INFO - [2025-07-03T21:48:02.500+0000] {dag.py:3239} INFO - Sync 2 DAGs
[2025-07-03T21:48:02.508+0000] {logging_mixin.py:190} INFO - [2025-07-03T21:48:02.507+0000] {dag.py:4180} INFO - Setting next_dagrun for example_external_task_marker_child to None, run_after=None
[2025-07-03T21:48:02.510+0000] {logging_mixin.py:190} INFO - [2025-07-03T21:48:02.510+0000] {dag.py:4180} INFO - Setting next_dagrun for example_external_task_marker_parent to None, run_after=None
[2025-07-03T21:48:02.519+0000] {processor.py:208} INFO - Processing /home/airflow/.local/lib/python3.12/site-packages/airflow/example_dags/example_external_task_marker_dag.py took 0.049 seconds
[2025-07-03T21:48:33.308+0000] {processor.py:186} INFO - Started process (PID=2497) to work on /home/airflow/.local/lib/python3.12/site-packages/airflow/example_dags/example_external_task_marker_dag.py
[2025-07-03T21:48:33.309+0000] {processor.py:914} INFO - Processing file /home/airflow/.local/lib/python3.12/site-packages/airflow/example_dags/example_external_task_marker_dag.py for tasks to queue
[2025-07-03T21:48:33.310+0000] {logging_mixin.py:190} INFO - [2025-07-03T21:48:33.310+0000] {dagbag.py:588} INFO - Filling up the DagBag from /home/airflow/.local/lib/python3.12/site-packages/airflow/example_dags/example_external_task_marker_dag.py
[2025-07-03T21:48:33.317+0000] {processor.py:925} INFO - DAG(s) 'example_external_task_marker_parent', 'example_external_task_marker_child' retrieved from /home/airflow/.local/lib/python3.12/site-packages/airflow/example_dags/example_external_task_marker_dag.py
[2025-07-03T21:48:33.331+0000] {logging_mixin.py:190} INFO - [2025-07-03T21:48:33.331+0000] {dag.py:3239} INFO - Sync 2 DAGs
[2025-07-03T21:48:33.339+0000] {logging_mixin.py:190} INFO - [2025-07-03T21:48:33.339+0000] {dag.py:4180} INFO - Setting next_dagrun for example_external_task_marker_child to None, run_after=None
[2025-07-03T21:48:33.344+0000] {logging_mixin.py:190} INFO - [2025-07-03T21:48:33.344+0000] {dag.py:4180} INFO - Setting next_dagrun for example_external_task_marker_parent to None, run_after=None
[2025-07-03T21:48:33.354+0000] {processor.py:208} INFO - Processing /home/airflow/.local/lib/python3.12/site-packages/airflow/example_dags/example_external_task_marker_dag.py took 0.050 seconds
[2025-07-03T21:49:04.598+0000] {processor.py:186} INFO - Started process (PID=2559) to work on /home/airflow/.local/lib/python3.12/site-packages/airflow/example_dags/example_external_task_marker_dag.py
[2025-07-03T21:49:04.598+0000] {processor.py:914} INFO - Processing file /home/airflow/.local/lib/python3.12/site-packages/airflow/example_dags/example_external_task_marker_dag.py for tasks to queue
[2025-07-03T21:49:04.600+0000] {logging_mixin.py:190} INFO - [2025-07-03T21:49:04.599+0000] {dagbag.py:588} INFO - Filling up the DagBag from /home/airflow/.local/lib/python3.12/site-packages/airflow/example_dags/example_external_task_marker_dag.py
[2025-07-03T21:49:04.604+0000] {processor.py:925} INFO - DAG(s) 'example_external_task_marker_parent', 'example_external_task_marker_child' retrieved from /home/airflow/.local/lib/python3.12/site-packages/airflow/example_dags/example_external_task_marker_dag.py
[2025-07-03T21:49:04.614+0000] {logging_mixin.py:190} INFO - [2025-07-03T21:49:04.614+0000] {dag.py:3239} INFO - Sync 2 DAGs
[2025-07-03T21:49:04.621+0000] {logging_mixin.py:190} INFO - [2025-07-03T21:49:04.621+0000] {dag.py:4180} INFO - Setting next_dagrun for example_external_task_marker_child to None, run_after=None
[2025-07-03T21:49:04.623+0000] {logging_mixin.py:190} INFO - [2025-07-03T21:49:04.623+0000] {dag.py:4180} INFO - Setting next_dagrun for example_external_task_marker_parent to None, run_after=None
[2025-07-03T21:49:04.629+0000] {processor.py:208} INFO - Processing /home/airflow/.local/lib/python3.12/site-packages/airflow/example_dags/example_external_task_marker_dag.py took 0.034 seconds
