[2025-07-03T21:15:00.330+0000] {processor.py:186} INFO - Started process (PID=45) to work on /home/airflow/.local/lib/python3.12/site-packages/airflow/example_dags/example_display_name.py
[2025-07-03T21:15:00.334+0000] {processor.py:914} INFO - Processing file /home/airflow/.local/lib/python3.12/site-packages/airflow/example_dags/example_display_name.py for tasks to queue
[2025-07-03T21:15:00.338+0000] {logging_mixin.py:190} INFO - [2025-07-03T21:15:00.338+0000] {dagbag.py:588} INFO - Filling up the DagBag from /home/airflow/.local/lib/python3.12/site-packages/airflow/example_dags/example_display_name.py
[2025-07-03T21:15:00.354+0000] {processor.py:925} INFO - DAG(s) 'example_display_name' retrieved from /home/airflow/.local/lib/python3.12/site-packages/airflow/example_dags/example_display_name.py
[2025-07-03T21:15:00.405+0000] {logging_mixin.py:190} INFO - [2025-07-03T21:15:00.405+0000] {dag.py:3239} INFO - Sync 1 DAGs
[2025-07-03T21:15:00.423+0000] {logging_mixin.py:190} INFO - [2025-07-03T21:15:00.422+0000] {dag.py:4180} INFO - Setting next_dagrun for example_display_name to None, run_after=None
[2025-07-03T21:15:00.451+0000] {processor.py:208} INFO - Processing /home/airflow/.local/lib/python3.12/site-packages/airflow/example_dags/example_display_name.py took 0.133 seconds
[2025-07-03T21:15:30.527+0000] {processor.py:186} INFO - Started process (PID=107) to work on /home/airflow/.local/lib/python3.12/site-packages/airflow/example_dags/example_display_name.py
[2025-07-03T21:15:30.527+0000] {processor.py:914} INFO - Processing file /home/airflow/.local/lib/python3.12/site-packages/airflow/example_dags/example_display_name.py for tasks to queue
[2025-07-03T21:15:30.529+0000] {logging_mixin.py:190} INFO - [2025-07-03T21:15:30.529+0000] {dagbag.py:588} INFO - Filling up the DagBag from /home/airflow/.local/lib/python3.12/site-packages/airflow/example_dags/example_display_name.py
[2025-07-03T21:15:30.532+0000] {processor.py:925} INFO - DAG(s) 'example_display_name' retrieved from /home/airflow/.local/lib/python3.12/site-packages/airflow/example_dags/example_display_name.py
[2025-07-03T21:15:30.541+0000] {logging_mixin.py:190} INFO - [2025-07-03T21:15:30.541+0000] {dag.py:3239} INFO - Sync 1 DAGs
[2025-07-03T21:15:30.547+0000] {logging_mixin.py:190} INFO - [2025-07-03T21:15:30.547+0000] {dag.py:4180} INFO - Setting next_dagrun for example_display_name to None, run_after=None
[2025-07-03T21:15:30.554+0000] {processor.py:208} INFO - Processing /home/airflow/.local/lib/python3.12/site-packages/airflow/example_dags/example_display_name.py took 0.031 seconds
[2025-07-03T21:16:01.079+0000] {processor.py:186} INFO - Started process (PID=169) to work on /home/airflow/.local/lib/python3.12/site-packages/airflow/example_dags/example_display_name.py
[2025-07-03T21:16:01.080+0000] {processor.py:914} INFO - Processing file /home/airflow/.local/lib/python3.12/site-packages/airflow/example_dags/example_display_name.py for tasks to queue
[2025-07-03T21:16:01.081+0000] {logging_mixin.py:190} INFO - [2025-07-03T21:16:01.081+0000] {dagbag.py:588} INFO - Filling up the DagBag from /home/airflow/.local/lib/python3.12/site-packages/airflow/example_dags/example_display_name.py
[2025-07-03T21:16:01.092+0000] {processor.py:925} INFO - DAG(s) 'example_display_name' retrieved from /home/airflow/.local/lib/python3.12/site-packages/airflow/example_dags/example_display_name.py
[2025-07-03T21:16:01.113+0000] {logging_mixin.py:190} INFO - [2025-07-03T21:16:01.113+0000] {dag.py:3239} INFO - Sync 1 DAGs
[2025-07-03T21:16:01.130+0000] {logging_mixin.py:190} INFO - [2025-07-03T21:16:01.130+0000] {dag.py:4180} INFO - Setting next_dagrun for example_display_name to None, run_after=None
[2025-07-03T21:16:01.139+0000] {processor.py:208} INFO - Processing /home/airflow/.local/lib/python3.12/site-packages/airflow/example_dags/example_display_name.py took 0.064 seconds
[2025-07-03T21:16:31.692+0000] {processor.py:186} INFO - Started process (PID=237) to work on /home/airflow/.local/lib/python3.12/site-packages/airflow/example_dags/example_display_name.py
[2025-07-03T21:16:31.693+0000] {processor.py:914} INFO - Processing file /home/airflow/.local/lib/python3.12/site-packages/airflow/example_dags/example_display_name.py for tasks to queue
[2025-07-03T21:16:31.694+0000] {logging_mixin.py:190} INFO - [2025-07-03T21:16:31.694+0000] {dagbag.py:588} INFO - Filling up the DagBag from /home/airflow/.local/lib/python3.12/site-packages/airflow/example_dags/example_display_name.py
[2025-07-03T21:16:31.698+0000] {processor.py:925} INFO - DAG(s) 'example_display_name' retrieved from /home/airflow/.local/lib/python3.12/site-packages/airflow/example_dags/example_display_name.py
[2025-07-03T21:16:31.712+0000] {logging_mixin.py:190} INFO - [2025-07-03T21:16:31.712+0000] {dag.py:3239} INFO - Sync 1 DAGs
[2025-07-03T21:16:31.720+0000] {logging_mixin.py:190} INFO - [2025-07-03T21:16:31.720+0000] {dag.py:4180} INFO - Setting next_dagrun for example_display_name to None, run_after=None
[2025-07-03T21:16:31.733+0000] {processor.py:208} INFO - Processing /home/airflow/.local/lib/python3.12/site-packages/airflow/example_dags/example_display_name.py took 0.044 seconds
[2025-07-03T21:17:02.233+0000] {processor.py:186} INFO - Started process (PID=299) to work on /home/airflow/.local/lib/python3.12/site-packages/airflow/example_dags/example_display_name.py
[2025-07-03T21:17:02.234+0000] {processor.py:914} INFO - Processing file /home/airflow/.local/lib/python3.12/site-packages/airflow/example_dags/example_display_name.py for tasks to queue
[2025-07-03T21:17:02.236+0000] {logging_mixin.py:190} INFO - [2025-07-03T21:17:02.236+0000] {dagbag.py:588} INFO - Filling up the DagBag from /home/airflow/.local/lib/python3.12/site-packages/airflow/example_dags/example_display_name.py
[2025-07-03T21:17:02.240+0000] {processor.py:925} INFO - DAG(s) 'example_display_name' retrieved from /home/airflow/.local/lib/python3.12/site-packages/airflow/example_dags/example_display_name.py
[2025-07-03T21:17:02.258+0000] {logging_mixin.py:190} INFO - [2025-07-03T21:17:02.258+0000] {dag.py:3239} INFO - Sync 1 DAGs
[2025-07-03T21:17:02.267+0000] {logging_mixin.py:190} INFO - [2025-07-03T21:17:02.267+0000] {dag.py:4180} INFO - Setting next_dagrun for example_display_name to None, run_after=None
[2025-07-03T21:17:02.275+0000] {processor.py:208} INFO - Processing /home/airflow/.local/lib/python3.12/site-packages/airflow/example_dags/example_display_name.py took 0.049 seconds
[2025-07-03T21:17:32.623+0000] {processor.py:186} INFO - Started process (PID=361) to work on /home/airflow/.local/lib/python3.12/site-packages/airflow/example_dags/example_display_name.py
[2025-07-03T21:17:32.624+0000] {processor.py:914} INFO - Processing file /home/airflow/.local/lib/python3.12/site-packages/airflow/example_dags/example_display_name.py for tasks to queue
[2025-07-03T21:17:32.626+0000] {logging_mixin.py:190} INFO - [2025-07-03T21:17:32.626+0000] {dagbag.py:588} INFO - Filling up the DagBag from /home/airflow/.local/lib/python3.12/site-packages/airflow/example_dags/example_display_name.py
[2025-07-03T21:17:32.630+0000] {processor.py:925} INFO - DAG(s) 'example_display_name' retrieved from /home/airflow/.local/lib/python3.12/site-packages/airflow/example_dags/example_display_name.py
[2025-07-03T21:17:32.643+0000] {logging_mixin.py:190} INFO - [2025-07-03T21:17:32.643+0000] {dag.py:3239} INFO - Sync 1 DAGs
[2025-07-03T21:17:32.654+0000] {logging_mixin.py:190} INFO - [2025-07-03T21:17:32.654+0000] {dag.py:4180} INFO - Setting next_dagrun for example_display_name to None, run_after=None
[2025-07-03T21:17:32.664+0000] {processor.py:208} INFO - Processing /home/airflow/.local/lib/python3.12/site-packages/airflow/example_dags/example_display_name.py took 0.044 seconds
[2025-07-03T21:28:34.599+0000] {processor.py:186} INFO - Started process (PID=50) to work on /home/airflow/.local/lib/python3.12/site-packages/airflow/example_dags/example_display_name.py
[2025-07-03T21:28:34.603+0000] {processor.py:914} INFO - Processing file /home/airflow/.local/lib/python3.12/site-packages/airflow/example_dags/example_display_name.py for tasks to queue
[2025-07-03T21:28:34.608+0000] {logging_mixin.py:190} INFO - [2025-07-03T21:28:34.608+0000] {dagbag.py:588} INFO - Filling up the DagBag from /home/airflow/.local/lib/python3.12/site-packages/airflow/example_dags/example_display_name.py
[2025-07-03T21:28:34.629+0000] {processor.py:925} INFO - DAG(s) 'example_display_name' retrieved from /home/airflow/.local/lib/python3.12/site-packages/airflow/example_dags/example_display_name.py
[2025-07-03T21:28:34.668+0000] {logging_mixin.py:190} INFO - [2025-07-03T21:28:34.668+0000] {dag.py:3239} INFO - Sync 1 DAGs
[2025-07-03T21:28:34.690+0000] {logging_mixin.py:190} INFO - [2025-07-03T21:28:34.690+0000] {dag.py:4180} INFO - Setting next_dagrun for example_display_name to None, run_after=None
[2025-07-03T21:28:34.737+0000] {processor.py:208} INFO - Processing /home/airflow/.local/lib/python3.12/site-packages/airflow/example_dags/example_display_name.py took 0.147 seconds
[2025-07-03T21:29:04.970+0000] {processor.py:186} INFO - Started process (PID=112) to work on /home/airflow/.local/lib/python3.12/site-packages/airflow/example_dags/example_display_name.py
[2025-07-03T21:29:04.973+0000] {processor.py:914} INFO - Processing file /home/airflow/.local/lib/python3.12/site-packages/airflow/example_dags/example_display_name.py for tasks to queue
[2025-07-03T21:29:04.974+0000] {logging_mixin.py:190} INFO - [2025-07-03T21:29:04.974+0000] {dagbag.py:588} INFO - Filling up the DagBag from /home/airflow/.local/lib/python3.12/site-packages/airflow/example_dags/example_display_name.py
[2025-07-03T21:29:04.981+0000] {processor.py:925} INFO - DAG(s) 'example_display_name' retrieved from /home/airflow/.local/lib/python3.12/site-packages/airflow/example_dags/example_display_name.py
[2025-07-03T21:29:04.999+0000] {logging_mixin.py:190} INFO - [2025-07-03T21:29:04.999+0000] {dag.py:3239} INFO - Sync 1 DAGs
[2025-07-03T21:29:05.007+0000] {logging_mixin.py:190} INFO - [2025-07-03T21:29:05.007+0000] {dag.py:4180} INFO - Setting next_dagrun for example_display_name to None, run_after=None
[2025-07-03T21:29:05.017+0000] {processor.py:208} INFO - Processing /home/airflow/.local/lib/python3.12/site-packages/airflow/example_dags/example_display_name.py took 0.050 seconds
[2025-07-03T21:29:35.261+0000] {processor.py:186} INFO - Started process (PID=174) to work on /home/airflow/.local/lib/python3.12/site-packages/airflow/example_dags/example_display_name.py
[2025-07-03T21:29:35.262+0000] {processor.py:914} INFO - Processing file /home/airflow/.local/lib/python3.12/site-packages/airflow/example_dags/example_display_name.py for tasks to queue
[2025-07-03T21:29:35.264+0000] {logging_mixin.py:190} INFO - [2025-07-03T21:29:35.264+0000] {dagbag.py:588} INFO - Filling up the DagBag from /home/airflow/.local/lib/python3.12/site-packages/airflow/example_dags/example_display_name.py
[2025-07-03T21:29:35.271+0000] {processor.py:925} INFO - DAG(s) 'example_display_name' retrieved from /home/airflow/.local/lib/python3.12/site-packages/airflow/example_dags/example_display_name.py
[2025-07-03T21:29:35.291+0000] {logging_mixin.py:190} INFO - [2025-07-03T21:29:35.291+0000] {dag.py:3239} INFO - Sync 1 DAGs
[2025-07-03T21:29:35.301+0000] {logging_mixin.py:190} INFO - [2025-07-03T21:29:35.301+0000] {dag.py:4180} INFO - Setting next_dagrun for example_display_name to None, run_after=None
[2025-07-03T21:29:35.314+0000] {processor.py:208} INFO - Processing /home/airflow/.local/lib/python3.12/site-packages/airflow/example_dags/example_display_name.py took 0.056 seconds
[2025-07-03T21:30:05.501+0000] {processor.py:186} INFO - Started process (PID=236) to work on /home/airflow/.local/lib/python3.12/site-packages/airflow/example_dags/example_display_name.py
[2025-07-03T21:30:05.502+0000] {processor.py:914} INFO - Processing file /home/airflow/.local/lib/python3.12/site-packages/airflow/example_dags/example_display_name.py for tasks to queue
[2025-07-03T21:30:05.504+0000] {logging_mixin.py:190} INFO - [2025-07-03T21:30:05.503+0000] {dagbag.py:588} INFO - Filling up the DagBag from /home/airflow/.local/lib/python3.12/site-packages/airflow/example_dags/example_display_name.py
[2025-07-03T21:30:05.509+0000] {processor.py:925} INFO - DAG(s) 'example_display_name' retrieved from /home/airflow/.local/lib/python3.12/site-packages/airflow/example_dags/example_display_name.py
[2025-07-03T21:30:05.527+0000] {logging_mixin.py:190} INFO - [2025-07-03T21:30:05.527+0000] {dag.py:3239} INFO - Sync 1 DAGs
[2025-07-03T21:30:05.543+0000] {logging_mixin.py:190} INFO - [2025-07-03T21:30:05.543+0000] {dag.py:4180} INFO - Setting next_dagrun for example_display_name to None, run_after=None
[2025-07-03T21:30:05.567+0000] {processor.py:208} INFO - Processing /home/airflow/.local/lib/python3.12/site-packages/airflow/example_dags/example_display_name.py took 0.069 seconds
[2025-07-03T21:30:36.078+0000] {processor.py:186} INFO - Started process (PID=298) to work on /home/airflow/.local/lib/python3.12/site-packages/airflow/example_dags/example_display_name.py
[2025-07-03T21:30:36.079+0000] {processor.py:914} INFO - Processing file /home/airflow/.local/lib/python3.12/site-packages/airflow/example_dags/example_display_name.py for tasks to queue
[2025-07-03T21:30:36.080+0000] {logging_mixin.py:190} INFO - [2025-07-03T21:30:36.080+0000] {dagbag.py:588} INFO - Filling up the DagBag from /home/airflow/.local/lib/python3.12/site-packages/airflow/example_dags/example_display_name.py
[2025-07-03T21:30:36.083+0000] {processor.py:925} INFO - DAG(s) 'example_display_name' retrieved from /home/airflow/.local/lib/python3.12/site-packages/airflow/example_dags/example_display_name.py
[2025-07-03T21:30:36.100+0000] {logging_mixin.py:190} INFO - [2025-07-03T21:30:36.100+0000] {dag.py:3239} INFO - Sync 1 DAGs
[2025-07-03T21:30:36.108+0000] {logging_mixin.py:190} INFO - [2025-07-03T21:30:36.108+0000] {dag.py:4180} INFO - Setting next_dagrun for example_display_name to None, run_after=None
[2025-07-03T21:30:36.122+0000] {processor.py:208} INFO - Processing /home/airflow/.local/lib/python3.12/site-packages/airflow/example_dags/example_display_name.py took 0.047 seconds
[2025-07-03T21:31:07.151+0000] {processor.py:186} INFO - Started process (PID=366) to work on /home/airflow/.local/lib/python3.12/site-packages/airflow/example_dags/example_display_name.py
[2025-07-03T21:31:07.152+0000] {processor.py:914} INFO - Processing file /home/airflow/.local/lib/python3.12/site-packages/airflow/example_dags/example_display_name.py for tasks to queue
[2025-07-03T21:31:07.153+0000] {logging_mixin.py:190} INFO - [2025-07-03T21:31:07.153+0000] {dagbag.py:588} INFO - Filling up the DagBag from /home/airflow/.local/lib/python3.12/site-packages/airflow/example_dags/example_display_name.py
[2025-07-03T21:31:07.158+0000] {processor.py:925} INFO - DAG(s) 'example_display_name' retrieved from /home/airflow/.local/lib/python3.12/site-packages/airflow/example_dags/example_display_name.py
[2025-07-03T21:31:07.174+0000] {logging_mixin.py:190} INFO - [2025-07-03T21:31:07.174+0000] {dag.py:3239} INFO - Sync 1 DAGs
[2025-07-03T21:31:07.183+0000] {logging_mixin.py:190} INFO - [2025-07-03T21:31:07.183+0000] {dag.py:4180} INFO - Setting next_dagrun for example_display_name to None, run_after=None
[2025-07-03T21:31:07.196+0000] {processor.py:208} INFO - Processing /home/airflow/.local/lib/python3.12/site-packages/airflow/example_dags/example_display_name.py took 0.053 seconds
[2025-07-03T21:31:37.795+0000] {processor.py:186} INFO - Started process (PID=428) to work on /home/airflow/.local/lib/python3.12/site-packages/airflow/example_dags/example_display_name.py
[2025-07-03T21:31:37.797+0000] {processor.py:914} INFO - Processing file /home/airflow/.local/lib/python3.12/site-packages/airflow/example_dags/example_display_name.py for tasks to queue
[2025-07-03T21:31:37.800+0000] {logging_mixin.py:190} INFO - [2025-07-03T21:31:37.800+0000] {dagbag.py:588} INFO - Filling up the DagBag from /home/airflow/.local/lib/python3.12/site-packages/airflow/example_dags/example_display_name.py
[2025-07-03T21:31:37.810+0000] {processor.py:925} INFO - DAG(s) 'example_display_name' retrieved from /home/airflow/.local/lib/python3.12/site-packages/airflow/example_dags/example_display_name.py
[2025-07-03T21:31:37.830+0000] {logging_mixin.py:190} INFO - [2025-07-03T21:31:37.830+0000] {dag.py:3239} INFO - Sync 1 DAGs
[2025-07-03T21:31:37.839+0000] {logging_mixin.py:190} INFO - [2025-07-03T21:31:37.838+0000] {dag.py:4180} INFO - Setting next_dagrun for example_display_name to None, run_after=None
[2025-07-03T21:31:37.851+0000] {processor.py:208} INFO - Processing /home/airflow/.local/lib/python3.12/site-packages/airflow/example_dags/example_display_name.py took 0.061 seconds
[2025-07-03T21:32:08.530+0000] {processor.py:186} INFO - Started process (PID=490) to work on /home/airflow/.local/lib/python3.12/site-packages/airflow/example_dags/example_display_name.py
[2025-07-03T21:32:08.531+0000] {processor.py:914} INFO - Processing file /home/airflow/.local/lib/python3.12/site-packages/airflow/example_dags/example_display_name.py for tasks to queue
[2025-07-03T21:32:08.532+0000] {logging_mixin.py:190} INFO - [2025-07-03T21:32:08.532+0000] {dagbag.py:588} INFO - Filling up the DagBag from /home/airflow/.local/lib/python3.12/site-packages/airflow/example_dags/example_display_name.py
[2025-07-03T21:32:08.535+0000] {processor.py:925} INFO - DAG(s) 'example_display_name' retrieved from /home/airflow/.local/lib/python3.12/site-packages/airflow/example_dags/example_display_name.py
[2025-07-03T21:32:08.552+0000] {logging_mixin.py:190} INFO - [2025-07-03T21:32:08.552+0000] {dag.py:3239} INFO - Sync 1 DAGs
[2025-07-03T21:32:08.559+0000] {logging_mixin.py:190} INFO - [2025-07-03T21:32:08.559+0000] {dag.py:4180} INFO - Setting next_dagrun for example_display_name to None, run_after=None
[2025-07-03T21:32:08.568+0000] {processor.py:208} INFO - Processing /home/airflow/.local/lib/python3.12/site-packages/airflow/example_dags/example_display_name.py took 0.042 seconds
[2025-07-03T21:32:39.024+0000] {processor.py:186} INFO - Started process (PID=552) to work on /home/airflow/.local/lib/python3.12/site-packages/airflow/example_dags/example_display_name.py
[2025-07-03T21:32:39.025+0000] {processor.py:914} INFO - Processing file /home/airflow/.local/lib/python3.12/site-packages/airflow/example_dags/example_display_name.py for tasks to queue
[2025-07-03T21:32:39.026+0000] {logging_mixin.py:190} INFO - [2025-07-03T21:32:39.026+0000] {dagbag.py:588} INFO - Filling up the DagBag from /home/airflow/.local/lib/python3.12/site-packages/airflow/example_dags/example_display_name.py
[2025-07-03T21:32:39.031+0000] {processor.py:925} INFO - DAG(s) 'example_display_name' retrieved from /home/airflow/.local/lib/python3.12/site-packages/airflow/example_dags/example_display_name.py
[2025-07-03T21:32:39.044+0000] {logging_mixin.py:190} INFO - [2025-07-03T21:32:39.044+0000] {dag.py:3239} INFO - Sync 1 DAGs
[2025-07-03T21:32:39.051+0000] {logging_mixin.py:190} INFO - [2025-07-03T21:32:39.051+0000] {dag.py:4180} INFO - Setting next_dagrun for example_display_name to None, run_after=None
[2025-07-03T21:32:39.064+0000] {processor.py:208} INFO - Processing /home/airflow/.local/lib/python3.12/site-packages/airflow/example_dags/example_display_name.py took 0.044 seconds
[2025-07-03T21:33:09.595+0000] {processor.py:186} INFO - Started process (PID=614) to work on /home/airflow/.local/lib/python3.12/site-packages/airflow/example_dags/example_display_name.py
[2025-07-03T21:33:09.597+0000] {processor.py:914} INFO - Processing file /home/airflow/.local/lib/python3.12/site-packages/airflow/example_dags/example_display_name.py for tasks to queue
[2025-07-03T21:33:09.598+0000] {logging_mixin.py:190} INFO - [2025-07-03T21:33:09.598+0000] {dagbag.py:588} INFO - Filling up the DagBag from /home/airflow/.local/lib/python3.12/site-packages/airflow/example_dags/example_display_name.py
[2025-07-03T21:33:09.603+0000] {processor.py:925} INFO - DAG(s) 'example_display_name' retrieved from /home/airflow/.local/lib/python3.12/site-packages/airflow/example_dags/example_display_name.py
[2025-07-03T21:33:09.616+0000] {logging_mixin.py:190} INFO - [2025-07-03T21:33:09.616+0000] {dag.py:3239} INFO - Sync 1 DAGs
[2025-07-03T21:33:09.623+0000] {logging_mixin.py:190} INFO - [2025-07-03T21:33:09.623+0000] {dag.py:4180} INFO - Setting next_dagrun for example_display_name to None, run_after=None
[2025-07-03T21:33:09.635+0000] {processor.py:208} INFO - Processing /home/airflow/.local/lib/python3.12/site-packages/airflow/example_dags/example_display_name.py took 0.045 seconds
[2025-07-03T21:33:40.517+0000] {processor.py:186} INFO - Started process (PID=676) to work on /home/airflow/.local/lib/python3.12/site-packages/airflow/example_dags/example_display_name.py
[2025-07-03T21:33:40.519+0000] {processor.py:914} INFO - Processing file /home/airflow/.local/lib/python3.12/site-packages/airflow/example_dags/example_display_name.py for tasks to queue
[2025-07-03T21:33:40.520+0000] {logging_mixin.py:190} INFO - [2025-07-03T21:33:40.520+0000] {dagbag.py:588} INFO - Filling up the DagBag from /home/airflow/.local/lib/python3.12/site-packages/airflow/example_dags/example_display_name.py
[2025-07-03T21:33:40.528+0000] {processor.py:925} INFO - DAG(s) 'example_display_name' retrieved from /home/airflow/.local/lib/python3.12/site-packages/airflow/example_dags/example_display_name.py
[2025-07-03T21:33:40.548+0000] {logging_mixin.py:190} INFO - [2025-07-03T21:33:40.548+0000] {dag.py:3239} INFO - Sync 1 DAGs
[2025-07-03T21:33:40.556+0000] {logging_mixin.py:190} INFO - [2025-07-03T21:33:40.556+0000] {dag.py:4180} INFO - Setting next_dagrun for example_display_name to None, run_after=None
[2025-07-03T21:33:40.565+0000] {processor.py:208} INFO - Processing /home/airflow/.local/lib/python3.12/site-packages/airflow/example_dags/example_display_name.py took 0.052 seconds
[2025-07-03T21:34:11.118+0000] {processor.py:186} INFO - Started process (PID=738) to work on /home/airflow/.local/lib/python3.12/site-packages/airflow/example_dags/example_display_name.py
[2025-07-03T21:34:11.122+0000] {processor.py:914} INFO - Processing file /home/airflow/.local/lib/python3.12/site-packages/airflow/example_dags/example_display_name.py for tasks to queue
[2025-07-03T21:34:11.125+0000] {logging_mixin.py:190} INFO - [2025-07-03T21:34:11.124+0000] {dagbag.py:588} INFO - Filling up the DagBag from /home/airflow/.local/lib/python3.12/site-packages/airflow/example_dags/example_display_name.py
[2025-07-03T21:34:11.135+0000] {processor.py:925} INFO - DAG(s) 'example_display_name' retrieved from /home/airflow/.local/lib/python3.12/site-packages/airflow/example_dags/example_display_name.py
[2025-07-03T21:34:11.181+0000] {logging_mixin.py:190} INFO - [2025-07-03T21:34:11.181+0000] {dag.py:3239} INFO - Sync 1 DAGs
[2025-07-03T21:34:11.199+0000] {logging_mixin.py:190} INFO - [2025-07-03T21:34:11.199+0000] {dag.py:4180} INFO - Setting next_dagrun for example_display_name to None, run_after=None
[2025-07-03T21:34:11.236+0000] {processor.py:208} INFO - Processing /home/airflow/.local/lib/python3.12/site-packages/airflow/example_dags/example_display_name.py took 0.128 seconds
[2025-07-03T21:34:42.017+0000] {processor.py:186} INFO - Started process (PID=800) to work on /home/airflow/.local/lib/python3.12/site-packages/airflow/example_dags/example_display_name.py
[2025-07-03T21:34:42.019+0000] {processor.py:914} INFO - Processing file /home/airflow/.local/lib/python3.12/site-packages/airflow/example_dags/example_display_name.py for tasks to queue
[2025-07-03T21:34:42.020+0000] {logging_mixin.py:190} INFO - [2025-07-03T21:34:42.020+0000] {dagbag.py:588} INFO - Filling up the DagBag from /home/airflow/.local/lib/python3.12/site-packages/airflow/example_dags/example_display_name.py
[2025-07-03T21:34:42.025+0000] {processor.py:925} INFO - DAG(s) 'example_display_name' retrieved from /home/airflow/.local/lib/python3.12/site-packages/airflow/example_dags/example_display_name.py
[2025-07-03T21:34:42.036+0000] {logging_mixin.py:190} INFO - [2025-07-03T21:34:42.036+0000] {dag.py:3239} INFO - Sync 1 DAGs
[2025-07-03T21:34:42.047+0000] {logging_mixin.py:190} INFO - [2025-07-03T21:34:42.047+0000] {dag.py:4180} INFO - Setting next_dagrun for example_display_name to None, run_after=None
[2025-07-03T21:34:42.057+0000] {processor.py:208} INFO - Processing /home/airflow/.local/lib/python3.12/site-packages/airflow/example_dags/example_display_name.py took 0.044 seconds
[2025-07-03T21:35:12.563+0000] {processor.py:186} INFO - Started process (PID=862) to work on /home/airflow/.local/lib/python3.12/site-packages/airflow/example_dags/example_display_name.py
[2025-07-03T21:35:12.567+0000] {processor.py:914} INFO - Processing file /home/airflow/.local/lib/python3.12/site-packages/airflow/example_dags/example_display_name.py for tasks to queue
[2025-07-03T21:35:12.569+0000] {logging_mixin.py:190} INFO - [2025-07-03T21:35:12.569+0000] {dagbag.py:588} INFO - Filling up the DagBag from /home/airflow/.local/lib/python3.12/site-packages/airflow/example_dags/example_display_name.py
[2025-07-03T21:35:12.576+0000] {processor.py:925} INFO - DAG(s) 'example_display_name' retrieved from /home/airflow/.local/lib/python3.12/site-packages/airflow/example_dags/example_display_name.py
[2025-07-03T21:35:12.589+0000] {logging_mixin.py:190} INFO - [2025-07-03T21:35:12.589+0000] {dag.py:3239} INFO - Sync 1 DAGs
[2025-07-03T21:35:12.596+0000] {logging_mixin.py:190} INFO - [2025-07-03T21:35:12.596+0000] {dag.py:4180} INFO - Setting next_dagrun for example_display_name to None, run_after=None
[2025-07-03T21:35:12.606+0000] {processor.py:208} INFO - Processing /home/airflow/.local/lib/python3.12/site-packages/airflow/example_dags/example_display_name.py took 0.048 seconds
[2025-07-03T21:35:43.039+0000] {processor.py:186} INFO - Started process (PID=924) to work on /home/airflow/.local/lib/python3.12/site-packages/airflow/example_dags/example_display_name.py
[2025-07-03T21:35:43.040+0000] {processor.py:914} INFO - Processing file /home/airflow/.local/lib/python3.12/site-packages/airflow/example_dags/example_display_name.py for tasks to queue
[2025-07-03T21:35:43.042+0000] {logging_mixin.py:190} INFO - [2025-07-03T21:35:43.042+0000] {dagbag.py:588} INFO - Filling up the DagBag from /home/airflow/.local/lib/python3.12/site-packages/airflow/example_dags/example_display_name.py
[2025-07-03T21:35:43.048+0000] {processor.py:925} INFO - DAG(s) 'example_display_name' retrieved from /home/airflow/.local/lib/python3.12/site-packages/airflow/example_dags/example_display_name.py
[2025-07-03T21:35:43.066+0000] {logging_mixin.py:190} INFO - [2025-07-03T21:35:43.066+0000] {dag.py:3239} INFO - Sync 1 DAGs
[2025-07-03T21:35:43.075+0000] {logging_mixin.py:190} INFO - [2025-07-03T21:35:43.075+0000] {dag.py:4180} INFO - Setting next_dagrun for example_display_name to None, run_after=None
[2025-07-03T21:35:43.087+0000] {processor.py:208} INFO - Processing /home/airflow/.local/lib/python3.12/site-packages/airflow/example_dags/example_display_name.py took 0.056 seconds
[2025-07-03T21:36:13.365+0000] {processor.py:186} INFO - Started process (PID=987) to work on /home/airflow/.local/lib/python3.12/site-packages/airflow/example_dags/example_display_name.py
[2025-07-03T21:36:13.366+0000] {processor.py:914} INFO - Processing file /home/airflow/.local/lib/python3.12/site-packages/airflow/example_dags/example_display_name.py for tasks to queue
[2025-07-03T21:36:13.368+0000] {logging_mixin.py:190} INFO - [2025-07-03T21:36:13.368+0000] {dagbag.py:588} INFO - Filling up the DagBag from /home/airflow/.local/lib/python3.12/site-packages/airflow/example_dags/example_display_name.py
[2025-07-03T21:36:13.375+0000] {processor.py:925} INFO - DAG(s) 'example_display_name' retrieved from /home/airflow/.local/lib/python3.12/site-packages/airflow/example_dags/example_display_name.py
[2025-07-03T21:36:13.395+0000] {logging_mixin.py:190} INFO - [2025-07-03T21:36:13.395+0000] {dag.py:3239} INFO - Sync 1 DAGs
[2025-07-03T21:36:13.404+0000] {logging_mixin.py:190} INFO - [2025-07-03T21:36:13.404+0000] {dag.py:4180} INFO - Setting next_dagrun for example_display_name to None, run_after=None
[2025-07-03T21:36:13.416+0000] {processor.py:208} INFO - Processing /home/airflow/.local/lib/python3.12/site-packages/airflow/example_dags/example_display_name.py took 0.056 seconds
[2025-07-03T21:36:43.999+0000] {processor.py:186} INFO - Started process (PID=1049) to work on /home/airflow/.local/lib/python3.12/site-packages/airflow/example_dags/example_display_name.py
[2025-07-03T21:36:44.000+0000] {processor.py:914} INFO - Processing file /home/airflow/.local/lib/python3.12/site-packages/airflow/example_dags/example_display_name.py for tasks to queue
[2025-07-03T21:36:44.002+0000] {logging_mixin.py:190} INFO - [2025-07-03T21:36:44.002+0000] {dagbag.py:588} INFO - Filling up the DagBag from /home/airflow/.local/lib/python3.12/site-packages/airflow/example_dags/example_display_name.py
[2025-07-03T21:36:44.006+0000] {processor.py:925} INFO - DAG(s) 'example_display_name' retrieved from /home/airflow/.local/lib/python3.12/site-packages/airflow/example_dags/example_display_name.py
[2025-07-03T21:36:44.017+0000] {logging_mixin.py:190} INFO - [2025-07-03T21:36:44.017+0000] {dag.py:3239} INFO - Sync 1 DAGs
[2025-07-03T21:36:44.023+0000] {logging_mixin.py:190} INFO - [2025-07-03T21:36:44.023+0000] {dag.py:4180} INFO - Setting next_dagrun for example_display_name to None, run_after=None
[2025-07-03T21:36:44.035+0000] {processor.py:208} INFO - Processing /home/airflow/.local/lib/python3.12/site-packages/airflow/example_dags/example_display_name.py took 0.040 seconds
[2025-07-03T21:37:14.835+0000] {processor.py:186} INFO - Started process (PID=1111) to work on /home/airflow/.local/lib/python3.12/site-packages/airflow/example_dags/example_display_name.py
[2025-07-03T21:37:14.836+0000] {processor.py:914} INFO - Processing file /home/airflow/.local/lib/python3.12/site-packages/airflow/example_dags/example_display_name.py for tasks to queue
[2025-07-03T21:37:14.838+0000] {logging_mixin.py:190} INFO - [2025-07-03T21:37:14.838+0000] {dagbag.py:588} INFO - Filling up the DagBag from /home/airflow/.local/lib/python3.12/site-packages/airflow/example_dags/example_display_name.py
[2025-07-03T21:37:14.843+0000] {processor.py:925} INFO - DAG(s) 'example_display_name' retrieved from /home/airflow/.local/lib/python3.12/site-packages/airflow/example_dags/example_display_name.py
[2025-07-03T21:37:14.853+0000] {logging_mixin.py:190} INFO - [2025-07-03T21:37:14.853+0000] {dag.py:3239} INFO - Sync 1 DAGs
[2025-07-03T21:37:14.859+0000] {logging_mixin.py:190} INFO - [2025-07-03T21:37:14.859+0000] {dag.py:4180} INFO - Setting next_dagrun for example_display_name to None, run_after=None
[2025-07-03T21:37:14.867+0000] {processor.py:208} INFO - Processing /home/airflow/.local/lib/python3.12/site-packages/airflow/example_dags/example_display_name.py took 0.035 seconds
[2025-07-03T21:37:45.349+0000] {processor.py:186} INFO - Started process (PID=1173) to work on /home/airflow/.local/lib/python3.12/site-packages/airflow/example_dags/example_display_name.py
[2025-07-03T21:37:45.349+0000] {processor.py:914} INFO - Processing file /home/airflow/.local/lib/python3.12/site-packages/airflow/example_dags/example_display_name.py for tasks to queue
[2025-07-03T21:37:45.350+0000] {logging_mixin.py:190} INFO - [2025-07-03T21:37:45.350+0000] {dagbag.py:588} INFO - Filling up the DagBag from /home/airflow/.local/lib/python3.12/site-packages/airflow/example_dags/example_display_name.py
[2025-07-03T21:37:45.355+0000] {processor.py:925} INFO - DAG(s) 'example_display_name' retrieved from /home/airflow/.local/lib/python3.12/site-packages/airflow/example_dags/example_display_name.py
[2025-07-03T21:37:45.366+0000] {logging_mixin.py:190} INFO - [2025-07-03T21:37:45.366+0000] {dag.py:3239} INFO - Sync 1 DAGs
[2025-07-03T21:37:45.374+0000] {logging_mixin.py:190} INFO - [2025-07-03T21:37:45.374+0000] {dag.py:4180} INFO - Setting next_dagrun for example_display_name to None, run_after=None
[2025-07-03T21:37:45.385+0000] {processor.py:208} INFO - Processing /home/airflow/.local/lib/python3.12/site-packages/airflow/example_dags/example_display_name.py took 0.040 seconds
[2025-07-03T21:38:15.693+0000] {processor.py:186} INFO - Started process (PID=1235) to work on /home/airflow/.local/lib/python3.12/site-packages/airflow/example_dags/example_display_name.py
[2025-07-03T21:38:15.697+0000] {processor.py:914} INFO - Processing file /home/airflow/.local/lib/python3.12/site-packages/airflow/example_dags/example_display_name.py for tasks to queue
[2025-07-03T21:38:15.699+0000] {logging_mixin.py:190} INFO - [2025-07-03T21:38:15.698+0000] {dagbag.py:588} INFO - Filling up the DagBag from /home/airflow/.local/lib/python3.12/site-packages/airflow/example_dags/example_display_name.py
[2025-07-03T21:38:15.704+0000] {processor.py:925} INFO - DAG(s) 'example_display_name' retrieved from /home/airflow/.local/lib/python3.12/site-packages/airflow/example_dags/example_display_name.py
[2025-07-03T21:38:15.717+0000] {logging_mixin.py:190} INFO - [2025-07-03T21:38:15.717+0000] {dag.py:3239} INFO - Sync 1 DAGs
[2025-07-03T21:38:15.725+0000] {logging_mixin.py:190} INFO - [2025-07-03T21:38:15.725+0000] {dag.py:4180} INFO - Setting next_dagrun for example_display_name to None, run_after=None
[2025-07-03T21:38:15.735+0000] {processor.py:208} INFO - Processing /home/airflow/.local/lib/python3.12/site-packages/airflow/example_dags/example_display_name.py took 0.046 seconds
[2025-07-03T21:38:46.091+0000] {processor.py:186} INFO - Started process (PID=1297) to work on /home/airflow/.local/lib/python3.12/site-packages/airflow/example_dags/example_display_name.py
[2025-07-03T21:38:46.092+0000] {processor.py:914} INFO - Processing file /home/airflow/.local/lib/python3.12/site-packages/airflow/example_dags/example_display_name.py for tasks to queue
[2025-07-03T21:38:46.093+0000] {logging_mixin.py:190} INFO - [2025-07-03T21:38:46.093+0000] {dagbag.py:588} INFO - Filling up the DagBag from /home/airflow/.local/lib/python3.12/site-packages/airflow/example_dags/example_display_name.py
[2025-07-03T21:38:46.098+0000] {processor.py:925} INFO - DAG(s) 'example_display_name' retrieved from /home/airflow/.local/lib/python3.12/site-packages/airflow/example_dags/example_display_name.py
[2025-07-03T21:38:46.109+0000] {logging_mixin.py:190} INFO - [2025-07-03T21:38:46.109+0000] {dag.py:3239} INFO - Sync 1 DAGs
[2025-07-03T21:38:46.120+0000] {logging_mixin.py:190} INFO - [2025-07-03T21:38:46.119+0000] {dag.py:4180} INFO - Setting next_dagrun for example_display_name to None, run_after=None
[2025-07-03T21:38:46.131+0000] {processor.py:208} INFO - Processing /home/airflow/.local/lib/python3.12/site-packages/airflow/example_dags/example_display_name.py took 0.043 seconds
[2025-07-03T21:39:16.397+0000] {processor.py:186} INFO - Started process (PID=1358) to work on /home/airflow/.local/lib/python3.12/site-packages/airflow/example_dags/example_display_name.py
[2025-07-03T21:39:16.397+0000] {processor.py:914} INFO - Processing file /home/airflow/.local/lib/python3.12/site-packages/airflow/example_dags/example_display_name.py for tasks to queue
[2025-07-03T21:39:16.399+0000] {logging_mixin.py:190} INFO - [2025-07-03T21:39:16.399+0000] {dagbag.py:588} INFO - Filling up the DagBag from /home/airflow/.local/lib/python3.12/site-packages/airflow/example_dags/example_display_name.py
[2025-07-03T21:39:16.403+0000] {processor.py:925} INFO - DAG(s) 'example_display_name' retrieved from /home/airflow/.local/lib/python3.12/site-packages/airflow/example_dags/example_display_name.py
[2025-07-03T21:39:16.412+0000] {logging_mixin.py:190} INFO - [2025-07-03T21:39:16.412+0000] {dag.py:3239} INFO - Sync 1 DAGs
[2025-07-03T21:39:16.420+0000] {logging_mixin.py:190} INFO - [2025-07-03T21:39:16.420+0000] {dag.py:4180} INFO - Setting next_dagrun for example_display_name to None, run_after=None
[2025-07-03T21:39:16.432+0000] {processor.py:208} INFO - Processing /home/airflow/.local/lib/python3.12/site-packages/airflow/example_dags/example_display_name.py took 0.038 seconds
[2025-07-03T21:39:46.695+0000] {processor.py:186} INFO - Started process (PID=1420) to work on /home/airflow/.local/lib/python3.12/site-packages/airflow/example_dags/example_display_name.py
[2025-07-03T21:39:46.696+0000] {processor.py:914} INFO - Processing file /home/airflow/.local/lib/python3.12/site-packages/airflow/example_dags/example_display_name.py for tasks to queue
[2025-07-03T21:39:46.697+0000] {logging_mixin.py:190} INFO - [2025-07-03T21:39:46.697+0000] {dagbag.py:588} INFO - Filling up the DagBag from /home/airflow/.local/lib/python3.12/site-packages/airflow/example_dags/example_display_name.py
[2025-07-03T21:39:46.701+0000] {processor.py:925} INFO - DAG(s) 'example_display_name' retrieved from /home/airflow/.local/lib/python3.12/site-packages/airflow/example_dags/example_display_name.py
[2025-07-03T21:39:46.713+0000] {logging_mixin.py:190} INFO - [2025-07-03T21:39:46.713+0000] {dag.py:3239} INFO - Sync 1 DAGs
[2025-07-03T21:39:46.719+0000] {logging_mixin.py:190} INFO - [2025-07-03T21:39:46.719+0000] {dag.py:4180} INFO - Setting next_dagrun for example_display_name to None, run_after=None
[2025-07-03T21:39:46.729+0000] {processor.py:208} INFO - Processing /home/airflow/.local/lib/python3.12/site-packages/airflow/example_dags/example_display_name.py took 0.037 seconds
[2025-07-03T21:40:17.067+0000] {processor.py:186} INFO - Started process (PID=1482) to work on /home/airflow/.local/lib/python3.12/site-packages/airflow/example_dags/example_display_name.py
[2025-07-03T21:40:17.068+0000] {processor.py:914} INFO - Processing file /home/airflow/.local/lib/python3.12/site-packages/airflow/example_dags/example_display_name.py for tasks to queue
[2025-07-03T21:40:17.069+0000] {logging_mixin.py:190} INFO - [2025-07-03T21:40:17.069+0000] {dagbag.py:588} INFO - Filling up the DagBag from /home/airflow/.local/lib/python3.12/site-packages/airflow/example_dags/example_display_name.py
[2025-07-03T21:40:17.075+0000] {processor.py:925} INFO - DAG(s) 'example_display_name' retrieved from /home/airflow/.local/lib/python3.12/site-packages/airflow/example_dags/example_display_name.py
[2025-07-03T21:40:17.085+0000] {logging_mixin.py:190} INFO - [2025-07-03T21:40:17.085+0000] {dag.py:3239} INFO - Sync 1 DAGs
[2025-07-03T21:40:17.092+0000] {logging_mixin.py:190} INFO - [2025-07-03T21:40:17.092+0000] {dag.py:4180} INFO - Setting next_dagrun for example_display_name to None, run_after=None
[2025-07-03T21:40:17.101+0000] {processor.py:208} INFO - Processing /home/airflow/.local/lib/python3.12/site-packages/airflow/example_dags/example_display_name.py took 0.039 seconds
[2025-07-03T21:40:47.848+0000] {processor.py:186} INFO - Started process (PID=1544) to work on /home/airflow/.local/lib/python3.12/site-packages/airflow/example_dags/example_display_name.py
[2025-07-03T21:40:47.851+0000] {processor.py:914} INFO - Processing file /home/airflow/.local/lib/python3.12/site-packages/airflow/example_dags/example_display_name.py for tasks to queue
[2025-07-03T21:40:47.852+0000] {logging_mixin.py:190} INFO - [2025-07-03T21:40:47.852+0000] {dagbag.py:588} INFO - Filling up the DagBag from /home/airflow/.local/lib/python3.12/site-packages/airflow/example_dags/example_display_name.py
[2025-07-03T21:40:47.865+0000] {processor.py:925} INFO - DAG(s) 'example_display_name' retrieved from /home/airflow/.local/lib/python3.12/site-packages/airflow/example_dags/example_display_name.py
[2025-07-03T21:40:47.926+0000] {logging_mixin.py:190} INFO - [2025-07-03T21:40:47.925+0000] {dag.py:3239} INFO - Sync 1 DAGs
[2025-07-03T21:40:47.947+0000] {logging_mixin.py:190} INFO - [2025-07-03T21:40:47.946+0000] {dag.py:4180} INFO - Setting next_dagrun for example_display_name to None, run_after=None
[2025-07-03T21:40:47.985+0000] {processor.py:208} INFO - Processing /home/airflow/.local/lib/python3.12/site-packages/airflow/example_dags/example_display_name.py took 0.157 seconds
[2025-07-03T21:41:18.118+0000] {processor.py:186} INFO - Started process (PID=1605) to work on /home/airflow/.local/lib/python3.12/site-packages/airflow/example_dags/example_display_name.py
[2025-07-03T21:41:18.119+0000] {processor.py:914} INFO - Processing file /home/airflow/.local/lib/python3.12/site-packages/airflow/example_dags/example_display_name.py for tasks to queue
[2025-07-03T21:41:18.120+0000] {logging_mixin.py:190} INFO - [2025-07-03T21:41:18.120+0000] {dagbag.py:588} INFO - Filling up the DagBag from /home/airflow/.local/lib/python3.12/site-packages/airflow/example_dags/example_display_name.py
[2025-07-03T21:41:18.124+0000] {processor.py:925} INFO - DAG(s) 'example_display_name' retrieved from /home/airflow/.local/lib/python3.12/site-packages/airflow/example_dags/example_display_name.py
[2025-07-03T21:41:18.137+0000] {logging_mixin.py:190} INFO - [2025-07-03T21:41:18.136+0000] {dag.py:3239} INFO - Sync 1 DAGs
[2025-07-03T21:41:18.144+0000] {logging_mixin.py:190} INFO - [2025-07-03T21:41:18.144+0000] {dag.py:4180} INFO - Setting next_dagrun for example_display_name to None, run_after=None
[2025-07-03T21:41:18.158+0000] {processor.py:208} INFO - Processing /home/airflow/.local/lib/python3.12/site-packages/airflow/example_dags/example_display_name.py took 0.043 seconds
[2025-07-03T21:41:48.966+0000] {processor.py:186} INFO - Started process (PID=1668) to work on /home/airflow/.local/lib/python3.12/site-packages/airflow/example_dags/example_display_name.py
[2025-07-03T21:41:48.966+0000] {processor.py:914} INFO - Processing file /home/airflow/.local/lib/python3.12/site-packages/airflow/example_dags/example_display_name.py for tasks to queue
[2025-07-03T21:41:48.968+0000] {logging_mixin.py:190} INFO - [2025-07-03T21:41:48.968+0000] {dagbag.py:588} INFO - Filling up the DagBag from /home/airflow/.local/lib/python3.12/site-packages/airflow/example_dags/example_display_name.py
[2025-07-03T21:41:48.972+0000] {processor.py:925} INFO - DAG(s) 'example_display_name' retrieved from /home/airflow/.local/lib/python3.12/site-packages/airflow/example_dags/example_display_name.py
[2025-07-03T21:41:48.989+0000] {logging_mixin.py:190} INFO - [2025-07-03T21:41:48.989+0000] {dag.py:3239} INFO - Sync 1 DAGs
[2025-07-03T21:41:48.996+0000] {logging_mixin.py:190} INFO - [2025-07-03T21:41:48.996+0000] {dag.py:4180} INFO - Setting next_dagrun for example_display_name to None, run_after=None
[2025-07-03T21:41:49.008+0000] {processor.py:208} INFO - Processing /home/airflow/.local/lib/python3.12/site-packages/airflow/example_dags/example_display_name.py took 0.045 seconds
[2025-07-03T21:42:20.005+0000] {processor.py:186} INFO - Started process (PID=1730) to work on /home/airflow/.local/lib/python3.12/site-packages/airflow/example_dags/example_display_name.py
[2025-07-03T21:42:20.006+0000] {processor.py:914} INFO - Processing file /home/airflow/.local/lib/python3.12/site-packages/airflow/example_dags/example_display_name.py for tasks to queue
[2025-07-03T21:42:20.010+0000] {logging_mixin.py:190} INFO - [2025-07-03T21:42:20.010+0000] {dagbag.py:588} INFO - Filling up the DagBag from /home/airflow/.local/lib/python3.12/site-packages/airflow/example_dags/example_display_name.py
[2025-07-03T21:42:20.013+0000] {processor.py:925} INFO - DAG(s) 'example_display_name' retrieved from /home/airflow/.local/lib/python3.12/site-packages/airflow/example_dags/example_display_name.py
[2025-07-03T21:42:20.027+0000] {logging_mixin.py:190} INFO - [2025-07-03T21:42:20.027+0000] {dag.py:3239} INFO - Sync 1 DAGs
[2025-07-03T21:42:20.041+0000] {logging_mixin.py:190} INFO - [2025-07-03T21:42:20.041+0000] {dag.py:4180} INFO - Setting next_dagrun for example_display_name to None, run_after=None
[2025-07-03T21:42:20.053+0000] {processor.py:208} INFO - Processing /home/airflow/.local/lib/python3.12/site-packages/airflow/example_dags/example_display_name.py took 0.052 seconds
[2025-07-03T21:42:51.153+0000] {processor.py:186} INFO - Started process (PID=1792) to work on /home/airflow/.local/lib/python3.12/site-packages/airflow/example_dags/example_display_name.py
[2025-07-03T21:42:51.158+0000] {processor.py:914} INFO - Processing file /home/airflow/.local/lib/python3.12/site-packages/airflow/example_dags/example_display_name.py for tasks to queue
[2025-07-03T21:42:51.160+0000] {logging_mixin.py:190} INFO - [2025-07-03T21:42:51.159+0000] {dagbag.py:588} INFO - Filling up the DagBag from /home/airflow/.local/lib/python3.12/site-packages/airflow/example_dags/example_display_name.py
[2025-07-03T21:42:51.164+0000] {processor.py:925} INFO - DAG(s) 'example_display_name' retrieved from /home/airflow/.local/lib/python3.12/site-packages/airflow/example_dags/example_display_name.py
[2025-07-03T21:42:51.176+0000] {logging_mixin.py:190} INFO - [2025-07-03T21:42:51.175+0000] {dag.py:3239} INFO - Sync 1 DAGs
[2025-07-03T21:42:51.184+0000] {logging_mixin.py:190} INFO - [2025-07-03T21:42:51.184+0000] {dag.py:4180} INFO - Setting next_dagrun for example_display_name to None, run_after=None
[2025-07-03T21:42:51.199+0000] {processor.py:208} INFO - Processing /home/airflow/.local/lib/python3.12/site-packages/airflow/example_dags/example_display_name.py took 0.053 seconds
[2025-07-03T21:43:22.067+0000] {processor.py:186} INFO - Started process (PID=1854) to work on /home/airflow/.local/lib/python3.12/site-packages/airflow/example_dags/example_display_name.py
[2025-07-03T21:43:22.068+0000] {processor.py:914} INFO - Processing file /home/airflow/.local/lib/python3.12/site-packages/airflow/example_dags/example_display_name.py for tasks to queue
[2025-07-03T21:43:22.071+0000] {logging_mixin.py:190} INFO - [2025-07-03T21:43:22.071+0000] {dagbag.py:588} INFO - Filling up the DagBag from /home/airflow/.local/lib/python3.12/site-packages/airflow/example_dags/example_display_name.py
[2025-07-03T21:43:22.078+0000] {processor.py:925} INFO - DAG(s) 'example_display_name' retrieved from /home/airflow/.local/lib/python3.12/site-packages/airflow/example_dags/example_display_name.py
[2025-07-03T21:43:22.093+0000] {logging_mixin.py:190} INFO - [2025-07-03T21:43:22.093+0000] {dag.py:3239} INFO - Sync 1 DAGs
[2025-07-03T21:43:22.100+0000] {logging_mixin.py:190} INFO - [2025-07-03T21:43:22.100+0000] {dag.py:4180} INFO - Setting next_dagrun for example_display_name to None, run_after=None
[2025-07-03T21:43:22.112+0000] {processor.py:208} INFO - Processing /home/airflow/.local/lib/python3.12/site-packages/airflow/example_dags/example_display_name.py took 0.050 seconds
[2025-07-03T21:43:52.490+0000] {processor.py:186} INFO - Started process (PID=1916) to work on /home/airflow/.local/lib/python3.12/site-packages/airflow/example_dags/example_display_name.py
[2025-07-03T21:43:52.491+0000] {processor.py:914} INFO - Processing file /home/airflow/.local/lib/python3.12/site-packages/airflow/example_dags/example_display_name.py for tasks to queue
[2025-07-03T21:43:52.492+0000] {logging_mixin.py:190} INFO - [2025-07-03T21:43:52.492+0000] {dagbag.py:588} INFO - Filling up the DagBag from /home/airflow/.local/lib/python3.12/site-packages/airflow/example_dags/example_display_name.py
[2025-07-03T21:43:52.500+0000] {processor.py:925} INFO - DAG(s) 'example_display_name' retrieved from /home/airflow/.local/lib/python3.12/site-packages/airflow/example_dags/example_display_name.py
[2025-07-03T21:43:52.518+0000] {logging_mixin.py:190} INFO - [2025-07-03T21:43:52.518+0000] {dag.py:3239} INFO - Sync 1 DAGs
[2025-07-03T21:43:52.525+0000] {logging_mixin.py:190} INFO - [2025-07-03T21:43:52.525+0000] {dag.py:4180} INFO - Setting next_dagrun for example_display_name to None, run_after=None
[2025-07-03T21:43:52.536+0000] {processor.py:208} INFO - Processing /home/airflow/.local/lib/python3.12/site-packages/airflow/example_dags/example_display_name.py took 0.050 seconds
[2025-07-03T21:44:22.741+0000] {processor.py:186} INFO - Started process (PID=1978) to work on /home/airflow/.local/lib/python3.12/site-packages/airflow/example_dags/example_display_name.py
[2025-07-03T21:44:22.744+0000] {processor.py:914} INFO - Processing file /home/airflow/.local/lib/python3.12/site-packages/airflow/example_dags/example_display_name.py for tasks to queue
[2025-07-03T21:44:22.745+0000] {logging_mixin.py:190} INFO - [2025-07-03T21:44:22.745+0000] {dagbag.py:588} INFO - Filling up the DagBag from /home/airflow/.local/lib/python3.12/site-packages/airflow/example_dags/example_display_name.py
[2025-07-03T21:44:22.751+0000] {processor.py:925} INFO - DAG(s) 'example_display_name' retrieved from /home/airflow/.local/lib/python3.12/site-packages/airflow/example_dags/example_display_name.py
[2025-07-03T21:44:22.769+0000] {logging_mixin.py:190} INFO - [2025-07-03T21:44:22.769+0000] {dag.py:3239} INFO - Sync 1 DAGs
[2025-07-03T21:44:22.780+0000] {logging_mixin.py:190} INFO - [2025-07-03T21:44:22.779+0000] {dag.py:4180} INFO - Setting next_dagrun for example_display_name to None, run_after=None
[2025-07-03T21:44:22.796+0000] {processor.py:208} INFO - Processing /home/airflow/.local/lib/python3.12/site-packages/airflow/example_dags/example_display_name.py took 0.060 seconds
[2025-07-03T21:44:53.522+0000] {processor.py:186} INFO - Started process (PID=2040) to work on /home/airflow/.local/lib/python3.12/site-packages/airflow/example_dags/example_display_name.py
[2025-07-03T21:44:53.523+0000] {processor.py:914} INFO - Processing file /home/airflow/.local/lib/python3.12/site-packages/airflow/example_dags/example_display_name.py for tasks to queue
[2025-07-03T21:44:53.525+0000] {logging_mixin.py:190} INFO - [2025-07-03T21:44:53.525+0000] {dagbag.py:588} INFO - Filling up the DagBag from /home/airflow/.local/lib/python3.12/site-packages/airflow/example_dags/example_display_name.py
[2025-07-03T21:44:53.539+0000] {processor.py:925} INFO - DAG(s) 'example_display_name' retrieved from /home/airflow/.local/lib/python3.12/site-packages/airflow/example_dags/example_display_name.py
[2025-07-03T21:44:53.575+0000] {logging_mixin.py:190} INFO - [2025-07-03T21:44:53.574+0000] {dag.py:3239} INFO - Sync 1 DAGs
[2025-07-03T21:44:53.585+0000] {logging_mixin.py:190} INFO - [2025-07-03T21:44:53.585+0000] {dag.py:4180} INFO - Setting next_dagrun for example_display_name to None, run_after=None
[2025-07-03T21:44:53.594+0000] {processor.py:208} INFO - Processing /home/airflow/.local/lib/python3.12/site-packages/airflow/example_dags/example_display_name.py took 0.076 seconds
[2025-07-03T21:45:24.313+0000] {processor.py:186} INFO - Started process (PID=2102) to work on /home/airflow/.local/lib/python3.12/site-packages/airflow/example_dags/example_display_name.py
[2025-07-03T21:45:24.314+0000] {processor.py:914} INFO - Processing file /home/airflow/.local/lib/python3.12/site-packages/airflow/example_dags/example_display_name.py for tasks to queue
[2025-07-03T21:45:24.315+0000] {logging_mixin.py:190} INFO - [2025-07-03T21:45:24.315+0000] {dagbag.py:588} INFO - Filling up the DagBag from /home/airflow/.local/lib/python3.12/site-packages/airflow/example_dags/example_display_name.py
[2025-07-03T21:45:24.321+0000] {processor.py:925} INFO - DAG(s) 'example_display_name' retrieved from /home/airflow/.local/lib/python3.12/site-packages/airflow/example_dags/example_display_name.py
[2025-07-03T21:45:24.335+0000] {logging_mixin.py:190} INFO - [2025-07-03T21:45:24.335+0000] {dag.py:3239} INFO - Sync 1 DAGs
[2025-07-03T21:45:24.347+0000] {logging_mixin.py:190} INFO - [2025-07-03T21:45:24.347+0000] {dag.py:4180} INFO - Setting next_dagrun for example_display_name to None, run_after=None
[2025-07-03T21:45:24.360+0000] {processor.py:208} INFO - Processing /home/airflow/.local/lib/python3.12/site-packages/airflow/example_dags/example_display_name.py took 0.050 seconds
[2025-07-03T21:45:55.458+0000] {processor.py:186} INFO - Started process (PID=2164) to work on /home/airflow/.local/lib/python3.12/site-packages/airflow/example_dags/example_display_name.py
[2025-07-03T21:45:55.459+0000] {processor.py:914} INFO - Processing file /home/airflow/.local/lib/python3.12/site-packages/airflow/example_dags/example_display_name.py for tasks to queue
[2025-07-03T21:45:55.460+0000] {logging_mixin.py:190} INFO - [2025-07-03T21:45:55.460+0000] {dagbag.py:588} INFO - Filling up the DagBag from /home/airflow/.local/lib/python3.12/site-packages/airflow/example_dags/example_display_name.py
[2025-07-03T21:45:55.469+0000] {processor.py:925} INFO - DAG(s) 'example_display_name' retrieved from /home/airflow/.local/lib/python3.12/site-packages/airflow/example_dags/example_display_name.py
[2025-07-03T21:45:55.486+0000] {logging_mixin.py:190} INFO - [2025-07-03T21:45:55.485+0000] {dag.py:3239} INFO - Sync 1 DAGs
[2025-07-03T21:45:55.494+0000] {logging_mixin.py:190} INFO - [2025-07-03T21:45:55.494+0000] {dag.py:4180} INFO - Setting next_dagrun for example_display_name to None, run_after=None
[2025-07-03T21:45:55.504+0000] {processor.py:208} INFO - Processing /home/airflow/.local/lib/python3.12/site-packages/airflow/example_dags/example_display_name.py took 0.050 seconds
[2025-07-03T21:46:26.477+0000] {processor.py:186} INFO - Started process (PID=2226) to work on /home/airflow/.local/lib/python3.12/site-packages/airflow/example_dags/example_display_name.py
[2025-07-03T21:46:26.478+0000] {processor.py:914} INFO - Processing file /home/airflow/.local/lib/python3.12/site-packages/airflow/example_dags/example_display_name.py for tasks to queue
[2025-07-03T21:46:26.479+0000] {logging_mixin.py:190} INFO - [2025-07-03T21:46:26.479+0000] {dagbag.py:588} INFO - Filling up the DagBag from /home/airflow/.local/lib/python3.12/site-packages/airflow/example_dags/example_display_name.py
[2025-07-03T21:46:26.485+0000] {processor.py:925} INFO - DAG(s) 'example_display_name' retrieved from /home/airflow/.local/lib/python3.12/site-packages/airflow/example_dags/example_display_name.py
[2025-07-03T21:46:26.503+0000] {logging_mixin.py:190} INFO - [2025-07-03T21:46:26.503+0000] {dag.py:3239} INFO - Sync 1 DAGs
[2025-07-03T21:46:26.514+0000] {logging_mixin.py:190} INFO - [2025-07-03T21:46:26.514+0000] {dag.py:4180} INFO - Setting next_dagrun for example_display_name to None, run_after=None
[2025-07-03T21:46:26.526+0000] {processor.py:208} INFO - Processing /home/airflow/.local/lib/python3.12/site-packages/airflow/example_dags/example_display_name.py took 0.052 seconds
[2025-07-03T21:46:57.575+0000] {processor.py:186} INFO - Started process (PID=2288) to work on /home/airflow/.local/lib/python3.12/site-packages/airflow/example_dags/example_display_name.py
[2025-07-03T21:46:57.578+0000] {processor.py:914} INFO - Processing file /home/airflow/.local/lib/python3.12/site-packages/airflow/example_dags/example_display_name.py for tasks to queue
[2025-07-03T21:46:57.580+0000] {logging_mixin.py:190} INFO - [2025-07-03T21:46:57.579+0000] {dagbag.py:588} INFO - Filling up the DagBag from /home/airflow/.local/lib/python3.12/site-packages/airflow/example_dags/example_display_name.py
[2025-07-03T21:46:57.584+0000] {processor.py:925} INFO - DAG(s) 'example_display_name' retrieved from /home/airflow/.local/lib/python3.12/site-packages/airflow/example_dags/example_display_name.py
[2025-07-03T21:46:57.595+0000] {logging_mixin.py:190} INFO - [2025-07-03T21:46:57.595+0000] {dag.py:3239} INFO - Sync 1 DAGs
[2025-07-03T21:46:57.602+0000] {logging_mixin.py:190} INFO - [2025-07-03T21:46:57.602+0000] {dag.py:4180} INFO - Setting next_dagrun for example_display_name to None, run_after=None
[2025-07-03T21:46:57.612+0000] {processor.py:208} INFO - Processing /home/airflow/.local/lib/python3.12/site-packages/airflow/example_dags/example_display_name.py took 0.047 seconds
[2025-07-03T21:47:28.588+0000] {processor.py:186} INFO - Started process (PID=2350) to work on /home/airflow/.local/lib/python3.12/site-packages/airflow/example_dags/example_display_name.py
[2025-07-03T21:47:28.589+0000] {processor.py:914} INFO - Processing file /home/airflow/.local/lib/python3.12/site-packages/airflow/example_dags/example_display_name.py for tasks to queue
[2025-07-03T21:47:28.590+0000] {logging_mixin.py:190} INFO - [2025-07-03T21:47:28.590+0000] {dagbag.py:588} INFO - Filling up the DagBag from /home/airflow/.local/lib/python3.12/site-packages/airflow/example_dags/example_display_name.py
[2025-07-03T21:47:28.595+0000] {processor.py:925} INFO - DAG(s) 'example_display_name' retrieved from /home/airflow/.local/lib/python3.12/site-packages/airflow/example_dags/example_display_name.py
[2025-07-03T21:47:28.607+0000] {logging_mixin.py:190} INFO - [2025-07-03T21:47:28.607+0000] {dag.py:3239} INFO - Sync 1 DAGs
[2025-07-03T21:47:28.616+0000] {logging_mixin.py:190} INFO - [2025-07-03T21:47:28.616+0000] {dag.py:4180} INFO - Setting next_dagrun for example_display_name to None, run_after=None
[2025-07-03T21:47:28.626+0000] {processor.py:208} INFO - Processing /home/airflow/.local/lib/python3.12/site-packages/airflow/example_dags/example_display_name.py took 0.042 seconds
[2025-07-03T21:47:59.239+0000] {processor.py:186} INFO - Started process (PID=2412) to work on /home/airflow/.local/lib/python3.12/site-packages/airflow/example_dags/example_display_name.py
[2025-07-03T21:47:59.240+0000] {processor.py:914} INFO - Processing file /home/airflow/.local/lib/python3.12/site-packages/airflow/example_dags/example_display_name.py for tasks to queue
[2025-07-03T21:47:59.242+0000] {logging_mixin.py:190} INFO - [2025-07-03T21:47:59.241+0000] {dagbag.py:588} INFO - Filling up the DagBag from /home/airflow/.local/lib/python3.12/site-packages/airflow/example_dags/example_display_name.py
[2025-07-03T21:47:59.250+0000] {processor.py:925} INFO - DAG(s) 'example_display_name' retrieved from /home/airflow/.local/lib/python3.12/site-packages/airflow/example_dags/example_display_name.py
[2025-07-03T21:47:59.263+0000] {logging_mixin.py:190} INFO - [2025-07-03T21:47:59.262+0000] {dag.py:3239} INFO - Sync 1 DAGs
[2025-07-03T21:47:59.271+0000] {logging_mixin.py:190} INFO - [2025-07-03T21:47:59.271+0000] {dag.py:4180} INFO - Setting next_dagrun for example_display_name to None, run_after=None
[2025-07-03T21:47:59.283+0000] {processor.py:208} INFO - Processing /home/airflow/.local/lib/python3.12/site-packages/airflow/example_dags/example_display_name.py took 0.047 seconds
[2025-07-03T21:48:30.063+0000] {processor.py:186} INFO - Started process (PID=2474) to work on /home/airflow/.local/lib/python3.12/site-packages/airflow/example_dags/example_display_name.py
[2025-07-03T21:48:30.064+0000] {processor.py:914} INFO - Processing file /home/airflow/.local/lib/python3.12/site-packages/airflow/example_dags/example_display_name.py for tasks to queue
[2025-07-03T21:48:30.066+0000] {logging_mixin.py:190} INFO - [2025-07-03T21:48:30.065+0000] {dagbag.py:588} INFO - Filling up the DagBag from /home/airflow/.local/lib/python3.12/site-packages/airflow/example_dags/example_display_name.py
[2025-07-03T21:48:30.072+0000] {processor.py:925} INFO - DAG(s) 'example_display_name' retrieved from /home/airflow/.local/lib/python3.12/site-packages/airflow/example_dags/example_display_name.py
[2025-07-03T21:48:30.084+0000] {logging_mixin.py:190} INFO - [2025-07-03T21:48:30.084+0000] {dag.py:3239} INFO - Sync 1 DAGs
[2025-07-03T21:48:30.091+0000] {logging_mixin.py:190} INFO - [2025-07-03T21:48:30.091+0000] {dag.py:4180} INFO - Setting next_dagrun for example_display_name to None, run_after=None
[2025-07-03T21:48:30.102+0000] {processor.py:208} INFO - Processing /home/airflow/.local/lib/python3.12/site-packages/airflow/example_dags/example_display_name.py took 0.044 seconds
[2025-07-03T21:49:01.242+0000] {processor.py:186} INFO - Started process (PID=2536) to work on /home/airflow/.local/lib/python3.12/site-packages/airflow/example_dags/example_display_name.py
[2025-07-03T21:49:01.243+0000] {processor.py:914} INFO - Processing file /home/airflow/.local/lib/python3.12/site-packages/airflow/example_dags/example_display_name.py for tasks to queue
[2025-07-03T21:49:01.245+0000] {logging_mixin.py:190} INFO - [2025-07-03T21:49:01.245+0000] {dagbag.py:588} INFO - Filling up the DagBag from /home/airflow/.local/lib/python3.12/site-packages/airflow/example_dags/example_display_name.py
[2025-07-03T21:49:01.300+0000] {processor.py:925} INFO - DAG(s) 'example_display_name' retrieved from /home/airflow/.local/lib/python3.12/site-packages/airflow/example_dags/example_display_name.py
[2025-07-03T21:49:01.328+0000] {logging_mixin.py:190} INFO - [2025-07-03T21:49:01.328+0000] {dag.py:3239} INFO - Sync 1 DAGs
[2025-07-03T21:49:01.336+0000] {logging_mixin.py:190} INFO - [2025-07-03T21:49:01.336+0000] {dag.py:4180} INFO - Setting next_dagrun for example_display_name to None, run_after=None
[2025-07-03T21:49:01.353+0000] {processor.py:208} INFO - Processing /home/airflow/.local/lib/python3.12/site-packages/airflow/example_dags/example_display_name.py took 0.116 seconds
