[2025-07-03T21:15:03.693+0000] {processor.py:186} INFO - Started process (PID=77) to work on /home/airflow/.local/lib/python3.12/site-packages/airflow/example_dags/example_branch_python_dop_operator_3.py
[2025-07-03T21:15:03.694+0000] {processor.py:914} INFO - Processing file /home/airflow/.local/lib/python3.12/site-packages/airflow/example_dags/example_branch_python_dop_operator_3.py for tasks to queue
[2025-07-03T21:15:03.697+0000] {logging_mixin.py:190} INFO - [2025-07-03T21:15:03.697+0000] {dagbag.py:588} INFO - Filling up the DagBag from /home/airflow/.local/lib/python3.12/site-packages/airflow/example_dags/example_branch_python_dop_operator_3.py
[2025-07-03T21:15:03.710+0000] {processor.py:925} INFO - DAG(s) 'example_branch_dop_operator_v3' retrieved from /home/airflow/.local/lib/python3.12/site-packages/airflow/example_dags/example_branch_python_dop_operator_3.py
[2025-07-03T21:15:03.743+0000] {logging_mixin.py:190} INFO - [2025-07-03T21:15:03.743+0000] {dag.py:3239} INFO - Sync 1 DAGs
[2025-07-03T21:15:03.774+0000] {logging_mixin.py:190} INFO - [2025-07-03T21:15:03.773+0000] {dag.py:4180} INFO - Setting next_dagrun for example_branch_dop_operator_v3 to 2025-07-03 21:14:00+00:00, run_after=2025-07-03 21:15:00+00:00
[2025-07-03T21:15:03.794+0000] {processor.py:208} INFO - Processing /home/airflow/.local/lib/python3.12/site-packages/airflow/example_dags/example_branch_python_dop_operator_3.py took 0.111 seconds
[2025-07-03T21:15:34.598+0000] {processor.py:186} INFO - Started process (PID=139) to work on /home/airflow/.local/lib/python3.12/site-packages/airflow/example_dags/example_branch_python_dop_operator_3.py
[2025-07-03T21:15:34.601+0000] {processor.py:914} INFO - Processing file /home/airflow/.local/lib/python3.12/site-packages/airflow/example_dags/example_branch_python_dop_operator_3.py for tasks to queue
[2025-07-03T21:15:34.603+0000] {logging_mixin.py:190} INFO - [2025-07-03T21:15:34.603+0000] {dagbag.py:588} INFO - Filling up the DagBag from /home/airflow/.local/lib/python3.12/site-packages/airflow/example_dags/example_branch_python_dop_operator_3.py
[2025-07-03T21:15:34.609+0000] {processor.py:925} INFO - DAG(s) 'example_branch_dop_operator_v3' retrieved from /home/airflow/.local/lib/python3.12/site-packages/airflow/example_dags/example_branch_python_dop_operator_3.py
[2025-07-03T21:15:34.623+0000] {logging_mixin.py:190} INFO - [2025-07-03T21:15:34.623+0000] {dag.py:3239} INFO - Sync 1 DAGs
[2025-07-03T21:15:34.638+0000] {logging_mixin.py:190} INFO - [2025-07-03T21:15:34.637+0000] {dag.py:4180} INFO - Setting next_dagrun for example_branch_dop_operator_v3 to 2025-07-03 21:14:00+00:00, run_after=2025-07-03 21:15:00+00:00
[2025-07-03T21:15:34.652+0000] {processor.py:208} INFO - Processing /home/airflow/.local/lib/python3.12/site-packages/airflow/example_dags/example_branch_python_dop_operator_3.py took 0.057 seconds
[2025-07-03T21:16:05.211+0000] {processor.py:186} INFO - Started process (PID=201) to work on /home/airflow/.local/lib/python3.12/site-packages/airflow/example_dags/example_branch_python_dop_operator_3.py
[2025-07-03T21:16:05.212+0000] {processor.py:914} INFO - Processing file /home/airflow/.local/lib/python3.12/site-packages/airflow/example_dags/example_branch_python_dop_operator_3.py for tasks to queue
[2025-07-03T21:16:05.213+0000] {logging_mixin.py:190} INFO - [2025-07-03T21:16:05.213+0000] {dagbag.py:588} INFO - Filling up the DagBag from /home/airflow/.local/lib/python3.12/site-packages/airflow/example_dags/example_branch_python_dop_operator_3.py
[2025-07-03T21:16:05.220+0000] {processor.py:925} INFO - DAG(s) 'example_branch_dop_operator_v3' retrieved from /home/airflow/.local/lib/python3.12/site-packages/airflow/example_dags/example_branch_python_dop_operator_3.py
[2025-07-03T21:16:05.232+0000] {logging_mixin.py:190} INFO - [2025-07-03T21:16:05.232+0000] {dag.py:3239} INFO - Sync 1 DAGs
[2025-07-03T21:16:05.245+0000] {logging_mixin.py:190} INFO - [2025-07-03T21:16:05.245+0000] {dag.py:4180} INFO - Setting next_dagrun for example_branch_dop_operator_v3 to 2025-07-03 21:15:00+00:00, run_after=2025-07-03 21:16:00+00:00
[2025-07-03T21:16:05.256+0000] {processor.py:208} INFO - Processing /home/airflow/.local/lib/python3.12/site-packages/airflow/example_dags/example_branch_python_dop_operator_3.py took 0.049 seconds
[2025-07-03T21:16:35.830+0000] {processor.py:186} INFO - Started process (PID=263) to work on /home/airflow/.local/lib/python3.12/site-packages/airflow/example_dags/example_branch_python_dop_operator_3.py
[2025-07-03T21:16:35.830+0000] {processor.py:914} INFO - Processing file /home/airflow/.local/lib/python3.12/site-packages/airflow/example_dags/example_branch_python_dop_operator_3.py for tasks to queue
[2025-07-03T21:16:35.833+0000] {logging_mixin.py:190} INFO - [2025-07-03T21:16:35.832+0000] {dagbag.py:588} INFO - Filling up the DagBag from /home/airflow/.local/lib/python3.12/site-packages/airflow/example_dags/example_branch_python_dop_operator_3.py
[2025-07-03T21:16:35.838+0000] {processor.py:925} INFO - DAG(s) 'example_branch_dop_operator_v3' retrieved from /home/airflow/.local/lib/python3.12/site-packages/airflow/example_dags/example_branch_python_dop_operator_3.py
[2025-07-03T21:16:35.851+0000] {logging_mixin.py:190} INFO - [2025-07-03T21:16:35.850+0000] {dag.py:3239} INFO - Sync 1 DAGs
[2025-07-03T21:16:35.863+0000] {logging_mixin.py:190} INFO - [2025-07-03T21:16:35.863+0000] {dag.py:4180} INFO - Setting next_dagrun for example_branch_dop_operator_v3 to 2025-07-03 21:15:00+00:00, run_after=2025-07-03 21:16:00+00:00
[2025-07-03T21:16:35.876+0000] {processor.py:208} INFO - Processing /home/airflow/.local/lib/python3.12/site-packages/airflow/example_dags/example_branch_python_dop_operator_3.py took 0.049 seconds
[2025-07-03T21:17:06.273+0000] {processor.py:186} INFO - Started process (PID=325) to work on /home/airflow/.local/lib/python3.12/site-packages/airflow/example_dags/example_branch_python_dop_operator_3.py
[2025-07-03T21:17:06.274+0000] {processor.py:914} INFO - Processing file /home/airflow/.local/lib/python3.12/site-packages/airflow/example_dags/example_branch_python_dop_operator_3.py for tasks to queue
[2025-07-03T21:17:06.277+0000] {logging_mixin.py:190} INFO - [2025-07-03T21:17:06.277+0000] {dagbag.py:588} INFO - Filling up the DagBag from /home/airflow/.local/lib/python3.12/site-packages/airflow/example_dags/example_branch_python_dop_operator_3.py
[2025-07-03T21:17:06.283+0000] {processor.py:925} INFO - DAG(s) 'example_branch_dop_operator_v3' retrieved from /home/airflow/.local/lib/python3.12/site-packages/airflow/example_dags/example_branch_python_dop_operator_3.py
[2025-07-03T21:17:06.295+0000] {logging_mixin.py:190} INFO - [2025-07-03T21:17:06.295+0000] {dag.py:3239} INFO - Sync 1 DAGs
[2025-07-03T21:17:06.307+0000] {logging_mixin.py:190} INFO - [2025-07-03T21:17:06.307+0000] {dag.py:4180} INFO - Setting next_dagrun for example_branch_dop_operator_v3 to 2025-07-03 21:16:00+00:00, run_after=2025-07-03 21:17:00+00:00
[2025-07-03T21:17:06.316+0000] {processor.py:208} INFO - Processing /home/airflow/.local/lib/python3.12/site-packages/airflow/example_dags/example_branch_python_dop_operator_3.py took 0.046 seconds
[2025-07-03T21:17:37.059+0000] {processor.py:186} INFO - Started process (PID=387) to work on /home/airflow/.local/lib/python3.12/site-packages/airflow/example_dags/example_branch_python_dop_operator_3.py
[2025-07-03T21:17:37.060+0000] {processor.py:914} INFO - Processing file /home/airflow/.local/lib/python3.12/site-packages/airflow/example_dags/example_branch_python_dop_operator_3.py for tasks to queue
[2025-07-03T21:17:37.061+0000] {logging_mixin.py:190} INFO - [2025-07-03T21:17:37.061+0000] {dagbag.py:588} INFO - Filling up the DagBag from /home/airflow/.local/lib/python3.12/site-packages/airflow/example_dags/example_branch_python_dop_operator_3.py
[2025-07-03T21:17:37.067+0000] {processor.py:925} INFO - DAG(s) 'example_branch_dop_operator_v3' retrieved from /home/airflow/.local/lib/python3.12/site-packages/airflow/example_dags/example_branch_python_dop_operator_3.py
[2025-07-03T21:17:37.083+0000] {logging_mixin.py:190} INFO - [2025-07-03T21:17:37.082+0000] {dag.py:3239} INFO - Sync 1 DAGs
[2025-07-03T21:17:37.097+0000] {logging_mixin.py:190} INFO - [2025-07-03T21:17:37.096+0000] {dag.py:4180} INFO - Setting next_dagrun for example_branch_dop_operator_v3 to 2025-07-03 21:16:00+00:00, run_after=2025-07-03 21:17:00+00:00
[2025-07-03T21:17:37.105+0000] {processor.py:208} INFO - Processing /home/airflow/.local/lib/python3.12/site-packages/airflow/example_dags/example_branch_python_dop_operator_3.py took 0.048 seconds
[2025-07-03T21:28:37.257+0000] {processor.py:186} INFO - Started process (PID=82) to work on /home/airflow/.local/lib/python3.12/site-packages/airflow/example_dags/example_branch_python_dop_operator_3.py
[2025-07-03T21:28:37.258+0000] {processor.py:914} INFO - Processing file /home/airflow/.local/lib/python3.12/site-packages/airflow/example_dags/example_branch_python_dop_operator_3.py for tasks to queue
[2025-07-03T21:28:37.260+0000] {logging_mixin.py:190} INFO - [2025-07-03T21:28:37.260+0000] {dagbag.py:588} INFO - Filling up the DagBag from /home/airflow/.local/lib/python3.12/site-packages/airflow/example_dags/example_branch_python_dop_operator_3.py
[2025-07-03T21:28:37.268+0000] {processor.py:925} INFO - DAG(s) 'example_branch_dop_operator_v3' retrieved from /home/airflow/.local/lib/python3.12/site-packages/airflow/example_dags/example_branch_python_dop_operator_3.py
[2025-07-03T21:28:37.291+0000] {logging_mixin.py:190} INFO - [2025-07-03T21:28:37.291+0000] {dag.py:3239} INFO - Sync 1 DAGs
[2025-07-03T21:28:37.309+0000] {logging_mixin.py:190} INFO - [2025-07-03T21:28:37.309+0000] {dag.py:4180} INFO - Setting next_dagrun for example_branch_dop_operator_v3 to 2025-07-03 21:27:00+00:00, run_after=2025-07-03 21:28:00+00:00
[2025-07-03T21:28:37.322+0000] {processor.py:208} INFO - Processing /home/airflow/.local/lib/python3.12/site-packages/airflow/example_dags/example_branch_python_dop_operator_3.py took 0.068 seconds
[2025-07-03T21:29:08.454+0000] {processor.py:186} INFO - Started process (PID=144) to work on /home/airflow/.local/lib/python3.12/site-packages/airflow/example_dags/example_branch_python_dop_operator_3.py
[2025-07-03T21:29:08.455+0000] {processor.py:914} INFO - Processing file /home/airflow/.local/lib/python3.12/site-packages/airflow/example_dags/example_branch_python_dop_operator_3.py for tasks to queue
[2025-07-03T21:29:08.456+0000] {logging_mixin.py:190} INFO - [2025-07-03T21:29:08.456+0000] {dagbag.py:588} INFO - Filling up the DagBag from /home/airflow/.local/lib/python3.12/site-packages/airflow/example_dags/example_branch_python_dop_operator_3.py
[2025-07-03T21:29:08.465+0000] {processor.py:925} INFO - DAG(s) 'example_branch_dop_operator_v3' retrieved from /home/airflow/.local/lib/python3.12/site-packages/airflow/example_dags/example_branch_python_dop_operator_3.py
[2025-07-03T21:29:08.482+0000] {logging_mixin.py:190} INFO - [2025-07-03T21:29:08.482+0000] {dag.py:3239} INFO - Sync 1 DAGs
[2025-07-03T21:29:08.495+0000] {logging_mixin.py:190} INFO - [2025-07-03T21:29:08.495+0000] {dag.py:4180} INFO - Setting next_dagrun for example_branch_dop_operator_v3 to 2025-07-03 21:28:00+00:00, run_after=2025-07-03 21:29:00+00:00
[2025-07-03T21:29:08.506+0000] {processor.py:208} INFO - Processing /home/airflow/.local/lib/python3.12/site-packages/airflow/example_dags/example_branch_python_dop_operator_3.py took 0.055 seconds
[2025-07-03T21:29:38.928+0000] {processor.py:186} INFO - Started process (PID=206) to work on /home/airflow/.local/lib/python3.12/site-packages/airflow/example_dags/example_branch_python_dop_operator_3.py
[2025-07-03T21:29:38.929+0000] {processor.py:914} INFO - Processing file /home/airflow/.local/lib/python3.12/site-packages/airflow/example_dags/example_branch_python_dop_operator_3.py for tasks to queue
[2025-07-03T21:29:38.930+0000] {logging_mixin.py:190} INFO - [2025-07-03T21:29:38.930+0000] {dagbag.py:588} INFO - Filling up the DagBag from /home/airflow/.local/lib/python3.12/site-packages/airflow/example_dags/example_branch_python_dop_operator_3.py
[2025-07-03T21:29:38.942+0000] {processor.py:925} INFO - DAG(s) 'example_branch_dop_operator_v3' retrieved from /home/airflow/.local/lib/python3.12/site-packages/airflow/example_dags/example_branch_python_dop_operator_3.py
[2025-07-03T21:29:38.960+0000] {logging_mixin.py:190} INFO - [2025-07-03T21:29:38.960+0000] {dag.py:3239} INFO - Sync 1 DAGs
[2025-07-03T21:29:38.983+0000] {logging_mixin.py:190} INFO - [2025-07-03T21:29:38.983+0000] {dag.py:4180} INFO - Setting next_dagrun for example_branch_dop_operator_v3 to 2025-07-03 21:28:00+00:00, run_after=2025-07-03 21:29:00+00:00
[2025-07-03T21:29:38.995+0000] {processor.py:208} INFO - Processing /home/airflow/.local/lib/python3.12/site-packages/airflow/example_dags/example_branch_python_dop_operator_3.py took 0.070 seconds
[2025-07-03T21:30:09.582+0000] {processor.py:186} INFO - Started process (PID=268) to work on /home/airflow/.local/lib/python3.12/site-packages/airflow/example_dags/example_branch_python_dop_operator_3.py
[2025-07-03T21:30:09.583+0000] {processor.py:914} INFO - Processing file /home/airflow/.local/lib/python3.12/site-packages/airflow/example_dags/example_branch_python_dop_operator_3.py for tasks to queue
[2025-07-03T21:30:09.584+0000] {logging_mixin.py:190} INFO - [2025-07-03T21:30:09.584+0000] {dagbag.py:588} INFO - Filling up the DagBag from /home/airflow/.local/lib/python3.12/site-packages/airflow/example_dags/example_branch_python_dop_operator_3.py
[2025-07-03T21:30:09.594+0000] {processor.py:925} INFO - DAG(s) 'example_branch_dop_operator_v3' retrieved from /home/airflow/.local/lib/python3.12/site-packages/airflow/example_dags/example_branch_python_dop_operator_3.py
[2025-07-03T21:30:09.608+0000] {logging_mixin.py:190} INFO - [2025-07-03T21:30:09.608+0000] {dag.py:3239} INFO - Sync 1 DAGs
[2025-07-03T21:30:09.652+0000] {logging_mixin.py:190} INFO - [2025-07-03T21:30:09.650+0000] {dag.py:4180} INFO - Setting next_dagrun for example_branch_dop_operator_v3 to 2025-07-03 21:29:00+00:00, run_after=2025-07-03 21:30:00+00:00
[2025-07-03T21:30:09.697+0000] {processor.py:208} INFO - Processing /home/airflow/.local/lib/python3.12/site-packages/airflow/example_dags/example_branch_python_dop_operator_3.py took 0.121 seconds
[2025-07-03T21:30:40.667+0000] {processor.py:186} INFO - Started process (PID=330) to work on /home/airflow/.local/lib/python3.12/site-packages/airflow/example_dags/example_branch_python_dop_operator_3.py
[2025-07-03T21:30:40.669+0000] {processor.py:914} INFO - Processing file /home/airflow/.local/lib/python3.12/site-packages/airflow/example_dags/example_branch_python_dop_operator_3.py for tasks to queue
[2025-07-03T21:30:40.670+0000] {logging_mixin.py:190} INFO - [2025-07-03T21:30:40.670+0000] {dagbag.py:588} INFO - Filling up the DagBag from /home/airflow/.local/lib/python3.12/site-packages/airflow/example_dags/example_branch_python_dop_operator_3.py
[2025-07-03T21:30:40.675+0000] {processor.py:925} INFO - DAG(s) 'example_branch_dop_operator_v3' retrieved from /home/airflow/.local/lib/python3.12/site-packages/airflow/example_dags/example_branch_python_dop_operator_3.py
[2025-07-03T21:30:40.685+0000] {logging_mixin.py:190} INFO - [2025-07-03T21:30:40.685+0000] {dag.py:3239} INFO - Sync 1 DAGs
[2025-07-03T21:30:40.700+0000] {logging_mixin.py:190} INFO - [2025-07-03T21:30:40.700+0000] {dag.py:4180} INFO - Setting next_dagrun for example_branch_dop_operator_v3 to 2025-07-03 21:29:00+00:00, run_after=2025-07-03 21:30:00+00:00
[2025-07-03T21:30:40.711+0000] {processor.py:208} INFO - Processing /home/airflow/.local/lib/python3.12/site-packages/airflow/example_dags/example_branch_python_dop_operator_3.py took 0.046 seconds
[2025-07-03T21:31:11.316+0000] {processor.py:186} INFO - Started process (PID=392) to work on /home/airflow/.local/lib/python3.12/site-packages/airflow/example_dags/example_branch_python_dop_operator_3.py
[2025-07-03T21:31:11.318+0000] {processor.py:914} INFO - Processing file /home/airflow/.local/lib/python3.12/site-packages/airflow/example_dags/example_branch_python_dop_operator_3.py for tasks to queue
[2025-07-03T21:31:11.321+0000] {logging_mixin.py:190} INFO - [2025-07-03T21:31:11.321+0000] {dagbag.py:588} INFO - Filling up the DagBag from /home/airflow/.local/lib/python3.12/site-packages/airflow/example_dags/example_branch_python_dop_operator_3.py
[2025-07-03T21:31:11.327+0000] {processor.py:925} INFO - DAG(s) 'example_branch_dop_operator_v3' retrieved from /home/airflow/.local/lib/python3.12/site-packages/airflow/example_dags/example_branch_python_dop_operator_3.py
[2025-07-03T21:31:11.341+0000] {logging_mixin.py:190} INFO - [2025-07-03T21:31:11.341+0000] {dag.py:3239} INFO - Sync 1 DAGs
[2025-07-03T21:31:11.358+0000] {logging_mixin.py:190} INFO - [2025-07-03T21:31:11.358+0000] {dag.py:4180} INFO - Setting next_dagrun for example_branch_dop_operator_v3 to 2025-07-03 21:30:00+00:00, run_after=2025-07-03 21:31:00+00:00
[2025-07-03T21:31:11.369+0000] {processor.py:208} INFO - Processing /home/airflow/.local/lib/python3.12/site-packages/airflow/example_dags/example_branch_python_dop_operator_3.py took 0.058 seconds
[2025-07-03T21:31:42.227+0000] {processor.py:186} INFO - Started process (PID=454) to work on /home/airflow/.local/lib/python3.12/site-packages/airflow/example_dags/example_branch_python_dop_operator_3.py
[2025-07-03T21:31:42.229+0000] {processor.py:914} INFO - Processing file /home/airflow/.local/lib/python3.12/site-packages/airflow/example_dags/example_branch_python_dop_operator_3.py for tasks to queue
[2025-07-03T21:31:42.231+0000] {logging_mixin.py:190} INFO - [2025-07-03T21:31:42.231+0000] {dagbag.py:588} INFO - Filling up the DagBag from /home/airflow/.local/lib/python3.12/site-packages/airflow/example_dags/example_branch_python_dop_operator_3.py
[2025-07-03T21:31:42.240+0000] {processor.py:925} INFO - DAG(s) 'example_branch_dop_operator_v3' retrieved from /home/airflow/.local/lib/python3.12/site-packages/airflow/example_dags/example_branch_python_dop_operator_3.py
[2025-07-03T21:31:42.256+0000] {logging_mixin.py:190} INFO - [2025-07-03T21:31:42.256+0000] {dag.py:3239} INFO - Sync 1 DAGs
[2025-07-03T21:31:42.270+0000] {logging_mixin.py:190} INFO - [2025-07-03T21:31:42.270+0000] {dag.py:4180} INFO - Setting next_dagrun for example_branch_dop_operator_v3 to 2025-07-03 21:30:00+00:00, run_after=2025-07-03 21:31:00+00:00
[2025-07-03T21:31:42.280+0000] {processor.py:208} INFO - Processing /home/airflow/.local/lib/python3.12/site-packages/airflow/example_dags/example_branch_python_dop_operator_3.py took 0.056 seconds
[2025-07-03T21:32:12.688+0000] {processor.py:186} INFO - Started process (PID=516) to work on /home/airflow/.local/lib/python3.12/site-packages/airflow/example_dags/example_branch_python_dop_operator_3.py
[2025-07-03T21:32:12.693+0000] {processor.py:914} INFO - Processing file /home/airflow/.local/lib/python3.12/site-packages/airflow/example_dags/example_branch_python_dop_operator_3.py for tasks to queue
[2025-07-03T21:32:12.695+0000] {logging_mixin.py:190} INFO - [2025-07-03T21:32:12.695+0000] {dagbag.py:588} INFO - Filling up the DagBag from /home/airflow/.local/lib/python3.12/site-packages/airflow/example_dags/example_branch_python_dop_operator_3.py
[2025-07-03T21:32:12.702+0000] {processor.py:925} INFO - DAG(s) 'example_branch_dop_operator_v3' retrieved from /home/airflow/.local/lib/python3.12/site-packages/airflow/example_dags/example_branch_python_dop_operator_3.py
[2025-07-03T21:32:12.717+0000] {logging_mixin.py:190} INFO - [2025-07-03T21:32:12.717+0000] {dag.py:3239} INFO - Sync 1 DAGs
[2025-07-03T21:32:12.731+0000] {logging_mixin.py:190} INFO - [2025-07-03T21:32:12.730+0000] {dag.py:4180} INFO - Setting next_dagrun for example_branch_dop_operator_v3 to 2025-07-03 21:31:00+00:00, run_after=2025-07-03 21:32:00+00:00
[2025-07-03T21:32:12.740+0000] {processor.py:208} INFO - Processing /home/airflow/.local/lib/python3.12/site-packages/airflow/example_dags/example_branch_python_dop_operator_3.py took 0.056 seconds
[2025-07-03T21:32:43.278+0000] {processor.py:186} INFO - Started process (PID=578) to work on /home/airflow/.local/lib/python3.12/site-packages/airflow/example_dags/example_branch_python_dop_operator_3.py
[2025-07-03T21:32:43.279+0000] {processor.py:914} INFO - Processing file /home/airflow/.local/lib/python3.12/site-packages/airflow/example_dags/example_branch_python_dop_operator_3.py for tasks to queue
[2025-07-03T21:32:43.280+0000] {logging_mixin.py:190} INFO - [2025-07-03T21:32:43.280+0000] {dagbag.py:588} INFO - Filling up the DagBag from /home/airflow/.local/lib/python3.12/site-packages/airflow/example_dags/example_branch_python_dop_operator_3.py
[2025-07-03T21:32:43.286+0000] {processor.py:925} INFO - DAG(s) 'example_branch_dop_operator_v3' retrieved from /home/airflow/.local/lib/python3.12/site-packages/airflow/example_dags/example_branch_python_dop_operator_3.py
[2025-07-03T21:32:43.299+0000] {logging_mixin.py:190} INFO - [2025-07-03T21:32:43.299+0000] {dag.py:3239} INFO - Sync 1 DAGs
[2025-07-03T21:32:43.311+0000] {logging_mixin.py:190} INFO - [2025-07-03T21:32:43.311+0000] {dag.py:4180} INFO - Setting next_dagrun for example_branch_dop_operator_v3 to 2025-07-03 21:31:00+00:00, run_after=2025-07-03 21:32:00+00:00
[2025-07-03T21:32:43.321+0000] {processor.py:208} INFO - Processing /home/airflow/.local/lib/python3.12/site-packages/airflow/example_dags/example_branch_python_dop_operator_3.py took 0.046 seconds
[2025-07-03T21:33:14.115+0000] {processor.py:186} INFO - Started process (PID=640) to work on /home/airflow/.local/lib/python3.12/site-packages/airflow/example_dags/example_branch_python_dop_operator_3.py
[2025-07-03T21:33:14.116+0000] {processor.py:914} INFO - Processing file /home/airflow/.local/lib/python3.12/site-packages/airflow/example_dags/example_branch_python_dop_operator_3.py for tasks to queue
[2025-07-03T21:33:14.118+0000] {logging_mixin.py:190} INFO - [2025-07-03T21:33:14.117+0000] {dagbag.py:588} INFO - Filling up the DagBag from /home/airflow/.local/lib/python3.12/site-packages/airflow/example_dags/example_branch_python_dop_operator_3.py
[2025-07-03T21:33:14.124+0000] {processor.py:925} INFO - DAG(s) 'example_branch_dop_operator_v3' retrieved from /home/airflow/.local/lib/python3.12/site-packages/airflow/example_dags/example_branch_python_dop_operator_3.py
[2025-07-03T21:33:14.137+0000] {logging_mixin.py:190} INFO - [2025-07-03T21:33:14.136+0000] {dag.py:3239} INFO - Sync 1 DAGs
[2025-07-03T21:33:14.157+0000] {logging_mixin.py:190} INFO - [2025-07-03T21:33:14.157+0000] {dag.py:4180} INFO - Setting next_dagrun for example_branch_dop_operator_v3 to 2025-07-03 21:32:00+00:00, run_after=2025-07-03 21:33:00+00:00
[2025-07-03T21:33:14.175+0000] {processor.py:208} INFO - Processing /home/airflow/.local/lib/python3.12/site-packages/airflow/example_dags/example_branch_python_dop_operator_3.py took 0.064 seconds
[2025-07-03T21:33:44.840+0000] {processor.py:186} INFO - Started process (PID=702) to work on /home/airflow/.local/lib/python3.12/site-packages/airflow/example_dags/example_branch_python_dop_operator_3.py
[2025-07-03T21:33:44.840+0000] {processor.py:914} INFO - Processing file /home/airflow/.local/lib/python3.12/site-packages/airflow/example_dags/example_branch_python_dop_operator_3.py for tasks to queue
[2025-07-03T21:33:44.841+0000] {logging_mixin.py:190} INFO - [2025-07-03T21:33:44.841+0000] {dagbag.py:588} INFO - Filling up the DagBag from /home/airflow/.local/lib/python3.12/site-packages/airflow/example_dags/example_branch_python_dop_operator_3.py
[2025-07-03T21:33:44.847+0000] {processor.py:925} INFO - DAG(s) 'example_branch_dop_operator_v3' retrieved from /home/airflow/.local/lib/python3.12/site-packages/airflow/example_dags/example_branch_python_dop_operator_3.py
[2025-07-03T21:33:44.858+0000] {logging_mixin.py:190} INFO - [2025-07-03T21:33:44.857+0000] {dag.py:3239} INFO - Sync 1 DAGs
[2025-07-03T21:33:44.872+0000] {logging_mixin.py:190} INFO - [2025-07-03T21:33:44.872+0000] {dag.py:4180} INFO - Setting next_dagrun for example_branch_dop_operator_v3 to 2025-07-03 21:32:00+00:00, run_after=2025-07-03 21:33:00+00:00
[2025-07-03T21:33:44.884+0000] {processor.py:208} INFO - Processing /home/airflow/.local/lib/python3.12/site-packages/airflow/example_dags/example_branch_python_dop_operator_3.py took 0.048 seconds
[2025-07-03T21:34:15.640+0000] {processor.py:186} INFO - Started process (PID=764) to work on /home/airflow/.local/lib/python3.12/site-packages/airflow/example_dags/example_branch_python_dop_operator_3.py
[2025-07-03T21:34:15.640+0000] {processor.py:914} INFO - Processing file /home/airflow/.local/lib/python3.12/site-packages/airflow/example_dags/example_branch_python_dop_operator_3.py for tasks to queue
[2025-07-03T21:34:15.642+0000] {logging_mixin.py:190} INFO - [2025-07-03T21:34:15.641+0000] {dagbag.py:588} INFO - Filling up the DagBag from /home/airflow/.local/lib/python3.12/site-packages/airflow/example_dags/example_branch_python_dop_operator_3.py
[2025-07-03T21:34:15.647+0000] {processor.py:925} INFO - DAG(s) 'example_branch_dop_operator_v3' retrieved from /home/airflow/.local/lib/python3.12/site-packages/airflow/example_dags/example_branch_python_dop_operator_3.py
[2025-07-03T21:34:15.660+0000] {logging_mixin.py:190} INFO - [2025-07-03T21:34:15.660+0000] {dag.py:3239} INFO - Sync 1 DAGs
[2025-07-03T21:34:15.671+0000] {logging_mixin.py:190} INFO - [2025-07-03T21:34:15.671+0000] {dag.py:4180} INFO - Setting next_dagrun for example_branch_dop_operator_v3 to 2025-07-03 21:33:00+00:00, run_after=2025-07-03 21:34:00+00:00
[2025-07-03T21:34:15.681+0000] {processor.py:208} INFO - Processing /home/airflow/.local/lib/python3.12/site-packages/airflow/example_dags/example_branch_python_dop_operator_3.py took 0.044 seconds
[2025-07-03T21:34:46.485+0000] {processor.py:186} INFO - Started process (PID=826) to work on /home/airflow/.local/lib/python3.12/site-packages/airflow/example_dags/example_branch_python_dop_operator_3.py
[2025-07-03T21:34:46.489+0000] {processor.py:914} INFO - Processing file /home/airflow/.local/lib/python3.12/site-packages/airflow/example_dags/example_branch_python_dop_operator_3.py for tasks to queue
[2025-07-03T21:34:46.491+0000] {logging_mixin.py:190} INFO - [2025-07-03T21:34:46.491+0000] {dagbag.py:588} INFO - Filling up the DagBag from /home/airflow/.local/lib/python3.12/site-packages/airflow/example_dags/example_branch_python_dop_operator_3.py
[2025-07-03T21:34:46.501+0000] {processor.py:925} INFO - DAG(s) 'example_branch_dop_operator_v3' retrieved from /home/airflow/.local/lib/python3.12/site-packages/airflow/example_dags/example_branch_python_dop_operator_3.py
[2025-07-03T21:34:46.521+0000] {logging_mixin.py:190} INFO - [2025-07-03T21:34:46.520+0000] {dag.py:3239} INFO - Sync 1 DAGs
[2025-07-03T21:34:46.558+0000] {logging_mixin.py:190} INFO - [2025-07-03T21:34:46.557+0000] {dag.py:4180} INFO - Setting next_dagrun for example_branch_dop_operator_v3 to 2025-07-03 21:33:00+00:00, run_after=2025-07-03 21:34:00+00:00
[2025-07-03T21:34:46.577+0000] {processor.py:208} INFO - Processing /home/airflow/.local/lib/python3.12/site-packages/airflow/example_dags/example_branch_python_dop_operator_3.py took 0.096 seconds
[2025-07-03T21:35:16.607+0000] {processor.py:186} INFO - Started process (PID=887) to work on /home/airflow/.local/lib/python3.12/site-packages/airflow/example_dags/example_branch_python_dop_operator_3.py
[2025-07-03T21:35:16.608+0000] {processor.py:914} INFO - Processing file /home/airflow/.local/lib/python3.12/site-packages/airflow/example_dags/example_branch_python_dop_operator_3.py for tasks to queue
[2025-07-03T21:35:16.609+0000] {logging_mixin.py:190} INFO - [2025-07-03T21:35:16.609+0000] {dagbag.py:588} INFO - Filling up the DagBag from /home/airflow/.local/lib/python3.12/site-packages/airflow/example_dags/example_branch_python_dop_operator_3.py
[2025-07-03T21:35:16.614+0000] {processor.py:925} INFO - DAG(s) 'example_branch_dop_operator_v3' retrieved from /home/airflow/.local/lib/python3.12/site-packages/airflow/example_dags/example_branch_python_dop_operator_3.py
[2025-07-03T21:35:16.624+0000] {logging_mixin.py:190} INFO - [2025-07-03T21:35:16.624+0000] {dag.py:3239} INFO - Sync 1 DAGs
[2025-07-03T21:35:16.637+0000] {logging_mixin.py:190} INFO - [2025-07-03T21:35:16.637+0000] {dag.py:4180} INFO - Setting next_dagrun for example_branch_dop_operator_v3 to 2025-07-03 21:34:00+00:00, run_after=2025-07-03 21:35:00+00:00
[2025-07-03T21:35:16.649+0000] {processor.py:208} INFO - Processing /home/airflow/.local/lib/python3.12/site-packages/airflow/example_dags/example_branch_python_dop_operator_3.py took 0.045 seconds
[2025-07-03T21:35:47.055+0000] {processor.py:186} INFO - Started process (PID=949) to work on /home/airflow/.local/lib/python3.12/site-packages/airflow/example_dags/example_branch_python_dop_operator_3.py
[2025-07-03T21:35:47.055+0000] {processor.py:914} INFO - Processing file /home/airflow/.local/lib/python3.12/site-packages/airflow/example_dags/example_branch_python_dop_operator_3.py for tasks to queue
[2025-07-03T21:35:47.057+0000] {logging_mixin.py:190} INFO - [2025-07-03T21:35:47.056+0000] {dagbag.py:588} INFO - Filling up the DagBag from /home/airflow/.local/lib/python3.12/site-packages/airflow/example_dags/example_branch_python_dop_operator_3.py
[2025-07-03T21:35:47.061+0000] {processor.py:925} INFO - DAG(s) 'example_branch_dop_operator_v3' retrieved from /home/airflow/.local/lib/python3.12/site-packages/airflow/example_dags/example_branch_python_dop_operator_3.py
[2025-07-03T21:35:47.070+0000] {logging_mixin.py:190} INFO - [2025-07-03T21:35:47.070+0000] {dag.py:3239} INFO - Sync 1 DAGs
[2025-07-03T21:35:47.081+0000] {logging_mixin.py:190} INFO - [2025-07-03T21:35:47.081+0000] {dag.py:4180} INFO - Setting next_dagrun for example_branch_dop_operator_v3 to 2025-07-03 21:34:00+00:00, run_after=2025-07-03 21:35:00+00:00
[2025-07-03T21:35:47.088+0000] {processor.py:208} INFO - Processing /home/airflow/.local/lib/python3.12/site-packages/airflow/example_dags/example_branch_python_dop_operator_3.py took 0.036 seconds
[2025-07-03T21:36:17.435+0000] {processor.py:186} INFO - Started process (PID=1012) to work on /home/airflow/.local/lib/python3.12/site-packages/airflow/example_dags/example_branch_python_dop_operator_3.py
[2025-07-03T21:36:17.436+0000] {processor.py:914} INFO - Processing file /home/airflow/.local/lib/python3.12/site-packages/airflow/example_dags/example_branch_python_dop_operator_3.py for tasks to queue
[2025-07-03T21:36:17.437+0000] {logging_mixin.py:190} INFO - [2025-07-03T21:36:17.436+0000] {dagbag.py:588} INFO - Filling up the DagBag from /home/airflow/.local/lib/python3.12/site-packages/airflow/example_dags/example_branch_python_dop_operator_3.py
[2025-07-03T21:36:17.442+0000] {processor.py:925} INFO - DAG(s) 'example_branch_dop_operator_v3' retrieved from /home/airflow/.local/lib/python3.12/site-packages/airflow/example_dags/example_branch_python_dop_operator_3.py
[2025-07-03T21:36:17.451+0000] {logging_mixin.py:190} INFO - [2025-07-03T21:36:17.451+0000] {dag.py:3239} INFO - Sync 1 DAGs
[2025-07-03T21:36:17.462+0000] {logging_mixin.py:190} INFO - [2025-07-03T21:36:17.462+0000] {dag.py:4180} INFO - Setting next_dagrun for example_branch_dop_operator_v3 to 2025-07-03 21:35:00+00:00, run_after=2025-07-03 21:36:00+00:00
[2025-07-03T21:36:17.472+0000] {processor.py:208} INFO - Processing /home/airflow/.local/lib/python3.12/site-packages/airflow/example_dags/example_branch_python_dop_operator_3.py took 0.039 seconds
[2025-07-03T21:36:48.462+0000] {processor.py:186} INFO - Started process (PID=1074) to work on /home/airflow/.local/lib/python3.12/site-packages/airflow/example_dags/example_branch_python_dop_operator_3.py
[2025-07-03T21:36:48.463+0000] {processor.py:914} INFO - Processing file /home/airflow/.local/lib/python3.12/site-packages/airflow/example_dags/example_branch_python_dop_operator_3.py for tasks to queue
[2025-07-03T21:36:48.466+0000] {logging_mixin.py:190} INFO - [2025-07-03T21:36:48.465+0000] {dagbag.py:588} INFO - Filling up the DagBag from /home/airflow/.local/lib/python3.12/site-packages/airflow/example_dags/example_branch_python_dop_operator_3.py
[2025-07-03T21:36:48.476+0000] {processor.py:925} INFO - DAG(s) 'example_branch_dop_operator_v3' retrieved from /home/airflow/.local/lib/python3.12/site-packages/airflow/example_dags/example_branch_python_dop_operator_3.py
[2025-07-03T21:36:48.489+0000] {logging_mixin.py:190} INFO - [2025-07-03T21:36:48.489+0000] {dag.py:3239} INFO - Sync 1 DAGs
[2025-07-03T21:36:48.503+0000] {logging_mixin.py:190} INFO - [2025-07-03T21:36:48.503+0000] {dag.py:4180} INFO - Setting next_dagrun for example_branch_dop_operator_v3 to 2025-07-03 21:35:00+00:00, run_after=2025-07-03 21:36:00+00:00
[2025-07-03T21:36:48.511+0000] {processor.py:208} INFO - Processing /home/airflow/.local/lib/python3.12/site-packages/airflow/example_dags/example_branch_python_dop_operator_3.py took 0.058 seconds
[2025-07-03T21:37:18.943+0000] {processor.py:186} INFO - Started process (PID=1136) to work on /home/airflow/.local/lib/python3.12/site-packages/airflow/example_dags/example_branch_python_dop_operator_3.py
[2025-07-03T21:37:18.944+0000] {processor.py:914} INFO - Processing file /home/airflow/.local/lib/python3.12/site-packages/airflow/example_dags/example_branch_python_dop_operator_3.py for tasks to queue
[2025-07-03T21:37:18.945+0000] {logging_mixin.py:190} INFO - [2025-07-03T21:37:18.945+0000] {dagbag.py:588} INFO - Filling up the DagBag from /home/airflow/.local/lib/python3.12/site-packages/airflow/example_dags/example_branch_python_dop_operator_3.py
[2025-07-03T21:37:18.950+0000] {processor.py:925} INFO - DAG(s) 'example_branch_dop_operator_v3' retrieved from /home/airflow/.local/lib/python3.12/site-packages/airflow/example_dags/example_branch_python_dop_operator_3.py
[2025-07-03T21:37:18.958+0000] {logging_mixin.py:190} INFO - [2025-07-03T21:37:18.958+0000] {dag.py:3239} INFO - Sync 1 DAGs
[2025-07-03T21:37:18.970+0000] {logging_mixin.py:190} INFO - [2025-07-03T21:37:18.970+0000] {dag.py:4180} INFO - Setting next_dagrun for example_branch_dop_operator_v3 to 2025-07-03 21:36:00+00:00, run_after=2025-07-03 21:37:00+00:00
[2025-07-03T21:37:18.978+0000] {processor.py:208} INFO - Processing /home/airflow/.local/lib/python3.12/site-packages/airflow/example_dags/example_branch_python_dop_operator_3.py took 0.038 seconds
[2025-07-03T21:37:49.373+0000] {processor.py:186} INFO - Started process (PID=1198) to work on /home/airflow/.local/lib/python3.12/site-packages/airflow/example_dags/example_branch_python_dop_operator_3.py
[2025-07-03T21:37:49.373+0000] {processor.py:914} INFO - Processing file /home/airflow/.local/lib/python3.12/site-packages/airflow/example_dags/example_branch_python_dop_operator_3.py for tasks to queue
[2025-07-03T21:37:49.374+0000] {logging_mixin.py:190} INFO - [2025-07-03T21:37:49.374+0000] {dagbag.py:588} INFO - Filling up the DagBag from /home/airflow/.local/lib/python3.12/site-packages/airflow/example_dags/example_branch_python_dop_operator_3.py
[2025-07-03T21:37:49.379+0000] {processor.py:925} INFO - DAG(s) 'example_branch_dop_operator_v3' retrieved from /home/airflow/.local/lib/python3.12/site-packages/airflow/example_dags/example_branch_python_dop_operator_3.py
[2025-07-03T21:37:49.388+0000] {logging_mixin.py:190} INFO - [2025-07-03T21:37:49.388+0000] {dag.py:3239} INFO - Sync 1 DAGs
[2025-07-03T21:37:49.399+0000] {logging_mixin.py:190} INFO - [2025-07-03T21:37:49.399+0000] {dag.py:4180} INFO - Setting next_dagrun for example_branch_dop_operator_v3 to 2025-07-03 21:36:00+00:00, run_after=2025-07-03 21:37:00+00:00
[2025-07-03T21:37:49.406+0000] {processor.py:208} INFO - Processing /home/airflow/.local/lib/python3.12/site-packages/airflow/example_dags/example_branch_python_dop_operator_3.py took 0.036 seconds
[2025-07-03T21:38:19.809+0000] {processor.py:186} INFO - Started process (PID=1260) to work on /home/airflow/.local/lib/python3.12/site-packages/airflow/example_dags/example_branch_python_dop_operator_3.py
[2025-07-03T21:38:19.810+0000] {processor.py:914} INFO - Processing file /home/airflow/.local/lib/python3.12/site-packages/airflow/example_dags/example_branch_python_dop_operator_3.py for tasks to queue
[2025-07-03T21:38:19.811+0000] {logging_mixin.py:190} INFO - [2025-07-03T21:38:19.811+0000] {dagbag.py:588} INFO - Filling up the DagBag from /home/airflow/.local/lib/python3.12/site-packages/airflow/example_dags/example_branch_python_dop_operator_3.py
[2025-07-03T21:38:19.816+0000] {processor.py:925} INFO - DAG(s) 'example_branch_dop_operator_v3' retrieved from /home/airflow/.local/lib/python3.12/site-packages/airflow/example_dags/example_branch_python_dop_operator_3.py
[2025-07-03T21:38:19.825+0000] {logging_mixin.py:190} INFO - [2025-07-03T21:38:19.824+0000] {dag.py:3239} INFO - Sync 1 DAGs
[2025-07-03T21:38:19.835+0000] {logging_mixin.py:190} INFO - [2025-07-03T21:38:19.835+0000] {dag.py:4180} INFO - Setting next_dagrun for example_branch_dop_operator_v3 to 2025-07-03 21:37:00+00:00, run_after=2025-07-03 21:38:00+00:00
[2025-07-03T21:38:19.842+0000] {processor.py:208} INFO - Processing /home/airflow/.local/lib/python3.12/site-packages/airflow/example_dags/example_branch_python_dop_operator_3.py took 0.035 seconds
[2025-07-03T21:38:50.165+0000] {processor.py:186} INFO - Started process (PID=1322) to work on /home/airflow/.local/lib/python3.12/site-packages/airflow/example_dags/example_branch_python_dop_operator_3.py
[2025-07-03T21:38:50.166+0000] {processor.py:914} INFO - Processing file /home/airflow/.local/lib/python3.12/site-packages/airflow/example_dags/example_branch_python_dop_operator_3.py for tasks to queue
[2025-07-03T21:38:50.167+0000] {logging_mixin.py:190} INFO - [2025-07-03T21:38:50.167+0000] {dagbag.py:588} INFO - Filling up the DagBag from /home/airflow/.local/lib/python3.12/site-packages/airflow/example_dags/example_branch_python_dop_operator_3.py
[2025-07-03T21:38:50.172+0000] {processor.py:925} INFO - DAG(s) 'example_branch_dop_operator_v3' retrieved from /home/airflow/.local/lib/python3.12/site-packages/airflow/example_dags/example_branch_python_dop_operator_3.py
[2025-07-03T21:38:50.185+0000] {logging_mixin.py:190} INFO - [2025-07-03T21:38:50.185+0000] {dag.py:3239} INFO - Sync 1 DAGs
[2025-07-03T21:38:50.195+0000] {logging_mixin.py:190} INFO - [2025-07-03T21:38:50.195+0000] {dag.py:4180} INFO - Setting next_dagrun for example_branch_dop_operator_v3 to 2025-07-03 21:37:00+00:00, run_after=2025-07-03 21:38:00+00:00
[2025-07-03T21:38:50.203+0000] {processor.py:208} INFO - Processing /home/airflow/.local/lib/python3.12/site-packages/airflow/example_dags/example_branch_python_dop_operator_3.py took 0.040 seconds
[2025-07-03T21:39:20.403+0000] {processor.py:186} INFO - Started process (PID=1383) to work on /home/airflow/.local/lib/python3.12/site-packages/airflow/example_dags/example_branch_python_dop_operator_3.py
[2025-07-03T21:39:20.404+0000] {processor.py:914} INFO - Processing file /home/airflow/.local/lib/python3.12/site-packages/airflow/example_dags/example_branch_python_dop_operator_3.py for tasks to queue
[2025-07-03T21:39:20.405+0000] {logging_mixin.py:190} INFO - [2025-07-03T21:39:20.405+0000] {dagbag.py:588} INFO - Filling up the DagBag from /home/airflow/.local/lib/python3.12/site-packages/airflow/example_dags/example_branch_python_dop_operator_3.py
[2025-07-03T21:39:20.410+0000] {processor.py:925} INFO - DAG(s) 'example_branch_dop_operator_v3' retrieved from /home/airflow/.local/lib/python3.12/site-packages/airflow/example_dags/example_branch_python_dop_operator_3.py
[2025-07-03T21:39:20.419+0000] {logging_mixin.py:190} INFO - [2025-07-03T21:39:20.419+0000] {dag.py:3239} INFO - Sync 1 DAGs
[2025-07-03T21:39:20.429+0000] {logging_mixin.py:190} INFO - [2025-07-03T21:39:20.429+0000] {dag.py:4180} INFO - Setting next_dagrun for example_branch_dop_operator_v3 to 2025-07-03 21:38:00+00:00, run_after=2025-07-03 21:39:00+00:00
[2025-07-03T21:39:20.436+0000] {processor.py:208} INFO - Processing /home/airflow/.local/lib/python3.12/site-packages/airflow/example_dags/example_branch_python_dop_operator_3.py took 0.036 seconds
[2025-07-03T21:39:50.693+0000] {processor.py:186} INFO - Started process (PID=1445) to work on /home/airflow/.local/lib/python3.12/site-packages/airflow/example_dags/example_branch_python_dop_operator_3.py
[2025-07-03T21:39:50.694+0000] {processor.py:914} INFO - Processing file /home/airflow/.local/lib/python3.12/site-packages/airflow/example_dags/example_branch_python_dop_operator_3.py for tasks to queue
[2025-07-03T21:39:50.695+0000] {logging_mixin.py:190} INFO - [2025-07-03T21:39:50.695+0000] {dagbag.py:588} INFO - Filling up the DagBag from /home/airflow/.local/lib/python3.12/site-packages/airflow/example_dags/example_branch_python_dop_operator_3.py
[2025-07-03T21:39:50.700+0000] {processor.py:925} INFO - DAG(s) 'example_branch_dop_operator_v3' retrieved from /home/airflow/.local/lib/python3.12/site-packages/airflow/example_dags/example_branch_python_dop_operator_3.py
[2025-07-03T21:39:50.708+0000] {logging_mixin.py:190} INFO - [2025-07-03T21:39:50.708+0000] {dag.py:3239} INFO - Sync 1 DAGs
[2025-07-03T21:39:50.719+0000] {logging_mixin.py:190} INFO - [2025-07-03T21:39:50.718+0000] {dag.py:4180} INFO - Setting next_dagrun for example_branch_dop_operator_v3 to 2025-07-03 21:38:00+00:00, run_after=2025-07-03 21:39:00+00:00
[2025-07-03T21:39:50.726+0000] {processor.py:208} INFO - Processing /home/airflow/.local/lib/python3.12/site-packages/airflow/example_dags/example_branch_python_dop_operator_3.py took 0.035 seconds
[2025-07-03T21:40:21.197+0000] {processor.py:186} INFO - Started process (PID=1507) to work on /home/airflow/.local/lib/python3.12/site-packages/airflow/example_dags/example_branch_python_dop_operator_3.py
[2025-07-03T21:40:21.199+0000] {processor.py:914} INFO - Processing file /home/airflow/.local/lib/python3.12/site-packages/airflow/example_dags/example_branch_python_dop_operator_3.py for tasks to queue
[2025-07-03T21:40:21.202+0000] {logging_mixin.py:190} INFO - [2025-07-03T21:40:21.202+0000] {dagbag.py:588} INFO - Filling up the DagBag from /home/airflow/.local/lib/python3.12/site-packages/airflow/example_dags/example_branch_python_dop_operator_3.py
[2025-07-03T21:40:21.211+0000] {processor.py:925} INFO - DAG(s) 'example_branch_dop_operator_v3' retrieved from /home/airflow/.local/lib/python3.12/site-packages/airflow/example_dags/example_branch_python_dop_operator_3.py
[2025-07-03T21:40:21.223+0000] {logging_mixin.py:190} INFO - [2025-07-03T21:40:21.223+0000] {dag.py:3239} INFO - Sync 1 DAGs
[2025-07-03T21:40:21.236+0000] {logging_mixin.py:190} INFO - [2025-07-03T21:40:21.236+0000] {dag.py:4180} INFO - Setting next_dagrun for example_branch_dop_operator_v3 to 2025-07-03 21:39:00+00:00, run_after=2025-07-03 21:40:00+00:00
[2025-07-03T21:40:21.243+0000] {processor.py:208} INFO - Processing /home/airflow/.local/lib/python3.12/site-packages/airflow/example_dags/example_branch_python_dop_operator_3.py took 0.052 seconds
[2025-07-03T21:40:51.742+0000] {processor.py:186} INFO - Started process (PID=1569) to work on /home/airflow/.local/lib/python3.12/site-packages/airflow/example_dags/example_branch_python_dop_operator_3.py
[2025-07-03T21:40:51.742+0000] {processor.py:914} INFO - Processing file /home/airflow/.local/lib/python3.12/site-packages/airflow/example_dags/example_branch_python_dop_operator_3.py for tasks to queue
[2025-07-03T21:40:51.743+0000] {logging_mixin.py:190} INFO - [2025-07-03T21:40:51.743+0000] {dagbag.py:588} INFO - Filling up the DagBag from /home/airflow/.local/lib/python3.12/site-packages/airflow/example_dags/example_branch_python_dop_operator_3.py
[2025-07-03T21:40:51.750+0000] {processor.py:925} INFO - DAG(s) 'example_branch_dop_operator_v3' retrieved from /home/airflow/.local/lib/python3.12/site-packages/airflow/example_dags/example_branch_python_dop_operator_3.py
[2025-07-03T21:40:51.763+0000] {logging_mixin.py:190} INFO - [2025-07-03T21:40:51.763+0000] {dag.py:3239} INFO - Sync 1 DAGs
[2025-07-03T21:40:51.775+0000] {logging_mixin.py:190} INFO - [2025-07-03T21:40:51.775+0000] {dag.py:4180} INFO - Setting next_dagrun for example_branch_dop_operator_v3 to 2025-07-03 21:39:00+00:00, run_after=2025-07-03 21:40:00+00:00
[2025-07-03T21:40:51.784+0000] {processor.py:208} INFO - Processing /home/airflow/.local/lib/python3.12/site-packages/airflow/example_dags/example_branch_python_dop_operator_3.py took 0.046 seconds
[2025-07-03T21:41:22.486+0000] {processor.py:186} INFO - Started process (PID=1631) to work on /home/airflow/.local/lib/python3.12/site-packages/airflow/example_dags/example_branch_python_dop_operator_3.py
[2025-07-03T21:41:22.487+0000] {processor.py:914} INFO - Processing file /home/airflow/.local/lib/python3.12/site-packages/airflow/example_dags/example_branch_python_dop_operator_3.py for tasks to queue
[2025-07-03T21:41:22.488+0000] {logging_mixin.py:190} INFO - [2025-07-03T21:41:22.488+0000] {dagbag.py:588} INFO - Filling up the DagBag from /home/airflow/.local/lib/python3.12/site-packages/airflow/example_dags/example_branch_python_dop_operator_3.py
[2025-07-03T21:41:22.494+0000] {processor.py:925} INFO - DAG(s) 'example_branch_dop_operator_v3' retrieved from /home/airflow/.local/lib/python3.12/site-packages/airflow/example_dags/example_branch_python_dop_operator_3.py
[2025-07-03T21:41:22.505+0000] {logging_mixin.py:190} INFO - [2025-07-03T21:41:22.505+0000] {dag.py:3239} INFO - Sync 1 DAGs
[2025-07-03T21:41:22.520+0000] {logging_mixin.py:190} INFO - [2025-07-03T21:41:22.520+0000] {dag.py:4180} INFO - Setting next_dagrun for example_branch_dop_operator_v3 to 2025-07-03 21:40:00+00:00, run_after=2025-07-03 21:41:00+00:00
[2025-07-03T21:41:22.530+0000] {processor.py:208} INFO - Processing /home/airflow/.local/lib/python3.12/site-packages/airflow/example_dags/example_branch_python_dop_operator_3.py took 0.048 seconds
[2025-07-03T21:41:53.453+0000] {processor.py:186} INFO - Started process (PID=1693) to work on /home/airflow/.local/lib/python3.12/site-packages/airflow/example_dags/example_branch_python_dop_operator_3.py
[2025-07-03T21:41:53.453+0000] {processor.py:914} INFO - Processing file /home/airflow/.local/lib/python3.12/site-packages/airflow/example_dags/example_branch_python_dop_operator_3.py for tasks to queue
[2025-07-03T21:41:53.455+0000] {logging_mixin.py:190} INFO - [2025-07-03T21:41:53.454+0000] {dagbag.py:588} INFO - Filling up the DagBag from /home/airflow/.local/lib/python3.12/site-packages/airflow/example_dags/example_branch_python_dop_operator_3.py
[2025-07-03T21:41:53.460+0000] {processor.py:925} INFO - DAG(s) 'example_branch_dop_operator_v3' retrieved from /home/airflow/.local/lib/python3.12/site-packages/airflow/example_dags/example_branch_python_dop_operator_3.py
[2025-07-03T21:41:53.469+0000] {logging_mixin.py:190} INFO - [2025-07-03T21:41:53.469+0000] {dag.py:3239} INFO - Sync 1 DAGs
[2025-07-03T21:41:53.481+0000] {logging_mixin.py:190} INFO - [2025-07-03T21:41:53.481+0000] {dag.py:4180} INFO - Setting next_dagrun for example_branch_dop_operator_v3 to 2025-07-03 21:40:00+00:00, run_after=2025-07-03 21:41:00+00:00
[2025-07-03T21:41:53.490+0000] {processor.py:208} INFO - Processing /home/airflow/.local/lib/python3.12/site-packages/airflow/example_dags/example_branch_python_dop_operator_3.py took 0.041 seconds
[2025-07-03T21:42:24.132+0000] {processor.py:186} INFO - Started process (PID=1755) to work on /home/airflow/.local/lib/python3.12/site-packages/airflow/example_dags/example_branch_python_dop_operator_3.py
[2025-07-03T21:42:24.133+0000] {processor.py:914} INFO - Processing file /home/airflow/.local/lib/python3.12/site-packages/airflow/example_dags/example_branch_python_dop_operator_3.py for tasks to queue
[2025-07-03T21:42:24.134+0000] {logging_mixin.py:190} INFO - [2025-07-03T21:42:24.134+0000] {dagbag.py:588} INFO - Filling up the DagBag from /home/airflow/.local/lib/python3.12/site-packages/airflow/example_dags/example_branch_python_dop_operator_3.py
[2025-07-03T21:42:24.139+0000] {processor.py:925} INFO - DAG(s) 'example_branch_dop_operator_v3' retrieved from /home/airflow/.local/lib/python3.12/site-packages/airflow/example_dags/example_branch_python_dop_operator_3.py
[2025-07-03T21:42:24.147+0000] {logging_mixin.py:190} INFO - [2025-07-03T21:42:24.147+0000] {dag.py:3239} INFO - Sync 1 DAGs
[2025-07-03T21:42:24.158+0000] {logging_mixin.py:190} INFO - [2025-07-03T21:42:24.158+0000] {dag.py:4180} INFO - Setting next_dagrun for example_branch_dop_operator_v3 to 2025-07-03 21:41:00+00:00, run_after=2025-07-03 21:42:00+00:00
[2025-07-03T21:42:24.165+0000] {processor.py:208} INFO - Processing /home/airflow/.local/lib/python3.12/site-packages/airflow/example_dags/example_branch_python_dop_operator_3.py took 0.035 seconds
[2025-07-03T21:42:54.294+0000] {processor.py:186} INFO - Started process (PID=1817) to work on /home/airflow/.local/lib/python3.12/site-packages/airflow/example_dags/example_branch_python_dop_operator_3.py
[2025-07-03T21:42:54.295+0000] {processor.py:914} INFO - Processing file /home/airflow/.local/lib/python3.12/site-packages/airflow/example_dags/example_branch_python_dop_operator_3.py for tasks to queue
[2025-07-03T21:42:54.297+0000] {logging_mixin.py:190} INFO - [2025-07-03T21:42:54.297+0000] {dagbag.py:588} INFO - Filling up the DagBag from /home/airflow/.local/lib/python3.12/site-packages/airflow/example_dags/example_branch_python_dop_operator_3.py
[2025-07-03T21:42:54.304+0000] {processor.py:925} INFO - DAG(s) 'example_branch_dop_operator_v3' retrieved from /home/airflow/.local/lib/python3.12/site-packages/airflow/example_dags/example_branch_python_dop_operator_3.py
[2025-07-03T21:42:54.314+0000] {logging_mixin.py:190} INFO - [2025-07-03T21:42:54.314+0000] {dag.py:3239} INFO - Sync 1 DAGs
[2025-07-03T21:42:54.326+0000] {logging_mixin.py:190} INFO - [2025-07-03T21:42:54.326+0000] {dag.py:4180} INFO - Setting next_dagrun for example_branch_dop_operator_v3 to 2025-07-03 21:41:00+00:00, run_after=2025-07-03 21:42:00+00:00
[2025-07-03T21:42:54.334+0000] {processor.py:208} INFO - Processing /home/airflow/.local/lib/python3.12/site-packages/airflow/example_dags/example_branch_python_dop_operator_3.py took 0.044 seconds
[2025-07-03T21:43:25.224+0000] {processor.py:186} INFO - Started process (PID=1879) to work on /home/airflow/.local/lib/python3.12/site-packages/airflow/example_dags/example_branch_python_dop_operator_3.py
[2025-07-03T21:43:25.225+0000] {processor.py:914} INFO - Processing file /home/airflow/.local/lib/python3.12/site-packages/airflow/example_dags/example_branch_python_dop_operator_3.py for tasks to queue
[2025-07-03T21:43:25.226+0000] {logging_mixin.py:190} INFO - [2025-07-03T21:43:25.226+0000] {dagbag.py:588} INFO - Filling up the DagBag from /home/airflow/.local/lib/python3.12/site-packages/airflow/example_dags/example_branch_python_dop_operator_3.py
[2025-07-03T21:43:25.231+0000] {processor.py:925} INFO - DAG(s) 'example_branch_dop_operator_v3' retrieved from /home/airflow/.local/lib/python3.12/site-packages/airflow/example_dags/example_branch_python_dop_operator_3.py
[2025-07-03T21:43:25.241+0000] {logging_mixin.py:190} INFO - [2025-07-03T21:43:25.241+0000] {dag.py:3239} INFO - Sync 1 DAGs
[2025-07-03T21:43:25.253+0000] {logging_mixin.py:190} INFO - [2025-07-03T21:43:25.253+0000] {dag.py:4180} INFO - Setting next_dagrun for example_branch_dop_operator_v3 to 2025-07-03 21:42:00+00:00, run_after=2025-07-03 21:43:00+00:00
[2025-07-03T21:43:25.261+0000] {processor.py:208} INFO - Processing /home/airflow/.local/lib/python3.12/site-packages/airflow/example_dags/example_branch_python_dop_operator_3.py took 0.041 seconds
[2025-07-03T21:43:55.639+0000] {processor.py:186} INFO - Started process (PID=1940) to work on /home/airflow/.local/lib/python3.12/site-packages/airflow/example_dags/example_branch_python_dop_operator_3.py
[2025-07-03T21:43:55.640+0000] {processor.py:914} INFO - Processing file /home/airflow/.local/lib/python3.12/site-packages/airflow/example_dags/example_branch_python_dop_operator_3.py for tasks to queue
[2025-07-03T21:43:55.641+0000] {logging_mixin.py:190} INFO - [2025-07-03T21:43:55.641+0000] {dagbag.py:588} INFO - Filling up the DagBag from /home/airflow/.local/lib/python3.12/site-packages/airflow/example_dags/example_branch_python_dop_operator_3.py
[2025-07-03T21:43:55.650+0000] {processor.py:925} INFO - DAG(s) 'example_branch_dop_operator_v3' retrieved from /home/airflow/.local/lib/python3.12/site-packages/airflow/example_dags/example_branch_python_dop_operator_3.py
[2025-07-03T21:43:55.665+0000] {logging_mixin.py:190} INFO - [2025-07-03T21:43:55.665+0000] {dag.py:3239} INFO - Sync 1 DAGs
[2025-07-03T21:43:55.679+0000] {logging_mixin.py:190} INFO - [2025-07-03T21:43:55.679+0000] {dag.py:4180} INFO - Setting next_dagrun for example_branch_dop_operator_v3 to 2025-07-03 21:42:00+00:00, run_after=2025-07-03 21:43:00+00:00
[2025-07-03T21:43:55.689+0000] {processor.py:208} INFO - Processing /home/airflow/.local/lib/python3.12/site-packages/airflow/example_dags/example_branch_python_dop_operator_3.py took 0.053 seconds
[2025-07-03T21:44:25.708+0000] {processor.py:186} INFO - Started process (PID=2002) to work on /home/airflow/.local/lib/python3.12/site-packages/airflow/example_dags/example_branch_python_dop_operator_3.py
[2025-07-03T21:44:25.709+0000] {processor.py:914} INFO - Processing file /home/airflow/.local/lib/python3.12/site-packages/airflow/example_dags/example_branch_python_dop_operator_3.py for tasks to queue
[2025-07-03T21:44:25.713+0000] {logging_mixin.py:190} INFO - [2025-07-03T21:44:25.713+0000] {dagbag.py:588} INFO - Filling up the DagBag from /home/airflow/.local/lib/python3.12/site-packages/airflow/example_dags/example_branch_python_dop_operator_3.py
[2025-07-03T21:44:25.718+0000] {processor.py:925} INFO - DAG(s) 'example_branch_dop_operator_v3' retrieved from /home/airflow/.local/lib/python3.12/site-packages/airflow/example_dags/example_branch_python_dop_operator_3.py
[2025-07-03T21:44:25.729+0000] {logging_mixin.py:190} INFO - [2025-07-03T21:44:25.729+0000] {dag.py:3239} INFO - Sync 1 DAGs
[2025-07-03T21:44:25.743+0000] {logging_mixin.py:190} INFO - [2025-07-03T21:44:25.743+0000] {dag.py:4180} INFO - Setting next_dagrun for example_branch_dop_operator_v3 to 2025-07-03 21:43:00+00:00, run_after=2025-07-03 21:44:00+00:00
[2025-07-03T21:44:25.751+0000] {processor.py:208} INFO - Processing /home/airflow/.local/lib/python3.12/site-packages/airflow/example_dags/example_branch_python_dop_operator_3.py took 0.045 seconds
[2025-07-03T21:44:56.497+0000] {processor.py:186} INFO - Started process (PID=2064) to work on /home/airflow/.local/lib/python3.12/site-packages/airflow/example_dags/example_branch_python_dop_operator_3.py
[2025-07-03T21:44:56.501+0000] {processor.py:914} INFO - Processing file /home/airflow/.local/lib/python3.12/site-packages/airflow/example_dags/example_branch_python_dop_operator_3.py for tasks to queue
[2025-07-03T21:44:56.503+0000] {logging_mixin.py:190} INFO - [2025-07-03T21:44:56.503+0000] {dagbag.py:588} INFO - Filling up the DagBag from /home/airflow/.local/lib/python3.12/site-packages/airflow/example_dags/example_branch_python_dop_operator_3.py
[2025-07-03T21:44:56.509+0000] {processor.py:925} INFO - DAG(s) 'example_branch_dop_operator_v3' retrieved from /home/airflow/.local/lib/python3.12/site-packages/airflow/example_dags/example_branch_python_dop_operator_3.py
[2025-07-03T21:44:56.526+0000] {logging_mixin.py:190} INFO - [2025-07-03T21:44:56.524+0000] {dag.py:3239} INFO - Sync 1 DAGs
[2025-07-03T21:44:56.539+0000] {logging_mixin.py:190} INFO - [2025-07-03T21:44:56.539+0000] {dag.py:4180} INFO - Setting next_dagrun for example_branch_dop_operator_v3 to 2025-07-03 21:43:00+00:00, run_after=2025-07-03 21:44:00+00:00
[2025-07-03T21:44:56.547+0000] {processor.py:208} INFO - Processing /home/airflow/.local/lib/python3.12/site-packages/airflow/example_dags/example_branch_python_dop_operator_3.py took 0.054 seconds
[2025-07-03T21:45:27.922+0000] {processor.py:186} INFO - Started process (PID=2126) to work on /home/airflow/.local/lib/python3.12/site-packages/airflow/example_dags/example_branch_python_dop_operator_3.py
[2025-07-03T21:45:27.923+0000] {processor.py:914} INFO - Processing file /home/airflow/.local/lib/python3.12/site-packages/airflow/example_dags/example_branch_python_dop_operator_3.py for tasks to queue
[2025-07-03T21:45:27.924+0000] {logging_mixin.py:190} INFO - [2025-07-03T21:45:27.924+0000] {dagbag.py:588} INFO - Filling up the DagBag from /home/airflow/.local/lib/python3.12/site-packages/airflow/example_dags/example_branch_python_dop_operator_3.py
[2025-07-03T21:45:27.929+0000] {processor.py:925} INFO - DAG(s) 'example_branch_dop_operator_v3' retrieved from /home/airflow/.local/lib/python3.12/site-packages/airflow/example_dags/example_branch_python_dop_operator_3.py
[2025-07-03T21:45:27.940+0000] {logging_mixin.py:190} INFO - [2025-07-03T21:45:27.940+0000] {dag.py:3239} INFO - Sync 1 DAGs
[2025-07-03T21:45:27.959+0000] {logging_mixin.py:190} INFO - [2025-07-03T21:45:27.959+0000] {dag.py:4180} INFO - Setting next_dagrun for example_branch_dop_operator_v3 to 2025-07-03 21:44:00+00:00, run_after=2025-07-03 21:45:00+00:00
[2025-07-03T21:45:27.971+0000] {processor.py:208} INFO - Processing /home/airflow/.local/lib/python3.12/site-packages/airflow/example_dags/example_branch_python_dop_operator_3.py took 0.052 seconds
[2025-07-03T21:45:58.801+0000] {processor.py:186} INFO - Started process (PID=2188) to work on /home/airflow/.local/lib/python3.12/site-packages/airflow/example_dags/example_branch_python_dop_operator_3.py
[2025-07-03T21:45:58.802+0000] {processor.py:914} INFO - Processing file /home/airflow/.local/lib/python3.12/site-packages/airflow/example_dags/example_branch_python_dop_operator_3.py for tasks to queue
[2025-07-03T21:45:58.803+0000] {logging_mixin.py:190} INFO - [2025-07-03T21:45:58.803+0000] {dagbag.py:588} INFO - Filling up the DagBag from /home/airflow/.local/lib/python3.12/site-packages/airflow/example_dags/example_branch_python_dop_operator_3.py
[2025-07-03T21:45:58.808+0000] {processor.py:925} INFO - DAG(s) 'example_branch_dop_operator_v3' retrieved from /home/airflow/.local/lib/python3.12/site-packages/airflow/example_dags/example_branch_python_dop_operator_3.py
[2025-07-03T21:45:58.816+0000] {logging_mixin.py:190} INFO - [2025-07-03T21:45:58.816+0000] {dag.py:3239} INFO - Sync 1 DAGs
[2025-07-03T21:45:58.827+0000] {logging_mixin.py:190} INFO - [2025-07-03T21:45:58.827+0000] {dag.py:4180} INFO - Setting next_dagrun for example_branch_dop_operator_v3 to 2025-07-03 21:44:00+00:00, run_after=2025-07-03 21:45:00+00:00
[2025-07-03T21:45:58.833+0000] {processor.py:208} INFO - Processing /home/airflow/.local/lib/python3.12/site-packages/airflow/example_dags/example_branch_python_dop_operator_3.py took 0.034 seconds
[2025-07-03T21:46:29.872+0000] {processor.py:186} INFO - Started process (PID=2250) to work on /home/airflow/.local/lib/python3.12/site-packages/airflow/example_dags/example_branch_python_dop_operator_3.py
[2025-07-03T21:46:29.872+0000] {processor.py:914} INFO - Processing file /home/airflow/.local/lib/python3.12/site-packages/airflow/example_dags/example_branch_python_dop_operator_3.py for tasks to queue
[2025-07-03T21:46:29.873+0000] {logging_mixin.py:190} INFO - [2025-07-03T21:46:29.873+0000] {dagbag.py:588} INFO - Filling up the DagBag from /home/airflow/.local/lib/python3.12/site-packages/airflow/example_dags/example_branch_python_dop_operator_3.py
[2025-07-03T21:46:29.878+0000] {processor.py:925} INFO - DAG(s) 'example_branch_dop_operator_v3' retrieved from /home/airflow/.local/lib/python3.12/site-packages/airflow/example_dags/example_branch_python_dop_operator_3.py
[2025-07-03T21:46:29.887+0000] {logging_mixin.py:190} INFO - [2025-07-03T21:46:29.887+0000] {dag.py:3239} INFO - Sync 1 DAGs
[2025-07-03T21:46:29.897+0000] {logging_mixin.py:190} INFO - [2025-07-03T21:46:29.897+0000] {dag.py:4180} INFO - Setting next_dagrun for example_branch_dop_operator_v3 to 2025-07-03 21:45:00+00:00, run_after=2025-07-03 21:46:00+00:00
[2025-07-03T21:46:29.905+0000] {processor.py:208} INFO - Processing /home/airflow/.local/lib/python3.12/site-packages/airflow/example_dags/example_branch_python_dop_operator_3.py took 0.036 seconds
[2025-07-03T21:47:00.836+0000] {processor.py:186} INFO - Started process (PID=2312) to work on /home/airflow/.local/lib/python3.12/site-packages/airflow/example_dags/example_branch_python_dop_operator_3.py
[2025-07-03T21:47:00.836+0000] {processor.py:914} INFO - Processing file /home/airflow/.local/lib/python3.12/site-packages/airflow/example_dags/example_branch_python_dop_operator_3.py for tasks to queue
[2025-07-03T21:47:00.837+0000] {logging_mixin.py:190} INFO - [2025-07-03T21:47:00.837+0000] {dagbag.py:588} INFO - Filling up the DagBag from /home/airflow/.local/lib/python3.12/site-packages/airflow/example_dags/example_branch_python_dop_operator_3.py
[2025-07-03T21:47:00.842+0000] {processor.py:925} INFO - DAG(s) 'example_branch_dop_operator_v3' retrieved from /home/airflow/.local/lib/python3.12/site-packages/airflow/example_dags/example_branch_python_dop_operator_3.py
[2025-07-03T21:47:00.851+0000] {logging_mixin.py:190} INFO - [2025-07-03T21:47:00.851+0000] {dag.py:3239} INFO - Sync 1 DAGs
[2025-07-03T21:47:00.861+0000] {logging_mixin.py:190} INFO - [2025-07-03T21:47:00.861+0000] {dag.py:4180} INFO - Setting next_dagrun for example_branch_dop_operator_v3 to 2025-07-03 21:46:00+00:00, run_after=2025-07-03 21:47:00+00:00
[2025-07-03T21:47:00.869+0000] {processor.py:208} INFO - Processing /home/airflow/.local/lib/python3.12/site-packages/airflow/example_dags/example_branch_python_dop_operator_3.py took 0.036 seconds
[2025-07-03T21:47:31.697+0000] {processor.py:186} INFO - Started process (PID=2374) to work on /home/airflow/.local/lib/python3.12/site-packages/airflow/example_dags/example_branch_python_dop_operator_3.py
[2025-07-03T21:47:31.698+0000] {processor.py:914} INFO - Processing file /home/airflow/.local/lib/python3.12/site-packages/airflow/example_dags/example_branch_python_dop_operator_3.py for tasks to queue
[2025-07-03T21:47:31.699+0000] {logging_mixin.py:190} INFO - [2025-07-03T21:47:31.699+0000] {dagbag.py:588} INFO - Filling up the DagBag from /home/airflow/.local/lib/python3.12/site-packages/airflow/example_dags/example_branch_python_dop_operator_3.py
[2025-07-03T21:47:31.706+0000] {processor.py:925} INFO - DAG(s) 'example_branch_dop_operator_v3' retrieved from /home/airflow/.local/lib/python3.12/site-packages/airflow/example_dags/example_branch_python_dop_operator_3.py
[2025-07-03T21:47:31.720+0000] {logging_mixin.py:190} INFO - [2025-07-03T21:47:31.720+0000] {dag.py:3239} INFO - Sync 1 DAGs
[2025-07-03T21:47:31.732+0000] {logging_mixin.py:190} INFO - [2025-07-03T21:47:31.732+0000] {dag.py:4180} INFO - Setting next_dagrun for example_branch_dop_operator_v3 to 2025-07-03 21:46:00+00:00, run_after=2025-07-03 21:47:00+00:00
[2025-07-03T21:47:31.740+0000] {processor.py:208} INFO - Processing /home/airflow/.local/lib/python3.12/site-packages/airflow/example_dags/example_branch_python_dop_operator_3.py took 0.046 seconds
[2025-07-03T21:48:02.511+0000] {processor.py:186} INFO - Started process (PID=2436) to work on /home/airflow/.local/lib/python3.12/site-packages/airflow/example_dags/example_branch_python_dop_operator_3.py
[2025-07-03T21:48:02.512+0000] {processor.py:914} INFO - Processing file /home/airflow/.local/lib/python3.12/site-packages/airflow/example_dags/example_branch_python_dop_operator_3.py for tasks to queue
[2025-07-03T21:48:02.514+0000] {logging_mixin.py:190} INFO - [2025-07-03T21:48:02.514+0000] {dagbag.py:588} INFO - Filling up the DagBag from /home/airflow/.local/lib/python3.12/site-packages/airflow/example_dags/example_branch_python_dop_operator_3.py
[2025-07-03T21:48:02.519+0000] {processor.py:925} INFO - DAG(s) 'example_branch_dop_operator_v3' retrieved from /home/airflow/.local/lib/python3.12/site-packages/airflow/example_dags/example_branch_python_dop_operator_3.py
[2025-07-03T21:48:02.529+0000] {logging_mixin.py:190} INFO - [2025-07-03T21:48:02.528+0000] {dag.py:3239} INFO - Sync 1 DAGs
[2025-07-03T21:48:02.540+0000] {logging_mixin.py:190} INFO - [2025-07-03T21:48:02.540+0000] {dag.py:4180} INFO - Setting next_dagrun for example_branch_dop_operator_v3 to 2025-07-03 21:47:00+00:00, run_after=2025-07-03 21:48:00+00:00
[2025-07-03T21:48:02.547+0000] {processor.py:208} INFO - Processing /home/airflow/.local/lib/python3.12/site-packages/airflow/example_dags/example_branch_python_dop_operator_3.py took 0.039 seconds
[2025-07-03T21:48:33.335+0000] {processor.py:186} INFO - Started process (PID=2498) to work on /home/airflow/.local/lib/python3.12/site-packages/airflow/example_dags/example_branch_python_dop_operator_3.py
[2025-07-03T21:48:33.336+0000] {processor.py:914} INFO - Processing file /home/airflow/.local/lib/python3.12/site-packages/airflow/example_dags/example_branch_python_dop_operator_3.py for tasks to queue
[2025-07-03T21:48:33.337+0000] {logging_mixin.py:190} INFO - [2025-07-03T21:48:33.337+0000] {dagbag.py:588} INFO - Filling up the DagBag from /home/airflow/.local/lib/python3.12/site-packages/airflow/example_dags/example_branch_python_dop_operator_3.py
[2025-07-03T21:48:33.343+0000] {processor.py:925} INFO - DAG(s) 'example_branch_dop_operator_v3' retrieved from /home/airflow/.local/lib/python3.12/site-packages/airflow/example_dags/example_branch_python_dop_operator_3.py
[2025-07-03T21:48:33.354+0000] {logging_mixin.py:190} INFO - [2025-07-03T21:48:33.354+0000] {dag.py:3239} INFO - Sync 1 DAGs
[2025-07-03T21:48:33.367+0000] {logging_mixin.py:190} INFO - [2025-07-03T21:48:33.367+0000] {dag.py:4180} INFO - Setting next_dagrun for example_branch_dop_operator_v3 to 2025-07-03 21:47:00+00:00, run_after=2025-07-03 21:48:00+00:00
[2025-07-03T21:48:33.375+0000] {processor.py:208} INFO - Processing /home/airflow/.local/lib/python3.12/site-packages/airflow/example_dags/example_branch_python_dop_operator_3.py took 0.044 seconds
[2025-07-03T21:49:04.641+0000] {processor.py:186} INFO - Started process (PID=2560) to work on /home/airflow/.local/lib/python3.12/site-packages/airflow/example_dags/example_branch_python_dop_operator_3.py
[2025-07-03T21:49:04.642+0000] {processor.py:914} INFO - Processing file /home/airflow/.local/lib/python3.12/site-packages/airflow/example_dags/example_branch_python_dop_operator_3.py for tasks to queue
[2025-07-03T21:49:04.643+0000] {logging_mixin.py:190} INFO - [2025-07-03T21:49:04.643+0000] {dagbag.py:588} INFO - Filling up the DagBag from /home/airflow/.local/lib/python3.12/site-packages/airflow/example_dags/example_branch_python_dop_operator_3.py
[2025-07-03T21:49:04.648+0000] {processor.py:925} INFO - DAG(s) 'example_branch_dop_operator_v3' retrieved from /home/airflow/.local/lib/python3.12/site-packages/airflow/example_dags/example_branch_python_dop_operator_3.py
[2025-07-03T21:49:04.658+0000] {logging_mixin.py:190} INFO - [2025-07-03T21:49:04.658+0000] {dag.py:3239} INFO - Sync 1 DAGs
[2025-07-03T21:49:04.670+0000] {logging_mixin.py:190} INFO - [2025-07-03T21:49:04.669+0000] {dag.py:4180} INFO - Setting next_dagrun for example_branch_dop_operator_v3 to 2025-07-03 21:48:00+00:00, run_after=2025-07-03 21:49:00+00:00
[2025-07-03T21:49:04.678+0000] {processor.py:208} INFO - Processing /home/airflow/.local/lib/python3.12/site-packages/airflow/example_dags/example_branch_python_dop_operator_3.py took 0.040 seconds
